[0.015s] Invoking command in '/home/namtruong/uuv_sim_home/build/multibeam_sonar_system': CMAKE_PREFIX_PATH=${CMAKE_PREFIX_PATH}:/home/namtruong/uuv_sim_home/install/uuv_simu:/opt/ros/jazzy DEBUGINFOD_URLS=https://debuginfod.ubuntu.com /usr/bin/cmake /home/namtruong/uuv_sim_home/src/multibeam_sonar_system -DAMENT_CMAKE_SYMLINK_INSTALL=1 -DCMAKE_INSTALL_PREFIX=/home/namtruong/uuv_sim_home/install/multibeam_sonar_system
[0.067s] -- The C compiler identification is GNU 13.3.0
[0.120s] -- The CXX compiler identification is GNU 13.3.0
[0.134s] -- Detecting C compiler ABI info
[0.219s] -- Detecting C compiler ABI info - done
[0.231s] -- Check for working C compiler: /usr/bin/cc - skipped
[0.231s] -- Detecting C compile features
[0.231s] -- Detecting C compile features - done
[0.240s] -- Detecting CXX compiler ABI info
[0.331s] -- Detecting CXX compiler ABI info - done
[0.339s] -- Check for working CXX compiler: /usr/bin/c++ - skipped
[0.339s] -- Detecting CXX compile features
[0.339s] -- Detecting CXX compile features - done
[0.343s] -- Found ament_cmake: 2.5.6 (/opt/ros/jazzy/share/ament_cmake/cmake)
[0.491s] -- Found Python3: /usr/bin/python3 (found version "3.12.3") found components: Interpreter 
[0.560s] -- Override CMake install command with custom implementation using symlinks instead of copying resources
[0.613s] -- CUDA Toolkit not found: Skipping CUDA-specific targets
[0.710s] -- Configuring done (0.7s)
[0.712s] -- Generating done (0.0s)
[0.714s] -- Build files have been written to: /home/namtruong/uuv_sim_home/build/multibeam_sonar_system
[0.719s] Invoked command in '/home/namtruong/uuv_sim_home/build/multibeam_sonar_system' returned '0': CMAKE_PREFIX_PATH=${CMAKE_PREFIX_PATH}:/home/namtruong/uuv_sim_home/install/uuv_simu:/opt/ros/jazzy DEBUGINFOD_URLS=https://debuginfod.ubuntu.com /usr/bin/cmake /home/namtruong/uuv_sim_home/src/multibeam_sonar_system -DAMENT_CMAKE_SYMLINK_INSTALL=1 -DCMAKE_INSTALL_PREFIX=/home/namtruong/uuv_sim_home/install/multibeam_sonar_system
[0.720s] Invoking command in '/home/namtruong/uuv_sim_home/build/multibeam_sonar_system': CMAKE_PREFIX_PATH=${CMAKE_PREFIX_PATH}:/home/namtruong/uuv_sim_home/install/uuv_simu:/opt/ros/jazzy DEBUGINFOD_URLS=https://debuginfod.ubuntu.com /usr/bin/cmake --build /home/namtruong/uuv_sim_home/build/multibeam_sonar_system -- -j16 -l16
[0.766s] Invoked command in '/home/namtruong/uuv_sim_home/build/multibeam_sonar_system' returned '0': CMAKE_PREFIX_PATH=${CMAKE_PREFIX_PATH}:/home/namtruong/uuv_sim_home/install/uuv_simu:/opt/ros/jazzy DEBUGINFOD_URLS=https://debuginfod.ubuntu.com /usr/bin/cmake --build /home/namtruong/uuv_sim_home/build/multibeam_sonar_system -- -j16 -l16
[0.766s] Invoking command in '/home/namtruong/uuv_sim_home/build/multibeam_sonar_system': CMAKE_PREFIX_PATH=${CMAKE_PREFIX_PATH}:/home/namtruong/uuv_sim_home/install/uuv_simu:/opt/ros/jazzy DEBUGINFOD_URLS=https://debuginfod.ubuntu.com /usr/bin/cmake --install /home/namtruong/uuv_sim_home/build/multibeam_sonar_system
[0.774s] -- Install configuration: ""
[0.774s] -- Execute custom install script
[0.775s] -- Symlinking: /home/namtruong/uuv_sim_home/install/multibeam_sonar_system/share/ament_index/resource_index/package_run_dependencies/multibeam_sonar_system
[0.784s] -- Symlinking: /home/namtruong/uuv_sim_home/install/multibeam_sonar_system/share/ament_index/resource_index/parent_prefix_path/multibeam_sonar_system
[0.792s] -- Symlinking: /home/namtruong/uuv_sim_home/install/multibeam_sonar_system/share/multibeam_sonar_system/environment/ament_prefix_path.sh
[0.801s] -- Symlinking: /home/namtruong/uuv_sim_home/install/multibeam_sonar_system/share/multibeam_sonar_system/environment/ament_prefix_path.dsv
[0.811s] -- Symlinking: /home/namtruong/uuv_sim_home/install/multibeam_sonar_system/share/multibeam_sonar_system/environment/path.sh
[0.821s] -- Symlinking: /home/namtruong/uuv_sim_home/install/multibeam_sonar_system/share/multibeam_sonar_system/environment/path.dsv
[0.831s] -- Symlinking: /home/namtruong/uuv_sim_home/install/multibeam_sonar_system/share/multibeam_sonar_system/local_setup.bash
[0.841s] -- Symlinking: /home/namtruong/uuv_sim_home/install/multibeam_sonar_system/share/multibeam_sonar_system/local_setup.sh
[0.851s] -- Symlinking: /home/namtruong/uuv_sim_home/install/multibeam_sonar_system/share/multibeam_sonar_system/local_setup.zsh
[0.861s] -- Symlinking: /home/namtruong/uuv_sim_home/install/multibeam_sonar_system/share/multibeam_sonar_system/local_setup.dsv
[0.871s] -- Symlinking: /home/namtruong/uuv_sim_home/install/multibeam_sonar_system/share/multibeam_sonar_system/package.dsv
[0.881s] -- Symlinking: /home/namtruong/uuv_sim_home/install/multibeam_sonar_system/share/ament_index/resource_index/packages/multibeam_sonar_system
[0.891s] -- Symlinking: /home/namtruong/uuv_sim_home/install/multibeam_sonar_system/share/multibeam_sonar_system/cmake/multibeam_sonar_systemConfig.cmake
[0.901s] -- Symlinking: /home/namtruong/uuv_sim_home/install/multibeam_sonar_system/share/multibeam_sonar_system/cmake/multibeam_sonar_systemConfig-version.cmake
[0.910s] -- Symlinking: /home/namtruong/uuv_sim_home/install/multibeam_sonar_system/share/multibeam_sonar_system/package.xml
[0.937s] Invoked command in '/home/namtruong/uuv_sim_home/build/multibeam_sonar_system' returned '0': CMAKE_PREFIX_PATH=${CMAKE_PREFIX_PATH}:/home/namtruong/uuv_sim_home/install/uuv_simu:/opt/ros/jazzy DEBUGINFOD_URLS=https://debuginfod.ubuntu.com /usr/bin/cmake --install /home/namtruong/uuv_sim_home/build/multibeam_sonar_system
