[ 33%] Built target tidal_oscillation
[ 66%] Built target dave_gz_world_plugins-msgs
[ 83%] Built target gauss_markov_process
[100%] Built target OceanCurrentWorldPlugin
-- Install configuration: ""
-- Execute custom install script
-- Up-to-date symlink: /home/namtruong/uuv_sim_home/install/dave_gz_world_plugins/include/dave_gz_world_plugins_msgs/msgs/StratifiedCurrentVelocity.pb.h
-- Up-to-date symlink: /home/namtruong/uuv_sim_home/install/dave_gz_world_plugins/include/dave_gz_world_plugins_msgs/msgs/MessageTypes.hh
-- Up-to-date symlink: /home/namtruong/uuv_sim_home/install/dave_gz_world_plugins/include/dave_gz_world_plugins_msgs/msgs/details/StratifiedCurrentVelocity.pb.h
-- Up-to-date symlink: /home/namtruong/uuv_sim_home/install/dave_gz_world_plugins/share/gz/protos//dave_gz_world_plugins-msgs.gz_desc
-- Up-to-date symlink: /home/namtruong/uuv_sim_home/install/dave_gz_world_plugins/lib/python/gz/msgs10/StratifiedCurrentVelocity_pb2.py
-- Up-to-date symlink: /home/namtruong/uuv_sim_home/install/dave_gz_world_plugins/include/dave_gz_world_plugins/dave_gz_world_plugins/OceanCurrentWorldPlugin.hh
-- Up-to-date symlink: /home/namtruong/uuv_sim_home/install/dave_gz_world_plugins/include/dave_gz_world_plugins/dave_gz_world_plugins/gauss_markov_process.hh
-- Up-to-date symlink: /home/namtruong/uuv_sim_home/install/dave_gz_world_plugins/include/dave_gz_world_plugins/dave_gz_world_plugins/tidal_oscillation.hh
-- Up-to-date symlink: /home/namtruong/uuv_sim_home/install/dave_gz_world_plugins/share/dave_gz_world_plugins/environment/library_path.sh
-- Up-to-date symlink: /home/namtruong/uuv_sim_home/install/dave_gz_world_plugins/share/dave_gz_world_plugins/environment/library_path.dsv
-- Up-to-date symlink: /home/namtruong/uuv_sim_home/install/dave_gz_world_plugins/share/dave_gz_world_plugins/environment/dave_gz_world_plugins.dsv
-- Up-to-date symlink: /home/namtruong/uuv_sim_home/install/dave_gz_world_plugins/share/ament_index/resource_index/package_run_dependencies/dave_gz_world_plugins
-- Up-to-date symlink: /home/namtruong/uuv_sim_home/install/dave_gz_world_plugins/share/ament_index/resource_index/parent_prefix_path/dave_gz_world_plugins
-- Up-to-date symlink: /home/namtruong/uuv_sim_home/install/dave_gz_world_plugins/share/dave_gz_world_plugins/environment/ament_prefix_path.sh
-- Up-to-date symlink: /home/namtruong/uuv_sim_home/install/dave_gz_world_plugins/share/dave_gz_world_plugins/environment/ament_prefix_path.dsv
-- Up-to-date symlink: /home/namtruong/uuv_sim_home/install/dave_gz_world_plugins/share/dave_gz_world_plugins/environment/path.sh
-- Up-to-date symlink: /home/namtruong/uuv_sim_home/install/dave_gz_world_plugins/share/dave_gz_world_plugins/environment/path.dsv
-- Up-to-date symlink: /home/namtruong/uuv_sim_home/install/dave_gz_world_plugins/share/dave_gz_world_plugins/local_setup.bash
-- Up-to-date symlink: /home/namtruong/uuv_sim_home/install/dave_gz_world_plugins/share/dave_gz_world_plugins/local_setup.sh
-- Up-to-date symlink: /home/namtruong/uuv_sim_home/install/dave_gz_world_plugins/share/dave_gz_world_plugins/local_setup.zsh
-- Up-to-date symlink: /home/namtruong/uuv_sim_home/install/dave_gz_world_plugins/share/dave_gz_world_plugins/local_setup.dsv
-- Symlinking: /home/namtruong/uuv_sim_home/install/dave_gz_world_plugins/share/dave_gz_world_plugins/package.dsv
-- Up-to-date symlink: /home/namtruong/uuv_sim_home/install/dave_gz_world_plugins/share/ament_index/resource_index/packages/dave_gz_world_plugins
-- Up-to-date symlink: /home/namtruong/uuv_sim_home/install/dave_gz_world_plugins/share/dave_gz_world_plugins/cmake/ament_cmake_export_include_directories-extras.cmake
-- Up-to-date symlink: /home/namtruong/uuv_sim_home/install/dave_gz_world_plugins/share/dave_gz_world_plugins/cmake/ament_cmake_export_targets-extras.cmake
-- Up-to-date symlink: /home/namtruong/uuv_sim_home/install/dave_gz_world_plugins/share/dave_gz_world_plugins/cmake/ament_cmake_export_dependencies-extras.cmake
-- Up-to-date symlink: /home/namtruong/uuv_sim_home/install/dave_gz_world_plugins/share/dave_gz_world_plugins/cmake/dave_gz_world_pluginsConfig.cmake
-- Up-to-date symlink: /home/namtruong/uuv_sim_home/install/dave_gz_world_plugins/share/dave_gz_world_plugins/cmake/dave_gz_world_pluginsConfig-version.cmake
-- Up-to-date symlink: /home/namtruong/uuv_sim_home/install/dave_gz_world_plugins/share/dave_gz_world_plugins/package.xml
-- Up-to-date: /home/namtruong/uuv_sim_home/install/dave_gz_world_plugins/lib/libdave_gz_world_plugins-msgs.so.VERSION
-- Up-to-date: /home/namtruong/uuv_sim_home/install/dave_gz_world_plugins/lib/libdave_gz_world_plugins-msgs.so
-- Up-to-date: /home/namtruong/uuv_sim_home/install/dave_gz_world_plugins/lib/libOceanCurrentWorldPlugin.so
-- Up-to-date: /home/namtruong/uuv_sim_home/install/dave_gz_world_plugins/lib/libgauss_markov_process.so
-- Up-to-date: /home/namtruong/uuv_sim_home/install/dave_gz_world_plugins/lib/libtidal_oscillation.so
-- Up-to-date: /home/namtruong/uuv_sim_home/install/dave_gz_world_plugins/lib/libdave_gz_world_plugins-msgs.so.VERSION
-- Up-to-date: /home/namtruong/uuv_sim_home/install/dave_gz_world_plugins/lib/libdave_gz_world_plugins-msgs.so
-- Up-to-date: /home/namtruong/uuv_sim_home/install/dave_gz_world_plugins/share/dave_gz_world_plugins/cmake/export_dave_gz_world_pluginsExport.cmake
-- Up-to-date: /home/namtruong/uuv_sim_home/install/dave_gz_world_plugins/share/dave_gz_world_plugins/cmake/export_dave_gz_world_pluginsExport-noconfig.cmake
