[0.015s] Invoking command in '/home/namtruong/uuv_sim_home/build/multibeam_sonar_system': CMAKE_PREFIX_PATH=${CMAKE_PREFIX_PATH}:/opt/ros/jazzy DEBUGINFOD_URLS=https://debuginfod.ubuntu.com /usr/bin/cmake --build /home/namtruong/uuv_sim_home/build/multibeam_sonar_system -- -j16 -l16
[0.070s] Invoked command in '/home/namtruong/uuv_sim_home/build/multibeam_sonar_system' returned '0': CMAKE_PREFIX_PATH=${CMAKE_PREFIX_PATH}:/opt/ros/jazzy DEBUGINFOD_URLS=https://debuginfod.ubuntu.com /usr/bin/cmake --build /home/namtruong/uuv_sim_home/build/multibeam_sonar_system -- -j16 -l16
[0.084s] Invoking command in '/home/namtruong/uuv_sim_home/build/multibeam_sonar_system': CMAKE_PREFIX_PATH=${CMAKE_PREFIX_PATH}:/opt/ros/jazzy DEBUGINFOD_URLS=https://debuginfod.ubuntu.com /usr/bin/cmake --install /home/namtruong/uuv_sim_home/build/multibeam_sonar_system
[0.096s] -- Install configuration: ""
[0.096s] -- Execute custom install script
[0.096s] -- Up-to-date symlink: /home/namtruong/uuv_sim_home/install/multibeam_sonar_system/share/ament_index/resource_index/package_run_dependencies/multibeam_sonar_system
[0.096s] -- Up-to-date symlink: /home/namtruong/uuv_sim_home/install/multibeam_sonar_system/share/ament_index/resource_index/parent_prefix_path/multibeam_sonar_system
[0.097s] -- Up-to-date symlink: /home/namtruong/uuv_sim_home/install/multibeam_sonar_system/share/multibeam_sonar_system/environment/ament_prefix_path.sh
[0.097s] -- Up-to-date symlink: /home/namtruong/uuv_sim_home/install/multibeam_sonar_system/share/multibeam_sonar_system/environment/ament_prefix_path.dsv
[0.097s] -- Up-to-date symlink: /home/namtruong/uuv_sim_home/install/multibeam_sonar_system/share/multibeam_sonar_system/environment/path.sh
[0.097s] -- Up-to-date symlink: /home/namtruong/uuv_sim_home/install/multibeam_sonar_system/share/multibeam_sonar_system/environment/path.dsv
[0.097s] -- Up-to-date symlink: /home/namtruong/uuv_sim_home/install/multibeam_sonar_system/share/multibeam_sonar_system/local_setup.bash
[0.097s] -- Up-to-date symlink: /home/namtruong/uuv_sim_home/install/multibeam_sonar_system/share/multibeam_sonar_system/local_setup.sh
[0.098s] -- Up-to-date symlink: /home/namtruong/uuv_sim_home/install/multibeam_sonar_system/share/multibeam_sonar_system/local_setup.zsh
[0.098s] -- Up-to-date symlink: /home/namtruong/uuv_sim_home/install/multibeam_sonar_system/share/multibeam_sonar_system/local_setup.dsv
[0.098s] -- Symlinking: /home/namtruong/uuv_sim_home/install/multibeam_sonar_system/share/multibeam_sonar_system/package.dsv
[0.112s] -- Up-to-date symlink: /home/namtruong/uuv_sim_home/install/multibeam_sonar_system/share/ament_index/resource_index/packages/multibeam_sonar_system
[0.112s] -- Up-to-date symlink: /home/namtruong/uuv_sim_home/install/multibeam_sonar_system/share/multibeam_sonar_system/cmake/multibeam_sonar_systemConfig.cmake
[0.112s] -- Up-to-date symlink: /home/namtruong/uuv_sim_home/install/multibeam_sonar_system/share/multibeam_sonar_system/cmake/multibeam_sonar_systemConfig-version.cmake
[0.112s] -- Up-to-date symlink: /home/namtruong/uuv_sim_home/install/multibeam_sonar_system/share/multibeam_sonar_system/package.xml
[0.115s] Invoked command in '/home/namtruong/uuv_sim_home/build/multibeam_sonar_system' returned '0': CMAKE_PREFIX_PATH=${CMAKE_PREFIX_PATH}:/opt/ros/jazzy DEBUGINFOD_URLS=https://debuginfod.ubuntu.com /usr/bin/cmake --install /home/namtruong/uuv_sim_home/build/multibeam_sonar_system
