[33mCMake Warning (deprecated) at CMakeLists.txt:1 (cmake_minimum_required):
  Compatibility with CMake < 3.10 will be removed from a future version of
  CMake.

  Update the VERSION argument <min> value.  Or, use the <min>...<max> syntax
  to tell CMake that the project requires at least <min> but has been updated
  to work with policies introduced by <max> or earlier.
This warning is for project developers.  Use -Wno-author or -Wno-deprecated
to suppress it.
[0m
-- The C compiler identification is GNU 11.4.0
-- The CXX compiler identification is GNU 11.4.0
-- Detecting C compiler ABI info
-- Detecting C compiler ABI info - done
-- Check for working C compiler: /usr/bin/cc - skipped
-- Detecting C compile features
-- Detecting C compile features - done
-- Detecting CXX compiler ABI info
-- Detecting CXX compiler ABI info - done
-- Check for working CXX compiler: /usr/bin/c++ - skipped
-- Detecting CXX compile features
-- Detecting CXX compile features - done
-- Found ament_cmake: 1.3.14 (/opt/ros/humble/share/ament_cmake/cmake)
-- Found Python3: /usr/bin/python3 (found version "3.10.12") found components: Interpreter
-- Override CMake install command with custom implementation using symlinks instead of copying resources
-- Configuring done (0.5s)
-- Generating done (0.0s)
-- Build files have been written to: /home/namtruong/uuv_sim/build/dave_object_models
-- Install configuration: ""
-- Execute custom install script
-- Symlinking: /home/namtruong/uuv_sim/install/dave_object_models/share/dave_object_models/description/mossy_cinder_block/model.config
-- Symlinking: /home/namtruong/uuv_sim/install/dave_object_models/share/dave_object_models/description/mossy_cinder_block/model.sdf
-- Symlinking: /home/namtruong/uuv_sim/install/dave_object_models/share/dave_object_models/launch/upload_object.launch.py
-- Symlinking: /home/namtruong/uuv_sim/install/dave_object_models/share/dave_object_models/environment/dave_object_models.dsv
-- Symlinking: /home/namtruong/uuv_sim/install/dave_object_models/share/ament_index/resource_index/package_run_dependencies/dave_object_models
-- Symlinking: /home/namtruong/uuv_sim/install/dave_object_models/share/ament_index/resource_index/parent_prefix_path/dave_object_models
-- Symlinking: /home/namtruong/uuv_sim/install/dave_object_models/share/dave_object_models/environment/ament_prefix_path.sh
-- Symlinking: /home/namtruong/uuv_sim/install/dave_object_models/share/dave_object_models/environment/ament_prefix_path.dsv
-- Symlinking: /home/namtruong/uuv_sim/install/dave_object_models/share/dave_object_models/environment/path.sh
-- Symlinking: /home/namtruong/uuv_sim/install/dave_object_models/share/dave_object_models/environment/path.dsv
-- Symlinking: /home/namtruong/uuv_sim/install/dave_object_models/share/dave_object_models/local_setup.bash
-- Symlinking: /home/namtruong/uuv_sim/install/dave_object_models/share/dave_object_models/local_setup.sh
-- Symlinking: /home/namtruong/uuv_sim/install/dave_object_models/share/dave_object_models/local_setup.zsh
-- Symlinking: /home/namtruong/uuv_sim/install/dave_object_models/share/dave_object_models/local_setup.dsv
-- Symlinking: /home/namtruong/uuv_sim/install/dave_object_models/share/dave_object_models/package.dsv
-- Symlinking: /home/namtruong/uuv_sim/install/dave_object_models/share/ament_index/resource_index/packages/dave_object_models
-- Symlinking: /home/namtruong/uuv_sim/install/dave_object_models/share/dave_object_models/cmake/dave_object_modelsConfig.cmake
-- Symlinking: /home/namtruong/uuv_sim/install/dave_object_models/share/dave_object_models/cmake/dave_object_modelsConfig-version.cmake
-- Symlinking: /home/namtruong/uuv_sim/install/dave_object_models/share/dave_object_models/package.xml
