[0.016s] Invoking command in '/home/namtruong/uuv_sim/build/dave_object_models': CMAKE_PREFIX_PATH=${CMAKE_PREFIX_PATH}:/home/namtruong/uuv_sim/install/uuv_simu:/home/namtruong/xetuhanh/install/bring_up:/home/namtruong/turtlebot3_ws/install/turtlebot3_teleop:/home/namtruong/turtlebot3_ws/install/turtlebot3_example:/opt/ros/humble /home/namtruong/.local/bin/cmake /home/namtruong/uuv_sim/src/dave_object_models -DCMAKE_POLICY_VERSION_MINIMUM=3.5 -DAMENT_CMAKE_SYMLINK_INSTALL=1 -DCMAKE_INSTALL_PREFIX=/home/namtruong/uuv_sim/install/dave_object_models
[0.078s] [33mCMake Warning (deprecated) at CMakeLists.txt:1 (cmake_minimum_required):
[0.078s]   Compatibility with CMake < 3.10 will be removed from a future version of
[0.078s]   CMake.
[0.078s] 
[0.078s]   Update the VERSION argument <min> value.  Or, use the <min>...<max> syntax
[0.078s]   to tell CMake that the project requires at least <min> but has been updated
[0.078s]   to work with policies introduced by <max> or earlier.
[0.078s] This warning is for project developers.  Use -Wno-author or -Wno-deprecated
[0.078s] to suppress it.
[0.078s] [0m
[0.115s] -- The C compiler identification is GNU 11.4.0
[0.169s] -- The CXX compiler identification is GNU 11.4.0
[0.176s] -- Detecting C compiler ABI info
[0.228s] -- Detecting C compiler ABI info - done
[0.240s] -- Check for working C compiler: /usr/bin/cc - skipped
[0.241s] -- Detecting C compile features
[0.241s] -- Detecting C compile features - done
[0.251s] -- Detecting CXX compiler ABI info
[0.311s] -- Detecting CXX compiler ABI info - done
[0.323s] -- Check for working CXX compiler: /usr/bin/c++ - skipped
[0.324s] -- Detecting CXX compile features
[0.324s] -- Detecting CXX compile features - done
[0.333s] -- Found ament_cmake: 1.3.14 (/opt/ros/humble/share/ament_cmake/cmake)
[0.451s] -- Found Python3: /usr/bin/python3 (found version "3.10.12") found components: Interpreter
[0.505s] -- Override CMake install command with custom implementation using symlinks instead of copying resources
[0.611s] -- Configuring done (0.5s)
[0.614s] -- Generating done (0.0s)
[0.615s] -- Build files have been written to: /home/namtruong/uuv_sim/build/dave_object_models
[0.619s] Invoked command in '/home/namtruong/uuv_sim/build/dave_object_models' returned '0': CMAKE_PREFIX_PATH=${CMAKE_PREFIX_PATH}:/home/namtruong/uuv_sim/install/uuv_simu:/home/namtruong/xetuhanh/install/bring_up:/home/namtruong/turtlebot3_ws/install/turtlebot3_teleop:/home/namtruong/turtlebot3_ws/install/turtlebot3_example:/opt/ros/humble /home/namtruong/.local/bin/cmake /home/namtruong/uuv_sim/src/dave_object_models -DCMAKE_POLICY_VERSION_MINIMUM=3.5 -DAMENT_CMAKE_SYMLINK_INSTALL=1 -DCMAKE_INSTALL_PREFIX=/home/namtruong/uuv_sim/install/dave_object_models
[0.621s] Invoking command in '/home/namtruong/uuv_sim/build/dave_object_models': CMAKE_PREFIX_PATH=${CMAKE_PREFIX_PATH}:/home/namtruong/uuv_sim/install/uuv_simu:/home/namtruong/xetuhanh/install/bring_up:/home/namtruong/turtlebot3_ws/install/turtlebot3_teleop:/home/namtruong/turtlebot3_ws/install/turtlebot3_example:/opt/ros/humble /home/namtruong/.local/bin/cmake --build /home/namtruong/uuv_sim/build/dave_object_models -- -j16 -l16
[0.699s] Invoked command in '/home/namtruong/uuv_sim/build/dave_object_models' returned '0': CMAKE_PREFIX_PATH=${CMAKE_PREFIX_PATH}:/home/namtruong/uuv_sim/install/uuv_simu:/home/namtruong/xetuhanh/install/bring_up:/home/namtruong/turtlebot3_ws/install/turtlebot3_teleop:/home/namtruong/turtlebot3_ws/install/turtlebot3_example:/opt/ros/humble /home/namtruong/.local/bin/cmake --build /home/namtruong/uuv_sim/build/dave_object_models -- -j16 -l16
[0.763s] Invoking command in '/home/namtruong/uuv_sim/build/dave_object_models': CMAKE_PREFIX_PATH=${CMAKE_PREFIX_PATH}:/home/namtruong/uuv_sim/install/uuv_simu:/home/namtruong/xetuhanh/install/bring_up:/home/namtruong/turtlebot3_ws/install/turtlebot3_teleop:/home/namtruong/turtlebot3_ws/install/turtlebot3_example:/opt/ros/humble /home/namtruong/.local/bin/cmake --install /home/namtruong/uuv_sim/build/dave_object_models
[0.823s] -- Install configuration: ""
[0.824s] -- Execute custom install script
[0.824s] -- Symlinking: /home/namtruong/uuv_sim/install/dave_object_models/share/dave_object_models/description/mossy_cinder_block/model.config
[0.828s] -- Symlinking: /home/namtruong/uuv_sim/install/dave_object_models/share/dave_object_models/description/mossy_cinder_block/model.sdf
[0.831s] -- Symlinking: /home/namtruong/uuv_sim/install/dave_object_models/share/dave_object_models/launch/upload_object.launch.py
[0.835s] -- Symlinking: /home/namtruong/uuv_sim/install/dave_object_models/share/dave_object_models/environment/dave_object_models.dsv
[0.839s] -- Symlinking: /home/namtruong/uuv_sim/install/dave_object_models/share/ament_index/resource_index/package_run_dependencies/dave_object_models
[0.842s] -- Symlinking: /home/namtruong/uuv_sim/install/dave_object_models/share/ament_index/resource_index/parent_prefix_path/dave_object_models
[0.846s] -- Symlinking: /home/namtruong/uuv_sim/install/dave_object_models/share/dave_object_models/environment/ament_prefix_path.sh
[0.849s] -- Symlinking: /home/namtruong/uuv_sim/install/dave_object_models/share/dave_object_models/environment/ament_prefix_path.dsv
[0.852s] -- Symlinking: /home/namtruong/uuv_sim/install/dave_object_models/share/dave_object_models/environment/path.sh
[0.856s] -- Symlinking: /home/namtruong/uuv_sim/install/dave_object_models/share/dave_object_models/environment/path.dsv
[0.859s] -- Symlinking: /home/namtruong/uuv_sim/install/dave_object_models/share/dave_object_models/local_setup.bash
[0.863s] -- Symlinking: /home/namtruong/uuv_sim/install/dave_object_models/share/dave_object_models/local_setup.sh
[0.866s] -- Symlinking: /home/namtruong/uuv_sim/install/dave_object_models/share/dave_object_models/local_setup.zsh
[0.870s] -- Symlinking: /home/namtruong/uuv_sim/install/dave_object_models/share/dave_object_models/local_setup.dsv
[0.873s] -- Symlinking: /home/namtruong/uuv_sim/install/dave_object_models/share/dave_object_models/package.dsv
[0.876s] -- Symlinking: /home/namtruong/uuv_sim/install/dave_object_models/share/ament_index/resource_index/packages/dave_object_models
[0.880s] -- Symlinking: /home/namtruong/uuv_sim/install/dave_object_models/share/dave_object_models/cmake/dave_object_modelsConfig.cmake
[0.884s] -- Symlinking: /home/namtruong/uuv_sim/install/dave_object_models/share/dave_object_models/cmake/dave_object_modelsConfig-version.cmake
[0.887s] -- Symlinking: /home/namtruong/uuv_sim/install/dave_object_models/share/dave_object_models/package.xml
[0.892s] Invoked command in '/home/namtruong/uuv_sim/build/dave_object_models' returned '0': CMAKE_PREFIX_PATH=${CMAKE_PREFIX_PATH}:/home/namtruong/uuv_sim/install/uuv_simu:/home/namtruong/xetuhanh/install/bring_up:/home/namtruong/turtlebot3_ws/install/turtlebot3_teleop:/home/namtruong/turtlebot3_ws/install/turtlebot3_example:/opt/ros/humble /home/namtruong/.local/bin/cmake --install /home/namtruong/uuv_sim/build/dave_object_models
