[0.014s] Invoking command in '/home/namtruong/uuv_sim_home/build/dave_object_models': CMAKE_PREFIX_PATH=${CMAKE_PREFIX_PATH}:/home/namtruong/uuv_sim_home/install/uuv_simu:/opt/ros/jazzy DEBUGINFOD_URLS=https://debuginfod.ubuntu.com /usr/bin/cmake /home/namtruong/uuv_sim_home/src/dave_object_models -DAMENT_CMAKE_SYMLINK_INSTALL=1 -DCMAKE_INSTALL_PREFIX=/home/namtruong/uuv_sim_home/install/dave_object_models
[0.067s] -- The C compiler identification is GNU 13.3.0
[0.118s] -- The CXX compiler identification is GNU 13.3.0
[0.133s] -- Detecting C compiler ABI info
[0.221s] -- Detecting C compiler ABI info - done
[0.229s] -- Check for working C compiler: /usr/bin/cc - skipped
[0.229s] -- Detecting C compile features
[0.230s] -- Detecting C compile features - done
[0.239s] -- Detecting CXX compiler ABI info
[0.337s] -- Detecting CXX compiler ABI info - done
[0.345s] -- Check for working CXX compiler: /usr/bin/c++ - skipped
[0.345s] -- Detecting CXX compile features
[0.346s] -- Detecting CXX compile features - done
[0.350s] -- Found ament_cmake: 2.5.6 (/opt/ros/jazzy/share/ament_cmake/cmake)
[0.509s] -- Found Python3: /usr/bin/python3 (found version "3.12.3") found components: Interpreter 
[0.578s] -- Override CMake install command with custom implementation using symlinks instead of copying resources
[0.709s] -- Configuring done (0.7s)
[0.712s] -- Generating done (0.0s)
[0.713s] -- Build files have been written to: /home/namtruong/uuv_sim_home/build/dave_object_models
[0.720s] Invoked command in '/home/namtruong/uuv_sim_home/build/dave_object_models' returned '0': CMAKE_PREFIX_PATH=${CMAKE_PREFIX_PATH}:/home/namtruong/uuv_sim_home/install/uuv_simu:/opt/ros/jazzy DEBUGINFOD_URLS=https://debuginfod.ubuntu.com /usr/bin/cmake /home/namtruong/uuv_sim_home/src/dave_object_models -DAMENT_CMAKE_SYMLINK_INSTALL=1 -DCMAKE_INSTALL_PREFIX=/home/namtruong/uuv_sim_home/install/dave_object_models
[0.721s] Invoking command in '/home/namtruong/uuv_sim_home/build/dave_object_models': CMAKE_PREFIX_PATH=${CMAKE_PREFIX_PATH}:/home/namtruong/uuv_sim_home/install/uuv_simu:/opt/ros/jazzy DEBUGINFOD_URLS=https://debuginfod.ubuntu.com /usr/bin/cmake --build /home/namtruong/uuv_sim_home/build/dave_object_models -- -j16 -l16
[0.770s] Invoked command in '/home/namtruong/uuv_sim_home/build/dave_object_models' returned '0': CMAKE_PREFIX_PATH=${CMAKE_PREFIX_PATH}:/home/namtruong/uuv_sim_home/install/uuv_simu:/opt/ros/jazzy DEBUGINFOD_URLS=https://debuginfod.ubuntu.com /usr/bin/cmake --build /home/namtruong/uuv_sim_home/build/dave_object_models -- -j16 -l16
[0.771s] Invoking command in '/home/namtruong/uuv_sim_home/build/dave_object_models': CMAKE_PREFIX_PATH=${CMAKE_PREFIX_PATH}:/home/namtruong/uuv_sim_home/install/uuv_simu:/opt/ros/jazzy DEBUGINFOD_URLS=https://debuginfod.ubuntu.com /usr/bin/cmake --install /home/namtruong/uuv_sim_home/build/dave_object_models
[0.779s] -- Install configuration: ""
[0.780s] -- Execute custom install script
[0.780s] -- Symlinking: /home/namtruong/uuv_sim_home/install/dave_object_models/share/dave_object_models/description/mossy_cinder_block/model.config
[0.789s] -- Symlinking: /home/namtruong/uuv_sim_home/install/dave_object_models/share/dave_object_models/description/mossy_cinder_block/model.sdf
[0.798s] -- Symlinking: /home/namtruong/uuv_sim_home/install/dave_object_models/share/dave_object_models/launch/upload_object.launch.py
[0.807s] -- Symlinking: /home/namtruong/uuv_sim_home/install/dave_object_models/share/dave_object_models/environment/dave_object_models.dsv
[0.817s] -- Symlinking: /home/namtruong/uuv_sim_home/install/dave_object_models/share/ament_index/resource_index/package_run_dependencies/dave_object_models
[0.827s] -- Symlinking: /home/namtruong/uuv_sim_home/install/dave_object_models/share/ament_index/resource_index/parent_prefix_path/dave_object_models
[0.837s] -- Symlinking: /home/namtruong/uuv_sim_home/install/dave_object_models/share/dave_object_models/environment/ament_prefix_path.sh
[0.847s] -- Symlinking: /home/namtruong/uuv_sim_home/install/dave_object_models/share/dave_object_models/environment/ament_prefix_path.dsv
[0.856s] -- Symlinking: /home/namtruong/uuv_sim_home/install/dave_object_models/share/dave_object_models/environment/path.sh
[0.866s] -- Symlinking: /home/namtruong/uuv_sim_home/install/dave_object_models/share/dave_object_models/environment/path.dsv
[0.876s] -- Symlinking: /home/namtruong/uuv_sim_home/install/dave_object_models/share/dave_object_models/local_setup.bash
[0.886s] -- Symlinking: /home/namtruong/uuv_sim_home/install/dave_object_models/share/dave_object_models/local_setup.sh
[0.896s] -- Symlinking: /home/namtruong/uuv_sim_home/install/dave_object_models/share/dave_object_models/local_setup.zsh
[0.906s] -- Symlinking: /home/namtruong/uuv_sim_home/install/dave_object_models/share/dave_object_models/local_setup.dsv
[0.915s] -- Symlinking: /home/namtruong/uuv_sim_home/install/dave_object_models/share/dave_object_models/package.dsv
[0.928s] -- Symlinking: /home/namtruong/uuv_sim_home/install/dave_object_models/share/ament_index/resource_index/packages/dave_object_models
[0.937s] -- Symlinking: /home/namtruong/uuv_sim_home/install/dave_object_models/share/dave_object_models/cmake/dave_object_modelsConfig.cmake
[0.946s] -- Symlinking: /home/namtruong/uuv_sim_home/install/dave_object_models/share/dave_object_models/cmake/dave_object_modelsConfig-version.cmake
[0.956s] -- Symlinking: /home/namtruong/uuv_sim_home/install/dave_object_models/share/dave_object_models/package.xml
[0.966s] Invoked command in '/home/namtruong/uuv_sim_home/build/dave_object_models' returned '0': CMAKE_PREFIX_PATH=${CMAKE_PREFIX_PATH}:/home/namtruong/uuv_sim_home/install/uuv_simu:/opt/ros/jazzy DEBUGINFOD_URLS=https://debuginfod.ubuntu.com /usr/bin/cmake --install /home/namtruong/uuv_sim_home/build/dave_object_models
