[0.017s] Invoking command in '/home/namtruong/uuv_sim_home/build/multibeam_sonar_system': CMAKE_PREFIX_PATH=${CMAKE_PREFIX_PATH}:/home/namtruong/uuv_sim_home/install/uuv_simu:/opt/ros/jazzy DEBUGINFOD_URLS=https://debuginfod.ubuntu.com /usr/bin/cmake /home/namtruong/uuv_sim_home/src/multibeam_sonar_system -DCMAKE_INSTALL_PREFIX=/home/namtruong/uuv_sim_home/install/multibeam_sonar_system
[0.034s] -- Found ament_cmake: 2.5.6 (/opt/ros/jazzy/share/ament_cmake/cmake)
[0.214s] -- Override CMake install command with custom implementation using symlinks instead of copying resources
[0.322s] -- Looking for gz-common5 -- found version 5.8.0
[0.322s] -- Searching for dependencies of gz-common5
[0.322s] -- Looking for gz-utils2 -- found version 2.2.1
[0.323s] -- Searching for dependencies of gz-utils2
[0.323s] -- Looking for dlfcn.h - found
[0.323s] -- Looking for libdl - found
[0.329s] -- Checking for module 'uuid'
[0.343s] --   Found uuid, version 2.39.3
[0.375s] -- Searching for <gz-common5> component [profiler]
[0.375s] -- Looking for gz-common5-profiler -- found version 5.8.0
[0.375s] -- Searching for dependencies of gz-common5-profiler
[0.376s] -- Looking for gz-plugin2 -- found version 2.0.4
[0.376s] -- Searching for dependencies of gz-plugin2
[0.376s] -- Looking for gz-utils2 -- found version 2.2.1
[0.376s] -- Searching for dependencies of gz-utils2
[0.376s] -- Searching for <gz-utils2> component [cli]
[0.376s] -- Looking for gz-utils2-cli -- found version 2.2.1
[0.377s] -- Searching for dependencies of gz-utils2-cli
[0.377s] -- Searching for <gz-plugin2> component [register]
[0.378s] -- Looking for gz-plugin2-register -- found version 2.0.4
[0.378s] -- Searching for dependencies of gz-plugin2-register
[0.379s] -- Looking for gz-rendering8 -- found version 8.2.3
[0.379s] -- Searching for dependencies of gz-rendering8
[0.379s] -- Looking for gz-math7 -- found version 7.6.0
[0.379s] -- Searching for dependencies of gz-math7
[0.379s] -- Looking for gz-utils2 -- found version 2.2.1
[0.380s] -- Searching for <gz-math7> component [eigen3]
[0.380s] -- Looking for gz-math7-eigen3 -- found version 7.6.0
[0.380s] -- Searching for dependencies of gz-math7-eigen3
[0.381s] -- Looking for gz-common5 -- found version 5.8.0
[0.381s] -- Searching for dependencies of gz-common5
[0.382s] -- Looking for gz-utils2 -- found version 2.2.1
[0.382s] -- Looking for dlfcn.h - found
[0.382s] -- Looking for libdl - found
[0.389s] -- Searching for <gz-common5> component [graphics]
[0.389s] -- Looking for gz-common5-graphics -- found version 5.8.0
[0.390s] -- Searching for dependencies of gz-common5-graphics
[0.390s] -- Looking for gz-math7 -- found version 7.6.0
[0.391s] -- Searching for <gz-common5> component [events]
[0.391s] -- Looking for gz-common5-events -- found version 5.8.0
[0.391s] -- Searching for dependencies of gz-common5-events
[0.392s] -- Looking for gz-math7 -- found version 7.6.0
[0.392s] -- Searching for <gz-common5> component [geospatial]
[0.392s] -- Looking for gz-common5-geospatial -- found version 5.8.0
[0.393s] -- Searching for dependencies of gz-common5-geospatial
[0.393s] -- Looking for gz-math7 -- found version 7.6.0
[0.393s] -- Looking for gz-common5 -- found version 5.8.0
[0.394s] -- Looking for gz-plugin2 -- found version 2.0.4
[0.394s] -- Searching for dependencies of gz-plugin2
[0.394s] -- Looking for gz-utils2 -- found version 2.2.1
[0.394s] -- Searching for <gz-plugin2> component [all]
[0.395s] -- Looking for all libraries of gz-plugin2 -- found version 2.0.4
[0.395s] -- Looking for gz-plugin2 -- found version 2.0.4
[0.396s] -- Looking for gz-plugin2-loader -- found version 2.0.4
[0.396s] -- Searching for dependencies of gz-plugin2-loader
[0.397s] -- Looking for gz-utils2 -- found version 2.2.1
[0.399s] -- Searching for <gz-rendering8> component [ogre]
[0.399s] -- Looking for gz-rendering8-ogre -- found version 8.2.3
[0.399s] -- Searching for dependencies of gz-rendering8-ogre
[0.402s] -- Searching for <gz-rendering8> component [ogre2]
[0.402s] -- Looking for gz-rendering8-ogre2 -- found version 8.2.3
[0.402s] -- Searching for dependencies of gz-rendering8-ogre2
[0.405s] -- Looking for gz-sim8 -- found version 8.11.0
[0.405s] -- Searching for dependencies of gz-sim8
[0.405s] -- Looking for sdformat14 -- found version 14.9.0
[0.405s] -- Searching for dependencies of sdformat14
[0.410s] -- Checking for module 'tinyxml2'
[0.425s] --   Found tinyxml2, version 10.0.0
[0.458s] -- Looking for gz-math7 -- found version 7.6.0
[0.458s] -- Looking for gz-utils2 -- found version 2.2.1
[0.459s] -- Looking for gz-plugin2 -- found version 2.0.4
[0.459s] -- Looking for gz-transport13 -- found version 13.5.0
[0.460s] -- Searching for dependencies of gz-transport13
[0.493s] -- Config-file not installed for ZeroMQ -- checking for pkg-config
[0.498s] -- Checking for module 'libzmq >= 4'
[0.514s] --   Found libzmq, version 4.3.5
[0.567s] -- Looking for gz-utils2 -- found version 2.2.1
[0.567s] -- Looking for gz-msgs10 -- found version 10.3.2
[0.568s] -- Searching for dependencies of gz-msgs10
[0.589s] -- Looking for gz-utils2 -- found version 2.2.1
[0.589s] -- Looking for gz-math7 -- found version 7.6.0
[0.596s] -- Searching for <gz-transport13> component [log]
[0.596s] -- Looking for gz-transport13-log -- found version 13.5.0
[0.596s] -- Searching for dependencies of gz-transport13-log
[0.597s] -- Searching for <gz-transport13> component [parameters]
[0.597s] -- Looking for gz-transport13-parameters -- found version 13.5.0
[0.597s] -- Searching for dependencies of gz-transport13-parameters
[0.598s] -- Looking for gz-msgs10 -- found version 10.3.2
[0.598s] -- Looking for gz-common5 -- found version 5.8.0
[0.598s] -- Searching for dependencies of gz-common5
[0.598s] -- Looking for gz-utils2 -- found version 2.2.1
[0.598s] -- Looking for dlfcn.h - found
[0.598s] -- Looking for libdl - found
[0.606s] -- Searching for <gz-common5> component [av]
[0.606s] -- Looking for gz-common5-av -- found version 5.8.0
[0.606s] -- Searching for dependencies of gz-common5-av
[0.612s] -- Checking for module 'libswscale'
[0.629s] --   Found libswscale, version 7.5.100
[0.671s] -- Checking for module 'libavdevice >= 56.4.100'
[0.687s] --   Found libavdevice, version 60.3.100
[0.739s] -- Checking for module 'libavformat'
[0.755s] --   Found libavformat, version 60.16.100
[0.800s] -- Checking for module 'libavcodec'
[0.816s] --   Found libavcodec, version 60.31.102
[0.859s] -- Checking for module 'libavutil'
[0.874s] --   Found libavutil, version 58.29.100
[0.910s] -- Searching for <gz-common5> component [events]
[0.910s] -- Searching for <gz-common5> component [graphics]
[0.911s] -- Searching for <gz-common5> component [io]
[0.911s] -- Looking for gz-common5-io -- found version 5.8.0
[0.911s] -- Searching for dependencies of gz-common5-io
[0.911s] -- Searching for <gz-common5> component [profiler]
[0.912s] -- Looking for gz-fuel_tools9 -- found version 9.1.1
[0.912s] -- Searching for dependencies of gz-fuel_tools9
[0.951s] -- Checking for module 'jsoncpp'
[0.966s] --   Found jsoncpp, version 1.9.5
[1.017s] -- Checking for module 'yaml-0.1'
[1.033s] --   Found yaml-0.1, version 0.2.5
[1.073s] -- Checking for module 'libzip'
[1.089s] --   Found libzip, version 1.7.3
[1.123s] -- Looking for gz-utils2 -- found version 2.2.1
[1.124s] -- Looking for gz-common5 -- found version 5.8.0
[1.124s] -- Searching for dependencies of gz-common5
[1.124s] -- Looking for gz-utils2 -- found version 2.2.1
[1.124s] -- Looking for dlfcn.h - found
[1.124s] -- Looking for libdl - found
[1.132s] -- Searching for <gz-common5> component [testing]
[1.132s] -- Looking for gz-common5-testing -- found version 5.8.0
[1.132s] -- Searching for dependencies of gz-common5-testing
[1.133s] -- Looking for gz-math7 -- found version 7.6.0
[1.133s] -- Looking for gz-msgs10 -- found version 10.3.2
[1.134s] -- Looking for gz-gui8 -- found version 8.4.0
[1.134s] -- Searching for dependencies of gz-gui8
[1.158s] -- Looking for gz-utils2 -- found version 2.2.1
[1.159s] -- Looking for gz-math7 -- found version 7.6.0
[1.159s] -- Looking for gz-common5 -- found version 5.8.0
[1.159s] -- Looking for gz-plugin2 -- found version 2.0.4
[1.160s] -- Looking for gz-transport13 -- found version 13.5.0
[1.160s] -- Looking for gz-rendering8 -- found version 8.2.3
[1.160s] -- Looking for gz-msgs10 -- found version 10.3.2
[1.174s] -- Looking for gz-physics7 -- found version 7.6.0
[1.174s] -- Searching for dependencies of gz-physics7
[1.175s] -- Looking for gz-common5 -- found version 5.8.0
[1.175s] -- Looking for gz-math7 -- found version 7.6.0
[1.175s] -- Looking for gz-plugin2 -- found version 2.0.4
[1.175s] -- Looking for gz-utils2 -- found version 2.2.1
[1.176s] -- Searching for <gz-physics7> component [heightmap]
[1.177s] -- Looking for gz-physics7-heightmap -- found version 7.6.0
[1.177s] -- Searching for dependencies of gz-physics7-heightmap
[1.177s] -- Looking for gz-common5 -- found version 5.8.0
[1.177s] -- Searching for <gz-physics7> component [mesh]
[1.178s] -- Looking for gz-physics7-mesh -- found version 7.6.0
[1.178s] -- Searching for dependencies of gz-physics7-mesh
[1.178s] -- Looking for gz-common5 -- found version 5.8.0
[1.178s] -- Searching for <gz-physics7> component [sdf]
[1.179s] -- Looking for gz-physics7-sdf -- found version 7.6.0
[1.179s] -- Searching for dependencies of gz-physics7-sdf
[1.179s] -- Looking for sdformat14 -- found version 14.9.0
[1.180s] -- Looking for gz-sensors8 -- found version 8.2.2
[1.180s] -- Searching for dependencies of gz-sensors8
[1.199s] -- Looking for gz-math7 -- found version 7.6.0
[1.199s] -- Looking for gz-common5 -- found version 5.8.0
[1.200s] -- Looking for gz-transport13 -- found version 13.5.0
[1.200s] -- Looking for gz-rendering8 -- found version 8.2.3
[1.200s] -- Looking for gz-msgs10 -- found version 10.3.2
[1.201s] -- Looking for sdformat14 -- found version 14.9.0
[1.201s] -- Searching for <gz-sensors8> component [air_pressure]
[1.201s] -- Looking for gz-sensors8-air_pressure -- found version 8.2.2
[1.202s] -- Searching for dependencies of gz-sensors8-air_pressure
[1.202s] -- Searching for <gz-sensors8> component [air_speed]
[1.202s] -- Looking for gz-sensors8-air_speed -- found version 8.2.2
[1.202s] -- Searching for dependencies of gz-sensors8-air_speed
[1.203s] -- Searching for <gz-sensors8> component [altimeter]
[1.203s] -- Looking for gz-sensors8-altimeter -- found version 8.2.2
[1.203s] -- Searching for dependencies of gz-sensors8-altimeter
[1.203s] -- Searching for <gz-sensors8> component [imu]
[1.204s] -- Looking for gz-sensors8-imu -- found version 8.2.2
[1.204s] -- Searching for dependencies of gz-sensors8-imu
[1.204s] -- Searching for <gz-sensors8> component [force_torque]
[1.204s] -- Looking for gz-sensors8-force_torque -- found version 8.2.2
[1.204s] -- Searching for dependencies of gz-sensors8-force_torque
[1.205s] -- Searching for <gz-sensors8> component [logical_camera]
[1.205s] -- Looking for gz-sensors8-logical_camera -- found version 8.2.2
[1.205s] -- Searching for dependencies of gz-sensors8-logical_camera
[1.206s] -- Searching for <gz-sensors8> component [magnetometer]
[1.206s] -- Looking for gz-sensors8-magnetometer -- found version 8.2.2
[1.206s] -- Searching for dependencies of gz-sensors8-magnetometer
[1.206s] -- Searching for <gz-sensors8> component [navsat]
[1.207s] -- Looking for gz-sensors8-navsat -- found version 8.2.2
[1.207s] -- Searching for dependencies of gz-sensors8-navsat
[1.207s] -- Searching for <gz-sensors8> component [dvl]
[1.207s] -- Looking for gz-sensors8-dvl -- found version 8.2.2
[1.208s] -- Searching for dependencies of gz-sensors8-dvl
[1.208s] -- Looking for gz-sensors8 -- found version 8.2.2
[1.208s] -- Searching for dependencies of gz-sensors8
[1.228s] -- Looking for gz-math7 -- found version 7.6.0
[1.228s] -- Looking for gz-common5 -- found version 5.8.0
[1.228s] -- Looking for gz-transport13 -- found version 13.5.0
[1.228s] -- Looking for gz-rendering8 -- found version 8.2.3
[1.229s] -- Looking for gz-msgs10 -- found version 10.3.2
[1.229s] -- Looking for sdformat14 -- found version 14.9.0
[1.229s] -- Searching for <gz-sensors8> component [rendering]
[1.230s] -- Looking for gz-sensors8-rendering -- found version 8.2.2
[1.230s] -- Searching for dependencies of gz-sensors8-rendering
[1.231s] -- Searching for <gz-sensors8> component [rendering]
[1.231s] -- Searching for <gz-sensors8> component [lidar]
[1.231s] -- Looking for gz-sensors8-lidar -- found version 8.2.2
[1.231s] -- Searching for dependencies of gz-sensors8-lidar
[1.231s] -- Looking for gz-sensors8 -- found version 8.2.2
[1.232s] -- Searching for <gz-sensors8> component [gpu_lidar]
[1.232s] -- Looking for gz-sensors8-gpu_lidar -- found version 8.2.2
[1.232s] -- Searching for dependencies of gz-sensors8-gpu_lidar
[1.232s] -- Looking for gz-sensors8 -- found version 8.2.2
[1.233s] -- Searching for <gz-sensors8> component [camera]
[1.233s] -- Looking for gz-sensors8-camera -- found version 8.2.2
[1.233s] -- Searching for dependencies of gz-sensors8-camera
[1.234s] -- Looking for gz-sensors8 -- found version 8.2.2
[1.234s] -- Searching for <gz-sensors8> component [boundingbox_camera]
[1.234s] -- Looking for gz-sensors8-boundingbox_camera -- found version 8.2.2
[1.234s] -- Searching for dependencies of gz-sensors8-boundingbox_camera
[1.235s] -- Searching for <gz-sensors8> component [segmentation_camera]
[1.235s] -- Looking for gz-sensors8-segmentation_camera -- found version 8.2.2
[1.235s] -- Searching for dependencies of gz-sensors8-segmentation_camera
[1.236s] -- Searching for <gz-sensors8> component [depth_camera]
[1.236s] -- Looking for gz-sensors8-depth_camera -- found version 8.2.2
[1.236s] -- Searching for dependencies of gz-sensors8-depth_camera
[1.236s] -- Looking for gz-sensors8 -- found version 8.2.2
[1.237s] -- Searching for <gz-sensors8> component [rgbd_camera]
[1.237s] -- Looking for gz-sensors8-rgbd_camera -- found version 8.2.2
[1.237s] -- Searching for dependencies of gz-sensors8-rgbd_camera
[1.237s] -- Looking for gz-sensors8 -- found version 8.2.2
[1.238s] -- Searching for <gz-sensors8> component [thermal_camera]
[1.238s] -- Looking for gz-sensors8-thermal_camera -- found version 8.2.2
[1.238s] -- Searching for dependencies of gz-sensors8-thermal_camera
[1.238s] -- Looking for gz-sensors8 -- found version 8.2.2
[1.239s] -- Searching for <gz-sensors8> component [wide_angle_camera]
[1.240s] -- Looking for gz-sensors8-wide_angle_camera -- found version 8.2.2
[1.240s] -- Searching for dependencies of gz-sensors8-wide_angle_camera
[1.240s] -- Looking for gz-rendering8 -- found version 8.2.3
[1.241s] -- Looking for gz-math7 -- found version 7.6.0
[1.241s] -- Looking for gz-utils2 -- found version 2.2.1
[1.261s] -- Looking for gz-sensors8 -- found version 8.2.2
[1.336s] -- CUDA found, enabling CUDA support.
[1.337s] -- Looking for gz-sim8 -- found version 8.11.0
[1.337s] -- Looking for gz-sensors8 -- found version 8.2.2
[1.337s] -- Looking for gz-rendering8 -- found version 8.2.3
[1.338s] -- Looking for gz-transport13 -- found version 13.5.0
[1.338s] -- Found rclcpp: 28.1.21 (/opt/ros/jazzy/share/rclcpp/cmake)
[1.356s] -- Found rosidl_generator_c: 4.6.9 (/opt/ros/jazzy/share/rosidl_generator_c/cmake)
[1.363s] -- Found rosidl_generator_cpp: 4.6.9 (/opt/ros/jazzy/share/rosidl_generator_cpp/cmake)
[1.372s] -- Using all available rosidl_typesupport_c: rosidl_typesupport_fastrtps_c;rosidl_typesupport_introspection_c
[1.383s] -- Using all available rosidl_typesupport_cpp: rosidl_typesupport_fastrtps_cpp;rosidl_typesupport_introspection_cpp
[1.434s] -- Found rmw_implementation_cmake: 7.3.3 (/opt/ros/jazzy/share/rmw_implementation_cmake/cmake)
[1.435s] -- Found rmw_fastrtps_cpp: 8.4.4 (/opt/ros/jazzy/share/rmw_fastrtps_cpp/cmake)
[1.496s] -- Using RMW implementation 'rmw_fastrtps_cpp' as default
[1.554s] -- Found sensor_msgs: 5.3.8 (/opt/ros/jazzy/share/sensor_msgs/cmake)
[1.600s] -- Found rosidl_default_generators: 1.6.1 (/opt/ros/jazzy/share/rosidl_default_generators/cmake)
[1.610s] -- Found rosidl_adapter: 4.6.9 (/opt/ros/jazzy/share/rosidl_adapter/cmake)
[1.617s] -- Found marine_acoustic_msgs: 2.1.0 (/opt/ros/jazzy/share/marine_acoustic_msgs/cmake)
[1.632s] -- Found cv_bridge: 4.1.0 (/opt/ros/jazzy/share/cv_bridge/cmake)
[1.791s] -- Configuring done (1.8s)
[1.853s] -- Generating done (0.1s)
[1.860s] -- Build files have been written to: /home/namtruong/uuv_sim_home/build/multibeam_sonar_system
[1.874s] Invoked command in '/home/namtruong/uuv_sim_home/build/multibeam_sonar_system' returned '0': CMAKE_PREFIX_PATH=${CMAKE_PREFIX_PATH}:/home/namtruong/uuv_sim_home/install/uuv_simu:/opt/ros/jazzy DEBUGINFOD_URLS=https://debuginfod.ubuntu.com /usr/bin/cmake /home/namtruong/uuv_sim_home/src/multibeam_sonar_system -DCMAKE_INSTALL_PREFIX=/home/namtruong/uuv_sim_home/install/multibeam_sonar_system
[1.875s] Invoking command in '/home/namtruong/uuv_sim_home/build/multibeam_sonar_system': CMAKE_PREFIX_PATH=${CMAKE_PREFIX_PATH}:/home/namtruong/uuv_sim_home/install/uuv_simu:/opt/ros/jazzy DEBUGINFOD_URLS=https://debuginfod.ubuntu.com /usr/bin/cmake --build /home/namtruong/uuv_sim_home/build/multibeam_sonar_system -- -j16 -l16
[1.953s] [ 16%] [32m[1mLinking CUDA device code CMakeFiles/multibeam_sonar.dir/cmake_device_link.o[0m
[1.974s] nvlink warning : Skipping incompatible '/lib/x86_64-linux-gnu/libdl.a' when searching for -ldl
[1.974s] nvlink warning : Skipping incompatible '/usr/lib/x86_64-linux-gnu/libdl.a' when searching for -ldl
[1.974s] nvlink warning : Skipping incompatible '/lib/x86_64-linux-gnu/libpthread.a' when searching for -lpthread
[1.974s] nvlink warning : Skipping incompatible '/usr/lib/x86_64-linux-gnu/libpthread.a' when searching for -lpthread
[1.976s] nvlink warning : Skipping incompatible '/lib/x86_64-linux-gnu/librt.a' when searching for -lrt
[1.976s] nvlink warning : Skipping incompatible '/usr/lib/x86_64-linux-gnu/librt.a' when searching for -lrt
[2.024s] [ 33%] [32m[1mLinking CXX shared library libmultibeam_sonar.so[0m
[2.533s] [ 66%] Built target multibeam_sonar
[2.568s] [ 83%] [32m[1mLinking CXX shared library libmultibeam_sonar_system.so[0m
[3.211s] [100%] Built target multibeam_sonar_system
[3.223s] Invoked command in '/home/namtruong/uuv_sim_home/build/multibeam_sonar_system' returned '0': CMAKE_PREFIX_PATH=${CMAKE_PREFIX_PATH}:/home/namtruong/uuv_sim_home/install/uuv_simu:/opt/ros/jazzy DEBUGINFOD_URLS=https://debuginfod.ubuntu.com /usr/bin/cmake --build /home/namtruong/uuv_sim_home/build/multibeam_sonar_system -- -j16 -l16
[3.225s] Invoking command in '/home/namtruong/uuv_sim_home/build/multibeam_sonar_system': CMAKE_PREFIX_PATH=${CMAKE_PREFIX_PATH}:/home/namtruong/uuv_sim_home/install/uuv_simu:/opt/ros/jazzy DEBUGINFOD_URLS=https://debuginfod.ubuntu.com /usr/bin/cmake --install /home/namtruong/uuv_sim_home/build/multibeam_sonar_system
[3.232s] -- Install configuration: ""
[3.233s] -- Execute custom install script
[3.233s] -- Up-to-date symlink: /home/namtruong/uuv_sim_home/install/multibeam_sonar_system/lib/multibeam_sonar/libmultibeam_sonar.so
[3.233s] -- Up-to-date symlink: /home/namtruong/uuv_sim_home/install/multibeam_sonar_system/share/multibeam_sonar/environment/multibeam_sonar.dsv
[3.234s] -- Up-to-date symlink: /home/namtruong/uuv_sim_home/install/multibeam_sonar_system/share/ament_index/resource_index/package_run_dependencies/multibeam_sonar
[3.234s] -- Up-to-date symlink: /home/namtruong/uuv_sim_home/install/multibeam_sonar_system/share/ament_index/resource_index/parent_prefix_path/multibeam_sonar
[3.234s] -- Up-to-date symlink: /home/namtruong/uuv_sim_home/install/multibeam_sonar_system/share/multibeam_sonar/environment/ament_prefix_path.sh
[3.234s] -- Up-to-date symlink: /home/namtruong/uuv_sim_home/install/multibeam_sonar_system/share/multibeam_sonar/environment/ament_prefix_path.dsv
[3.234s] -- Up-to-date symlink: /home/namtruong/uuv_sim_home/install/multibeam_sonar_system/share/multibeam_sonar/environment/path.sh
[3.234s] -- Up-to-date symlink: /home/namtruong/uuv_sim_home/install/multibeam_sonar_system/share/multibeam_sonar/environment/path.dsv
[3.234s] -- Up-to-date symlink: /home/namtruong/uuv_sim_home/install/multibeam_sonar_system/share/multibeam_sonar/local_setup.bash
[3.234s] -- Up-to-date symlink: /home/namtruong/uuv_sim_home/install/multibeam_sonar_system/share/multibeam_sonar/local_setup.sh
[3.235s] -- Up-to-date symlink: /home/namtruong/uuv_sim_home/install/multibeam_sonar_system/share/multibeam_sonar/local_setup.zsh
[3.235s] -- Up-to-date symlink: /home/namtruong/uuv_sim_home/install/multibeam_sonar_system/share/multibeam_sonar/local_setup.dsv
[3.235s] -- Up-to-date symlink: /home/namtruong/uuv_sim_home/install/multibeam_sonar_system/share/multibeam_sonar/package.dsv
[3.235s] -- Up-to-date symlink: /home/namtruong/uuv_sim_home/install/multibeam_sonar_system/share/ament_index/resource_index/packages/multibeam_sonar
[3.235s] -- Up-to-date symlink: /home/namtruong/uuv_sim_home/install/multibeam_sonar_system/share/multibeam_sonar/cmake/multibeam_sonarConfig.cmake
[3.235s] -- Up-to-date symlink: /home/namtruong/uuv_sim_home/install/multibeam_sonar_system/share/multibeam_sonar/cmake/multibeam_sonarConfig-version.cmake
[3.236s] -- Up-to-date symlink: /home/namtruong/uuv_sim_home/install/multibeam_sonar_system/share/multibeam_sonar/package.xml
[3.236s] -- Up-to-date symlink: /home/namtruong/uuv_sim_home/install/multibeam_sonar_system/lib/multibeam_sonar_system/libmultibeam_sonar_system.so
[3.236s] -- Up-to-date symlink: /home/namtruong/uuv_sim_home/install/multibeam_sonar_system/share/multibeam_sonar_system/environment/multibeam_sonar_system.dsv
[3.236s] -- Up-to-date symlink: /home/namtruong/uuv_sim_home/install/multibeam_sonar_system/share/ament_index/resource_index/package_run_dependencies/multibeam_sonar_system
[3.236s] -- Up-to-date symlink: /home/namtruong/uuv_sim_home/install/multibeam_sonar_system/share/ament_index/resource_index/parent_prefix_path/multibeam_sonar_system
[3.236s] -- Up-to-date symlink: /home/namtruong/uuv_sim_home/install/multibeam_sonar_system/share/multibeam_sonar_system/environment/ament_prefix_path.sh
[3.236s] -- Up-to-date symlink: /home/namtruong/uuv_sim_home/install/multibeam_sonar_system/share/multibeam_sonar_system/environment/ament_prefix_path.dsv
[3.237s] -- Up-to-date symlink: /home/namtruong/uuv_sim_home/install/multibeam_sonar_system/share/multibeam_sonar_system/environment/path.sh
[3.237s] -- Up-to-date symlink: /home/namtruong/uuv_sim_home/install/multibeam_sonar_system/share/multibeam_sonar_system/environment/path.dsv
[3.237s] -- Up-to-date symlink: /home/namtruong/uuv_sim_home/install/multibeam_sonar_system/share/multibeam_sonar_system/local_setup.bash
[3.237s] -- Up-to-date symlink: /home/namtruong/uuv_sim_home/install/multibeam_sonar_system/share/multibeam_sonar_system/local_setup.sh
[3.237s] -- Up-to-date symlink: /home/namtruong/uuv_sim_home/install/multibeam_sonar_system/share/multibeam_sonar_system/local_setup.zsh
[3.237s] -- Up-to-date symlink: /home/namtruong/uuv_sim_home/install/multibeam_sonar_system/share/multibeam_sonar_system/local_setup.dsv
[3.237s] -- Symlinking: /home/namtruong/uuv_sim_home/install/multibeam_sonar_system/share/multibeam_sonar_system/package.dsv
[3.248s] -- Up-to-date symlink: /home/namtruong/uuv_sim_home/install/multibeam_sonar_system/share/ament_index/resource_index/packages/multibeam_sonar_system
[3.248s] -- Up-to-date symlink: /home/namtruong/uuv_sim_home/install/multibeam_sonar_system/share/multibeam_sonar_system/cmake/multibeam_sonar_systemConfig.cmake
[3.248s] -- Up-to-date symlink: /home/namtruong/uuv_sim_home/install/multibeam_sonar_system/share/multibeam_sonar_system/cmake/multibeam_sonar_systemConfig-version.cmake
[3.248s] -- Up-to-date symlink: /home/namtruong/uuv_sim_home/install/multibeam_sonar_system/share/multibeam_sonar_system/package.xml
[3.250s] Invoked command in '/home/namtruong/uuv_sim_home/build/multibeam_sonar_system' returned '0': CMAKE_PREFIX_PATH=${CMAKE_PREFIX_PATH}:/home/namtruong/uuv_sim_home/install/uuv_simu:/opt/ros/jazzy DEBUGINFOD_URLS=https://debuginfod.ubuntu.com /usr/bin/cmake --install /home/namtruong/uuv_sim_home/build/multibeam_sonar_system
