[0.017s] Invoking command in '/home/namtruong/uuv_sim_home/build/dave_object_models': CMAKE_PREFIX_PATH=${CMAKE_PREFIX_PATH}:/home/namtruong/uuv_sim_home/install/uuv_simu:/opt/ros/jazzy DEBUGINFOD_URLS=https://debuginfod.ubuntu.com /usr/bin/cmake /home/namtruong/uuv_sim_home/src/dave_object_models -DCMAKE_INSTALL_PREFIX=/home/namtruong/uuv_sim_home/install/dave_object_models
[0.030s] -- Found ament_cmake: 2.5.6 (/opt/ros/jazzy/share/ament_cmake/cmake)
[0.209s] -- Override CMake install command with custom implementation using symlinks instead of copying resources
[0.299s] -- Configuring done (0.3s)
[0.304s] -- Generating done (0.0s)
[0.305s] -- Build files have been written to: /home/namtruong/uuv_sim_home/build/dave_object_models
[0.308s] Invoked command in '/home/namtruong/uuv_sim_home/build/dave_object_models' returned '0': CMAKE_PREFIX_PATH=${CMAKE_PREFIX_PATH}:/home/namtruong/uuv_sim_home/install/uuv_simu:/opt/ros/jazzy DEBUGINFOD_URLS=https://debuginfod.ubuntu.com /usr/bin/cmake /home/namtruong/uuv_sim_home/src/dave_object_models -DCMAKE_INSTALL_PREFIX=/home/namtruong/uuv_sim_home/install/dave_object_models
[0.309s] Invoking command in '/home/namtruong/uuv_sim_home/build/dave_object_models': CMAKE_PREFIX_PATH=${CMAKE_PREFIX_PATH}:/home/namtruong/uuv_sim_home/install/uuv_simu:/opt/ros/jazzy DEBUGINFOD_URLS=https://debuginfod.ubuntu.com /usr/bin/cmake --build /home/namtruong/uuv_sim_home/build/dave_object_models -- -j16 -l16
[0.351s] Invoked command in '/home/namtruong/uuv_sim_home/build/dave_object_models' returned '0': CMAKE_PREFIX_PATH=${CMAKE_PREFIX_PATH}:/home/namtruong/uuv_sim_home/install/uuv_simu:/opt/ros/jazzy DEBUGINFOD_URLS=https://debuginfod.ubuntu.com /usr/bin/cmake --build /home/namtruong/uuv_sim_home/build/dave_object_models -- -j16 -l16
[0.352s] Invoking command in '/home/namtruong/uuv_sim_home/build/dave_object_models': CMAKE_PREFIX_PATH=${CMAKE_PREFIX_PATH}:/home/namtruong/uuv_sim_home/install/uuv_simu:/opt/ros/jazzy DEBUGINFOD_URLS=https://debuginfod.ubuntu.com /usr/bin/cmake --install /home/namtruong/uuv_sim_home/build/dave_object_models
[0.359s] -- Install configuration: ""
[0.359s] -- Execute custom install script
[0.360s] -- Up-to-date symlink: /home/namtruong/uuv_sim_home/install/dave_object_models/share/dave_object_models/description/mossy_cinder_block/model.config
[0.360s] -- Up-to-date symlink: /home/namtruong/uuv_sim_home/install/dave_object_models/share/dave_object_models/description/mossy_cinder_block/model.sdf
[0.360s] -- Up-to-date symlink: /home/namtruong/uuv_sim_home/install/dave_object_models/share/dave_object_models/launch/upload_object.launch.py
[0.360s] -- Up-to-date symlink: /home/namtruong/uuv_sim_home/install/dave_object_models/share/dave_object_models/environment/dave_object_models.dsv
[0.360s] -- Up-to-date symlink: /home/namtruong/uuv_sim_home/install/dave_object_models/share/ament_index/resource_index/package_run_dependencies/dave_object_models
[0.361s] -- Up-to-date symlink: /home/namtruong/uuv_sim_home/install/dave_object_models/share/ament_index/resource_index/parent_prefix_path/dave_object_models
[0.361s] -- Up-to-date symlink: /home/namtruong/uuv_sim_home/install/dave_object_models/share/dave_object_models/environment/ament_prefix_path.sh
[0.361s] -- Up-to-date symlink: /home/namtruong/uuv_sim_home/install/dave_object_models/share/dave_object_models/environment/ament_prefix_path.dsv
[0.361s] -- Up-to-date symlink: /home/namtruong/uuv_sim_home/install/dave_object_models/share/dave_object_models/environment/path.sh
[0.361s] -- Up-to-date symlink: /home/namtruong/uuv_sim_home/install/dave_object_models/share/dave_object_models/environment/path.dsv
[0.361s] -- Up-to-date symlink: /home/namtruong/uuv_sim_home/install/dave_object_models/share/dave_object_models/local_setup.bash
[0.361s] -- Up-to-date symlink: /home/namtruong/uuv_sim_home/install/dave_object_models/share/dave_object_models/local_setup.sh
[0.362s] -- Up-to-date symlink: /home/namtruong/uuv_sim_home/install/dave_object_models/share/dave_object_models/local_setup.zsh
[0.362s] -- Up-to-date symlink: /home/namtruong/uuv_sim_home/install/dave_object_models/share/dave_object_models/local_setup.dsv
[0.362s] -- Symlinking: /home/namtruong/uuv_sim_home/install/dave_object_models/share/dave_object_models/package.dsv
[0.371s] -- Up-to-date symlink: /home/namtruong/uuv_sim_home/install/dave_object_models/share/ament_index/resource_index/packages/dave_object_models
[0.371s] -- Up-to-date symlink: /home/namtruong/uuv_sim_home/install/dave_object_models/share/dave_object_models/cmake/dave_object_modelsConfig.cmake
[0.371s] -- Up-to-date symlink: /home/namtruong/uuv_sim_home/install/dave_object_models/share/dave_object_models/cmake/dave_object_modelsConfig-version.cmake
[0.371s] -- Up-to-date symlink: /home/namtruong/uuv_sim_home/install/dave_object_models/share/dave_object_models/package.xml
[0.373s] Invoked command in '/home/namtruong/uuv_sim_home/build/dave_object_models' returned '0': CMAKE_PREFIX_PATH=${CMAKE_PREFIX_PATH}:/home/namtruong/uuv_sim_home/install/uuv_simu:/opt/ros/jazzy DEBUGINFOD_URLS=https://debuginfod.ubuntu.com /usr/bin/cmake --install /home/namtruong/uuv_sim_home/build/dave_object_models
