[0.024s] Invoking command in '/home/namtruong/uuv_sim_home/build/dave_interfaces': CMAKE_PREFIX_PATH=${CMAKE_PREFIX_PATH}:/home/namtruong/uuv_sim_home/install/uuv_simu:/opt/ros/jazzy DEBUGINFOD_URLS=https://debuginfod.ubuntu.com /usr/bin/cmake /home/namtruong/uuv_sim_home/src/dave_interfaces -DCMAKE_INSTALL_PREFIX=/home/namtruong/uuv_sim_home/install/dave_interfaces
[0.037s] -- Found ament_cmake: 2.5.6 (/opt/ros/jazzy/share/ament_cmake/cmake)
[0.126s] -- Override CMake install command with custom implementation using symlinks instead of copying resources
[0.132s] -- Found rclcpp: 28.1.21 (/opt/ros/jazzy/share/rclcpp/cmake)
[0.157s] -- Found rosidl_generator_c: 4.6.9 (/opt/ros/jazzy/share/rosidl_generator_c/cmake)
[0.165s] -- Found rosidl_generator_cpp: 4.6.9 (/opt/ros/jazzy/share/rosidl_generator_cpp/cmake)
[0.174s] -- Using all available rosidl_typesupport_c: rosidl_typesupport_fastrtps_c;rosidl_typesupport_introspection_c
[0.186s] -- Using all available rosidl_typesupport_cpp: rosidl_typesupport_fastrtps_cpp;rosidl_typesupport_introspection_cpp
[0.243s] -- Found rmw_implementation_cmake: 7.3.3 (/opt/ros/jazzy/share/rmw_implementation_cmake/cmake)
[0.244s] -- Found rmw_fastrtps_cpp: 8.4.4 (/opt/ros/jazzy/share/rmw_fastrtps_cpp/cmake)
[0.307s] -- Using RMW implementation 'rmw_fastrtps_cpp' as default
[0.368s] -- Found std_msgs: 5.3.8 (/opt/ros/jazzy/share/std_msgs/cmake)
[0.379s] -- Found geometry_msgs: 5.3.8 (/opt/ros/jazzy/share/geometry_msgs/cmake)
[0.392s] -- Found rosidl_default_generators: 1.6.1 (/opt/ros/jazzy/share/rosidl_default_generators/cmake)
[0.402s] -- Found rosidl_adapter: 4.6.9 (/opt/ros/jazzy/share/rosidl_adapter/cmake)
[0.408s] -- Looking for gz-msgs10 -- found version 10.3.2
[0.408s] -- Searching for dependencies of gz-msgs10
[0.428s] -- Looking for gz-utils2 -- found version 2.2.1
[0.428s] -- Searching for dependencies of gz-utils2
[0.429s] -- Looking for gz-math7 -- found version 7.6.0
[0.429s] -- Searching for dependencies of gz-math7
[0.429s] -- Looking for gz-utils2 -- found version 2.2.1
[0.434s] -- Checking for module 'tinyxml2'
[0.450s] --   Found tinyxml2, version 10.0.0
[0.816s] -- Found ament_cmake_ros: 0.12.1 (/opt/ros/jazzy/share/ament_cmake_ros/cmake)
[1.066s] -- Using all available rosidl_typesupport_c: rosidl_typesupport_fastrtps_c;rosidl_typesupport_introspection_c
[1.165s] -- Using all available rosidl_typesupport_cpp: rosidl_typesupport_fastrtps_cpp;rosidl_typesupport_introspection_cpp
[1.167s] -- Found python_cmake_module: 0.11.1 (/opt/ros/jazzy/share/python_cmake_module/cmake)
[1.382s] -- Found Python3: /usr/bin/python3 (found version "3.12.3") found components: Interpreter Development NumPy Development.Module Development.Embed 
[1.466s] -- Found Python3: /usr/bin/python3 (found version "3.12.3") found components: Interpreter 
[1.481s] -- Configuring done (1.4s)
[1.554s] -- Generating done (0.1s)
[1.566s] -- Build files have been written to: /home/namtruong/uuv_sim_home/build/dave_interfaces
[1.578s] Invoked command in '/home/namtruong/uuv_sim_home/build/dave_interfaces' returned '0': CMAKE_PREFIX_PATH=${CMAKE_PREFIX_PATH}:/home/namtruong/uuv_sim_home/install/uuv_simu:/opt/ros/jazzy DEBUGINFOD_URLS=https://debuginfod.ubuntu.com /usr/bin/cmake /home/namtruong/uuv_sim_home/src/dave_interfaces -DCMAKE_INSTALL_PREFIX=/home/namtruong/uuv_sim_home/install/dave_interfaces
[1.579s] Invoking command in '/home/namtruong/uuv_sim_home/build/dave_interfaces': CMAKE_PREFIX_PATH=${CMAKE_PREFIX_PATH}:/home/namtruong/uuv_sim_home/install/uuv_simu:/opt/ros/jazzy DEBUGINFOD_URLS=https://debuginfod.ubuntu.com /usr/bin/cmake --build /home/namtruong/uuv_sim_home/build/dave_interfaces -- -j16 -l16
[1.641s] [  2%] Built target dave_interfaces__rosidl_generator_type_description
[1.641s] [  2%] Built target dave_interfaces__rs
[1.650s] [  2%] Built target ament_cmake_python_symlink_dave_interfaces
[1.664s] [  2%] Built target dave_interfaces__cpp
[1.694s] [ 30%] Built target dave_interfaces__rosidl_generator_c
[1.729s] [ 48%] Built target dave_interfaces__rosidl_typesupport_introspection_c
[1.729s] [ 48%] Built target dave_interfaces__rosidl_typesupport_c
[1.737s] [ 58%] Built target dave_interfaces__rosidl_typesupport_introspection_cpp
[1.744s] [ 68%] Built target dave_interfaces__rosidl_typesupport_cpp
[1.747s] [ 78%] Built target dave_interfaces__rosidl_typesupport_fastrtps_cpp
[1.751s] [ 88%] Built target dave_interfaces__rosidl_typesupport_fastrtps_c
[1.773s] [ 88%] Built target dave_interfaces
[1.796s] [ 88%] Built target dave_interfaces__py
[1.832s] running egg_info
[1.841s] [ 97%] Built target dave_interfaces__rosidl_generator_py
[1.848s] writing dave_interfaces.egg-info/PKG-INFO
[1.849s] writing dependency_links to dave_interfaces.egg-info/dependency_links.txt
[1.849s] writing top-level names to dave_interfaces.egg-info/top_level.txt
[1.866s] [100%] Built target dave_interfaces_s__rosidl_typesupport_introspection_c
[1.867s] [100%] Built target dave_interfaces_s__rosidl_typesupport_c
[1.867s] [100%] Built target dave_interfaces_s__rosidl_typesupport_fastrtps_c
[1.894s] reading manifest file 'dave_interfaces.egg-info/SOURCES.txt'
[1.895s] writing manifest file 'dave_interfaces.egg-info/SOURCES.txt'
[1.918s] [100%] Built target ament_cmake_python_build_dave_interfaces_egg
[1.931s] Invoked command in '/home/namtruong/uuv_sim_home/build/dave_interfaces' returned '0': CMAKE_PREFIX_PATH=${CMAKE_PREFIX_PATH}:/home/namtruong/uuv_sim_home/install/uuv_simu:/opt/ros/jazzy DEBUGINFOD_URLS=https://debuginfod.ubuntu.com /usr/bin/cmake --build /home/namtruong/uuv_sim_home/build/dave_interfaces -- -j16 -l16
[1.932s] Invoking command in '/home/namtruong/uuv_sim_home/build/dave_interfaces': CMAKE_PREFIX_PATH=${CMAKE_PREFIX_PATH}:/home/namtruong/uuv_sim_home/install/uuv_simu:/opt/ros/jazzy DEBUGINFOD_URLS=https://debuginfod.ubuntu.com /usr/bin/cmake --install /home/namtruong/uuv_sim_home/build/dave_interfaces
[1.940s] -- Install configuration: ""
[1.941s] -- Execute custom install script
[1.941s] -- Up-to-date symlink: /home/namtruong/uuv_sim_home/install/dave_interfaces/share/ament_index/resource_index/rosidl_interfaces/dave_interfaces
[1.941s] -- Up-to-date symlink: /home/namtruong/uuv_sim_home/install/dave_interfaces/share/dave_interfaces/msg/UsblCommand.json
[1.941s] -- Up-to-date symlink: /home/namtruong/uuv_sim_home/install/dave_interfaces/share/dave_interfaces/msg/UsblResponse.json
[1.941s] -- Up-to-date symlink: /home/namtruong/uuv_sim_home/install/dave_interfaces/share/dave_interfaces/msg/Location.json
[1.941s] -- Up-to-date symlink: /home/namtruong/uuv_sim_home/install/dave_interfaces/share/dave_interfaces/msg/DVL.json
[1.941s] -- Up-to-date symlink: /home/namtruong/uuv_sim_home/install/dave_interfaces/share/dave_interfaces/msg/DVLBeam.json
[1.941s] -- Up-to-date symlink: /home/namtruong/uuv_sim_home/install/dave_interfaces/share/dave_interfaces/msg/DVLTarget.json
[1.942s] -- Up-to-date symlink: /home/namtruong/uuv_sim_home/install/dave_interfaces/share/dave_interfaces/msg/StratifiedCurrentVelocity.json
[1.942s] -- Up-to-date symlink: /home/namtruong/uuv_sim_home/install/dave_interfaces/share/dave_interfaces/msg/StratifiedCurrentDatabase.json
[1.942s] -- Up-to-date symlink: /home/namtruong/uuv_sim_home/install/dave_interfaces/share/dave_interfaces/srv/SetOriginSphericalCoord.json
[1.942s] -- Up-to-date symlink: /home/namtruong/uuv_sim_home/install/dave_interfaces/share/dave_interfaces/srv/GetOriginSphericalCoord.json
[1.942s] -- Up-to-date symlink: /home/namtruong/uuv_sim_home/install/dave_interfaces/share/dave_interfaces/srv/TransformToSphericalCoord.json
[1.942s] -- Up-to-date symlink: /home/namtruong/uuv_sim_home/install/dave_interfaces/share/dave_interfaces/srv/TransformFromSphericalCoord.json
[1.942s] -- Up-to-date symlink: /home/namtruong/uuv_sim_home/install/dave_interfaces/share/dave_interfaces/srv/GetCurrentModel.json
[1.942s] -- Up-to-date symlink: /home/namtruong/uuv_sim_home/install/dave_interfaces/share/dave_interfaces/srv/SetCurrentModel.json
[1.942s] -- Up-to-date symlink: /home/namtruong/uuv_sim_home/install/dave_interfaces/share/dave_interfaces/srv/SetCurrentDirection.json
[1.943s] -- Up-to-date symlink: /home/namtruong/uuv_sim_home/install/dave_interfaces/share/dave_interfaces/srv/SetCurrentVelocity.json
[1.943s] -- Up-to-date symlink: /home/namtruong/uuv_sim_home/install/dave_interfaces/share/dave_interfaces/srv/SetStratifiedCurrentVelocity.json
[1.943s] -- Up-to-date symlink: /home/namtruong/uuv_sim_home/install/dave_interfaces/share/dave_interfaces/srv/SetStratifiedCurrentDirection.json
[1.944s] -- Up-to-date symlink: /home/namtruong/uuv_sim_home/install/dave_interfaces/include/dave_interfaces/dave_interfaces/msg/detail/dvl__functions.h
[1.944s] -- Up-to-date symlink: /home/namtruong/uuv_sim_home/install/dave_interfaces/include/dave_interfaces/dave_interfaces/msg/detail/dvl__struct.h
[1.944s] -- Up-to-date symlink: /home/namtruong/uuv_sim_home/install/dave_interfaces/include/dave_interfaces/dave_interfaces/msg/detail/dvl__type_support.h
[1.944s] -- Up-to-date symlink: /home/namtruong/uuv_sim_home/install/dave_interfaces/include/dave_interfaces/dave_interfaces/msg/detail/dvl_beam__functions.h
[1.944s] -- Up-to-date symlink: /home/namtruong/uuv_sim_home/install/dave_interfaces/include/dave_interfaces/dave_interfaces/msg/detail/dvl_beam__struct.h
[1.944s] -- Up-to-date symlink: /home/namtruong/uuv_sim_home/install/dave_interfaces/include/dave_interfaces/dave_interfaces/msg/detail/dvl_beam__type_support.h
[1.945s] -- Up-to-date symlink: /home/namtruong/uuv_sim_home/install/dave_interfaces/include/dave_interfaces/dave_interfaces/msg/detail/dvl_target__functions.h
[1.945s] -- Up-to-date symlink: /home/namtruong/uuv_sim_home/install/dave_interfaces/include/dave_interfaces/dave_interfaces/msg/detail/dvl_target__struct.h
[1.945s] -- Up-to-date symlink: /home/namtruong/uuv_sim_home/install/dave_interfaces/include/dave_interfaces/dave_interfaces/msg/detail/dvl_target__type_support.h
[1.945s] -- Up-to-date symlink: /home/namtruong/uuv_sim_home/install/dave_interfaces/include/dave_interfaces/dave_interfaces/msg/detail/location__functions.h
[1.945s] -- Up-to-date symlink: /home/namtruong/uuv_sim_home/install/dave_interfaces/include/dave_interfaces/dave_interfaces/msg/detail/location__struct.h
[1.945s] -- Up-to-date symlink: /home/namtruong/uuv_sim_home/install/dave_interfaces/include/dave_interfaces/dave_interfaces/msg/detail/location__type_support.h
[1.945s] -- Up-to-date symlink: /home/namtruong/uuv_sim_home/install/dave_interfaces/include/dave_interfaces/dave_interfaces/msg/detail/stratified_current_database__functions.h
[1.945s] -- Up-to-date symlink: /home/namtruong/uuv_sim_home/install/dave_interfaces/include/dave_interfaces/dave_interfaces/msg/detail/stratified_current_database__struct.h
[1.945s] -- Up-to-date symlink: /home/namtruong/uuv_sim_home/install/dave_interfaces/include/dave_interfaces/dave_interfaces/msg/detail/stratified_current_database__type_support.h
[1.945s] -- Up-to-date symlink: /home/namtruong/uuv_sim_home/install/dave_interfaces/include/dave_interfaces/dave_interfaces/msg/detail/stratified_current_velocity__functions.h
[1.946s] -- Up-to-date symlink: /home/namtruong/uuv_sim_home/install/dave_interfaces/include/dave_interfaces/dave_interfaces/msg/detail/stratified_current_velocity__struct.h
[1.946s] -- Up-to-date symlink: /home/namtruong/uuv_sim_home/install/dave_interfaces/include/dave_interfaces/dave_interfaces/msg/detail/stratified_current_velocity__type_support.h
[1.946s] -- Up-to-date symlink: /home/namtruong/uuv_sim_home/install/dave_interfaces/include/dave_interfaces/dave_interfaces/msg/detail/usbl_command__functions.h
[1.946s] -- Up-to-date symlink: /home/namtruong/uuv_sim_home/install/dave_interfaces/include/dave_interfaces/dave_interfaces/msg/detail/usbl_command__struct.h
[1.946s] -- Up-to-date symlink: /home/namtruong/uuv_sim_home/install/dave_interfaces/include/dave_interfaces/dave_interfaces/msg/detail/usbl_command__type_support.h
[1.946s] -- Up-to-date symlink: /home/namtruong/uuv_sim_home/install/dave_interfaces/include/dave_interfaces/dave_interfaces/msg/detail/usbl_response__functions.h
[1.946s] -- Up-to-date symlink: /home/namtruong/uuv_sim_home/install/dave_interfaces/include/dave_interfaces/dave_interfaces/msg/detail/usbl_response__struct.h
[1.946s] -- Up-to-date symlink: /home/namtruong/uuv_sim_home/install/dave_interfaces/include/dave_interfaces/dave_interfaces/msg/detail/usbl_response__type_support.h
[1.946s] -- Up-to-date symlink: /home/namtruong/uuv_sim_home/install/dave_interfaces/include/dave_interfaces/dave_interfaces/msg/dvl.h
[1.946s] -- Up-to-date symlink: /home/namtruong/uuv_sim_home/install/dave_interfaces/include/dave_interfaces/dave_interfaces/msg/dvl_beam.h
[1.946s] -- Up-to-date symlink: /home/namtruong/uuv_sim_home/install/dave_interfaces/include/dave_interfaces/dave_interfaces/msg/dvl_target.h
[1.946s] -- Up-to-date symlink: /home/namtruong/uuv_sim_home/install/dave_interfaces/include/dave_interfaces/dave_interfaces/msg/location.h
[1.946s] -- Up-to-date symlink: /home/namtruong/uuv_sim_home/install/dave_interfaces/include/dave_interfaces/dave_interfaces/msg/rosidl_generator_c__visibility_control.h
[1.947s] -- Up-to-date symlink: /home/namtruong/uuv_sim_home/install/dave_interfaces/include/dave_interfaces/dave_interfaces/msg/stratified_current_database.h
[1.947s] -- Up-to-date symlink: /home/namtruong/uuv_sim_home/install/dave_interfaces/include/dave_interfaces/dave_interfaces/msg/stratified_current_velocity.h
[1.947s] -- Up-to-date symlink: /home/namtruong/uuv_sim_home/install/dave_interfaces/include/dave_interfaces/dave_interfaces/msg/usbl_command.h
[1.947s] -- Up-to-date symlink: /home/namtruong/uuv_sim_home/install/dave_interfaces/include/dave_interfaces/dave_interfaces/msg/usbl_response.h
[1.947s] -- Up-to-date symlink: /home/namtruong/uuv_sim_home/install/dave_interfaces/include/dave_interfaces/dave_interfaces/srv/detail/get_current_model__functions.h
[1.947s] -- Up-to-date symlink: /home/namtruong/uuv_sim_home/install/dave_interfaces/include/dave_interfaces/dave_interfaces/srv/detail/get_current_model__struct.h
[1.947s] -- Up-to-date symlink: /home/namtruong/uuv_sim_home/install/dave_interfaces/include/dave_interfaces/dave_interfaces/srv/detail/get_current_model__type_support.h
[1.947s] -- Up-to-date symlink: /home/namtruong/uuv_sim_home/install/dave_interfaces/include/dave_interfaces/dave_interfaces/srv/detail/get_origin_spherical_coord__functions.h
[1.947s] -- Up-to-date symlink: /home/namtruong/uuv_sim_home/install/dave_interfaces/include/dave_interfaces/dave_interfaces/srv/detail/get_origin_spherical_coord__struct.h
[1.947s] -- Up-to-date symlink: /home/namtruong/uuv_sim_home/install/dave_interfaces/include/dave_interfaces/dave_interfaces/srv/detail/get_origin_spherical_coord__type_support.h
[1.947s] -- Up-to-date symlink: /home/namtruong/uuv_sim_home/install/dave_interfaces/include/dave_interfaces/dave_interfaces/srv/detail/set_current_direction__functions.h
[1.948s] -- Up-to-date symlink: /home/namtruong/uuv_sim_home/install/dave_interfaces/include/dave_interfaces/dave_interfaces/srv/detail/set_current_direction__struct.h
[1.948s] -- Up-to-date symlink: /home/namtruong/uuv_sim_home/install/dave_interfaces/include/dave_interfaces/dave_interfaces/srv/detail/set_current_direction__type_support.h
[1.948s] -- Up-to-date symlink: /home/namtruong/uuv_sim_home/install/dave_interfaces/include/dave_interfaces/dave_interfaces/srv/detail/set_current_model__functions.h
[1.948s] -- Up-to-date symlink: /home/namtruong/uuv_sim_home/install/dave_interfaces/include/dave_interfaces/dave_interfaces/srv/detail/set_current_model__struct.h
[1.948s] -- Up-to-date symlink: /home/namtruong/uuv_sim_home/install/dave_interfaces/include/dave_interfaces/dave_interfaces/srv/detail/set_current_model__type_support.h
[1.948s] -- Up-to-date symlink: /home/namtruong/uuv_sim_home/install/dave_interfaces/include/dave_interfaces/dave_interfaces/srv/detail/set_current_velocity__functions.h
[1.948s] -- Up-to-date symlink: /home/namtruong/uuv_sim_home/install/dave_interfaces/include/dave_interfaces/dave_interfaces/srv/detail/set_current_velocity__struct.h
[1.948s] -- Up-to-date symlink: /home/namtruong/uuv_sim_home/install/dave_interfaces/include/dave_interfaces/dave_interfaces/srv/detail/set_current_velocity__type_support.h
[1.948s] -- Up-to-date symlink: /home/namtruong/uuv_sim_home/install/dave_interfaces/include/dave_interfaces/dave_interfaces/srv/detail/set_origin_spherical_coord__functions.h
[1.948s] -- Up-to-date symlink: /home/namtruong/uuv_sim_home/install/dave_interfaces/include/dave_interfaces/dave_interfaces/srv/detail/set_origin_spherical_coord__struct.h
[1.948s] -- Up-to-date symlink: /home/namtruong/uuv_sim_home/install/dave_interfaces/include/dave_interfaces/dave_interfaces/srv/detail/set_origin_spherical_coord__type_support.h
[1.949s] -- Up-to-date symlink: /home/namtruong/uuv_sim_home/install/dave_interfaces/include/dave_interfaces/dave_interfaces/srv/detail/set_stratified_current_direction__functions.h
[1.949s] -- Up-to-date symlink: /home/namtruong/uuv_sim_home/install/dave_interfaces/include/dave_interfaces/dave_interfaces/srv/detail/set_stratified_current_direction__struct.h
[1.949s] -- Up-to-date symlink: /home/namtruong/uuv_sim_home/install/dave_interfaces/include/dave_interfaces/dave_interfaces/srv/detail/set_stratified_current_direction__type_support.h
[1.949s] -- Up-to-date symlink: /home/namtruong/uuv_sim_home/install/dave_interfaces/include/dave_interfaces/dave_interfaces/srv/detail/set_stratified_current_velocity__functions.h
[1.949s] -- Up-to-date symlink: /home/namtruong/uuv_sim_home/install/dave_interfaces/include/dave_interfaces/dave_interfaces/srv/detail/set_stratified_current_velocity__struct.h
[1.949s] -- Up-to-date symlink: /home/namtruong/uuv_sim_home/install/dave_interfaces/include/dave_interfaces/dave_interfaces/srv/detail/set_stratified_current_velocity__type_support.h
[1.949s] -- Up-to-date symlink: /home/namtruong/uuv_sim_home/install/dave_interfaces/include/dave_interfaces/dave_interfaces/srv/detail/transform_from_spherical_coord__functions.h
[1.949s] -- Up-to-date symlink: /home/namtruong/uuv_sim_home/install/dave_interfaces/include/dave_interfaces/dave_interfaces/srv/detail/transform_from_spherical_coord__struct.h
[1.949s] -- Up-to-date symlink: /home/namtruong/uuv_sim_home/install/dave_interfaces/include/dave_interfaces/dave_interfaces/srv/detail/transform_from_spherical_coord__type_support.h
[1.949s] -- Up-to-date symlink: /home/namtruong/uuv_sim_home/install/dave_interfaces/include/dave_interfaces/dave_interfaces/srv/detail/transform_to_spherical_coord__functions.h
[1.949s] -- Up-to-date symlink: /home/namtruong/uuv_sim_home/install/dave_interfaces/include/dave_interfaces/dave_interfaces/srv/detail/transform_to_spherical_coord__struct.h
[1.949s] -- Up-to-date symlink: /home/namtruong/uuv_sim_home/install/dave_interfaces/include/dave_interfaces/dave_interfaces/srv/detail/transform_to_spherical_coord__type_support.h
[1.950s] -- Up-to-date symlink: /home/namtruong/uuv_sim_home/install/dave_interfaces/include/dave_interfaces/dave_interfaces/srv/get_current_model.h
[1.950s] -- Up-to-date symlink: /home/namtruong/uuv_sim_home/install/dave_interfaces/include/dave_interfaces/dave_interfaces/srv/get_origin_spherical_coord.h
[1.950s] -- Up-to-date symlink: /home/namtruong/uuv_sim_home/install/dave_interfaces/include/dave_interfaces/dave_interfaces/srv/set_current_direction.h
[1.950s] -- Up-to-date symlink: /home/namtruong/uuv_sim_home/install/dave_interfaces/include/dave_interfaces/dave_interfaces/srv/set_current_model.h
[1.950s] -- Up-to-date symlink: /home/namtruong/uuv_sim_home/install/dave_interfaces/include/dave_interfaces/dave_interfaces/srv/set_current_velocity.h
[1.950s] -- Up-to-date symlink: /home/namtruong/uuv_sim_home/install/dave_interfaces/include/dave_interfaces/dave_interfaces/srv/set_origin_spherical_coord.h
[1.950s] -- Up-to-date symlink: /home/namtruong/uuv_sim_home/install/dave_interfaces/include/dave_interfaces/dave_interfaces/srv/set_stratified_current_direction.h
[1.950s] -- Up-to-date symlink: /home/namtruong/uuv_sim_home/install/dave_interfaces/include/dave_interfaces/dave_interfaces/srv/set_stratified_current_velocity.h
[1.950s] -- Up-to-date symlink: /home/namtruong/uuv_sim_home/install/dave_interfaces/include/dave_interfaces/dave_interfaces/srv/transform_from_spherical_coord.h
[1.950s] -- Up-to-date symlink: /home/namtruong/uuv_sim_home/install/dave_interfaces/include/dave_interfaces/dave_interfaces/srv/transform_to_spherical_coord.h
[1.950s] -- Up-to-date symlink: /home/namtruong/uuv_sim_home/install/dave_interfaces/share/dave_interfaces/environment/library_path.sh
[1.951s] -- Up-to-date symlink: /home/namtruong/uuv_sim_home/install/dave_interfaces/share/dave_interfaces/environment/library_path.dsv
[1.951s] -- Up-to-date symlink: /home/namtruong/uuv_sim_home/install/dave_interfaces/include/dave_interfaces/dave_interfaces/msg/detail/dvl__rosidl_typesupport_fastrtps_c.h
[1.951s] -- Up-to-date symlink: /home/namtruong/uuv_sim_home/install/dave_interfaces/include/dave_interfaces/dave_interfaces/msg/detail/dvl_beam__rosidl_typesupport_fastrtps_c.h
[1.952s] -- Up-to-date symlink: /home/namtruong/uuv_sim_home/install/dave_interfaces/include/dave_interfaces/dave_interfaces/msg/detail/dvl_target__rosidl_typesupport_fastrtps_c.h
[1.952s] -- Up-to-date symlink: /home/namtruong/uuv_sim_home/install/dave_interfaces/include/dave_interfaces/dave_interfaces/msg/detail/location__rosidl_typesupport_fastrtps_c.h
[1.952s] -- Up-to-date symlink: /home/namtruong/uuv_sim_home/install/dave_interfaces/include/dave_interfaces/dave_interfaces/msg/detail/stratified_current_database__rosidl_typesupport_fastrtps_c.h
[1.952s] -- Up-to-date symlink: /home/namtruong/uuv_sim_home/install/dave_interfaces/include/dave_interfaces/dave_interfaces/msg/detail/stratified_current_velocity__rosidl_typesupport_fastrtps_c.h
[1.952s] -- Up-to-date symlink: /home/namtruong/uuv_sim_home/install/dave_interfaces/include/dave_interfaces/dave_interfaces/msg/detail/usbl_command__rosidl_typesupport_fastrtps_c.h
[1.952s] -- Up-to-date symlink: /home/namtruong/uuv_sim_home/install/dave_interfaces/include/dave_interfaces/dave_interfaces/msg/detail/usbl_response__rosidl_typesupport_fastrtps_c.h
[1.952s] -- Up-to-date symlink: /home/namtruong/uuv_sim_home/install/dave_interfaces/include/dave_interfaces/dave_interfaces/msg/rosidl_typesupport_fastrtps_c__visibility_control.h
[1.952s] -- Up-to-date symlink: /home/namtruong/uuv_sim_home/install/dave_interfaces/include/dave_interfaces/dave_interfaces/srv/detail/get_current_model__rosidl_typesupport_fastrtps_c.h
[1.952s] -- Up-to-date symlink: /home/namtruong/uuv_sim_home/install/dave_interfaces/include/dave_interfaces/dave_interfaces/srv/detail/get_origin_spherical_coord__rosidl_typesupport_fastrtps_c.h
[1.952s] -- Up-to-date symlink: /home/namtruong/uuv_sim_home/install/dave_interfaces/include/dave_interfaces/dave_interfaces/srv/detail/set_current_direction__rosidl_typesupport_fastrtps_c.h
[1.952s] -- Up-to-date symlink: /home/namtruong/uuv_sim_home/install/dave_interfaces/include/dave_interfaces/dave_interfaces/srv/detail/set_current_model__rosidl_typesupport_fastrtps_c.h
[1.953s] -- Up-to-date symlink: /home/namtruong/uuv_sim_home/install/dave_interfaces/include/dave_interfaces/dave_interfaces/srv/detail/set_current_velocity__rosidl_typesupport_fastrtps_c.h
[1.953s] -- Up-to-date symlink: /home/namtruong/uuv_sim_home/install/dave_interfaces/include/dave_interfaces/dave_interfaces/srv/detail/set_origin_spherical_coord__rosidl_typesupport_fastrtps_c.h
[1.953s] -- Up-to-date symlink: /home/namtruong/uuv_sim_home/install/dave_interfaces/include/dave_interfaces/dave_interfaces/srv/detail/set_stratified_current_direction__rosidl_typesupport_fastrtps_c.h
[1.953s] -- Up-to-date symlink: /home/namtruong/uuv_sim_home/install/dave_interfaces/include/dave_interfaces/dave_interfaces/srv/detail/set_stratified_current_velocity__rosidl_typesupport_fastrtps_c.h
[1.953s] -- Up-to-date symlink: /home/namtruong/uuv_sim_home/install/dave_interfaces/include/dave_interfaces/dave_interfaces/srv/detail/transform_from_spherical_coord__rosidl_typesupport_fastrtps_c.h
[1.953s] -- Up-to-date symlink: /home/namtruong/uuv_sim_home/install/dave_interfaces/include/dave_interfaces/dave_interfaces/srv/detail/transform_to_spherical_coord__rosidl_typesupport_fastrtps_c.h
[1.954s] -- Up-to-date symlink: /home/namtruong/uuv_sim_home/install/dave_interfaces/include/dave_interfaces/dave_interfaces/msg/detail/dvl__builder.hpp
[1.954s] -- Up-to-date symlink: /home/namtruong/uuv_sim_home/install/dave_interfaces/include/dave_interfaces/dave_interfaces/msg/detail/dvl__struct.hpp
[1.954s] -- Up-to-date symlink: /home/namtruong/uuv_sim_home/install/dave_interfaces/include/dave_interfaces/dave_interfaces/msg/detail/dvl__traits.hpp
[1.954s] -- Up-to-date symlink: /home/namtruong/uuv_sim_home/install/dave_interfaces/include/dave_interfaces/dave_interfaces/msg/detail/dvl__type_support.hpp
[1.954s] -- Up-to-date symlink: /home/namtruong/uuv_sim_home/install/dave_interfaces/include/dave_interfaces/dave_interfaces/msg/detail/dvl_beam__builder.hpp
[1.954s] -- Up-to-date symlink: /home/namtruong/uuv_sim_home/install/dave_interfaces/include/dave_interfaces/dave_interfaces/msg/detail/dvl_beam__struct.hpp
[1.954s] -- Up-to-date symlink: /home/namtruong/uuv_sim_home/install/dave_interfaces/include/dave_interfaces/dave_interfaces/msg/detail/dvl_beam__traits.hpp
[1.955s] -- Up-to-date symlink: /home/namtruong/uuv_sim_home/install/dave_interfaces/include/dave_interfaces/dave_interfaces/msg/detail/dvl_beam__type_support.hpp
[1.955s] -- Up-to-date symlink: /home/namtruong/uuv_sim_home/install/dave_interfaces/include/dave_interfaces/dave_interfaces/msg/detail/dvl_target__builder.hpp
[1.955s] -- Up-to-date symlink: /home/namtruong/uuv_sim_home/install/dave_interfaces/include/dave_interfaces/dave_interfaces/msg/detail/dvl_target__struct.hpp
[1.955s] -- Up-to-date symlink: /home/namtruong/uuv_sim_home/install/dave_interfaces/include/dave_interfaces/dave_interfaces/msg/detail/dvl_target__traits.hpp
[1.955s] -- Up-to-date symlink: /home/namtruong/uuv_sim_home/install/dave_interfaces/include/dave_interfaces/dave_interfaces/msg/detail/dvl_target__type_support.hpp
[1.955s] -- Up-to-date symlink: /home/namtruong/uuv_sim_home/install/dave_interfaces/include/dave_interfaces/dave_interfaces/msg/detail/location__builder.hpp
[1.955s] -- Up-to-date symlink: /home/namtruong/uuv_sim_home/install/dave_interfaces/include/dave_interfaces/dave_interfaces/msg/detail/location__struct.hpp
[1.955s] -- Up-to-date symlink: /home/namtruong/uuv_sim_home/install/dave_interfaces/include/dave_interfaces/dave_interfaces/msg/detail/location__traits.hpp
[1.955s] -- Up-to-date symlink: /home/namtruong/uuv_sim_home/install/dave_interfaces/include/dave_interfaces/dave_interfaces/msg/detail/location__type_support.hpp
[1.955s] -- Up-to-date symlink: /home/namtruong/uuv_sim_home/install/dave_interfaces/include/dave_interfaces/dave_interfaces/msg/detail/stratified_current_database__builder.hpp
[1.955s] -- Up-to-date symlink: /home/namtruong/uuv_sim_home/install/dave_interfaces/include/dave_interfaces/dave_interfaces/msg/detail/stratified_current_database__struct.hpp
[1.955s] -- Up-to-date symlink: /home/namtruong/uuv_sim_home/install/dave_interfaces/include/dave_interfaces/dave_interfaces/msg/detail/stratified_current_database__traits.hpp
[1.956s] -- Up-to-date symlink: /home/namtruong/uuv_sim_home/install/dave_interfaces/include/dave_interfaces/dave_interfaces/msg/detail/stratified_current_database__type_support.hpp
[1.956s] -- Up-to-date symlink: /home/namtruong/uuv_sim_home/install/dave_interfaces/include/dave_interfaces/dave_interfaces/msg/detail/stratified_current_velocity__builder.hpp
[1.956s] -- Up-to-date symlink: /home/namtruong/uuv_sim_home/install/dave_interfaces/include/dave_interfaces/dave_interfaces/msg/detail/stratified_current_velocity__struct.hpp
[1.956s] -- Up-to-date symlink: /home/namtruong/uuv_sim_home/install/dave_interfaces/include/dave_interfaces/dave_interfaces/msg/detail/stratified_current_velocity__traits.hpp
[1.956s] -- Up-to-date symlink: /home/namtruong/uuv_sim_home/install/dave_interfaces/include/dave_interfaces/dave_interfaces/msg/detail/stratified_current_velocity__type_support.hpp
[1.956s] -- Up-to-date symlink: /home/namtruong/uuv_sim_home/install/dave_interfaces/include/dave_interfaces/dave_interfaces/msg/detail/usbl_command__builder.hpp
[1.956s] -- Up-to-date symlink: /home/namtruong/uuv_sim_home/install/dave_interfaces/include/dave_interfaces/dave_interfaces/msg/detail/usbl_command__struct.hpp
[1.956s] -- Up-to-date symlink: /home/namtruong/uuv_sim_home/install/dave_interfaces/include/dave_interfaces/dave_interfaces/msg/detail/usbl_command__traits.hpp
[1.956s] -- Up-to-date symlink: /home/namtruong/uuv_sim_home/install/dave_interfaces/include/dave_interfaces/dave_interfaces/msg/detail/usbl_command__type_support.hpp
[1.956s] -- Up-to-date symlink: /home/namtruong/uuv_sim_home/install/dave_interfaces/include/dave_interfaces/dave_interfaces/msg/detail/usbl_response__builder.hpp
[1.956s] -- Up-to-date symlink: /home/namtruong/uuv_sim_home/install/dave_interfaces/include/dave_interfaces/dave_interfaces/msg/detail/usbl_response__struct.hpp
[1.956s] -- Up-to-date symlink: /home/namtruong/uuv_sim_home/install/dave_interfaces/include/dave_interfaces/dave_interfaces/msg/detail/usbl_response__traits.hpp
[1.957s] -- Up-to-date symlink: /home/namtruong/uuv_sim_home/install/dave_interfaces/include/dave_interfaces/dave_interfaces/msg/detail/usbl_response__type_support.hpp
[1.957s] -- Up-to-date symlink: /home/namtruong/uuv_sim_home/install/dave_interfaces/include/dave_interfaces/dave_interfaces/msg/dvl.hpp
[1.957s] -- Up-to-date symlink: /home/namtruong/uuv_sim_home/install/dave_interfaces/include/dave_interfaces/dave_interfaces/msg/dvl_beam.hpp
[1.957s] -- Up-to-date symlink: /home/namtruong/uuv_sim_home/install/dave_interfaces/include/dave_interfaces/dave_interfaces/msg/dvl_target.hpp
[1.957s] -- Up-to-date symlink: /home/namtruong/uuv_sim_home/install/dave_interfaces/include/dave_interfaces/dave_interfaces/msg/location.hpp
[1.957s] -- Up-to-date symlink: /home/namtruong/uuv_sim_home/install/dave_interfaces/include/dave_interfaces/dave_interfaces/msg/rosidl_generator_cpp__visibility_control.hpp
[1.957s] -- Up-to-date symlink: /home/namtruong/uuv_sim_home/install/dave_interfaces/include/dave_interfaces/dave_interfaces/msg/stratified_current_database.hpp
[1.957s] -- Up-to-date symlink: /home/namtruong/uuv_sim_home/install/dave_interfaces/include/dave_interfaces/dave_interfaces/msg/stratified_current_velocity.hpp
[1.957s] -- Up-to-date symlink: /home/namtruong/uuv_sim_home/install/dave_interfaces/include/dave_interfaces/dave_interfaces/msg/usbl_command.hpp
[1.957s] -- Up-to-date symlink: /home/namtruong/uuv_sim_home/install/dave_interfaces/include/dave_interfaces/dave_interfaces/msg/usbl_response.hpp
[1.957s] -- Up-to-date symlink: /home/namtruong/uuv_sim_home/install/dave_interfaces/include/dave_interfaces/dave_interfaces/srv/detail/get_current_model__builder.hpp
[1.958s] -- Up-to-date symlink: /home/namtruong/uuv_sim_home/install/dave_interfaces/include/dave_interfaces/dave_interfaces/srv/detail/get_current_model__struct.hpp
[1.958s] -- Up-to-date symlink: /home/namtruong/uuv_sim_home/install/dave_interfaces/include/dave_interfaces/dave_interfaces/srv/detail/get_current_model__traits.hpp
[1.958s] -- Up-to-date symlink: /home/namtruong/uuv_sim_home/install/dave_interfaces/include/dave_interfaces/dave_interfaces/srv/detail/get_current_model__type_support.hpp
[1.958s] -- Up-to-date symlink: /home/namtruong/uuv_sim_home/install/dave_interfaces/include/dave_interfaces/dave_interfaces/srv/detail/get_origin_spherical_coord__builder.hpp
[1.958s] -- Up-to-date symlink: /home/namtruong/uuv_sim_home/install/dave_interfaces/include/dave_interfaces/dave_interfaces/srv/detail/get_origin_spherical_coord__struct.hpp
[1.958s] -- Up-to-date symlink: /home/namtruong/uuv_sim_home/install/dave_interfaces/include/dave_interfaces/dave_interfaces/srv/detail/get_origin_spherical_coord__traits.hpp
[1.958s] -- Up-to-date symlink: /home/namtruong/uuv_sim_home/install/dave_interfaces/include/dave_interfaces/dave_interfaces/srv/detail/get_origin_spherical_coord__type_support.hpp
[1.958s] -- Up-to-date symlink: /home/namtruong/uuv_sim_home/install/dave_interfaces/include/dave_interfaces/dave_interfaces/srv/detail/set_current_direction__builder.hpp
[1.958s] -- Up-to-date symlink: /home/namtruong/uuv_sim_home/install/dave_interfaces/include/dave_interfaces/dave_interfaces/srv/detail/set_current_direction__struct.hpp
[1.958s] -- Up-to-date symlink: /home/namtruong/uuv_sim_home/install/dave_interfaces/include/dave_interfaces/dave_interfaces/srv/detail/set_current_direction__traits.hpp
[1.958s] -- Up-to-date symlink: /home/namtruong/uuv_sim_home/install/dave_interfaces/include/dave_interfaces/dave_interfaces/srv/detail/set_current_direction__type_support.hpp
[1.959s] -- Up-to-date symlink: /home/namtruong/uuv_sim_home/install/dave_interfaces/include/dave_interfaces/dave_interfaces/srv/detail/set_current_model__builder.hpp
[1.959s] -- Up-to-date symlink: /home/namtruong/uuv_sim_home/install/dave_interfaces/include/dave_interfaces/dave_interfaces/srv/detail/set_current_model__struct.hpp
[1.959s] -- Up-to-date symlink: /home/namtruong/uuv_sim_home/install/dave_interfaces/include/dave_interfaces/dave_interfaces/srv/detail/set_current_model__traits.hpp
[1.959s] -- Up-to-date symlink: /home/namtruong/uuv_sim_home/install/dave_interfaces/include/dave_interfaces/dave_interfaces/srv/detail/set_current_model__type_support.hpp
[1.959s] -- Up-to-date symlink: /home/namtruong/uuv_sim_home/install/dave_interfaces/include/dave_interfaces/dave_interfaces/srv/detail/set_current_velocity__builder.hpp
[1.959s] -- Up-to-date symlink: /home/namtruong/uuv_sim_home/install/dave_interfaces/include/dave_interfaces/dave_interfaces/srv/detail/set_current_velocity__struct.hpp
[1.959s] -- Up-to-date symlink: /home/namtruong/uuv_sim_home/install/dave_interfaces/include/dave_interfaces/dave_interfaces/srv/detail/set_current_velocity__traits.hpp
[1.959s] -- Up-to-date symlink: /home/namtruong/uuv_sim_home/install/dave_interfaces/include/dave_interfaces/dave_interfaces/srv/detail/set_current_velocity__type_support.hpp
[1.959s] -- Up-to-date symlink: /home/namtruong/uuv_sim_home/install/dave_interfaces/include/dave_interfaces/dave_interfaces/srv/detail/set_origin_spherical_coord__builder.hpp
[1.959s] -- Up-to-date symlink: /home/namtruong/uuv_sim_home/install/dave_interfaces/include/dave_interfaces/dave_interfaces/srv/detail/set_origin_spherical_coord__struct.hpp
[1.959s] -- Up-to-date symlink: /home/namtruong/uuv_sim_home/install/dave_interfaces/include/dave_interfaces/dave_interfaces/srv/detail/set_origin_spherical_coord__traits.hpp
[1.959s] -- Up-to-date symlink: /home/namtruong/uuv_sim_home/install/dave_interfaces/include/dave_interfaces/dave_interfaces/srv/detail/set_origin_spherical_coord__type_support.hpp
[1.960s] -- Up-to-date symlink: /home/namtruong/uuv_sim_home/install/dave_interfaces/include/dave_interfaces/dave_interfaces/srv/detail/set_stratified_current_direction__builder.hpp
[1.960s] -- Up-to-date symlink: /home/namtruong/uuv_sim_home/install/dave_interfaces/include/dave_interfaces/dave_interfaces/srv/detail/set_stratified_current_direction__struct.hpp
[1.960s] -- Up-to-date symlink: /home/namtruong/uuv_sim_home/install/dave_interfaces/include/dave_interfaces/dave_interfaces/srv/detail/set_stratified_current_direction__traits.hpp
[1.960s] -- Up-to-date symlink: /home/namtruong/uuv_sim_home/install/dave_interfaces/include/dave_interfaces/dave_interfaces/srv/detail/set_stratified_current_direction__type_support.hpp
[1.960s] -- Up-to-date symlink: /home/namtruong/uuv_sim_home/install/dave_interfaces/include/dave_interfaces/dave_interfaces/srv/detail/set_stratified_current_velocity__builder.hpp
[1.960s] -- Up-to-date symlink: /home/namtruong/uuv_sim_home/install/dave_interfaces/include/dave_interfaces/dave_interfaces/srv/detail/set_stratified_current_velocity__struct.hpp
[1.960s] -- Up-to-date symlink: /home/namtruong/uuv_sim_home/install/dave_interfaces/include/dave_interfaces/dave_interfaces/srv/detail/set_stratified_current_velocity__traits.hpp
[1.960s] -- Up-to-date symlink: /home/namtruong/uuv_sim_home/install/dave_interfaces/include/dave_interfaces/dave_interfaces/srv/detail/set_stratified_current_velocity__type_support.hpp
[1.960s] -- Up-to-date symlink: /home/namtruong/uuv_sim_home/install/dave_interfaces/include/dave_interfaces/dave_interfaces/srv/detail/transform_from_spherical_coord__builder.hpp
[1.960s] -- Up-to-date symlink: /home/namtruong/uuv_sim_home/install/dave_interfaces/include/dave_interfaces/dave_interfaces/srv/detail/transform_from_spherical_coord__struct.hpp
[1.960s] -- Up-to-date symlink: /home/namtruong/uuv_sim_home/install/dave_interfaces/include/dave_interfaces/dave_interfaces/srv/detail/transform_from_spherical_coord__traits.hpp
[1.961s] -- Up-to-date symlink: /home/namtruong/uuv_sim_home/install/dave_interfaces/include/dave_interfaces/dave_interfaces/srv/detail/transform_from_spherical_coord__type_support.hpp
[1.961s] -- Up-to-date symlink: /home/namtruong/uuv_sim_home/install/dave_interfaces/include/dave_interfaces/dave_interfaces/srv/detail/transform_to_spherical_coord__builder.hpp
[1.961s] -- Up-to-date symlink: /home/namtruong/uuv_sim_home/install/dave_interfaces/include/dave_interfaces/dave_interfaces/srv/detail/transform_to_spherical_coord__struct.hpp
[1.961s] -- Up-to-date symlink: /home/namtruong/uuv_sim_home/install/dave_interfaces/include/dave_interfaces/dave_interfaces/srv/detail/transform_to_spherical_coord__traits.hpp
[1.961s] -- Up-to-date symlink: /home/namtruong/uuv_sim_home/install/dave_interfaces/include/dave_interfaces/dave_interfaces/srv/detail/transform_to_spherical_coord__type_support.hpp
[1.961s] -- Up-to-date symlink: /home/namtruong/uuv_sim_home/install/dave_interfaces/include/dave_interfaces/dave_interfaces/srv/get_current_model.hpp
[1.961s] -- Up-to-date symlink: /home/namtruong/uuv_sim_home/install/dave_interfaces/include/dave_interfaces/dave_interfaces/srv/get_origin_spherical_coord.hpp
[1.961s] -- Up-to-date symlink: /home/namtruong/uuv_sim_home/install/dave_interfaces/include/dave_interfaces/dave_interfaces/srv/set_current_direction.hpp
[1.961s] -- Up-to-date symlink: /home/namtruong/uuv_sim_home/install/dave_interfaces/include/dave_interfaces/dave_interfaces/srv/set_current_model.hpp
[1.961s] -- Up-to-date symlink: /home/namtruong/uuv_sim_home/install/dave_interfaces/include/dave_interfaces/dave_interfaces/srv/set_current_velocity.hpp
[1.961s] -- Up-to-date symlink: /home/namtruong/uuv_sim_home/install/dave_interfaces/include/dave_interfaces/dave_interfaces/srv/set_origin_spherical_coord.hpp
[1.961s] -- Up-to-date symlink: /home/namtruong/uuv_sim_home/install/dave_interfaces/include/dave_interfaces/dave_interfaces/srv/set_stratified_current_direction.hpp
[1.962s] -- Up-to-date symlink: /home/namtruong/uuv_sim_home/install/dave_interfaces/include/dave_interfaces/dave_interfaces/srv/set_stratified_current_velocity.hpp
[1.962s] -- Up-to-date symlink: /home/namtruong/uuv_sim_home/install/dave_interfaces/include/dave_interfaces/dave_interfaces/srv/transform_from_spherical_coord.hpp
[1.962s] -- Up-to-date symlink: /home/namtruong/uuv_sim_home/install/dave_interfaces/include/dave_interfaces/dave_interfaces/srv/transform_to_spherical_coord.hpp
[1.963s] -- Up-to-date symlink: /home/namtruong/uuv_sim_home/install/dave_interfaces/include/dave_interfaces/dave_interfaces/msg/detail/dvl__rosidl_typesupport_fastrtps_cpp.hpp
[1.963s] -- Up-to-date symlink: /home/namtruong/uuv_sim_home/install/dave_interfaces/include/dave_interfaces/dave_interfaces/msg/detail/dvl_beam__rosidl_typesupport_fastrtps_cpp.hpp
[1.963s] -- Up-to-date symlink: /home/namtruong/uuv_sim_home/install/dave_interfaces/include/dave_interfaces/dave_interfaces/msg/detail/dvl_target__rosidl_typesupport_fastrtps_cpp.hpp
[1.963s] -- Up-to-date symlink: /home/namtruong/uuv_sim_home/install/dave_interfaces/include/dave_interfaces/dave_interfaces/msg/detail/location__rosidl_typesupport_fastrtps_cpp.hpp
[1.963s] -- Up-to-date symlink: /home/namtruong/uuv_sim_home/install/dave_interfaces/include/dave_interfaces/dave_interfaces/msg/detail/stratified_current_database__rosidl_typesupport_fastrtps_cpp.hpp
[1.963s] -- Up-to-date symlink: /home/namtruong/uuv_sim_home/install/dave_interfaces/include/dave_interfaces/dave_interfaces/msg/detail/stratified_current_velocity__rosidl_typesupport_fastrtps_cpp.hpp
[1.963s] -- Up-to-date symlink: /home/namtruong/uuv_sim_home/install/dave_interfaces/include/dave_interfaces/dave_interfaces/msg/detail/usbl_command__rosidl_typesupport_fastrtps_cpp.hpp
[1.963s] -- Up-to-date symlink: /home/namtruong/uuv_sim_home/install/dave_interfaces/include/dave_interfaces/dave_interfaces/msg/detail/usbl_response__rosidl_typesupport_fastrtps_cpp.hpp
[1.963s] -- Up-to-date symlink: /home/namtruong/uuv_sim_home/install/dave_interfaces/include/dave_interfaces/dave_interfaces/msg/rosidl_typesupport_fastrtps_cpp__visibility_control.h
[1.963s] -- Up-to-date symlink: /home/namtruong/uuv_sim_home/install/dave_interfaces/include/dave_interfaces/dave_interfaces/srv/detail/get_current_model__rosidl_typesupport_fastrtps_cpp.hpp
[1.964s] -- Up-to-date symlink: /home/namtruong/uuv_sim_home/install/dave_interfaces/include/dave_interfaces/dave_interfaces/srv/detail/get_origin_spherical_coord__rosidl_typesupport_fastrtps_cpp.hpp
[1.964s] -- Up-to-date symlink: /home/namtruong/uuv_sim_home/install/dave_interfaces/include/dave_interfaces/dave_interfaces/srv/detail/set_current_direction__rosidl_typesupport_fastrtps_cpp.hpp
[1.964s] -- Up-to-date symlink: /home/namtruong/uuv_sim_home/install/dave_interfaces/include/dave_interfaces/dave_interfaces/srv/detail/set_current_model__rosidl_typesupport_fastrtps_cpp.hpp
[1.964s] -- Up-to-date symlink: /home/namtruong/uuv_sim_home/install/dave_interfaces/include/dave_interfaces/dave_interfaces/srv/detail/set_current_velocity__rosidl_typesupport_fastrtps_cpp.hpp
[1.964s] -- Up-to-date symlink: /home/namtruong/uuv_sim_home/install/dave_interfaces/include/dave_interfaces/dave_interfaces/srv/detail/set_origin_spherical_coord__rosidl_typesupport_fastrtps_cpp.hpp
[1.964s] -- Up-to-date symlink: /home/namtruong/uuv_sim_home/install/dave_interfaces/include/dave_interfaces/dave_interfaces/srv/detail/set_stratified_current_direction__rosidl_typesupport_fastrtps_cpp.hpp
[1.964s] -- Up-to-date symlink: /home/namtruong/uuv_sim_home/install/dave_interfaces/include/dave_interfaces/dave_interfaces/srv/detail/set_stratified_current_velocity__rosidl_typesupport_fastrtps_cpp.hpp
[1.964s] -- Up-to-date symlink: /home/namtruong/uuv_sim_home/install/dave_interfaces/include/dave_interfaces/dave_interfaces/srv/detail/transform_from_spherical_coord__rosidl_typesupport_fastrtps_cpp.hpp
[1.964s] -- Up-to-date symlink: /home/namtruong/uuv_sim_home/install/dave_interfaces/include/dave_interfaces/dave_interfaces/srv/detail/transform_to_spherical_coord__rosidl_typesupport_fastrtps_cpp.hpp
[1.965s] -- Up-to-date symlink: /home/namtruong/uuv_sim_home/install/dave_interfaces/include/dave_interfaces/dave_interfaces/msg/detail/dvl__rosidl_typesupport_introspection_c.h
[1.965s] -- Up-to-date symlink: /home/namtruong/uuv_sim_home/install/dave_interfaces/include/dave_interfaces/dave_interfaces/msg/detail/dvl_beam__rosidl_typesupport_introspection_c.h
[1.965s] -- Up-to-date symlink: /home/namtruong/uuv_sim_home/install/dave_interfaces/include/dave_interfaces/dave_interfaces/msg/detail/dvl_target__rosidl_typesupport_introspection_c.h
[1.965s] -- Up-to-date symlink: /home/namtruong/uuv_sim_home/install/dave_interfaces/include/dave_interfaces/dave_interfaces/msg/detail/location__rosidl_typesupport_introspection_c.h
[1.965s] -- Up-to-date symlink: /home/namtruong/uuv_sim_home/install/dave_interfaces/include/dave_interfaces/dave_interfaces/msg/detail/stratified_current_database__rosidl_typesupport_introspection_c.h
[1.965s] -- Up-to-date symlink: /home/namtruong/uuv_sim_home/install/dave_interfaces/include/dave_interfaces/dave_interfaces/msg/detail/stratified_current_velocity__rosidl_typesupport_introspection_c.h
[1.965s] -- Up-to-date symlink: /home/namtruong/uuv_sim_home/install/dave_interfaces/include/dave_interfaces/dave_interfaces/msg/detail/usbl_command__rosidl_typesupport_introspection_c.h
[1.965s] -- Up-to-date symlink: /home/namtruong/uuv_sim_home/install/dave_interfaces/include/dave_interfaces/dave_interfaces/msg/detail/usbl_response__rosidl_typesupport_introspection_c.h
[1.965s] -- Up-to-date symlink: /home/namtruong/uuv_sim_home/install/dave_interfaces/include/dave_interfaces/dave_interfaces/msg/rosidl_typesupport_introspection_c__visibility_control.h
[1.966s] -- Up-to-date symlink: /home/namtruong/uuv_sim_home/install/dave_interfaces/include/dave_interfaces/dave_interfaces/srv/detail/get_current_model__rosidl_typesupport_introspection_c.h
[1.966s] -- Up-to-date symlink: /home/namtruong/uuv_sim_home/install/dave_interfaces/include/dave_interfaces/dave_interfaces/srv/detail/get_origin_spherical_coord__rosidl_typesupport_introspection_c.h
[1.966s] -- Up-to-date symlink: /home/namtruong/uuv_sim_home/install/dave_interfaces/include/dave_interfaces/dave_interfaces/srv/detail/set_current_direction__rosidl_typesupport_introspection_c.h
[1.966s] -- Up-to-date symlink: /home/namtruong/uuv_sim_home/install/dave_interfaces/include/dave_interfaces/dave_interfaces/srv/detail/set_current_model__rosidl_typesupport_introspection_c.h
[1.966s] -- Up-to-date symlink: /home/namtruong/uuv_sim_home/install/dave_interfaces/include/dave_interfaces/dave_interfaces/srv/detail/set_current_velocity__rosidl_typesupport_introspection_c.h
[1.966s] -- Up-to-date symlink: /home/namtruong/uuv_sim_home/install/dave_interfaces/include/dave_interfaces/dave_interfaces/srv/detail/set_origin_spherical_coord__rosidl_typesupport_introspection_c.h
[1.966s] -- Up-to-date symlink: /home/namtruong/uuv_sim_home/install/dave_interfaces/include/dave_interfaces/dave_interfaces/srv/detail/set_stratified_current_direction__rosidl_typesupport_introspection_c.h
[1.966s] -- Up-to-date symlink: /home/namtruong/uuv_sim_home/install/dave_interfaces/include/dave_interfaces/dave_interfaces/srv/detail/set_stratified_current_velocity__rosidl_typesupport_introspection_c.h
[1.966s] -- Up-to-date symlink: /home/namtruong/uuv_sim_home/install/dave_interfaces/include/dave_interfaces/dave_interfaces/srv/detail/transform_from_spherical_coord__rosidl_typesupport_introspection_c.h
[1.966s] -- Up-to-date symlink: /home/namtruong/uuv_sim_home/install/dave_interfaces/include/dave_interfaces/dave_interfaces/srv/detail/transform_to_spherical_coord__rosidl_typesupport_introspection_c.h
[1.967s] -- Up-to-date symlink: /home/namtruong/uuv_sim_home/install/dave_interfaces/include/dave_interfaces/dave_interfaces/msg/detail/dvl__rosidl_typesupport_introspection_cpp.hpp
[1.967s] -- Up-to-date symlink: /home/namtruong/uuv_sim_home/install/dave_interfaces/include/dave_interfaces/dave_interfaces/msg/detail/dvl_beam__rosidl_typesupport_introspection_cpp.hpp
[1.967s] -- Up-to-date symlink: /home/namtruong/uuv_sim_home/install/dave_interfaces/include/dave_interfaces/dave_interfaces/msg/detail/dvl_target__rosidl_typesupport_introspection_cpp.hpp
[1.967s] -- Up-to-date symlink: /home/namtruong/uuv_sim_home/install/dave_interfaces/include/dave_interfaces/dave_interfaces/msg/detail/location__rosidl_typesupport_introspection_cpp.hpp
[1.967s] -- Up-to-date symlink: /home/namtruong/uuv_sim_home/install/dave_interfaces/include/dave_interfaces/dave_interfaces/msg/detail/stratified_current_database__rosidl_typesupport_introspection_cpp.hpp
[1.967s] -- Up-to-date symlink: /home/namtruong/uuv_sim_home/install/dave_interfaces/include/dave_interfaces/dave_interfaces/msg/detail/stratified_current_velocity__rosidl_typesupport_introspection_cpp.hpp
[1.967s] -- Up-to-date symlink: /home/namtruong/uuv_sim_home/install/dave_interfaces/include/dave_interfaces/dave_interfaces/msg/detail/usbl_command__rosidl_typesupport_introspection_cpp.hpp
[1.967s] -- Up-to-date symlink: /home/namtruong/uuv_sim_home/install/dave_interfaces/include/dave_interfaces/dave_interfaces/msg/detail/usbl_response__rosidl_typesupport_introspection_cpp.hpp
[1.968s] -- Up-to-date symlink: /home/namtruong/uuv_sim_home/install/dave_interfaces/include/dave_interfaces/dave_interfaces/srv/detail/get_current_model__rosidl_typesupport_introspection_cpp.hpp
[1.968s] -- Up-to-date symlink: /home/namtruong/uuv_sim_home/install/dave_interfaces/include/dave_interfaces/dave_interfaces/srv/detail/get_origin_spherical_coord__rosidl_typesupport_introspection_cpp.hpp
[1.968s] -- Up-to-date symlink: /home/namtruong/uuv_sim_home/install/dave_interfaces/include/dave_interfaces/dave_interfaces/srv/detail/set_current_direction__rosidl_typesupport_introspection_cpp.hpp
[1.968s] -- Up-to-date symlink: /home/namtruong/uuv_sim_home/install/dave_interfaces/include/dave_interfaces/dave_interfaces/srv/detail/set_current_model__rosidl_typesupport_introspection_cpp.hpp
[1.968s] -- Up-to-date symlink: /home/namtruong/uuv_sim_home/install/dave_interfaces/include/dave_interfaces/dave_interfaces/srv/detail/set_current_velocity__rosidl_typesupport_introspection_cpp.hpp
[1.968s] -- Up-to-date symlink: /home/namtruong/uuv_sim_home/install/dave_interfaces/include/dave_interfaces/dave_interfaces/srv/detail/set_origin_spherical_coord__rosidl_typesupport_introspection_cpp.hpp
[1.968s] -- Up-to-date symlink: /home/namtruong/uuv_sim_home/install/dave_interfaces/include/dave_interfaces/dave_interfaces/srv/detail/set_stratified_current_direction__rosidl_typesupport_introspection_cpp.hpp
[1.968s] -- Up-to-date symlink: /home/namtruong/uuv_sim_home/install/dave_interfaces/include/dave_interfaces/dave_interfaces/srv/detail/set_stratified_current_velocity__rosidl_typesupport_introspection_cpp.hpp
[1.968s] -- Up-to-date symlink: /home/namtruong/uuv_sim_home/install/dave_interfaces/include/dave_interfaces/dave_interfaces/srv/detail/transform_from_spherical_coord__rosidl_typesupport_introspection_cpp.hpp
[1.968s] -- Up-to-date symlink: /home/namtruong/uuv_sim_home/install/dave_interfaces/include/dave_interfaces/dave_interfaces/srv/detail/transform_to_spherical_coord__rosidl_typesupport_introspection_cpp.hpp
[1.968s] -- Up-to-date symlink: /home/namtruong/uuv_sim_home/install/dave_interfaces/share/dave_interfaces/environment/pythonpath.sh
[1.969s] -- Up-to-date symlink: /home/namtruong/uuv_sim_home/install/dave_interfaces/share/dave_interfaces/environment/pythonpath.dsv
[1.969s] -- Up-to-date symlink: /home/namtruong/uuv_sim_home/install/dave_interfaces/lib/python3.12/site-packages/dave_interfaces-0.0.0-py3.12.egg-info/PKG-INFO
[1.969s] -- Up-to-date symlink: /home/namtruong/uuv_sim_home/install/dave_interfaces/lib/python3.12/site-packages/dave_interfaces-0.0.0-py3.12.egg-info/SOURCES.txt
[1.969s] -- Up-to-date symlink: /home/namtruong/uuv_sim_home/install/dave_interfaces/lib/python3.12/site-packages/dave_interfaces-0.0.0-py3.12.egg-info/dependency_links.txt
[1.969s] -- Up-to-date symlink: /home/namtruong/uuv_sim_home/install/dave_interfaces/lib/python3.12/site-packages/dave_interfaces-0.0.0-py3.12.egg-info/top_level.txt
[1.970s] -- Up-to-date symlink: /home/namtruong/uuv_sim_home/install/dave_interfaces/lib/python3.12/site-packages/dave_interfaces/__init__.py
[1.970s] -- Up-to-date symlink: /home/namtruong/uuv_sim_home/install/dave_interfaces/lib/python3.12/site-packages/dave_interfaces/_dave_interfaces_s.ep.rosidl_typesupport_c.c
[1.970s] -- Up-to-date symlink: /home/namtruong/uuv_sim_home/install/dave_interfaces/lib/python3.12/site-packages/dave_interfaces/_dave_interfaces_s.ep.rosidl_typesupport_fastrtps_c.c
[1.970s] -- Up-to-date symlink: /home/namtruong/uuv_sim_home/install/dave_interfaces/lib/python3.12/site-packages/dave_interfaces/_dave_interfaces_s.ep.rosidl_typesupport_introspection_c.c
[1.970s] -- Up-to-date symlink: /home/namtruong/uuv_sim_home/install/dave_interfaces/lib/python3.12/site-packages/dave_interfaces/dave_interfaces_s__rosidl_typesupport_c.so
[1.971s] -- Up-to-date symlink: /home/namtruong/uuv_sim_home/install/dave_interfaces/lib/python3.12/site-packages/dave_interfaces/dave_interfaces_s__rosidl_typesupport_fastrtps_c.so
[1.971s] -- Up-to-date symlink: /home/namtruong/uuv_sim_home/install/dave_interfaces/lib/python3.12/site-packages/dave_interfaces/dave_interfaces_s__rosidl_typesupport_introspection_c.so
[1.971s] -- Up-to-date symlink: /home/namtruong/uuv_sim_home/install/dave_interfaces/lib/python3.12/site-packages/dave_interfaces/msg/__init__.py
[1.971s] -- Up-to-date symlink: /home/namtruong/uuv_sim_home/install/dave_interfaces/lib/python3.12/site-packages/dave_interfaces/msg/_dvl.py
[1.971s] -- Up-to-date symlink: /home/namtruong/uuv_sim_home/install/dave_interfaces/lib/python3.12/site-packages/dave_interfaces/msg/_dvl_beam.py
[1.971s] -- Up-to-date symlink: /home/namtruong/uuv_sim_home/install/dave_interfaces/lib/python3.12/site-packages/dave_interfaces/msg/_dvl_beam_s.c
[1.971s] -- Up-to-date symlink: /home/namtruong/uuv_sim_home/install/dave_interfaces/lib/python3.12/site-packages/dave_interfaces/msg/_dvl_s.c
[1.971s] -- Up-to-date symlink: /home/namtruong/uuv_sim_home/install/dave_interfaces/lib/python3.12/site-packages/dave_interfaces/msg/_dvl_target.py
[1.971s] -- Up-to-date symlink: /home/namtruong/uuv_sim_home/install/dave_interfaces/lib/python3.12/site-packages/dave_interfaces/msg/_dvl_target_s.c
[1.972s] -- Up-to-date symlink: /home/namtruong/uuv_sim_home/install/dave_interfaces/lib/python3.12/site-packages/dave_interfaces/msg/_location.py
[1.972s] -- Up-to-date symlink: /home/namtruong/uuv_sim_home/install/dave_interfaces/lib/python3.12/site-packages/dave_interfaces/msg/_location_s.c
[1.972s] -- Up-to-date symlink: /home/namtruong/uuv_sim_home/install/dave_interfaces/lib/python3.12/site-packages/dave_interfaces/msg/_stratified_current_database.py
[1.972s] -- Up-to-date symlink: /home/namtruong/uuv_sim_home/install/dave_interfaces/lib/python3.12/site-packages/dave_interfaces/msg/_stratified_current_database_s.c
[1.972s] -- Up-to-date symlink: /home/namtruong/uuv_sim_home/install/dave_interfaces/lib/python3.12/site-packages/dave_interfaces/msg/_stratified_current_velocity.py
[1.972s] -- Up-to-date symlink: /home/namtruong/uuv_sim_home/install/dave_interfaces/lib/python3.12/site-packages/dave_interfaces/msg/_stratified_current_velocity_s.c
[1.972s] -- Up-to-date symlink: /home/namtruong/uuv_sim_home/install/dave_interfaces/lib/python3.12/site-packages/dave_interfaces/msg/_usbl_command.py
[1.972s] -- Up-to-date symlink: /home/namtruong/uuv_sim_home/install/dave_interfaces/lib/python3.12/site-packages/dave_interfaces/msg/_usbl_command_s.c
[1.972s] -- Up-to-date symlink: /home/namtruong/uuv_sim_home/install/dave_interfaces/lib/python3.12/site-packages/dave_interfaces/msg/_usbl_response.py
[1.972s] -- Up-to-date symlink: /home/namtruong/uuv_sim_home/install/dave_interfaces/lib/python3.12/site-packages/dave_interfaces/msg/_usbl_response_s.c
[1.972s] -- Up-to-date symlink: /home/namtruong/uuv_sim_home/install/dave_interfaces/lib/python3.12/site-packages/dave_interfaces/srv/__init__.py
[1.972s] -- Up-to-date symlink: /home/namtruong/uuv_sim_home/install/dave_interfaces/lib/python3.12/site-packages/dave_interfaces/srv/_get_current_model.py
[1.972s] -- Up-to-date symlink: /home/namtruong/uuv_sim_home/install/dave_interfaces/lib/python3.12/site-packages/dave_interfaces/srv/_get_current_model_s.c
[1.973s] -- Up-to-date symlink: /home/namtruong/uuv_sim_home/install/dave_interfaces/lib/python3.12/site-packages/dave_interfaces/srv/_get_origin_spherical_coord.py
[1.973s] -- Up-to-date symlink: /home/namtruong/uuv_sim_home/install/dave_interfaces/lib/python3.12/site-packages/dave_interfaces/srv/_get_origin_spherical_coord_s.c
[1.973s] -- Up-to-date symlink: /home/namtruong/uuv_sim_home/install/dave_interfaces/lib/python3.12/site-packages/dave_interfaces/srv/_set_current_direction.py
[1.973s] -- Up-to-date symlink: /home/namtruong/uuv_sim_home/install/dave_interfaces/lib/python3.12/site-packages/dave_interfaces/srv/_set_current_direction_s.c
[1.973s] -- Up-to-date symlink: /home/namtruong/uuv_sim_home/install/dave_interfaces/lib/python3.12/site-packages/dave_interfaces/srv/_set_current_model.py
[1.973s] -- Up-to-date symlink: /home/namtruong/uuv_sim_home/install/dave_interfaces/lib/python3.12/site-packages/dave_interfaces/srv/_set_current_model_s.c
[1.973s] -- Up-to-date symlink: /home/namtruong/uuv_sim_home/install/dave_interfaces/lib/python3.12/site-packages/dave_interfaces/srv/_set_current_velocity.py
[1.973s] -- Up-to-date symlink: /home/namtruong/uuv_sim_home/install/dave_interfaces/lib/python3.12/site-packages/dave_interfaces/srv/_set_current_velocity_s.c
[1.973s] -- Up-to-date symlink: /home/namtruong/uuv_sim_home/install/dave_interfaces/lib/python3.12/site-packages/dave_interfaces/srv/_set_origin_spherical_coord.py
[1.973s] -- Up-to-date symlink: /home/namtruong/uuv_sim_home/install/dave_interfaces/lib/python3.12/site-packages/dave_interfaces/srv/_set_origin_spherical_coord_s.c
[1.973s] -- Up-to-date symlink: /home/namtruong/uuv_sim_home/install/dave_interfaces/lib/python3.12/site-packages/dave_interfaces/srv/_set_stratified_current_direction.py
[1.973s] -- Up-to-date symlink: /home/namtruong/uuv_sim_home/install/dave_interfaces/lib/python3.12/site-packages/dave_interfaces/srv/_set_stratified_current_direction_s.c
[1.973s] -- Up-to-date symlink: /home/namtruong/uuv_sim_home/install/dave_interfaces/lib/python3.12/site-packages/dave_interfaces/srv/_set_stratified_current_velocity.py
[1.973s] -- Up-to-date symlink: /home/namtruong/uuv_sim_home/install/dave_interfaces/lib/python3.12/site-packages/dave_interfaces/srv/_set_stratified_current_velocity_s.c
[1.973s] -- Up-to-date symlink: /home/namtruong/uuv_sim_home/install/dave_interfaces/lib/python3.12/site-packages/dave_interfaces/srv/_transform_from_spherical_coord.py
[1.974s] -- Up-to-date symlink: /home/namtruong/uuv_sim_home/install/dave_interfaces/lib/python3.12/site-packages/dave_interfaces/srv/_transform_from_spherical_coord_s.c
[1.974s] -- Up-to-date symlink: /home/namtruong/uuv_sim_home/install/dave_interfaces/lib/python3.12/site-packages/dave_interfaces/srv/_transform_to_spherical_coord.py
[1.974s] -- Up-to-date symlink: /home/namtruong/uuv_sim_home/install/dave_interfaces/lib/python3.12/site-packages/dave_interfaces/srv/_transform_to_spherical_coord_s.c
[1.974s] -- Up-to-date symlink: /home/namtruong/uuv_sim_home/install/dave_interfaces/lib/python3.12/site-packages/dave_interfaces/dave_interfaces_s__rosidl_typesupport_fastrtps_c.so
[1.974s] -- Up-to-date symlink: /home/namtruong/uuv_sim_home/install/dave_interfaces/lib/python3.12/site-packages/dave_interfaces/dave_interfaces_s__rosidl_typesupport_introspection_c.so
[1.974s] -- Up-to-date symlink: /home/namtruong/uuv_sim_home/install/dave_interfaces/lib/python3.12/site-packages/dave_interfaces/dave_interfaces_s__rosidl_typesupport_c.so
[1.974s] -- Up-to-date symlink: /home/namtruong/uuv_sim_home/install/dave_interfaces/share/ament_index/resource_index/rust_packages/dave_interfaces
[1.975s] -- Up-to-date symlink: /home/namtruong/uuv_sim_home/install/dave_interfaces/share/dave_interfaces/rust/Cargo.toml
[1.975s] -- Up-to-date symlink: /home/namtruong/uuv_sim_home/install/dave_interfaces/share/dave_interfaces/rust/build.rs
[1.975s] -- Up-to-date symlink: /home/namtruong/uuv_sim_home/install/dave_interfaces/share/dave_interfaces/rust/src/lib.rs
[1.975s] -- Up-to-date symlink: /home/namtruong/uuv_sim_home/install/dave_interfaces/share/dave_interfaces/rust/src/msg.rs
[1.975s] -- Up-to-date symlink: /home/namtruong/uuv_sim_home/install/dave_interfaces/share/dave_interfaces/rust/src/msg/rmw.rs
[1.975s] -- Up-to-date symlink: /home/namtruong/uuv_sim_home/install/dave_interfaces/share/dave_interfaces/rust/src/srv.rs
[1.975s] -- Up-to-date symlink: /home/namtruong/uuv_sim_home/install/dave_interfaces/share/dave_interfaces/rust/src/srv/rmw.rs
[1.975s] -- Up-to-date symlink: /home/namtruong/uuv_sim_home/install/dave_interfaces/share/dave_interfaces/msg/UsblCommand.idl
[1.975s] -- Up-to-date symlink: /home/namtruong/uuv_sim_home/install/dave_interfaces/share/dave_interfaces/msg/UsblResponse.idl
[1.976s] -- Up-to-date symlink: /home/namtruong/uuv_sim_home/install/dave_interfaces/share/dave_interfaces/msg/Location.idl
[1.976s] -- Up-to-date symlink: /home/namtruong/uuv_sim_home/install/dave_interfaces/share/dave_interfaces/msg/DVL.idl
[1.976s] -- Up-to-date symlink: /home/namtruong/uuv_sim_home/install/dave_interfaces/share/dave_interfaces/msg/DVLBeam.idl
[1.976s] -- Up-to-date symlink: /home/namtruong/uuv_sim_home/install/dave_interfaces/share/dave_interfaces/msg/DVLTarget.idl
[1.976s] -- Up-to-date symlink: /home/namtruong/uuv_sim_home/install/dave_interfaces/share/dave_interfaces/msg/StratifiedCurrentVelocity.idl
[1.976s] -- Up-to-date symlink: /home/namtruong/uuv_sim_home/install/dave_interfaces/share/dave_interfaces/msg/StratifiedCurrentDatabase.idl
[1.976s] -- Up-to-date symlink: /home/namtruong/uuv_sim_home/install/dave_interfaces/share/dave_interfaces/srv/SetOriginSphericalCoord.idl
[1.976s] -- Up-to-date symlink: /home/namtruong/uuv_sim_home/install/dave_interfaces/share/dave_interfaces/srv/GetOriginSphericalCoord.idl
[1.977s] -- Up-to-date symlink: /home/namtruong/uuv_sim_home/install/dave_interfaces/share/dave_interfaces/srv/TransformToSphericalCoord.idl
[1.977s] -- Up-to-date symlink: /home/namtruong/uuv_sim_home/install/dave_interfaces/share/dave_interfaces/srv/TransformFromSphericalCoord.idl
[1.977s] -- Up-to-date symlink: /home/namtruong/uuv_sim_home/install/dave_interfaces/share/dave_interfaces/srv/GetCurrentModel.idl
[1.977s] -- Up-to-date symlink: /home/namtruong/uuv_sim_home/install/dave_interfaces/share/dave_interfaces/srv/SetCurrentModel.idl
[1.977s] -- Up-to-date symlink: /home/namtruong/uuv_sim_home/install/dave_interfaces/share/dave_interfaces/srv/SetCurrentDirection.idl
[1.977s] -- Up-to-date symlink: /home/namtruong/uuv_sim_home/install/dave_interfaces/share/dave_interfaces/srv/SetCurrentVelocity.idl
[1.977s] -- Up-to-date symlink: /home/namtruong/uuv_sim_home/install/dave_interfaces/share/dave_interfaces/srv/SetStratifiedCurrentVelocity.idl
[1.977s] -- Up-to-date symlink: /home/namtruong/uuv_sim_home/install/dave_interfaces/share/dave_interfaces/srv/SetStratifiedCurrentDirection.idl
[1.977s] -- Up-to-date symlink: /home/namtruong/uuv_sim_home/install/dave_interfaces/share/dave_interfaces/msg/UsblCommand.msg
[1.977s] -- Up-to-date symlink: /home/namtruong/uuv_sim_home/install/dave_interfaces/share/dave_interfaces/msg/UsblResponse.msg
[1.978s] -- Up-to-date symlink: /home/namtruong/uuv_sim_home/install/dave_interfaces/share/dave_interfaces/msg/Location.msg
[1.978s] -- Up-to-date symlink: /home/namtruong/uuv_sim_home/install/dave_interfaces/share/dave_interfaces/msg/DVL.msg
[1.978s] -- Up-to-date symlink: /home/namtruong/uuv_sim_home/install/dave_interfaces/share/dave_interfaces/msg/DVLBeam.msg
[1.978s] -- Up-to-date symlink: /home/namtruong/uuv_sim_home/install/dave_interfaces/share/dave_interfaces/msg/DVLTarget.msg
[1.978s] -- Up-to-date symlink: /home/namtruong/uuv_sim_home/install/dave_interfaces/share/dave_interfaces/msg/StratifiedCurrentVelocity.msg
[1.978s] -- Up-to-date symlink: /home/namtruong/uuv_sim_home/install/dave_interfaces/share/dave_interfaces/msg/StratifiedCurrentDatabase.msg
[1.978s] -- Up-to-date symlink: /home/namtruong/uuv_sim_home/install/dave_interfaces/share/dave_interfaces/srv/SetOriginSphericalCoord.srv
[1.978s] -- Up-to-date symlink: /home/namtruong/uuv_sim_home/install/dave_interfaces/share/dave_interfaces/srv/GetOriginSphericalCoord.srv
[1.978s] -- Up-to-date symlink: /home/namtruong/uuv_sim_home/install/dave_interfaces/share/dave_interfaces/srv/TransformToSphericalCoord.srv
[1.979s] -- Up-to-date symlink: /home/namtruong/uuv_sim_home/install/dave_interfaces/share/dave_interfaces/srv/TransformFromSphericalCoord.srv
[1.979s] -- Up-to-date symlink: /home/namtruong/uuv_sim_home/install/dave_interfaces/share/dave_interfaces/srv/GetCurrentModel.srv
[1.979s] -- Up-to-date symlink: /home/namtruong/uuv_sim_home/install/dave_interfaces/share/dave_interfaces/srv/SetCurrentModel.srv
[1.979s] -- Up-to-date symlink: /home/namtruong/uuv_sim_home/install/dave_interfaces/share/dave_interfaces/srv/SetCurrentDirection.srv
[1.979s] -- Up-to-date symlink: /home/namtruong/uuv_sim_home/install/dave_interfaces/share/dave_interfaces/srv/SetCurrentVelocity.srv
[1.979s] -- Up-to-date symlink: /home/namtruong/uuv_sim_home/install/dave_interfaces/share/dave_interfaces/srv/SetStratifiedCurrentVelocity.srv
[1.979s] -- Up-to-date symlink: /home/namtruong/uuv_sim_home/install/dave_interfaces/share/dave_interfaces/srv/SetStratifiedCurrentDirection.srv
[1.979s] -- Up-to-date symlink: /home/namtruong/uuv_sim_home/install/dave_interfaces/share/dave_interfaces/package.xml
[1.979s] -- Up-to-date symlink: /home/namtruong/uuv_sim_home/install/dave_interfaces/share/ament_index/resource_index/package_run_dependencies/dave_interfaces
[1.980s] -- Up-to-date symlink: /home/namtruong/uuv_sim_home/install/dave_interfaces/share/ament_index/resource_index/parent_prefix_path/dave_interfaces
[1.980s] -- Up-to-date symlink: /home/namtruong/uuv_sim_home/install/dave_interfaces/share/dave_interfaces/environment/ament_prefix_path.sh
[1.980s] -- Up-to-date symlink: /home/namtruong/uuv_sim_home/install/dave_interfaces/share/dave_interfaces/environment/ament_prefix_path.dsv
[1.980s] -- Up-to-date symlink: /home/namtruong/uuv_sim_home/install/dave_interfaces/share/dave_interfaces/environment/path.sh
[1.980s] -- Up-to-date symlink: /home/namtruong/uuv_sim_home/install/dave_interfaces/share/dave_interfaces/environment/path.dsv
[1.980s] -- Up-to-date symlink: /home/namtruong/uuv_sim_home/install/dave_interfaces/share/dave_interfaces/local_setup.bash
[1.980s] -- Up-to-date symlink: /home/namtruong/uuv_sim_home/install/dave_interfaces/share/dave_interfaces/local_setup.sh
[1.980s] -- Up-to-date symlink: /home/namtruong/uuv_sim_home/install/dave_interfaces/share/dave_interfaces/local_setup.zsh
[1.980s] -- Up-to-date symlink: /home/namtruong/uuv_sim_home/install/dave_interfaces/share/dave_interfaces/local_setup.dsv
[1.980s] -- Symlinking: /home/namtruong/uuv_sim_home/install/dave_interfaces/share/dave_interfaces/package.dsv
[1.990s] -- Up-to-date symlink: /home/namtruong/uuv_sim_home/install/dave_interfaces/share/ament_index/resource_index/packages/dave_interfaces
[1.990s] -- Up-to-date symlink: /home/namtruong/uuv_sim_home/install/dave_interfaces/share/dave_interfaces/cmake/rosidl_cmake-extras.cmake
[1.990s] -- Up-to-date symlink: /home/namtruong/uuv_sim_home/install/dave_interfaces/share/dave_interfaces/cmake/ament_cmake_export_dependencies-extras.cmake
[1.990s] -- Up-to-date symlink: /home/namtruong/uuv_sim_home/install/dave_interfaces/share/dave_interfaces/cmake/ament_cmake_export_include_directories-extras.cmake
[1.991s] -- Up-to-date symlink: /home/namtruong/uuv_sim_home/install/dave_interfaces/share/dave_interfaces/cmake/ament_cmake_export_libraries-extras.cmake
[1.991s] -- Up-to-date symlink: /home/namtruong/uuv_sim_home/install/dave_interfaces/share/dave_interfaces/cmake/ament_cmake_export_targets-extras.cmake
[1.991s] -- Up-to-date symlink: /home/namtruong/uuv_sim_home/install/dave_interfaces/share/dave_interfaces/cmake/rosidl_cmake_export_typesupport_targets-extras.cmake
[1.991s] -- Up-to-date symlink: /home/namtruong/uuv_sim_home/install/dave_interfaces/share/dave_interfaces/cmake/rosidl_cmake_export_typesupport_libraries-extras.cmake
[1.991s] -- Up-to-date symlink: /home/namtruong/uuv_sim_home/install/dave_interfaces/share/dave_interfaces/cmake/rosidl_cmake_aggregate_target-extras.cmake
[1.991s] -- Up-to-date symlink: /home/namtruong/uuv_sim_home/install/dave_interfaces/share/dave_interfaces/cmake/dave_interfacesConfig.cmake
[1.991s] -- Up-to-date symlink: /home/namtruong/uuv_sim_home/install/dave_interfaces/share/dave_interfaces/cmake/dave_interfacesConfig-version.cmake
[1.992s] -- Up-to-date symlink: /home/namtruong/uuv_sim_home/install/dave_interfaces/share/dave_interfaces/package.xml
[1.992s] -- Up-to-date: /home/namtruong/uuv_sim_home/install/dave_interfaces/lib/libdave_interfaces__rosidl_generator_c.so
[1.993s] -- Up-to-date: /home/namtruong/uuv_sim_home/install/dave_interfaces/lib/libdave_interfaces__rosidl_typesupport_fastrtps_c.so
[1.994s] -- Up-to-date: /home/namtruong/uuv_sim_home/install/dave_interfaces/lib/libdave_interfaces__rosidl_typesupport_fastrtps_cpp.so
[1.994s] -- Up-to-date: /home/namtruong/uuv_sim_home/install/dave_interfaces/lib/libdave_interfaces__rosidl_typesupport_introspection_c.so
[1.995s] -- Up-to-date: /home/namtruong/uuv_sim_home/install/dave_interfaces/lib/libdave_interfaces__rosidl_typesupport_c.so
[1.996s] -- Up-to-date: /home/namtruong/uuv_sim_home/install/dave_interfaces/lib/libdave_interfaces__rosidl_typesupport_introspection_cpp.so
[1.996s] -- Up-to-date: /home/namtruong/uuv_sim_home/install/dave_interfaces/lib/libdave_interfaces__rosidl_typesupport_cpp.so
[2.030s] Listing '/home/namtruong/uuv_sim_home/install/dave_interfaces/lib/python3.12/site-packages/dave_interfaces'...
[2.030s] Compiling '/home/namtruong/uuv_sim_home/install/dave_interfaces/lib/python3.12/site-packages/dave_interfaces/__init__.py'...
[2.030s] Listing '/home/namtruong/uuv_sim_home/install/dave_interfaces/lib/python3.12/site-packages/dave_interfaces/msg'...
[2.030s] Listing '/home/namtruong/uuv_sim_home/install/dave_interfaces/lib/python3.12/site-packages/dave_interfaces/srv'...
[2.036s] -- Up-to-date: /home/namtruong/uuv_sim_home/install/dave_interfaces/lib/libdave_interfaces__rosidl_generator_py.so
[2.036s] -- Up-to-date: /home/namtruong/uuv_sim_home/install/dave_interfaces/share/dave_interfaces/cmake/export_dave_interfaces__rosidl_generator_cExport.cmake
[2.036s] -- Up-to-date: /home/namtruong/uuv_sim_home/install/dave_interfaces/share/dave_interfaces/cmake/export_dave_interfaces__rosidl_generator_cExport-noconfig.cmake
[2.036s] -- Up-to-date: /home/namtruong/uuv_sim_home/install/dave_interfaces/share/dave_interfaces/cmake/export_dave_interfaces__rosidl_typesupport_fastrtps_cExport.cmake
[2.036s] -- Up-to-date: /home/namtruong/uuv_sim_home/install/dave_interfaces/share/dave_interfaces/cmake/export_dave_interfaces__rosidl_typesupport_fastrtps_cExport-noconfig.cmake
[2.036s] -- Up-to-date: /home/namtruong/uuv_sim_home/install/dave_interfaces/share/dave_interfaces/cmake/export_dave_interfaces__rosidl_generator_cppExport.cmake
[2.036s] -- Up-to-date: /home/namtruong/uuv_sim_home/install/dave_interfaces/share/dave_interfaces/cmake/export_dave_interfaces__rosidl_typesupport_fastrtps_cppExport.cmake
[2.036s] -- Up-to-date: /home/namtruong/uuv_sim_home/install/dave_interfaces/share/dave_interfaces/cmake/export_dave_interfaces__rosidl_typesupport_fastrtps_cppExport-noconfig.cmake
[2.037s] -- Up-to-date: /home/namtruong/uuv_sim_home/install/dave_interfaces/share/dave_interfaces/cmake/dave_interfaces__rosidl_typesupport_introspection_cExport.cmake
[2.037s] -- Up-to-date: /home/namtruong/uuv_sim_home/install/dave_interfaces/share/dave_interfaces/cmake/dave_interfaces__rosidl_typesupport_introspection_cExport-noconfig.cmake
[2.037s] -- Up-to-date: /home/namtruong/uuv_sim_home/install/dave_interfaces/share/dave_interfaces/cmake/dave_interfaces__rosidl_typesupport_cExport.cmake
[2.037s] -- Up-to-date: /home/namtruong/uuv_sim_home/install/dave_interfaces/share/dave_interfaces/cmake/dave_interfaces__rosidl_typesupport_cExport-noconfig.cmake
[2.037s] -- Up-to-date: /home/namtruong/uuv_sim_home/install/dave_interfaces/share/dave_interfaces/cmake/dave_interfaces__rosidl_typesupport_introspection_cppExport.cmake
[2.037s] -- Up-to-date: /home/namtruong/uuv_sim_home/install/dave_interfaces/share/dave_interfaces/cmake/dave_interfaces__rosidl_typesupport_introspection_cppExport-noconfig.cmake
[2.037s] -- Up-to-date: /home/namtruong/uuv_sim_home/install/dave_interfaces/share/dave_interfaces/cmake/dave_interfaces__rosidl_typesupport_cppExport.cmake
[2.037s] -- Up-to-date: /home/namtruong/uuv_sim_home/install/dave_interfaces/share/dave_interfaces/cmake/dave_interfaces__rosidl_typesupport_cppExport-noconfig.cmake
[2.037s] -- Up-to-date: /home/namtruong/uuv_sim_home/install/dave_interfaces/share/dave_interfaces/cmake/export_dave_interfaces__rosidl_generator_pyExport.cmake
[2.037s] -- Up-to-date: /home/namtruong/uuv_sim_home/install/dave_interfaces/share/dave_interfaces/cmake/export_dave_interfaces__rosidl_generator_pyExport-noconfig.cmake
[2.038s] Invoked command in '/home/namtruong/uuv_sim_home/build/dave_interfaces' returned '0': CMAKE_PREFIX_PATH=${CMAKE_PREFIX_PATH}:/home/namtruong/uuv_sim_home/install/uuv_simu:/opt/ros/jazzy DEBUGINFOD_URLS=https://debuginfod.ubuntu.com /usr/bin/cmake --install /home/namtruong/uuv_sim_home/build/dave_interfaces
