[0.014s] Invoking command in '/home/namtruong/uuv_sim_home/build/dave_gz_model_plugins': CMAKE_PREFIX_PATH=/home/namtruong/uuv_sim_home/install/dave_ros_gz_plugins:/home/namtruong/uuv_sim_home/install/dave_gz_world_plugins:/home/namtruong/uuv_sim_home/install/dave_interfaces:/home/namtruong/uuv_sim_home/install/multibeam_sonar_system:/home/namtruong/uuv_sim_home/install/multibeam_sonar:/home/namtruong/uuv_sim_home/install/dave_worlds:/home/namtruong/uuv_sim_home/install/dave_gz_model_plugins:/home/namtruong/uuv_sim_home/install/dave_robot_models:/home/namtruong/uuv_sim_home/install/dave_object_models:/home/namtruong/uuv_sim_home/install/dave_multibeam_sonar_demo:/home/namtruong/uuv_sim_home/install/dave_gz_sensor_plugins:/opt/ros/jazzy/opt/gz_sim_vendor:/opt/ros/jazzy/opt/gz_sensors_vendor:/opt/ros/jazzy/opt/gz_physics_vendor:/opt/ros/jazzy/opt/sdformat_vendor:/opt/ros/jazzy/opt/gz_gui_vendor:/opt/ros/jazzy/opt/gz_transport_vendor:/opt/ros/jazzy/opt/gz_rendering_vendor:/opt/ros/jazzy/opt/gz_plugin_vendor:/opt/ros/jazzy/opt/gz_fuel_tools_vendor:/opt/ros/jazzy/opt/gz_msgs_vendor:/opt/ros/jazzy/opt/gz_common_vendor:/opt/ros/jazzy/opt/gz_math_vendor:/opt/ros/jazzy/opt/gz_utils_vendor:/opt/ros/jazzy/opt/gz_tools_vendor:/opt/ros/jazzy/opt/gz_ogre_next_vendor:/opt/ros/jazzy/opt/gz_dartsim_vendor:/opt/ros/jazzy/opt/gz_cmake_vendor:/home/namtruong/uuv_sim_home/install/uuv_simu:/opt/ros/jazzy DEBUGINFOD_URLS=https://debuginfod.ubuntu.com PYTHONPATH=/home/namtruong/uuv_sim_home/install/dave_interfaces/lib/python3.12/site-packages:/home/namtruong/uuv_sim_home/build/uuv_simu:/home/namtruong/uuv_sim_home/install/uuv_simu/lib/python3.12/site-packages:/opt/ros/jazzy/lib/python3.12/site-packages /usr/bin/cmake /home/namtruong/uuv_sim_home/src/dave_gz_model_plugins -DCMAKE_INSTALL_PREFIX=/home/namtruong/uuv_sim_home/install/dave_gz_model_plugins
[0.026s] -- Found ament_cmake: 2.5.6 (/opt/ros/jazzy/share/ament_cmake/cmake)
[0.186s] -- Override CMake install command with custom implementation using symlinks instead of copying resources
[0.200s] -- Looking for gz-plugin2 -- found version 2.0.4
[0.200s] -- Searching for dependencies of gz-plugin2
[0.200s] -- Looking for gz-utils2 -- found version 2.2.1
[0.200s] -- Searching for dependencies of gz-utils2
[0.201s] -- Searching for <gz-utils2> component [cli]
[0.201s] -- Looking for gz-utils2-cli -- found version 2.2.1
[0.201s] -- Searching for dependencies of gz-utils2-cli
[0.202s] -- Searching for <gz-plugin2> component [register]
[0.202s] -- Looking for gz-plugin2-register -- found version 2.0.4
[0.202s] -- Searching for dependencies of gz-plugin2-register
[0.202s] -- Found rclcpp: 28.1.21 (/opt/ros/jazzy/share/rclcpp/cmake)
[0.224s] -- Found rosidl_generator_c: 4.6.9 (/opt/ros/jazzy/share/rosidl_generator_c/cmake)
[0.230s] -- Found rosidl_generator_cpp: 4.6.9 (/opt/ros/jazzy/share/rosidl_generator_cpp/cmake)
[0.239s] -- Using all available rosidl_typesupport_c: rosidl_typesupport_fastrtps_c;rosidl_typesupport_introspection_c
[0.249s] -- Using all available rosidl_typesupport_cpp: rosidl_typesupport_fastrtps_cpp;rosidl_typesupport_introspection_cpp
[0.296s] -- Found rmw_implementation_cmake: 7.3.3 (/opt/ros/jazzy/share/rmw_implementation_cmake/cmake)
[0.297s] -- Found rmw_fastrtps_cpp: 8.4.4 (/opt/ros/jazzy/share/rmw_fastrtps_cpp/cmake)
[0.350s] -- Using RMW implementation 'rmw_fastrtps_cpp' as default
[0.404s] -- Found std_msgs: 5.3.8 (/opt/ros/jazzy/share/std_msgs/cmake)
[0.415s] -- Looking for gz-common5 -- found version 5.8.0
[0.415s] -- Searching for dependencies of gz-common5
[0.415s] -- Looking for gz-utils2 -- found version 2.2.1
[0.415s] -- Looking for dlfcn.h - found
[0.415s] -- Looking for libdl - found
[0.421s] -- Checking for module 'uuid'
[0.436s] --   Found uuid, version 2.39.3
[0.469s] -- Searching for <gz-common5> component [profiler]
[0.469s] -- Looking for gz-common5-profiler -- found version 5.8.0
[0.469s] -- Searching for dependencies of gz-common5-profiler
[0.470s] -- Looking for gz-sim8 -- found version 8.11.0
[0.470s] -- Searching for dependencies of gz-sim8
[0.471s] -- Looking for sdformat14 -- found version 14.9.0
[0.471s] -- Searching for dependencies of sdformat14
[0.476s] -- Checking for module 'tinyxml2'
[0.490s] --   Found tinyxml2, version 10.0.0
[0.525s] -- Looking for gz-math7 -- found version 7.6.0
[0.525s] -- Searching for dependencies of gz-math7
[0.525s] -- Looking for gz-utils2 -- found version 2.2.1
[0.526s] -- Looking for gz-utils2 -- found version 2.2.1
[0.527s] -- Looking for gz-plugin2 -- found version 2.0.4
[0.527s] -- Searching for dependencies of gz-plugin2
[0.527s] -- Looking for gz-utils2 -- found version 2.2.1
[0.527s] -- Searching for <gz-plugin2> component [loader]
[0.527s] -- Looking for gz-plugin2-loader -- found version 2.0.4
[0.527s] -- Searching for dependencies of gz-plugin2-loader
[0.528s] -- Searching for <gz-plugin2> component [register]
[0.528s] -- Looking for gz-transport13 -- found version 13.5.0
[0.528s] -- Searching for dependencies of gz-transport13
[0.557s] -- Config-file not installed for ZeroMQ -- checking for pkg-config
[0.562s] -- Checking for module 'libzmq >= 4'
[0.577s] --   Found libzmq, version 4.3.5
[0.625s] -- Looking for gz-utils2 -- found version 2.2.1
[0.626s] -- Looking for gz-msgs10 -- found version 10.3.2
[0.626s] -- Searching for dependencies of gz-msgs10
[0.644s] -- Looking for gz-utils2 -- found version 2.2.1
[0.645s] -- Looking for gz-math7 -- found version 7.6.0
[0.651s] -- Searching for <gz-transport13> component [log]
[0.652s] -- Looking for gz-transport13-log -- found version 13.5.0
[0.652s] -- Searching for dependencies of gz-transport13-log
[0.652s] -- Searching for <gz-transport13> component [parameters]
[0.652s] -- Looking for gz-transport13-parameters -- found version 13.5.0
[0.653s] -- Searching for dependencies of gz-transport13-parameters
[0.653s] -- Looking for gz-msgs10 -- found version 10.3.2
[0.654s] -- Looking for gz-common5 -- found version 5.8.0
[0.654s] -- Searching for dependencies of gz-common5
[0.654s] -- Looking for gz-utils2 -- found version 2.2.1
[0.654s] -- Looking for dlfcn.h - found
[0.654s] -- Looking for libdl - found
[0.661s] -- Searching for <gz-common5> component [av]
[0.662s] -- Looking for gz-common5-av -- found version 5.8.0
[0.662s] -- Searching for dependencies of gz-common5-av
[0.667s] -- Checking for module 'libswscale'
[0.682s] --   Found libswscale, version 7.5.100
[0.723s] -- Checking for module 'libavdevice >= 56.4.100'
[0.738s] --   Found libavdevice, version 60.3.100
[0.789s] -- Checking for module 'libavformat'
[0.804s] --   Found libavformat, version 60.16.100
[0.848s] -- Checking for module 'libavcodec'
[0.863s] --   Found libavcodec, version 60.31.102
[0.903s] -- Checking for module 'libavutil'
[0.917s] --   Found libavutil, version 58.29.100
[0.952s] -- Searching for <gz-common5> component [events]
[0.952s] -- Looking for gz-common5-events -- found version 5.8.0
[0.952s] -- Searching for dependencies of gz-common5-events
[0.953s] -- Looking for gz-math7 -- found version 7.6.0
[0.953s] -- Searching for <gz-common5> component [graphics]
[0.953s] -- Looking for gz-common5-graphics -- found version 5.8.0
[0.954s] -- Searching for dependencies of gz-common5-graphics
[0.954s] -- Looking for gz-math7 -- found version 7.6.0
[0.956s] -- Searching for <gz-common5> component [io]
[0.956s] -- Looking for gz-common5-io -- found version 5.8.0
[0.956s] -- Searching for dependencies of gz-common5-io
[0.956s] -- Searching for <gz-common5> component [profiler]
[0.957s] -- Looking for gz-fuel_tools9 -- found version 9.1.1
[0.957s] -- Searching for dependencies of gz-fuel_tools9
[0.994s] -- Checking for module 'jsoncpp'
[1.011s] --   Found jsoncpp, version 1.9.5
[1.059s] -- Checking for module 'yaml-0.1'
[1.074s] --   Found yaml-0.1, version 0.2.5
[1.113s] -- Checking for module 'libzip'
[1.129s] --   Found libzip, version 1.7.3
[1.163s] -- Looking for gz-utils2 -- found version 2.2.1
[1.163s] -- Looking for gz-common5 -- found version 5.8.0
[1.163s] -- Searching for dependencies of gz-common5
[1.164s] -- Looking for gz-utils2 -- found version 2.2.1
[1.164s] -- Looking for dlfcn.h - found
[1.164s] -- Looking for libdl - found
[1.170s] -- Searching for <gz-common5> component [testing]
[1.170s] -- Looking for gz-common5-testing -- found version 5.8.0
[1.170s] -- Searching for dependencies of gz-common5-testing
[1.171s] -- Looking for gz-math7 -- found version 7.6.0
[1.171s] -- Looking for gz-msgs10 -- found version 10.3.2
[1.172s] -- Looking for gz-gui8 -- found version 8.4.0
[1.172s] -- Searching for dependencies of gz-gui8
[1.196s] -- Looking for gz-utils2 -- found version 2.2.1
[1.196s] -- Looking for gz-math7 -- found version 7.6.0
[1.196s] -- Looking for gz-common5 -- found version 5.8.0
[1.197s] -- Looking for gz-plugin2 -- found version 2.0.4
[1.197s] -- Looking for gz-transport13 -- found version 13.5.0
[1.197s] -- Looking for gz-rendering8 -- found version 8.2.3
[1.197s] -- Searching for dependencies of gz-rendering8
[1.198s] -- Looking for gz-math7 -- found version 7.6.0
[1.198s] -- Searching for dependencies of gz-math7
[1.198s] -- Looking for gz-utils2 -- found version 2.2.1
[1.198s] -- Searching for <gz-math7> component [eigen3]
[1.198s] -- Looking for gz-math7-eigen3 -- found version 7.6.0
[1.198s] -- Searching for dependencies of gz-math7-eigen3
[1.200s] -- Looking for gz-common5 -- found version 5.8.0
[1.200s] -- Searching for dependencies of gz-common5
[1.200s] -- Looking for gz-utils2 -- found version 2.2.1
[1.200s] -- Looking for dlfcn.h - found
[1.200s] -- Looking for libdl - found
[1.207s] -- Searching for <gz-common5> component [graphics]
[1.207s] -- Searching for <gz-common5> component [events]
[1.207s] -- Searching for <gz-common5> component [geospatial]
[1.207s] -- Looking for gz-common5-geospatial -- found version 5.8.0
[1.207s] -- Searching for dependencies of gz-common5-geospatial
[1.207s] -- Looking for gz-math7 -- found version 7.6.0
[1.208s] -- Looking for gz-common5 -- found version 5.8.0
[1.208s] -- Looking for gz-plugin2 -- found version 2.0.4
[1.208s] -- Searching for dependencies of gz-plugin2
[1.209s] -- Looking for gz-utils2 -- found version 2.2.1
[1.209s] -- Searching for <gz-plugin2> component [all]
[1.209s] -- Looking for all libraries of gz-plugin2 -- found version 2.0.4
[1.209s] -- Looking for gz-plugin2 -- found version 2.0.4
[1.210s] -- Looking for gz-utils2 -- found version 2.2.1
[1.212s] -- Looking for gz-msgs10 -- found version 10.3.2
[1.225s] -- Looking for gz-physics7 -- found version 7.6.0
[1.226s] -- Searching for dependencies of gz-physics7
[1.226s] -- Looking for gz-common5 -- found version 5.8.0
[1.226s] -- Looking for gz-math7 -- found version 7.6.0
[1.226s] -- Looking for gz-plugin2 -- found version 2.0.4
[1.227s] -- Looking for gz-utils2 -- found version 2.2.1
[1.227s] -- Searching for <gz-physics7> component [heightmap]
[1.228s] -- Looking for gz-physics7-heightmap -- found version 7.6.0
[1.228s] -- Searching for dependencies of gz-physics7-heightmap
[1.228s] -- Looking for gz-common5 -- found version 5.8.0
[1.228s] -- Searching for <gz-physics7> component [mesh]
[1.229s] -- Looking for gz-physics7-mesh -- found version 7.6.0
[1.229s] -- Searching for dependencies of gz-physics7-mesh
[1.229s] -- Looking for gz-common5 -- found version 5.8.0
[1.229s] -- Searching for <gz-physics7> component [sdf]
[1.230s] -- Looking for gz-physics7-sdf -- found version 7.6.0
[1.230s] -- Searching for dependencies of gz-physics7-sdf
[1.230s] -- Looking for sdformat14 -- found version 14.9.0
[1.231s] -- Looking for gz-sensors8 -- found version 8.2.2
[1.231s] -- Searching for dependencies of gz-sensors8
[1.250s] -- Looking for gz-math7 -- found version 7.6.0
[1.250s] -- Looking for gz-common5 -- found version 5.8.0
[1.251s] -- Looking for gz-transport13 -- found version 13.5.0
[1.251s] -- Looking for gz-rendering8 -- found version 8.2.3
[1.251s] -- Looking for gz-msgs10 -- found version 10.3.2
[1.252s] -- Looking for sdformat14 -- found version 14.9.0
[1.252s] -- Searching for <gz-sensors8> component [air_pressure]
[1.252s] -- Looking for gz-sensors8-air_pressure -- found version 8.2.2
[1.253s] -- Searching for dependencies of gz-sensors8-air_pressure
[1.253s] -- Searching for <gz-sensors8> component [air_speed]
[1.253s] -- Looking for gz-sensors8-air_speed -- found version 8.2.2
[1.253s] -- Searching for dependencies of gz-sensors8-air_speed
[1.254s] -- Searching for <gz-sensors8> component [altimeter]
[1.254s] -- Looking for gz-sensors8-altimeter -- found version 8.2.2
[1.254s] -- Searching for dependencies of gz-sensors8-altimeter
[1.254s] -- Searching for <gz-sensors8> component [imu]
[1.255s] -- Looking for gz-sensors8-imu -- found version 8.2.2
[1.255s] -- Searching for dependencies of gz-sensors8-imu
[1.255s] -- Searching for <gz-sensors8> component [force_torque]
[1.255s] -- Looking for gz-sensors8-force_torque -- found version 8.2.2
[1.255s] -- Searching for dependencies of gz-sensors8-force_torque
[1.256s] -- Searching for <gz-sensors8> component [logical_camera]
[1.256s] -- Looking for gz-sensors8-logical_camera -- found version 8.2.2
[1.256s] -- Searching for dependencies of gz-sensors8-logical_camera
[1.257s] -- Searching for <gz-sensors8> component [magnetometer]
[1.257s] -- Looking for gz-sensors8-magnetometer -- found version 8.2.2
[1.257s] -- Searching for dependencies of gz-sensors8-magnetometer
[1.257s] -- Searching for <gz-sensors8> component [navsat]
[1.258s] -- Looking for gz-sensors8-navsat -- found version 8.2.2
[1.258s] -- Searching for dependencies of gz-sensors8-navsat
[1.258s] -- Searching for <gz-sensors8> component [dvl]
[1.258s] -- Looking for gz-sensors8-dvl -- found version 8.2.2
[1.259s] -- Searching for dependencies of gz-sensors8-dvl
[1.259s] -- Looking for gz-sensors8 -- found version 8.2.2
[1.259s] -- Searching for dependencies of gz-sensors8
[1.278s] -- Looking for gz-math7 -- found version 7.6.0
[1.278s] -- Looking for gz-common5 -- found version 5.8.0
[1.279s] -- Looking for gz-transport13 -- found version 13.5.0
[1.279s] -- Looking for gz-rendering8 -- found version 8.2.3
[1.279s] -- Looking for gz-msgs10 -- found version 10.3.2
[1.279s] -- Looking for sdformat14 -- found version 14.9.0
[1.280s] -- Searching for <gz-sensors8> component [rendering]
[1.280s] -- Looking for gz-sensors8-rendering -- found version 8.2.2
[1.280s] -- Searching for dependencies of gz-sensors8-rendering
[1.281s] -- Searching for <gz-sensors8> component [rendering]
[1.281s] -- Searching for <gz-sensors8> component [lidar]
[1.281s] -- Looking for gz-sensors8-lidar -- found version 8.2.2
[1.281s] -- Searching for dependencies of gz-sensors8-lidar
[1.282s] -- Looking for gz-sensors8 -- found version 8.2.2
[1.282s] -- Searching for <gz-sensors8> component [gpu_lidar]
[1.282s] -- Looking for gz-sensors8-gpu_lidar -- found version 8.2.2
[1.282s] -- Searching for dependencies of gz-sensors8-gpu_lidar
[1.283s] -- Looking for gz-sensors8 -- found version 8.2.2
[1.283s] -- Searching for <gz-sensors8> component [camera]
[1.283s] -- Looking for gz-sensors8-camera -- found version 8.2.2
[1.283s] -- Searching for dependencies of gz-sensors8-camera
[1.284s] -- Looking for gz-sensors8 -- found version 8.2.2
[1.284s] -- Searching for <gz-sensors8> component [boundingbox_camera]
[1.284s] -- Looking for gz-sensors8-boundingbox_camera -- found version 8.2.2
[1.285s] -- Searching for dependencies of gz-sensors8-boundingbox_camera
[1.285s] -- Searching for <gz-sensors8> component [segmentation_camera]
[1.285s] -- Looking for gz-sensors8-segmentation_camera -- found version 8.2.2
[1.285s] -- Searching for dependencies of gz-sensors8-segmentation_camera
[1.286s] -- Searching for <gz-sensors8> component [depth_camera]
[1.286s] -- Looking for gz-sensors8-depth_camera -- found version 8.2.2
[1.286s] -- Searching for dependencies of gz-sensors8-depth_camera
[1.287s] -- Looking for gz-sensors8 -- found version 8.2.2
[1.287s] -- Searching for <gz-sensors8> component [rgbd_camera]
[1.287s] -- Looking for gz-sensors8-rgbd_camera -- found version 8.2.2
[1.287s] -- Searching for dependencies of gz-sensors8-rgbd_camera
[1.288s] -- Looking for gz-sensors8 -- found version 8.2.2
[1.288s] -- Searching for <gz-sensors8> component [thermal_camera]
[1.288s] -- Looking for gz-sensors8-thermal_camera -- found version 8.2.2
[1.288s] -- Searching for dependencies of gz-sensors8-thermal_camera
[1.289s] -- Looking for gz-sensors8 -- found version 8.2.2
[1.289s] -- Searching for <gz-sensors8> component [wide_angle_camera]
[1.289s] -- Looking for gz-sensors8-wide_angle_camera -- found version 8.2.2
[1.290s] -- Searching for dependencies of gz-sensors8-wide_angle_camera
[1.290s] -- Looking for gz-rendering8 -- found version 8.2.3
[1.291s] -- Looking for gz-math7 -- found version 7.6.0
[1.291s] -- Looking for gz-utils2 -- found version 2.2.1
[1.310s] -- Found geometry_msgs: 5.3.8 (/opt/ros/jazzy/share/geometry_msgs/cmake)
[1.322s] -- Found dave_interfaces: 0.0.0 (/home/namtruong/uuv_sim_home/install/dave_interfaces/share/dave_interfaces/cmake)
[1.350s] -- Looking for gz-msgs10 -- found version 10.3.2
[1.350s] -- Found dave_gz_world_plugins: 0.0.0 (/home/namtruong/uuv_sim_home/install/dave_gz_world_plugins/share/dave_gz_world_plugins/cmake)
[1.376s] -- Compiling against Gazebo Harmonic
[1.386s] -- Found ament_lint_auto: 0.17.5 (/opt/ros/jazzy/share/ament_lint_auto/cmake)
[1.456s] -- Added test 'copyright' to check source files copyright and LICENSE
[1.457s] -- Added test 'cppcheck' to perform static code analysis on C / C++ code
[1.457s] -- Configured cppcheck include dirs: /home/namtruong/uuv_sim_home/src/dave_gz_model_plugins/include
[1.457s] -- Configured cppcheck exclude dirs and/or files: 
[1.458s] -- Added test 'cpplint' to check C / C++ code against the Google style
[1.458s] -- Configured cpplint exclude dirs and/or files: 
[1.458s] -- Added test 'lint_cmake' to check CMake code style
[1.459s] -- Added test 'uncrustify' to check C / C++ code style
[1.459s] -- Configured uncrustify additional arguments: 
[1.459s] -- Added test 'xmllint' to check XML markup files
[1.461s] -- Configuring done (1.4s)
[1.483s] -- Generating done (0.0s)
[1.487s] -- Build files have been written to: /home/namtruong/uuv_sim_home/build/dave_gz_model_plugins
[1.498s] Invoked command in '/home/namtruong/uuv_sim_home/build/dave_gz_model_plugins' returned '0': CMAKE_PREFIX_PATH=/home/namtruong/uuv_sim_home/install/dave_ros_gz_plugins:/home/namtruong/uuv_sim_home/install/dave_gz_world_plugins:/home/namtruong/uuv_sim_home/install/dave_interfaces:/home/namtruong/uuv_sim_home/install/multibeam_sonar_system:/home/namtruong/uuv_sim_home/install/multibeam_sonar:/home/namtruong/uuv_sim_home/install/dave_worlds:/home/namtruong/uuv_sim_home/install/dave_gz_model_plugins:/home/namtruong/uuv_sim_home/install/dave_robot_models:/home/namtruong/uuv_sim_home/install/dave_object_models:/home/namtruong/uuv_sim_home/install/dave_multibeam_sonar_demo:/home/namtruong/uuv_sim_home/install/dave_gz_sensor_plugins:/opt/ros/jazzy/opt/gz_sim_vendor:/opt/ros/jazzy/opt/gz_sensors_vendor:/opt/ros/jazzy/opt/gz_physics_vendor:/opt/ros/jazzy/opt/sdformat_vendor:/opt/ros/jazzy/opt/gz_gui_vendor:/opt/ros/jazzy/opt/gz_transport_vendor:/opt/ros/jazzy/opt/gz_rendering_vendor:/opt/ros/jazzy/opt/gz_plugin_vendor:/opt/ros/jazzy/opt/gz_fuel_tools_vendor:/opt/ros/jazzy/opt/gz_msgs_vendor:/opt/ros/jazzy/opt/gz_common_vendor:/opt/ros/jazzy/opt/gz_math_vendor:/opt/ros/jazzy/opt/gz_utils_vendor:/opt/ros/jazzy/opt/gz_tools_vendor:/opt/ros/jazzy/opt/gz_ogre_next_vendor:/opt/ros/jazzy/opt/gz_dartsim_vendor:/opt/ros/jazzy/opt/gz_cmake_vendor:/home/namtruong/uuv_sim_home/install/uuv_simu:/opt/ros/jazzy DEBUGINFOD_URLS=https://debuginfod.ubuntu.com PYTHONPATH=/home/namtruong/uuv_sim_home/install/dave_interfaces/lib/python3.12/site-packages:/home/namtruong/uuv_sim_home/build/uuv_simu:/home/namtruong/uuv_sim_home/install/uuv_simu/lib/python3.12/site-packages:/opt/ros/jazzy/lib/python3.12/site-packages /usr/bin/cmake /home/namtruong/uuv_sim_home/src/dave_gz_model_plugins -DCMAKE_INSTALL_PREFIX=/home/namtruong/uuv_sim_home/install/dave_gz_model_plugins
[1.499s] Invoking command in '/home/namtruong/uuv_sim_home/build/dave_gz_model_plugins': CMAKE_PREFIX_PATH=/home/namtruong/uuv_sim_home/install/dave_ros_gz_plugins:/home/namtruong/uuv_sim_home/install/dave_gz_world_plugins:/home/namtruong/uuv_sim_home/install/dave_interfaces:/home/namtruong/uuv_sim_home/install/multibeam_sonar_system:/home/namtruong/uuv_sim_home/install/multibeam_sonar:/home/namtruong/uuv_sim_home/install/dave_worlds:/home/namtruong/uuv_sim_home/install/dave_gz_model_plugins:/home/namtruong/uuv_sim_home/install/dave_robot_models:/home/namtruong/uuv_sim_home/install/dave_object_models:/home/namtruong/uuv_sim_home/install/dave_multibeam_sonar_demo:/home/namtruong/uuv_sim_home/install/dave_gz_sensor_plugins:/opt/ros/jazzy/opt/gz_sim_vendor:/opt/ros/jazzy/opt/gz_sensors_vendor:/opt/ros/jazzy/opt/gz_physics_vendor:/opt/ros/jazzy/opt/sdformat_vendor:/opt/ros/jazzy/opt/gz_gui_vendor:/opt/ros/jazzy/opt/gz_transport_vendor:/opt/ros/jazzy/opt/gz_rendering_vendor:/opt/ros/jazzy/opt/gz_plugin_vendor:/opt/ros/jazzy/opt/gz_fuel_tools_vendor:/opt/ros/jazzy/opt/gz_msgs_vendor:/opt/ros/jazzy/opt/gz_common_vendor:/opt/ros/jazzy/opt/gz_math_vendor:/opt/ros/jazzy/opt/gz_utils_vendor:/opt/ros/jazzy/opt/gz_tools_vendor:/opt/ros/jazzy/opt/gz_ogre_next_vendor:/opt/ros/jazzy/opt/gz_dartsim_vendor:/opt/ros/jazzy/opt/gz_cmake_vendor:/home/namtruong/uuv_sim_home/install/uuv_simu:/opt/ros/jazzy DEBUGINFOD_URLS=https://debuginfod.ubuntu.com PYTHONPATH=/home/namtruong/uuv_sim_home/install/dave_interfaces/lib/python3.12/site-packages:/home/namtruong/uuv_sim_home/build/uuv_simu:/home/namtruong/uuv_sim_home/install/uuv_simu/lib/python3.12/site-packages:/opt/ros/jazzy/lib/python3.12/site-packages /usr/bin/cmake --build /home/namtruong/uuv_sim_home/build/dave_gz_model_plugins -- -j16 -l16
[1.568s] [100%] Built target OceanCurrentModelPlugin
[1.580s] Invoked command in '/home/namtruong/uuv_sim_home/build/dave_gz_model_plugins' returned '0': CMAKE_PREFIX_PATH=/home/namtruong/uuv_sim_home/install/dave_ros_gz_plugins:/home/namtruong/uuv_sim_home/install/dave_gz_world_plugins:/home/namtruong/uuv_sim_home/install/dave_interfaces:/home/namtruong/uuv_sim_home/install/multibeam_sonar_system:/home/namtruong/uuv_sim_home/install/multibeam_sonar:/home/namtruong/uuv_sim_home/install/dave_worlds:/home/namtruong/uuv_sim_home/install/dave_gz_model_plugins:/home/namtruong/uuv_sim_home/install/dave_robot_models:/home/namtruong/uuv_sim_home/install/dave_object_models:/home/namtruong/uuv_sim_home/install/dave_multibeam_sonar_demo:/home/namtruong/uuv_sim_home/install/dave_gz_sensor_plugins:/opt/ros/jazzy/opt/gz_sim_vendor:/opt/ros/jazzy/opt/gz_sensors_vendor:/opt/ros/jazzy/opt/gz_physics_vendor:/opt/ros/jazzy/opt/sdformat_vendor:/opt/ros/jazzy/opt/gz_gui_vendor:/opt/ros/jazzy/opt/gz_transport_vendor:/opt/ros/jazzy/opt/gz_rendering_vendor:/opt/ros/jazzy/opt/gz_plugin_vendor:/opt/ros/jazzy/opt/gz_fuel_tools_vendor:/opt/ros/jazzy/opt/gz_msgs_vendor:/opt/ros/jazzy/opt/gz_common_vendor:/opt/ros/jazzy/opt/gz_math_vendor:/opt/ros/jazzy/opt/gz_utils_vendor:/opt/ros/jazzy/opt/gz_tools_vendor:/opt/ros/jazzy/opt/gz_ogre_next_vendor:/opt/ros/jazzy/opt/gz_dartsim_vendor:/opt/ros/jazzy/opt/gz_cmake_vendor:/home/namtruong/uuv_sim_home/install/uuv_simu:/opt/ros/jazzy DEBUGINFOD_URLS=https://debuginfod.ubuntu.com PYTHONPATH=/home/namtruong/uuv_sim_home/install/dave_interfaces/lib/python3.12/site-packages:/home/namtruong/uuv_sim_home/build/uuv_simu:/home/namtruong/uuv_sim_home/install/uuv_simu/lib/python3.12/site-packages:/opt/ros/jazzy/lib/python3.12/site-packages /usr/bin/cmake --build /home/namtruong/uuv_sim_home/build/dave_gz_model_plugins -- -j16 -l16
[1.581s] Invoking command in '/home/namtruong/uuv_sim_home/build/dave_gz_model_plugins': CMAKE_PREFIX_PATH=/home/namtruong/uuv_sim_home/install/dave_ros_gz_plugins:/home/namtruong/uuv_sim_home/install/dave_gz_world_plugins:/home/namtruong/uuv_sim_home/install/dave_interfaces:/home/namtruong/uuv_sim_home/install/multibeam_sonar_system:/home/namtruong/uuv_sim_home/install/multibeam_sonar:/home/namtruong/uuv_sim_home/install/dave_worlds:/home/namtruong/uuv_sim_home/install/dave_gz_model_plugins:/home/namtruong/uuv_sim_home/install/dave_robot_models:/home/namtruong/uuv_sim_home/install/dave_object_models:/home/namtruong/uuv_sim_home/install/dave_multibeam_sonar_demo:/home/namtruong/uuv_sim_home/install/dave_gz_sensor_plugins:/opt/ros/jazzy/opt/gz_sim_vendor:/opt/ros/jazzy/opt/gz_sensors_vendor:/opt/ros/jazzy/opt/gz_physics_vendor:/opt/ros/jazzy/opt/sdformat_vendor:/opt/ros/jazzy/opt/gz_gui_vendor:/opt/ros/jazzy/opt/gz_transport_vendor:/opt/ros/jazzy/opt/gz_rendering_vendor:/opt/ros/jazzy/opt/gz_plugin_vendor:/opt/ros/jazzy/opt/gz_fuel_tools_vendor:/opt/ros/jazzy/opt/gz_msgs_vendor:/opt/ros/jazzy/opt/gz_common_vendor:/opt/ros/jazzy/opt/gz_math_vendor:/opt/ros/jazzy/opt/gz_utils_vendor:/opt/ros/jazzy/opt/gz_tools_vendor:/opt/ros/jazzy/opt/gz_ogre_next_vendor:/opt/ros/jazzy/opt/gz_dartsim_vendor:/opt/ros/jazzy/opt/gz_cmake_vendor:/home/namtruong/uuv_sim_home/install/uuv_simu:/opt/ros/jazzy DEBUGINFOD_URLS=https://debuginfod.ubuntu.com PYTHONPATH=/home/namtruong/uuv_sim_home/install/dave_interfaces/lib/python3.12/site-packages:/home/namtruong/uuv_sim_home/build/uuv_simu:/home/namtruong/uuv_sim_home/install/uuv_simu/lib/python3.12/site-packages:/opt/ros/jazzy/lib/python3.12/site-packages /usr/bin/cmake --install /home/namtruong/uuv_sim_home/build/dave_gz_model_plugins
[1.589s] -- Install configuration: ""
[1.589s] -- Execute custom install script
[1.590s] -- Up-to-date symlink: /home/namtruong/uuv_sim_home/install/dave_gz_model_plugins/lib/dave_gz_model_plugins/libOceanCurrentModelPlugin.so
[1.590s] -- Up-to-date symlink: /home/namtruong/uuv_sim_home/install/dave_gz_model_plugins/include//dave_gz_model_plugins/OceanCurrentModelPlugin.hh
[1.590s] -- Up-to-date symlink: /home/namtruong/uuv_sim_home/install/dave_gz_model_plugins/share/dave_gz_model_plugins/environment/dave_gz_model_plugins.dsv
[1.590s] -- Up-to-date symlink: /home/namtruong/uuv_sim_home/install/dave_gz_model_plugins/share/ament_index/resource_index/package_run_dependencies/dave_gz_model_plugins
[1.590s] -- Up-to-date symlink: /home/namtruong/uuv_sim_home/install/dave_gz_model_plugins/share/ament_index/resource_index/parent_prefix_path/dave_gz_model_plugins
[1.590s] -- Up-to-date symlink: /home/namtruong/uuv_sim_home/install/dave_gz_model_plugins/share/dave_gz_model_plugins/environment/ament_prefix_path.sh
[1.591s] -- Up-to-date symlink: /home/namtruong/uuv_sim_home/install/dave_gz_model_plugins/share/dave_gz_model_plugins/environment/ament_prefix_path.dsv
[1.591s] -- Up-to-date symlink: /home/namtruong/uuv_sim_home/install/dave_gz_model_plugins/share/dave_gz_model_plugins/environment/path.sh
[1.591s] -- Up-to-date symlink: /home/namtruong/uuv_sim_home/install/dave_gz_model_plugins/share/dave_gz_model_plugins/environment/path.dsv
[1.591s] -- Up-to-date symlink: /home/namtruong/uuv_sim_home/install/dave_gz_model_plugins/share/dave_gz_model_plugins/local_setup.bash
[1.591s] -- Up-to-date symlink: /home/namtruong/uuv_sim_home/install/dave_gz_model_plugins/share/dave_gz_model_plugins/local_setup.sh
[1.592s] -- Up-to-date symlink: /home/namtruong/uuv_sim_home/install/dave_gz_model_plugins/share/dave_gz_model_plugins/local_setup.zsh
[1.592s] -- Up-to-date symlink: /home/namtruong/uuv_sim_home/install/dave_gz_model_plugins/share/dave_gz_model_plugins/local_setup.dsv
[1.592s] -- Symlinking: /home/namtruong/uuv_sim_home/install/dave_gz_model_plugins/share/dave_gz_model_plugins/package.dsv
[1.601s] -- Up-to-date symlink: /home/namtruong/uuv_sim_home/install/dave_gz_model_plugins/share/ament_index/resource_index/packages/dave_gz_model_plugins
[1.601s] -- Up-to-date symlink: /home/namtruong/uuv_sim_home/install/dave_gz_model_plugins/share/dave_gz_model_plugins/cmake/dave_gz_model_pluginsConfig.cmake
[1.601s] -- Up-to-date symlink: /home/namtruong/uuv_sim_home/install/dave_gz_model_plugins/share/dave_gz_model_plugins/cmake/dave_gz_model_pluginsConfig-version.cmake
[1.601s] -- Up-to-date symlink: /home/namtruong/uuv_sim_home/install/dave_gz_model_plugins/share/dave_gz_model_plugins/package.xml
[1.603s] Invoked command in '/home/namtruong/uuv_sim_home/build/dave_gz_model_plugins' returned '0': CMAKE_PREFIX_PATH=/home/namtruong/uuv_sim_home/install/dave_ros_gz_plugins:/home/namtruong/uuv_sim_home/install/dave_gz_world_plugins:/home/namtruong/uuv_sim_home/install/dave_interfaces:/home/namtruong/uuv_sim_home/install/multibeam_sonar_system:/home/namtruong/uuv_sim_home/install/multibeam_sonar:/home/namtruong/uuv_sim_home/install/dave_worlds:/home/namtruong/uuv_sim_home/install/dave_gz_model_plugins:/home/namtruong/uuv_sim_home/install/dave_robot_models:/home/namtruong/uuv_sim_home/install/dave_object_models:/home/namtruong/uuv_sim_home/install/dave_multibeam_sonar_demo:/home/namtruong/uuv_sim_home/install/dave_gz_sensor_plugins:/opt/ros/jazzy/opt/gz_sim_vendor:/opt/ros/jazzy/opt/gz_sensors_vendor:/opt/ros/jazzy/opt/gz_physics_vendor:/opt/ros/jazzy/opt/sdformat_vendor:/opt/ros/jazzy/opt/gz_gui_vendor:/opt/ros/jazzy/opt/gz_transport_vendor:/opt/ros/jazzy/opt/gz_rendering_vendor:/opt/ros/jazzy/opt/gz_plugin_vendor:/opt/ros/jazzy/opt/gz_fuel_tools_vendor:/opt/ros/jazzy/opt/gz_msgs_vendor:/opt/ros/jazzy/opt/gz_common_vendor:/opt/ros/jazzy/opt/gz_math_vendor:/opt/ros/jazzy/opt/gz_utils_vendor:/opt/ros/jazzy/opt/gz_tools_vendor:/opt/ros/jazzy/opt/gz_ogre_next_vendor:/opt/ros/jazzy/opt/gz_dartsim_vendor:/opt/ros/jazzy/opt/gz_cmake_vendor:/home/namtruong/uuv_sim_home/install/uuv_simu:/opt/ros/jazzy DEBUGINFOD_URLS=https://debuginfod.ubuntu.com PYTHONPATH=/home/namtruong/uuv_sim_home/install/dave_interfaces/lib/python3.12/site-packages:/home/namtruong/uuv_sim_home/build/uuv_simu:/home/namtruong/uuv_sim_home/install/uuv_simu/lib/python3.12/site-packages:/opt/ros/jazzy/lib/python3.12/site-packages /usr/bin/cmake --install /home/namtruong/uuv_sim_home/build/dave_gz_model_plugins
