[0.015s] Invoking command in '/home/namtruong/uuv_sim_home/build/dave_ros_gz_plugins': CMAKE_PREFIX_PATH=/home/namtruong/uuv_sim_home/install/dave_gz_world_plugins:/home/namtruong/uuv_sim_home/install/dave_interfaces:/home/namtruong/uuv_sim_home/install/multibeam_sonar_system:/home/namtruong/uuv_sim_home/install/multibeam_sonar:/home/namtruong/uuv_sim_home/install/dave_worlds:/home/namtruong/uuv_sim_home/install/dave_gz_model_plugins:/home/namtruong/uuv_sim_home/install/dave_ros_gz_plugins:/home/namtruong/uuv_sim_home/install/dave_robot_models:/home/namtruong/uuv_sim_home/install/dave_object_models:/home/namtruong/uuv_sim_home/install/dave_multibeam_sonar_demo:/home/namtruong/uuv_sim_home/install/dave_gz_sensor_plugins:/opt/ros/jazzy/opt/gz_sim_vendor:/opt/ros/jazzy/opt/gz_sensors_vendor:/opt/ros/jazzy/opt/gz_physics_vendor:/opt/ros/jazzy/opt/sdformat_vendor:/opt/ros/jazzy/opt/gz_gui_vendor:/opt/ros/jazzy/opt/gz_transport_vendor:/opt/ros/jazzy/opt/gz_rendering_vendor:/opt/ros/jazzy/opt/gz_plugin_vendor:/opt/ros/jazzy/opt/gz_fuel_tools_vendor:/opt/ros/jazzy/opt/gz_msgs_vendor:/opt/ros/jazzy/opt/gz_common_vendor:/opt/ros/jazzy/opt/gz_math_vendor:/opt/ros/jazzy/opt/gz_utils_vendor:/opt/ros/jazzy/opt/gz_tools_vendor:/opt/ros/jazzy/opt/gz_ogre_next_vendor:/opt/ros/jazzy/opt/gz_dartsim_vendor:/opt/ros/jazzy/opt/gz_cmake_vendor:/home/namtruong/uuv_sim_home/install/uuv_simu:/opt/ros/jazzy DEBUGINFOD_URLS=https://debuginfod.ubuntu.com LD_LIBRARY_PATH=/home/namtruong/uuv_sim_home/install/dave_gz_world_plugins/lib:/home/namtruong/uuv_sim_home/install/dave_interfaces/lib:/home/namtruong/uuv_sim_home/install/dave_ros_gz_plugins/lib:/opt/ros/jazzy/opt/gz_sim_vendor/lib:/opt/ros/jazzy/opt/gz_sensors_vendor/lib:/opt/ros/jazzy/opt/gz_physics_vendor/lib:/opt/ros/jazzy/opt/sdformat_vendor/lib:/opt/ros/jazzy/opt/rviz_ogre_vendor/lib:/opt/ros/jazzy/lib/x86_64-linux-gnu:/opt/ros/jazzy/opt/gz_gui_vendor/lib:/opt/ros/jazzy/opt/gz_transport_vendor/lib:/opt/ros/jazzy/opt/gz_rendering_vendor/lib:/opt/ros/jazzy/opt/gz_plugin_vendor/lib:/opt/ros/jazzy/opt/gz_fuel_tools_vendor/lib:/opt/ros/jazzy/opt/gz_msgs_vendor/lib:/opt/ros/jazzy/opt/gz_common_vendor/lib:/opt/ros/jazzy/opt/gz_math_vendor/lib:/opt/ros/jazzy/opt/gz_utils_vendor/lib:/opt/ros/jazzy/opt/gz_tools_vendor/lib:/opt/ros/jazzy/opt/gz_ogre_next_vendor/lib:/opt/ros/jazzy/opt/gz_dartsim_vendor/lib:/opt/ros/jazzy/opt/gz_cmake_vendor/lib:/opt/ros/jazzy/lib PYTHONPATH=/home/namtruong/uuv_sim_home/install/dave_interfaces/lib/python3.12/site-packages:/home/namtruong/uuv_sim_home/build/uuv_simu:/home/namtruong/uuv_sim_home/install/uuv_simu/lib/python3.12/site-packages:/opt/ros/jazzy/lib/python3.12/site-packages /usr/bin/cmake /home/namtruong/uuv_sim_home/src/dave_ros_gz_plugins -DCMAKE_INSTALL_PREFIX=/home/namtruong/uuv_sim_home/install/dave_ros_gz_plugins
[0.028s] -- Found ament_cmake: 2.5.6 (/opt/ros/jazzy/share/ament_cmake/cmake)
[0.213s] -- Override CMake install command with custom implementation using symlinks instead of copying resources
[0.223s] -- Looking for gz-plugin2 -- found version 2.0.4
[0.224s] -- Searching for dependencies of gz-plugin2
[0.224s] -- Looking for gz-utils2 -- found version 2.2.1
[0.224s] -- Searching for dependencies of gz-utils2
[0.224s] -- Searching for <gz-utils2> component [cli]
[0.225s] -- Looking for gz-utils2-cli -- found version 2.2.1
[0.225s] -- Searching for dependencies of gz-utils2-cli
[0.225s] -- Searching for <gz-plugin2> component [register]
[0.226s] -- Looking for gz-plugin2-register -- found version 2.0.4
[0.226s] -- Searching for dependencies of gz-plugin2-register
[0.226s] -- Found rclcpp: 28.1.21 (/opt/ros/jazzy/share/rclcpp/cmake)
[0.249s] -- Found rosidl_generator_c: 4.6.9 (/opt/ros/jazzy/share/rosidl_generator_c/cmake)
[0.257s] -- Found rosidl_generator_cpp: 4.6.9 (/opt/ros/jazzy/share/rosidl_generator_cpp/cmake)
[0.265s] -- Using all available rosidl_typesupport_c: rosidl_typesupport_fastrtps_c;rosidl_typesupport_introspection_c
[0.276s] -- Using all available rosidl_typesupport_cpp: rosidl_typesupport_fastrtps_cpp;rosidl_typesupport_introspection_cpp
[0.325s] -- Found rmw_implementation_cmake: 7.3.3 (/opt/ros/jazzy/share/rmw_implementation_cmake/cmake)
[0.326s] -- Found rmw_fastrtps_cpp: 8.4.4 (/opt/ros/jazzy/share/rmw_fastrtps_cpp/cmake)
[0.381s] -- Using RMW implementation 'rmw_fastrtps_cpp' as default
[0.438s] -- Found std_msgs: 5.3.8 (/opt/ros/jazzy/share/std_msgs/cmake)
[0.448s] -- Looking for gz-common5 -- found version 5.8.0
[0.448s] -- Searching for dependencies of gz-common5
[0.449s] -- Looking for gz-utils2 -- found version 2.2.1
[0.449s] -- Looking for dlfcn.h - found
[0.449s] -- Looking for libdl - found
[0.455s] -- Checking for module 'uuid'
[0.470s] --   Found uuid, version 2.39.3
[0.504s] -- Searching for <gz-common5> component [profiler]
[0.504s] -- Looking for gz-common5-profiler -- found version 5.8.0
[0.505s] -- Searching for dependencies of gz-common5-profiler
[0.505s] -- Looking for gz-sim8 -- found version 8.11.0
[0.505s] -- Searching for dependencies of gz-sim8
[0.506s] -- Looking for sdformat14 -- found version 14.9.0
[0.506s] -- Searching for dependencies of sdformat14
[0.510s] -- Checking for module 'tinyxml2'
[0.525s] --   Found tinyxml2, version 10.0.0
[0.558s] -- Looking for gz-math7 -- found version 7.6.0
[0.558s] -- Searching for dependencies of gz-math7
[0.559s] -- Looking for gz-utils2 -- found version 2.2.1
[0.559s] -- Looking for gz-utils2 -- found version 2.2.1
[0.560s] -- Looking for gz-plugin2 -- found version 2.0.4
[0.561s] -- Searching for dependencies of gz-plugin2
[0.561s] -- Looking for gz-utils2 -- found version 2.2.1
[0.561s] -- Searching for <gz-plugin2> component [loader]
[0.561s] -- Looking for gz-plugin2-loader -- found version 2.0.4
[0.561s] -- Searching for dependencies of gz-plugin2-loader
[0.562s] -- Searching for <gz-plugin2> component [register]
[0.562s] -- Looking for gz-transport13 -- found version 13.5.0
[0.562s] -- Searching for dependencies of gz-transport13
[0.592s] -- Config-file not installed for ZeroMQ -- checking for pkg-config
[0.596s] -- Checking for module 'libzmq >= 4'
[0.612s] --   Found libzmq, version 4.3.5
[0.659s] -- Looking for gz-utils2 -- found version 2.2.1
[0.659s] -- Looking for gz-msgs10 -- found version 10.3.2
[0.660s] -- Searching for dependencies of gz-msgs10
[0.678s] -- Looking for gz-utils2 -- found version 2.2.1
[0.679s] -- Looking for gz-math7 -- found version 7.6.0
[0.685s] -- Searching for <gz-transport13> component [log]
[0.686s] -- Looking for gz-transport13-log -- found version 13.5.0
[0.686s] -- Searching for dependencies of gz-transport13-log
[0.686s] -- Searching for <gz-transport13> component [parameters]
[0.687s] -- Looking for gz-transport13-parameters -- found version 13.5.0
[0.687s] -- Searching for dependencies of gz-transport13-parameters
[0.687s] -- Looking for gz-msgs10 -- found version 10.3.2
[0.688s] -- Looking for gz-common5 -- found version 5.8.0
[0.688s] -- Searching for dependencies of gz-common5
[0.688s] -- Looking for gz-utils2 -- found version 2.2.1
[0.688s] -- Looking for dlfcn.h - found
[0.688s] -- Looking for libdl - found
[0.695s] -- Searching for <gz-common5> component [av]
[0.695s] -- Looking for gz-common5-av -- found version 5.8.0
[0.695s] -- Searching for dependencies of gz-common5-av
[0.700s] -- Checking for module 'libswscale'
[0.717s] --   Found libswscale, version 7.5.100
[0.758s] -- Checking for module 'libavdevice >= 56.4.100'
[0.772s] --   Found libavdevice, version 60.3.100
[0.823s] -- Checking for module 'libavformat'
[0.839s] --   Found libavformat, version 60.16.100
[0.883s] -- Checking for module 'libavcodec'
[0.899s] --   Found libavcodec, version 60.31.102
[0.943s] -- Checking for module 'libavutil'
[0.959s] --   Found libavutil, version 58.29.100
[0.991s] -- Searching for <gz-common5> component [events]
[0.991s] -- Looking for gz-common5-events -- found version 5.8.0
[0.992s] -- Searching for dependencies of gz-common5-events
[0.992s] -- Looking for gz-math7 -- found version 7.6.0
[0.992s] -- Searching for <gz-common5> component [graphics]
[0.993s] -- Looking for gz-common5-graphics -- found version 5.8.0
[0.993s] -- Searching for dependencies of gz-common5-graphics
[0.993s] -- Looking for gz-math7 -- found version 7.6.0
[0.995s] -- Searching for <gz-common5> component [io]
[0.995s] -- Looking for gz-common5-io -- found version 5.8.0
[0.995s] -- Searching for dependencies of gz-common5-io
[0.995s] -- Searching for <gz-common5> component [profiler]
[0.996s] -- Looking for gz-fuel_tools9 -- found version 9.1.1
[0.996s] -- Searching for dependencies of gz-fuel_tools9
[1.034s] -- Checking for module 'jsoncpp'
[1.051s] --   Found jsoncpp, version 1.9.5
[1.102s] -- Checking for module 'yaml-0.1'
[1.117s] --   Found yaml-0.1, version 0.2.5
[1.157s] -- Checking for module 'libzip'
[1.173s] --   Found libzip, version 1.7.3
[1.209s] -- Looking for gz-utils2 -- found version 2.2.1
[1.209s] -- Looking for gz-common5 -- found version 5.8.0
[1.209s] -- Searching for dependencies of gz-common5
[1.210s] -- Looking for gz-utils2 -- found version 2.2.1
[1.210s] -- Looking for dlfcn.h - found
[1.210s] -- Looking for libdl - found
[1.216s] -- Searching for <gz-common5> component [testing]
[1.216s] -- Looking for gz-common5-testing -- found version 5.8.0
[1.217s] -- Searching for dependencies of gz-common5-testing
[1.217s] -- Looking for gz-math7 -- found version 7.6.0
[1.217s] -- Looking for gz-msgs10 -- found version 10.3.2
[1.218s] -- Looking for gz-gui8 -- found version 8.4.0
[1.218s] -- Searching for dependencies of gz-gui8
[1.241s] -- Looking for gz-utils2 -- found version 2.2.1
[1.241s] -- Looking for gz-math7 -- found version 7.6.0
[1.242s] -- Looking for gz-common5 -- found version 5.8.0
[1.242s] -- Looking for gz-plugin2 -- found version 2.0.4
[1.242s] -- Looking for gz-transport13 -- found version 13.5.0
[1.243s] -- Looking for gz-rendering8 -- found version 8.2.3
[1.243s] -- Searching for dependencies of gz-rendering8
[1.243s] -- Looking for gz-math7 -- found version 7.6.0
[1.243s] -- Searching for dependencies of gz-math7
[1.243s] -- Looking for gz-utils2 -- found version 2.2.1
[1.244s] -- Searching for <gz-math7> component [eigen3]
[1.244s] -- Looking for gz-math7-eigen3 -- found version 7.6.0
[1.244s] -- Searching for dependencies of gz-math7-eigen3
[1.245s] -- Looking for gz-common5 -- found version 5.8.0
[1.245s] -- Searching for dependencies of gz-common5
[1.245s] -- Looking for gz-utils2 -- found version 2.2.1
[1.246s] -- Looking for dlfcn.h - found
[1.246s] -- Looking for libdl - found
[1.252s] -- Searching for <gz-common5> component [graphics]
[1.252s] -- Searching for <gz-common5> component [events]
[1.253s] -- Searching for <gz-common5> component [geospatial]
[1.253s] -- Looking for gz-common5-geospatial -- found version 5.8.0
[1.253s] -- Searching for dependencies of gz-common5-geospatial
[1.253s] -- Looking for gz-math7 -- found version 7.6.0
[1.253s] -- Looking for gz-common5 -- found version 5.8.0
[1.254s] -- Looking for gz-plugin2 -- found version 2.0.4
[1.254s] -- Searching for dependencies of gz-plugin2
[1.254s] -- Looking for gz-utils2 -- found version 2.2.1
[1.254s] -- Searching for <gz-plugin2> component [all]
[1.255s] -- Looking for all libraries of gz-plugin2 -- found version 2.0.4
[1.255s] -- Looking for gz-plugin2 -- found version 2.0.4
[1.256s] -- Looking for gz-utils2 -- found version 2.2.1
[1.258s] -- Looking for gz-msgs10 -- found version 10.3.2
[1.271s] -- Looking for gz-physics7 -- found version 7.6.0
[1.271s] -- Searching for dependencies of gz-physics7
[1.271s] -- Looking for gz-common5 -- found version 5.8.0
[1.271s] -- Looking for gz-math7 -- found version 7.6.0
[1.272s] -- Looking for gz-plugin2 -- found version 2.0.4
[1.272s] -- Looking for gz-utils2 -- found version 2.2.1
[1.273s] -- Searching for <gz-physics7> component [heightmap]
[1.273s] -- Looking for gz-physics7-heightmap -- found version 7.6.0
[1.273s] -- Searching for dependencies of gz-physics7-heightmap
[1.273s] -- Looking for gz-common5 -- found version 5.8.0
[1.274s] -- Searching for <gz-physics7> component [mesh]
[1.274s] -- Looking for gz-physics7-mesh -- found version 7.6.0
[1.274s] -- Searching for dependencies of gz-physics7-mesh
[1.274s] -- Looking for gz-common5 -- found version 5.8.0
[1.275s] -- Searching for <gz-physics7> component [sdf]
[1.275s] -- Looking for gz-physics7-sdf -- found version 7.6.0
[1.275s] -- Searching for dependencies of gz-physics7-sdf
[1.275s] -- Looking for sdformat14 -- found version 14.9.0
[1.276s] -- Looking for gz-sensors8 -- found version 8.2.2
[1.276s] -- Searching for dependencies of gz-sensors8
[1.295s] -- Looking for gz-math7 -- found version 7.6.0
[1.295s] -- Looking for gz-common5 -- found version 5.8.0
[1.295s] -- Looking for gz-transport13 -- found version 13.5.0
[1.296s] -- Looking for gz-rendering8 -- found version 8.2.3
[1.296s] -- Looking for gz-msgs10 -- found version 10.3.2
[1.296s] -- Looking for sdformat14 -- found version 14.9.0
[1.297s] -- Searching for <gz-sensors8> component [air_pressure]
[1.297s] -- Looking for gz-sensors8-air_pressure -- found version 8.2.2
[1.297s] -- Searching for dependencies of gz-sensors8-air_pressure
[1.297s] -- Searching for <gz-sensors8> component [air_speed]
[1.298s] -- Looking for gz-sensors8-air_speed -- found version 8.2.2
[1.298s] -- Searching for dependencies of gz-sensors8-air_speed
[1.298s] -- Searching for <gz-sensors8> component [altimeter]
[1.298s] -- Looking for gz-sensors8-altimeter -- found version 8.2.2
[1.298s] -- Searching for dependencies of gz-sensors8-altimeter
[1.299s] -- Searching for <gz-sensors8> component [imu]
[1.299s] -- Looking for gz-sensors8-imu -- found version 8.2.2
[1.299s] -- Searching for dependencies of gz-sensors8-imu
[1.299s] -- Searching for <gz-sensors8> component [force_torque]
[1.300s] -- Looking for gz-sensors8-force_torque -- found version 8.2.2
[1.300s] -- Searching for dependencies of gz-sensors8-force_torque
[1.300s] -- Searching for <gz-sensors8> component [logical_camera]
[1.300s] -- Looking for gz-sensors8-logical_camera -- found version 8.2.2
[1.301s] -- Searching for dependencies of gz-sensors8-logical_camera
[1.301s] -- Searching for <gz-sensors8> component [magnetometer]
[1.301s] -- Looking for gz-sensors8-magnetometer -- found version 8.2.2
[1.301s] -- Searching for dependencies of gz-sensors8-magnetometer
[1.302s] -- Searching for <gz-sensors8> component [navsat]
[1.302s] -- Looking for gz-sensors8-navsat -- found version 8.2.2
[1.302s] -- Searching for dependencies of gz-sensors8-navsat
[1.302s] -- Searching for <gz-sensors8> component [dvl]
[1.303s] -- Looking for gz-sensors8-dvl -- found version 8.2.2
[1.303s] -- Searching for dependencies of gz-sensors8-dvl
[1.303s] -- Looking for gz-sensors8 -- found version 8.2.2
[1.303s] -- Searching for dependencies of gz-sensors8
[1.323s] -- Looking for gz-math7 -- found version 7.6.0
[1.323s] -- Looking for gz-common5 -- found version 5.8.0
[1.323s] -- Looking for gz-transport13 -- found version 13.5.0
[1.324s] -- Looking for gz-rendering8 -- found version 8.2.3
[1.324s] -- Looking for gz-msgs10 -- found version 10.3.2
[1.324s] -- Looking for sdformat14 -- found version 14.9.0
[1.324s] -- Searching for <gz-sensors8> component [rendering]
[1.325s] -- Looking for gz-sensors8-rendering -- found version 8.2.2
[1.325s] -- Searching for dependencies of gz-sensors8-rendering
[1.326s] -- Searching for <gz-sensors8> component [rendering]
[1.326s] -- Searching for <gz-sensors8> component [lidar]
[1.326s] -- Looking for gz-sensors8-lidar -- found version 8.2.2
[1.326s] -- Searching for dependencies of gz-sensors8-lidar
[1.327s] -- Looking for gz-sensors8 -- found version 8.2.2
[1.327s] -- Searching for <gz-sensors8> component [gpu_lidar]
[1.327s] -- Looking for gz-sensors8-gpu_lidar -- found version 8.2.2
[1.327s] -- Searching for dependencies of gz-sensors8-gpu_lidar
[1.328s] -- Looking for gz-sensors8 -- found version 8.2.2
[1.328s] -- Searching for <gz-sensors8> component [camera]
[1.328s] -- Looking for gz-sensors8-camera -- found version 8.2.2
[1.328s] -- Searching for dependencies of gz-sensors8-camera
[1.329s] -- Looking for gz-sensors8 -- found version 8.2.2
[1.329s] -- Searching for <gz-sensors8> component [boundingbox_camera]
[1.329s] -- Looking for gz-sensors8-boundingbox_camera -- found version 8.2.2
[1.329s] -- Searching for dependencies of gz-sensors8-boundingbox_camera
[1.330s] -- Searching for <gz-sensors8> component [segmentation_camera]
[1.330s] -- Looking for gz-sensors8-segmentation_camera -- found version 8.2.2
[1.330s] -- Searching for dependencies of gz-sensors8-segmentation_camera
[1.331s] -- Searching for <gz-sensors8> component [depth_camera]
[1.331s] -- Looking for gz-sensors8-depth_camera -- found version 8.2.2
[1.331s] -- Searching for dependencies of gz-sensors8-depth_camera
[1.331s] -- Looking for gz-sensors8 -- found version 8.2.2
[1.332s] -- Searching for <gz-sensors8> component [rgbd_camera]
[1.332s] -- Looking for gz-sensors8-rgbd_camera -- found version 8.2.2
[1.332s] -- Searching for dependencies of gz-sensors8-rgbd_camera
[1.332s] -- Looking for gz-sensors8 -- found version 8.2.2
[1.333s] -- Searching for <gz-sensors8> component [thermal_camera]
[1.333s] -- Looking for gz-sensors8-thermal_camera -- found version 8.2.2
[1.333s] -- Searching for dependencies of gz-sensors8-thermal_camera
[1.334s] -- Looking for gz-sensors8 -- found version 8.2.2
[1.334s] -- Searching for <gz-sensors8> component [wide_angle_camera]
[1.334s] -- Looking for gz-sensors8-wide_angle_camera -- found version 8.2.2
[1.334s] -- Searching for dependencies of gz-sensors8-wide_angle_camera
[1.335s] -- Looking for gz-rendering8 -- found version 8.2.3
[1.335s] -- Looking for gz-math7 -- found version 7.6.0
[1.336s] -- Looking for gz-utils2 -- found version 2.2.1
[1.355s] -- Found geometry_msgs: 5.3.8 (/opt/ros/jazzy/share/geometry_msgs/cmake)
[1.367s] -- Found dave_interfaces: 0.0.0 (/home/namtruong/uuv_sim_home/install/dave_interfaces/share/dave_interfaces/cmake)
[1.388s] -- Found dave_gz_world_plugins: 0.0.0 (/home/namtruong/uuv_sim_home/install/dave_gz_world_plugins/share/dave_gz_world_plugins/cmake)
[1.423s] -- Compiling against Gazebo Harmonic
[1.432s] -- Found ament_lint_auto: 0.17.5 (/opt/ros/jazzy/share/ament_lint_auto/cmake)
[1.504s] -- Added test 'copyright' to check source files copyright and LICENSE
[1.504s] -- Added test 'cppcheck' to perform static code analysis on C / C++ code
[1.505s] -- Configured cppcheck include dirs: /home/namtruong/uuv_sim_home/src/dave_ros_gz_plugins/include;$<BUILD_INTERFACE:/home/namtruong/uuv_sim_home/src/dave_ros_gz_plugins/include>;/home/namtruong/uuv_sim_home/src/dave_ros_gz_plugins/src
[1.505s] -- Configured cppcheck exclude dirs and/or files: 
[1.506s] -- Added test 'cpplint' to check C / C++ code against the Google style
[1.506s] -- Configured cpplint exclude dirs and/or files: 
[1.506s] -- Added test 'lint_cmake' to check CMake code style
[1.507s] -- Added test 'uncrustify' to check C / C++ code style
[1.507s] -- Configured uncrustify additional arguments: 
[1.507s] -- Added test 'xmllint' to check XML markup files
[1.509s] -- Configuring done (1.5s)
[1.550s] -- Generating done (0.0s)
[1.556s] -- Build files have been written to: /home/namtruong/uuv_sim_home/build/dave_ros_gz_plugins
[1.569s] Invoked command in '/home/namtruong/uuv_sim_home/build/dave_ros_gz_plugins' returned '0': CMAKE_PREFIX_PATH=/home/namtruong/uuv_sim_home/install/dave_gz_world_plugins:/home/namtruong/uuv_sim_home/install/dave_interfaces:/home/namtruong/uuv_sim_home/install/multibeam_sonar_system:/home/namtruong/uuv_sim_home/install/multibeam_sonar:/home/namtruong/uuv_sim_home/install/dave_worlds:/home/namtruong/uuv_sim_home/install/dave_gz_model_plugins:/home/namtruong/uuv_sim_home/install/dave_ros_gz_plugins:/home/namtruong/uuv_sim_home/install/dave_robot_models:/home/namtruong/uuv_sim_home/install/dave_object_models:/home/namtruong/uuv_sim_home/install/dave_multibeam_sonar_demo:/home/namtruong/uuv_sim_home/install/dave_gz_sensor_plugins:/opt/ros/jazzy/opt/gz_sim_vendor:/opt/ros/jazzy/opt/gz_sensors_vendor:/opt/ros/jazzy/opt/gz_physics_vendor:/opt/ros/jazzy/opt/sdformat_vendor:/opt/ros/jazzy/opt/gz_gui_vendor:/opt/ros/jazzy/opt/gz_transport_vendor:/opt/ros/jazzy/opt/gz_rendering_vendor:/opt/ros/jazzy/opt/gz_plugin_vendor:/opt/ros/jazzy/opt/gz_fuel_tools_vendor:/opt/ros/jazzy/opt/gz_msgs_vendor:/opt/ros/jazzy/opt/gz_common_vendor:/opt/ros/jazzy/opt/gz_math_vendor:/opt/ros/jazzy/opt/gz_utils_vendor:/opt/ros/jazzy/opt/gz_tools_vendor:/opt/ros/jazzy/opt/gz_ogre_next_vendor:/opt/ros/jazzy/opt/gz_dartsim_vendor:/opt/ros/jazzy/opt/gz_cmake_vendor:/home/namtruong/uuv_sim_home/install/uuv_simu:/opt/ros/jazzy DEBUGINFOD_URLS=https://debuginfod.ubuntu.com LD_LIBRARY_PATH=/home/namtruong/uuv_sim_home/install/dave_gz_world_plugins/lib:/home/namtruong/uuv_sim_home/install/dave_interfaces/lib:/home/namtruong/uuv_sim_home/install/dave_ros_gz_plugins/lib:/opt/ros/jazzy/opt/gz_sim_vendor/lib:/opt/ros/jazzy/opt/gz_sensors_vendor/lib:/opt/ros/jazzy/opt/gz_physics_vendor/lib:/opt/ros/jazzy/opt/sdformat_vendor/lib:/opt/ros/jazzy/opt/rviz_ogre_vendor/lib:/opt/ros/jazzy/lib/x86_64-linux-gnu:/opt/ros/jazzy/opt/gz_gui_vendor/lib:/opt/ros/jazzy/opt/gz_transport_vendor/lib:/opt/ros/jazzy/opt/gz_rendering_vendor/lib:/opt/ros/jazzy/opt/gz_plugin_vendor/lib:/opt/ros/jazzy/opt/gz_fuel_tools_vendor/lib:/opt/ros/jazzy/opt/gz_msgs_vendor/lib:/opt/ros/jazzy/opt/gz_common_vendor/lib:/opt/ros/jazzy/opt/gz_math_vendor/lib:/opt/ros/jazzy/opt/gz_utils_vendor/lib:/opt/ros/jazzy/opt/gz_tools_vendor/lib:/opt/ros/jazzy/opt/gz_ogre_next_vendor/lib:/opt/ros/jazzy/opt/gz_dartsim_vendor/lib:/opt/ros/jazzy/opt/gz_cmake_vendor/lib:/opt/ros/jazzy/lib PYTHONPATH=/home/namtruong/uuv_sim_home/install/dave_interfaces/lib/python3.12/site-packages:/home/namtruong/uuv_sim_home/build/uuv_simu:/home/namtruong/uuv_sim_home/install/uuv_simu/lib/python3.12/site-packages:/opt/ros/jazzy/lib/python3.12/site-packages /usr/bin/cmake /home/namtruong/uuv_sim_home/src/dave_ros_gz_plugins -DCMAKE_INSTALL_PREFIX=/home/namtruong/uuv_sim_home/install/dave_ros_gz_plugins
[1.569s] Invoking command in '/home/namtruong/uuv_sim_home/build/dave_ros_gz_plugins': CMAKE_PREFIX_PATH=/home/namtruong/uuv_sim_home/install/dave_gz_world_plugins:/home/namtruong/uuv_sim_home/install/dave_interfaces:/home/namtruong/uuv_sim_home/install/multibeam_sonar_system:/home/namtruong/uuv_sim_home/install/multibeam_sonar:/home/namtruong/uuv_sim_home/install/dave_worlds:/home/namtruong/uuv_sim_home/install/dave_gz_model_plugins:/home/namtruong/uuv_sim_home/install/dave_ros_gz_plugins:/home/namtruong/uuv_sim_home/install/dave_robot_models:/home/namtruong/uuv_sim_home/install/dave_object_models:/home/namtruong/uuv_sim_home/install/dave_multibeam_sonar_demo:/home/namtruong/uuv_sim_home/install/dave_gz_sensor_plugins:/opt/ros/jazzy/opt/gz_sim_vendor:/opt/ros/jazzy/opt/gz_sensors_vendor:/opt/ros/jazzy/opt/gz_physics_vendor:/opt/ros/jazzy/opt/sdformat_vendor:/opt/ros/jazzy/opt/gz_gui_vendor:/opt/ros/jazzy/opt/gz_transport_vendor:/opt/ros/jazzy/opt/gz_rendering_vendor:/opt/ros/jazzy/opt/gz_plugin_vendor:/opt/ros/jazzy/opt/gz_fuel_tools_vendor:/opt/ros/jazzy/opt/gz_msgs_vendor:/opt/ros/jazzy/opt/gz_common_vendor:/opt/ros/jazzy/opt/gz_math_vendor:/opt/ros/jazzy/opt/gz_utils_vendor:/opt/ros/jazzy/opt/gz_tools_vendor:/opt/ros/jazzy/opt/gz_ogre_next_vendor:/opt/ros/jazzy/opt/gz_dartsim_vendor:/opt/ros/jazzy/opt/gz_cmake_vendor:/home/namtruong/uuv_sim_home/install/uuv_simu:/opt/ros/jazzy DEBUGINFOD_URLS=https://debuginfod.ubuntu.com LD_LIBRARY_PATH=/home/namtruong/uuv_sim_home/install/dave_gz_world_plugins/lib:/home/namtruong/uuv_sim_home/install/dave_interfaces/lib:/home/namtruong/uuv_sim_home/install/dave_ros_gz_plugins/lib:/opt/ros/jazzy/opt/gz_sim_vendor/lib:/opt/ros/jazzy/opt/gz_sensors_vendor/lib:/opt/ros/jazzy/opt/gz_physics_vendor/lib:/opt/ros/jazzy/opt/sdformat_vendor/lib:/opt/ros/jazzy/opt/rviz_ogre_vendor/lib:/opt/ros/jazzy/lib/x86_64-linux-gnu:/opt/ros/jazzy/opt/gz_gui_vendor/lib:/opt/ros/jazzy/opt/gz_transport_vendor/lib:/opt/ros/jazzy/opt/gz_rendering_vendor/lib:/opt/ros/jazzy/opt/gz_plugin_vendor/lib:/opt/ros/jazzy/opt/gz_fuel_tools_vendor/lib:/opt/ros/jazzy/opt/gz_msgs_vendor/lib:/opt/ros/jazzy/opt/gz_common_vendor/lib:/opt/ros/jazzy/opt/gz_math_vendor/lib:/opt/ros/jazzy/opt/gz_utils_vendor/lib:/opt/ros/jazzy/opt/gz_tools_vendor/lib:/opt/ros/jazzy/opt/gz_ogre_next_vendor/lib:/opt/ros/jazzy/opt/gz_dartsim_vendor/lib:/opt/ros/jazzy/opt/gz_cmake_vendor/lib:/opt/ros/jazzy/lib PYTHONPATH=/home/namtruong/uuv_sim_home/install/dave_interfaces/lib/python3.12/site-packages:/home/namtruong/uuv_sim_home/build/uuv_simu:/home/namtruong/uuv_sim_home/install/uuv_simu/lib/python3.12/site-packages:/opt/ros/jazzy/lib/python3.12/site-packages /usr/bin/cmake --build /home/namtruong/uuv_sim_home/build/dave_ros_gz_plugins -- -j16 -l16
[1.635s] [ 33%] Built target DVLBridge
[1.635s] [ 66%] Built target SphericalCoords
[1.638s] [100%] Built target OceanCurrentPlugin
[1.650s] Invoked command in '/home/namtruong/uuv_sim_home/build/dave_ros_gz_plugins' returned '0': CMAKE_PREFIX_PATH=/home/namtruong/uuv_sim_home/install/dave_gz_world_plugins:/home/namtruong/uuv_sim_home/install/dave_interfaces:/home/namtruong/uuv_sim_home/install/multibeam_sonar_system:/home/namtruong/uuv_sim_home/install/multibeam_sonar:/home/namtruong/uuv_sim_home/install/dave_worlds:/home/namtruong/uuv_sim_home/install/dave_gz_model_plugins:/home/namtruong/uuv_sim_home/install/dave_ros_gz_plugins:/home/namtruong/uuv_sim_home/install/dave_robot_models:/home/namtruong/uuv_sim_home/install/dave_object_models:/home/namtruong/uuv_sim_home/install/dave_multibeam_sonar_demo:/home/namtruong/uuv_sim_home/install/dave_gz_sensor_plugins:/opt/ros/jazzy/opt/gz_sim_vendor:/opt/ros/jazzy/opt/gz_sensors_vendor:/opt/ros/jazzy/opt/gz_physics_vendor:/opt/ros/jazzy/opt/sdformat_vendor:/opt/ros/jazzy/opt/gz_gui_vendor:/opt/ros/jazzy/opt/gz_transport_vendor:/opt/ros/jazzy/opt/gz_rendering_vendor:/opt/ros/jazzy/opt/gz_plugin_vendor:/opt/ros/jazzy/opt/gz_fuel_tools_vendor:/opt/ros/jazzy/opt/gz_msgs_vendor:/opt/ros/jazzy/opt/gz_common_vendor:/opt/ros/jazzy/opt/gz_math_vendor:/opt/ros/jazzy/opt/gz_utils_vendor:/opt/ros/jazzy/opt/gz_tools_vendor:/opt/ros/jazzy/opt/gz_ogre_next_vendor:/opt/ros/jazzy/opt/gz_dartsim_vendor:/opt/ros/jazzy/opt/gz_cmake_vendor:/home/namtruong/uuv_sim_home/install/uuv_simu:/opt/ros/jazzy DEBUGINFOD_URLS=https://debuginfod.ubuntu.com LD_LIBRARY_PATH=/home/namtruong/uuv_sim_home/install/dave_gz_world_plugins/lib:/home/namtruong/uuv_sim_home/install/dave_interfaces/lib:/home/namtruong/uuv_sim_home/install/dave_ros_gz_plugins/lib:/opt/ros/jazzy/opt/gz_sim_vendor/lib:/opt/ros/jazzy/opt/gz_sensors_vendor/lib:/opt/ros/jazzy/opt/gz_physics_vendor/lib:/opt/ros/jazzy/opt/sdformat_vendor/lib:/opt/ros/jazzy/opt/rviz_ogre_vendor/lib:/opt/ros/jazzy/lib/x86_64-linux-gnu:/opt/ros/jazzy/opt/gz_gui_vendor/lib:/opt/ros/jazzy/opt/gz_transport_vendor/lib:/opt/ros/jazzy/opt/gz_rendering_vendor/lib:/opt/ros/jazzy/opt/gz_plugin_vendor/lib:/opt/ros/jazzy/opt/gz_fuel_tools_vendor/lib:/opt/ros/jazzy/opt/gz_msgs_vendor/lib:/opt/ros/jazzy/opt/gz_common_vendor/lib:/opt/ros/jazzy/opt/gz_math_vendor/lib:/opt/ros/jazzy/opt/gz_utils_vendor/lib:/opt/ros/jazzy/opt/gz_tools_vendor/lib:/opt/ros/jazzy/opt/gz_ogre_next_vendor/lib:/opt/ros/jazzy/opt/gz_dartsim_vendor/lib:/opt/ros/jazzy/opt/gz_cmake_vendor/lib:/opt/ros/jazzy/lib PYTHONPATH=/home/namtruong/uuv_sim_home/install/dave_interfaces/lib/python3.12/site-packages:/home/namtruong/uuv_sim_home/build/uuv_simu:/home/namtruong/uuv_sim_home/install/uuv_simu/lib/python3.12/site-packages:/opt/ros/jazzy/lib/python3.12/site-packages /usr/bin/cmake --build /home/namtruong/uuv_sim_home/build/dave_ros_gz_plugins -- -j16 -l16
[1.651s] Invoking command in '/home/namtruong/uuv_sim_home/build/dave_ros_gz_plugins': CMAKE_PREFIX_PATH=/home/namtruong/uuv_sim_home/install/dave_gz_world_plugins:/home/namtruong/uuv_sim_home/install/dave_interfaces:/home/namtruong/uuv_sim_home/install/multibeam_sonar_system:/home/namtruong/uuv_sim_home/install/multibeam_sonar:/home/namtruong/uuv_sim_home/install/dave_worlds:/home/namtruong/uuv_sim_home/install/dave_gz_model_plugins:/home/namtruong/uuv_sim_home/install/dave_ros_gz_plugins:/home/namtruong/uuv_sim_home/install/dave_robot_models:/home/namtruong/uuv_sim_home/install/dave_object_models:/home/namtruong/uuv_sim_home/install/dave_multibeam_sonar_demo:/home/namtruong/uuv_sim_home/install/dave_gz_sensor_plugins:/opt/ros/jazzy/opt/gz_sim_vendor:/opt/ros/jazzy/opt/gz_sensors_vendor:/opt/ros/jazzy/opt/gz_physics_vendor:/opt/ros/jazzy/opt/sdformat_vendor:/opt/ros/jazzy/opt/gz_gui_vendor:/opt/ros/jazzy/opt/gz_transport_vendor:/opt/ros/jazzy/opt/gz_rendering_vendor:/opt/ros/jazzy/opt/gz_plugin_vendor:/opt/ros/jazzy/opt/gz_fuel_tools_vendor:/opt/ros/jazzy/opt/gz_msgs_vendor:/opt/ros/jazzy/opt/gz_common_vendor:/opt/ros/jazzy/opt/gz_math_vendor:/opt/ros/jazzy/opt/gz_utils_vendor:/opt/ros/jazzy/opt/gz_tools_vendor:/opt/ros/jazzy/opt/gz_ogre_next_vendor:/opt/ros/jazzy/opt/gz_dartsim_vendor:/opt/ros/jazzy/opt/gz_cmake_vendor:/home/namtruong/uuv_sim_home/install/uuv_simu:/opt/ros/jazzy DEBUGINFOD_URLS=https://debuginfod.ubuntu.com LD_LIBRARY_PATH=/home/namtruong/uuv_sim_home/install/dave_gz_world_plugins/lib:/home/namtruong/uuv_sim_home/install/dave_interfaces/lib:/home/namtruong/uuv_sim_home/install/dave_ros_gz_plugins/lib:/opt/ros/jazzy/opt/gz_sim_vendor/lib:/opt/ros/jazzy/opt/gz_sensors_vendor/lib:/opt/ros/jazzy/opt/gz_physics_vendor/lib:/opt/ros/jazzy/opt/sdformat_vendor/lib:/opt/ros/jazzy/opt/rviz_ogre_vendor/lib:/opt/ros/jazzy/lib/x86_64-linux-gnu:/opt/ros/jazzy/opt/gz_gui_vendor/lib:/opt/ros/jazzy/opt/gz_transport_vendor/lib:/opt/ros/jazzy/opt/gz_rendering_vendor/lib:/opt/ros/jazzy/opt/gz_plugin_vendor/lib:/opt/ros/jazzy/opt/gz_fuel_tools_vendor/lib:/opt/ros/jazzy/opt/gz_msgs_vendor/lib:/opt/ros/jazzy/opt/gz_common_vendor/lib:/opt/ros/jazzy/opt/gz_math_vendor/lib:/opt/ros/jazzy/opt/gz_utils_vendor/lib:/opt/ros/jazzy/opt/gz_tools_vendor/lib:/opt/ros/jazzy/opt/gz_ogre_next_vendor/lib:/opt/ros/jazzy/opt/gz_dartsim_vendor/lib:/opt/ros/jazzy/opt/gz_cmake_vendor/lib:/opt/ros/jazzy/lib PYTHONPATH=/home/namtruong/uuv_sim_home/install/dave_interfaces/lib/python3.12/site-packages:/home/namtruong/uuv_sim_home/build/uuv_simu:/home/namtruong/uuv_sim_home/install/uuv_simu/lib/python3.12/site-packages:/opt/ros/jazzy/lib/python3.12/site-packages /usr/bin/cmake --install /home/namtruong/uuv_sim_home/build/dave_ros_gz_plugins
[1.659s] -- Install configuration: ""
[1.659s] -- Execute custom install script
[1.659s] -- Up-to-date symlink: /home/namtruong/uuv_sim_home/install/dave_ros_gz_plugins/lib/dave_ros_gz_plugins/libSphericalCoords.so
[1.659s] -- Up-to-date symlink: /home/namtruong/uuv_sim_home/install/dave_ros_gz_plugins/lib/dave_ros_gz_plugins/libDVLBridge.so
[1.660s] -- Up-to-date symlink: /home/namtruong/uuv_sim_home/install/dave_ros_gz_plugins/include/dave_ros_gz_plugins/dave_ros_gz_plugins/DVLBridge.hh
[1.660s] -- Up-to-date symlink: /home/namtruong/uuv_sim_home/install/dave_ros_gz_plugins/include/dave_ros_gz_plugins/dave_ros_gz_plugins/OceanCurrentPlugin.hh
[1.660s] -- Up-to-date symlink: /home/namtruong/uuv_sim_home/install/dave_ros_gz_plugins/include/dave_ros_gz_plugins/dave_ros_gz_plugins/SphericalCoords.hh
[1.660s] -- Up-to-date symlink: /home/namtruong/uuv_sim_home/install/dave_ros_gz_plugins/share/dave_ros_gz_plugins/environment/library_path.sh
[1.660s] -- Up-to-date symlink: /home/namtruong/uuv_sim_home/install/dave_ros_gz_plugins/share/dave_ros_gz_plugins/environment/library_path.dsv
[1.660s] -- Up-to-date symlink: /home/namtruong/uuv_sim_home/install/dave_ros_gz_plugins/share/dave_ros_gz_plugins/environment/dave_ros_gz_plugins.dsv
[1.660s] -- Up-to-date symlink: /home/namtruong/uuv_sim_home/install/dave_ros_gz_plugins/share/ament_index/resource_index/package_run_dependencies/dave_ros_gz_plugins
[1.660s] -- Up-to-date symlink: /home/namtruong/uuv_sim_home/install/dave_ros_gz_plugins/share/ament_index/resource_index/parent_prefix_path/dave_ros_gz_plugins
[1.661s] -- Up-to-date symlink: /home/namtruong/uuv_sim_home/install/dave_ros_gz_plugins/share/dave_ros_gz_plugins/environment/ament_prefix_path.sh
[1.661s] -- Up-to-date symlink: /home/namtruong/uuv_sim_home/install/dave_ros_gz_plugins/share/dave_ros_gz_plugins/environment/ament_prefix_path.dsv
[1.661s] -- Up-to-date symlink: /home/namtruong/uuv_sim_home/install/dave_ros_gz_plugins/share/dave_ros_gz_plugins/environment/path.sh
[1.661s] -- Up-to-date symlink: /home/namtruong/uuv_sim_home/install/dave_ros_gz_plugins/share/dave_ros_gz_plugins/environment/path.dsv
[1.661s] -- Up-to-date symlink: /home/namtruong/uuv_sim_home/install/dave_ros_gz_plugins/share/dave_ros_gz_plugins/local_setup.bash
[1.661s] -- Up-to-date symlink: /home/namtruong/uuv_sim_home/install/dave_ros_gz_plugins/share/dave_ros_gz_plugins/local_setup.sh
[1.661s] -- Up-to-date symlink: /home/namtruong/uuv_sim_home/install/dave_ros_gz_plugins/share/dave_ros_gz_plugins/local_setup.zsh
[1.661s] -- Up-to-date symlink: /home/namtruong/uuv_sim_home/install/dave_ros_gz_plugins/share/dave_ros_gz_plugins/local_setup.dsv
[1.661s] -- Symlinking: /home/namtruong/uuv_sim_home/install/dave_ros_gz_plugins/share/dave_ros_gz_plugins/package.dsv
[1.670s] -- Up-to-date symlink: /home/namtruong/uuv_sim_home/install/dave_ros_gz_plugins/share/ament_index/resource_index/packages/dave_ros_gz_plugins
[1.670s] -- Up-to-date symlink: /home/namtruong/uuv_sim_home/install/dave_ros_gz_plugins/share/dave_ros_gz_plugins/cmake/ament_cmake_export_include_directories-extras.cmake
[1.671s] -- Up-to-date symlink: /home/namtruong/uuv_sim_home/install/dave_ros_gz_plugins/share/dave_ros_gz_plugins/cmake/ament_cmake_export_targets-extras.cmake
[1.671s] -- Up-to-date symlink: /home/namtruong/uuv_sim_home/install/dave_ros_gz_plugins/share/dave_ros_gz_plugins/cmake/ament_cmake_export_dependencies-extras.cmake
[1.671s] -- Up-to-date symlink: /home/namtruong/uuv_sim_home/install/dave_ros_gz_plugins/share/dave_ros_gz_plugins/cmake/dave_ros_gz_pluginsConfig.cmake
[1.671s] -- Up-to-date symlink: /home/namtruong/uuv_sim_home/install/dave_ros_gz_plugins/share/dave_ros_gz_plugins/cmake/dave_ros_gz_pluginsConfig-version.cmake
[1.671s] -- Up-to-date symlink: /home/namtruong/uuv_sim_home/install/dave_ros_gz_plugins/share/dave_ros_gz_plugins/package.xml
[1.672s] -- Up-to-date: /home/namtruong/uuv_sim_home/install/dave_ros_gz_plugins/lib/libSphericalCoords.so
[1.672s] -- Up-to-date: /home/namtruong/uuv_sim_home/install/dave_ros_gz_plugins/lib/libOceanCurrentPlugin.so
[1.673s] -- Up-to-date: /home/namtruong/uuv_sim_home/install/dave_ros_gz_plugins/share/dave_ros_gz_plugins/cmake/export_dave_ros_gz_pluginsExport.cmake
[1.673s] -- Up-to-date: /home/namtruong/uuv_sim_home/install/dave_ros_gz_plugins/share/dave_ros_gz_plugins/cmake/export_dave_ros_gz_pluginsExport-noconfig.cmake
[1.675s] Invoked command in '/home/namtruong/uuv_sim_home/build/dave_ros_gz_plugins' returned '0': CMAKE_PREFIX_PATH=/home/namtruong/uuv_sim_home/install/dave_gz_world_plugins:/home/namtruong/uuv_sim_home/install/dave_interfaces:/home/namtruong/uuv_sim_home/install/multibeam_sonar_system:/home/namtruong/uuv_sim_home/install/multibeam_sonar:/home/namtruong/uuv_sim_home/install/dave_worlds:/home/namtruong/uuv_sim_home/install/dave_gz_model_plugins:/home/namtruong/uuv_sim_home/install/dave_ros_gz_plugins:/home/namtruong/uuv_sim_home/install/dave_robot_models:/home/namtruong/uuv_sim_home/install/dave_object_models:/home/namtruong/uuv_sim_home/install/dave_multibeam_sonar_demo:/home/namtruong/uuv_sim_home/install/dave_gz_sensor_plugins:/opt/ros/jazzy/opt/gz_sim_vendor:/opt/ros/jazzy/opt/gz_sensors_vendor:/opt/ros/jazzy/opt/gz_physics_vendor:/opt/ros/jazzy/opt/sdformat_vendor:/opt/ros/jazzy/opt/gz_gui_vendor:/opt/ros/jazzy/opt/gz_transport_vendor:/opt/ros/jazzy/opt/gz_rendering_vendor:/opt/ros/jazzy/opt/gz_plugin_vendor:/opt/ros/jazzy/opt/gz_fuel_tools_vendor:/opt/ros/jazzy/opt/gz_msgs_vendor:/opt/ros/jazzy/opt/gz_common_vendor:/opt/ros/jazzy/opt/gz_math_vendor:/opt/ros/jazzy/opt/gz_utils_vendor:/opt/ros/jazzy/opt/gz_tools_vendor:/opt/ros/jazzy/opt/gz_ogre_next_vendor:/opt/ros/jazzy/opt/gz_dartsim_vendor:/opt/ros/jazzy/opt/gz_cmake_vendor:/home/namtruong/uuv_sim_home/install/uuv_simu:/opt/ros/jazzy DEBUGINFOD_URLS=https://debuginfod.ubuntu.com LD_LIBRARY_PATH=/home/namtruong/uuv_sim_home/install/dave_gz_world_plugins/lib:/home/namtruong/uuv_sim_home/install/dave_interfaces/lib:/home/namtruong/uuv_sim_home/install/dave_ros_gz_plugins/lib:/opt/ros/jazzy/opt/gz_sim_vendor/lib:/opt/ros/jazzy/opt/gz_sensors_vendor/lib:/opt/ros/jazzy/opt/gz_physics_vendor/lib:/opt/ros/jazzy/opt/sdformat_vendor/lib:/opt/ros/jazzy/opt/rviz_ogre_vendor/lib:/opt/ros/jazzy/lib/x86_64-linux-gnu:/opt/ros/jazzy/opt/gz_gui_vendor/lib:/opt/ros/jazzy/opt/gz_transport_vendor/lib:/opt/ros/jazzy/opt/gz_rendering_vendor/lib:/opt/ros/jazzy/opt/gz_plugin_vendor/lib:/opt/ros/jazzy/opt/gz_fuel_tools_vendor/lib:/opt/ros/jazzy/opt/gz_msgs_vendor/lib:/opt/ros/jazzy/opt/gz_common_vendor/lib:/opt/ros/jazzy/opt/gz_math_vendor/lib:/opt/ros/jazzy/opt/gz_utils_vendor/lib:/opt/ros/jazzy/opt/gz_tools_vendor/lib:/opt/ros/jazzy/opt/gz_ogre_next_vendor/lib:/opt/ros/jazzy/opt/gz_dartsim_vendor/lib:/opt/ros/jazzy/opt/gz_cmake_vendor/lib:/opt/ros/jazzy/lib PYTHONPATH=/home/namtruong/uuv_sim_home/install/dave_interfaces/lib/python3.12/site-packages:/home/namtruong/uuv_sim_home/build/uuv_simu:/home/namtruong/uuv_sim_home/install/uuv_simu/lib/python3.12/site-packages:/opt/ros/jazzy/lib/python3.12/site-packages /usr/bin/cmake --install /home/namtruong/uuv_sim_home/build/dave_ros_gz_plugins
