[0.015s] Invoking command in '/home/namtruong/uuv_sim_home/build/dave_gz_sensor_plugins': CMAKE_PREFIX_PATH=/home/namtruong/uuv_sim_home/install/dave_interfaces:/home/namtruong/uuv_sim_home/install/multibeam_sonar_system:/home/namtruong/uuv_sim_home/install/multibeam_sonar:/home/namtruong/uuv_sim_home/install/dave_worlds:/home/namtruong/uuv_sim_home/install/dave_gz_model_plugins:/home/namtruong/uuv_sim_home/install/dave_ros_gz_plugins:/home/namtruong/uuv_sim_home/install/dave_robot_models:/home/namtruong/uuv_sim_home/install/dave_object_models:/home/namtruong/uuv_sim_home/install/dave_multibeam_sonar_demo:/home/namtruong/uuv_sim_home/install/dave_gz_world_plugins:/home/namtruong/uuv_sim_home/install/dave_gz_sensor_plugins:/opt/ros/jazzy/opt/gz_sim_vendor:/opt/ros/jazzy/opt/gz_sensors_vendor:/opt/ros/jazzy/opt/gz_physics_vendor:/opt/ros/jazzy/opt/sdformat_vendor:/opt/ros/jazzy/opt/gz_gui_vendor:/opt/ros/jazzy/opt/gz_transport_vendor:/opt/ros/jazzy/opt/gz_rendering_vendor:/opt/ros/jazzy/opt/gz_plugin_vendor:/opt/ros/jazzy/opt/gz_fuel_tools_vendor:/opt/ros/jazzy/opt/gz_msgs_vendor:/opt/ros/jazzy/opt/gz_common_vendor:/opt/ros/jazzy/opt/gz_math_vendor:/opt/ros/jazzy/opt/gz_utils_vendor:/opt/ros/jazzy/opt/gz_tools_vendor:/opt/ros/jazzy/opt/gz_ogre_next_vendor:/opt/ros/jazzy/opt/gz_dartsim_vendor:/opt/ros/jazzy/opt/gz_cmake_vendor:/home/namtruong/uuv_sim_home/install/uuv_simu:/opt/ros/jazzy DEBUGINFOD_URLS=https://debuginfod.ubuntu.com LD_LIBRARY_PATH=/home/namtruong/uuv_sim_home/install/dave_interfaces/lib:/home/namtruong/uuv_sim_home/install/dave_ros_gz_plugins/lib:/home/namtruong/uuv_sim_home/install/dave_gz_world_plugins/lib:/opt/ros/jazzy/opt/gz_sim_vendor/lib:/opt/ros/jazzy/opt/gz_sensors_vendor/lib:/opt/ros/jazzy/opt/gz_physics_vendor/lib:/opt/ros/jazzy/opt/sdformat_vendor/lib:/opt/ros/jazzy/opt/rviz_ogre_vendor/lib:/opt/ros/jazzy/lib/x86_64-linux-gnu:/opt/ros/jazzy/opt/gz_gui_vendor/lib:/opt/ros/jazzy/opt/gz_transport_vendor/lib:/opt/ros/jazzy/opt/gz_rendering_vendor/lib:/opt/ros/jazzy/opt/gz_plugin_vendor/lib:/opt/ros/jazzy/opt/gz_fuel_tools_vendor/lib:/opt/ros/jazzy/opt/gz_msgs_vendor/lib:/opt/ros/jazzy/opt/gz_common_vendor/lib:/opt/ros/jazzy/opt/gz_math_vendor/lib:/opt/ros/jazzy/opt/gz_utils_vendor/lib:/opt/ros/jazzy/opt/gz_tools_vendor/lib:/opt/ros/jazzy/opt/gz_ogre_next_vendor/lib:/opt/ros/jazzy/opt/gz_dartsim_vendor/lib:/opt/ros/jazzy/opt/gz_cmake_vendor/lib:/opt/ros/jazzy/lib PYTHONPATH=/home/namtruong/uuv_sim_home/install/dave_interfaces/lib/python3.12/site-packages:/home/namtruong/uuv_sim_home/build/uuv_simu:/home/namtruong/uuv_sim_home/install/uuv_simu/lib/python3.12/site-packages:/opt/ros/jazzy/lib/python3.12/site-packages /usr/bin/cmake /home/namtruong/uuv_sim_home/src/dave_gz_sensor_plugins -DCMAKE_INSTALL_PREFIX=/home/namtruong/uuv_sim_home/install/dave_gz_sensor_plugins
[0.028s] -- Found ament_cmake: 2.5.6 (/opt/ros/jazzy/share/ament_cmake/cmake)
[0.220s] -- Override CMake install command with custom implementation using symlinks instead of copying resources
[0.230s] -- Looking for gz-plugin2 -- found version 2.0.4
[0.231s] -- Searching for dependencies of gz-plugin2
[0.231s] -- Looking for gz-utils2 -- found version 2.2.1
[0.231s] -- Searching for dependencies of gz-utils2
[0.232s] -- Searching for <gz-utils2> component [cli]
[0.232s] -- Looking for gz-utils2-cli -- found version 2.2.1
[0.232s] -- Searching for dependencies of gz-utils2-cli
[0.233s] -- Searching for <gz-plugin2> component [register]
[0.233s] -- Looking for gz-plugin2-register -- found version 2.0.4
[0.233s] -- Searching for dependencies of gz-plugin2-register
[0.233s] -- Found rclcpp: 28.1.21 (/opt/ros/jazzy/share/rclcpp/cmake)
[0.257s] -- Found rosidl_generator_c: 4.6.9 (/opt/ros/jazzy/share/rosidl_generator_c/cmake)
[0.264s] -- Found rosidl_generator_cpp: 4.6.9 (/opt/ros/jazzy/share/rosidl_generator_cpp/cmake)
[0.273s] -- Using all available rosidl_typesupport_c: rosidl_typesupport_fastrtps_c;rosidl_typesupport_introspection_c
[0.284s] -- Using all available rosidl_typesupport_cpp: rosidl_typesupport_fastrtps_cpp;rosidl_typesupport_introspection_cpp
[0.336s] -- Found rmw_implementation_cmake: 7.3.3 (/opt/ros/jazzy/share/rmw_implementation_cmake/cmake)
[0.337s] -- Found rmw_fastrtps_cpp: 8.4.4 (/opt/ros/jazzy/share/rmw_fastrtps_cpp/cmake)
[0.397s] -- Using RMW implementation 'rmw_fastrtps_cpp' as default
[0.456s] -- Found std_msgs: 5.3.8 (/opt/ros/jazzy/share/std_msgs/cmake)
[0.467s] -- Looking for gz-common5 -- found version 5.8.0
[0.468s] -- Searching for dependencies of gz-common5
[0.468s] -- Looking for gz-utils2 -- found version 2.2.1
[0.468s] -- Looking for dlfcn.h - found
[0.468s] -- Looking for libdl - found
[0.474s] -- Checking for module 'uuid'
[0.488s] --   Found uuid, version 2.39.3
[0.523s] -- Searching for <gz-common5> component [profiler]
[0.523s] -- Looking for gz-common5-profiler -- found version 5.8.0
[0.524s] -- Searching for dependencies of gz-common5-profiler
[0.524s] -- Looking for gz-sim8 -- found version 8.11.0
[0.524s] -- Searching for dependencies of gz-sim8
[0.525s] -- Looking for sdformat14 -- found version 14.9.0
[0.525s] -- Searching for dependencies of sdformat14
[0.530s] -- Checking for module 'tinyxml2'
[0.545s] --   Found tinyxml2, version 10.0.0
[0.576s] -- Looking for gz-math7 -- found version 7.6.0
[0.577s] -- Searching for dependencies of gz-math7
[0.577s] -- Looking for gz-utils2 -- found version 2.2.1
[0.578s] -- Looking for gz-utils2 -- found version 2.2.1
[0.579s] -- Looking for gz-plugin2 -- found version 2.0.4
[0.579s] -- Searching for dependencies of gz-plugin2
[0.580s] -- Looking for gz-utils2 -- found version 2.2.1
[0.580s] -- Searching for <gz-plugin2> component [loader]
[0.580s] -- Looking for gz-plugin2-loader -- found version 2.0.4
[0.580s] -- Searching for dependencies of gz-plugin2-loader
[0.580s] -- Searching for <gz-plugin2> component [register]
[0.581s] -- Looking for gz-transport13 -- found version 13.5.0
[0.581s] -- Searching for dependencies of gz-transport13
[0.612s] -- Config-file not installed for ZeroMQ -- checking for pkg-config
[0.617s] -- Checking for module 'libzmq >= 4'
[0.633s] --   Found libzmq, version 4.3.5
[0.687s] -- Looking for gz-utils2 -- found version 2.2.1
[0.687s] -- Looking for gz-msgs10 -- found version 10.3.2
[0.687s] -- Searching for dependencies of gz-msgs10
[0.707s] -- Looking for gz-utils2 -- found version 2.2.1
[0.708s] -- Looking for gz-math7 -- found version 7.6.0
[0.714s] -- Searching for <gz-transport13> component [log]
[0.715s] -- Looking for gz-transport13-log -- found version 13.5.0
[0.715s] -- Searching for dependencies of gz-transport13-log
[0.715s] -- Searching for <gz-transport13> component [parameters]
[0.715s] -- Looking for gz-transport13-parameters -- found version 13.5.0
[0.715s] -- Searching for dependencies of gz-transport13-parameters
[0.716s] -- Looking for gz-msgs10 -- found version 10.3.2
[0.717s] -- Looking for gz-common5 -- found version 5.8.0
[0.717s] -- Searching for dependencies of gz-common5
[0.717s] -- Looking for gz-utils2 -- found version 2.2.1
[0.717s] -- Looking for dlfcn.h - found
[0.717s] -- Looking for libdl - found
[0.724s] -- Searching for <gz-common5> component [av]
[0.725s] -- Looking for gz-common5-av -- found version 5.8.0
[0.725s] -- Searching for dependencies of gz-common5-av
[0.730s] -- Checking for module 'libswscale'
[0.749s] --   Found libswscale, version 7.5.100
[0.792s] -- Checking for module 'libavdevice >= 56.4.100'
[0.811s] --   Found libavdevice, version 60.3.100
[0.873s] -- Checking for module 'libavformat'
[0.891s] --   Found libavformat, version 60.16.100
[0.938s] -- Checking for module 'libavcodec'
[0.957s] --   Found libavcodec, version 60.31.102
[1.008s] -- Checking for module 'libavutil'
[1.024s] --   Found libavutil, version 58.29.100
[1.062s] -- Searching for <gz-common5> component [events]
[1.062s] -- Looking for gz-common5-events -- found version 5.8.0
[1.062s] -- Searching for dependencies of gz-common5-events
[1.062s] -- Looking for gz-math7 -- found version 7.6.0
[1.063s] -- Searching for <gz-common5> component [graphics]
[1.063s] -- Looking for gz-common5-graphics -- found version 5.8.0
[1.063s] -- Searching for dependencies of gz-common5-graphics
[1.064s] -- Looking for gz-math7 -- found version 7.6.0
[1.065s] -- Searching for <gz-common5> component [io]
[1.066s] -- Looking for gz-common5-io -- found version 5.8.0
[1.066s] -- Searching for dependencies of gz-common5-io
[1.066s] -- Searching for <gz-common5> component [profiler]
[1.067s] -- Looking for gz-fuel_tools9 -- found version 9.1.1
[1.067s] -- Searching for dependencies of gz-fuel_tools9
[1.109s] -- Checking for module 'jsoncpp'
[1.126s] --   Found jsoncpp, version 1.9.5
[1.180s] -- Checking for module 'yaml-0.1'
[1.197s] --   Found yaml-0.1, version 0.2.5
[1.234s] -- Checking for module 'libzip'
[1.250s] --   Found libzip, version 1.7.3
[1.283s] -- Looking for gz-utils2 -- found version 2.2.1
[1.284s] -- Looking for gz-common5 -- found version 5.8.0
[1.284s] -- Searching for dependencies of gz-common5
[1.284s] -- Looking for gz-utils2 -- found version 2.2.1
[1.284s] -- Looking for dlfcn.h - found
[1.284s] -- Looking for libdl - found
[1.291s] -- Searching for <gz-common5> component [testing]
[1.291s] -- Looking for gz-common5-testing -- found version 5.8.0
[1.291s] -- Searching for dependencies of gz-common5-testing
[1.292s] -- Looking for gz-math7 -- found version 7.6.0
[1.292s] -- Looking for gz-msgs10 -- found version 10.3.2
[1.293s] -- Looking for gz-gui8 -- found version 8.4.0
[1.293s] -- Searching for dependencies of gz-gui8
[1.318s] -- Looking for gz-utils2 -- found version 2.2.1
[1.318s] -- Looking for gz-math7 -- found version 7.6.0
[1.319s] -- Looking for gz-common5 -- found version 5.8.0
[1.319s] -- Looking for gz-plugin2 -- found version 2.0.4
[1.319s] -- Looking for gz-transport13 -- found version 13.5.0
[1.320s] -- Looking for gz-rendering8 -- found version 8.2.3
[1.320s] -- Searching for dependencies of gz-rendering8
[1.320s] -- Looking for gz-math7 -- found version 7.6.0
[1.320s] -- Searching for dependencies of gz-math7
[1.320s] -- Looking for gz-utils2 -- found version 2.2.1
[1.320s] -- Searching for <gz-math7> component [eigen3]
[1.321s] -- Looking for gz-math7-eigen3 -- found version 7.6.0
[1.321s] -- Searching for dependencies of gz-math7-eigen3
[1.322s] -- Looking for gz-common5 -- found version 5.8.0
[1.322s] -- Searching for dependencies of gz-common5
[1.322s] -- Looking for gz-utils2 -- found version 2.2.1
[1.323s] -- Looking for dlfcn.h - found
[1.323s] -- Looking for libdl - found
[1.330s] -- Searching for <gz-common5> component [graphics]
[1.330s] -- Searching for <gz-common5> component [events]
[1.330s] -- Searching for <gz-common5> component [geospatial]
[1.331s] -- Looking for gz-common5-geospatial -- found version 5.8.0
[1.331s] -- Searching for dependencies of gz-common5-geospatial
[1.331s] -- Looking for gz-math7 -- found version 7.6.0
[1.331s] -- Looking for gz-common5 -- found version 5.8.0
[1.332s] -- Looking for gz-plugin2 -- found version 2.0.4
[1.332s] -- Searching for dependencies of gz-plugin2
[1.332s] -- Looking for gz-utils2 -- found version 2.2.1
[1.333s] -- Searching for <gz-plugin2> component [all]
[1.333s] -- Looking for all libraries of gz-plugin2 -- found version 2.0.4
[1.333s] -- Looking for gz-plugin2 -- found version 2.0.4
[1.334s] -- Looking for gz-utils2 -- found version 2.2.1
[1.336s] -- Looking for gz-msgs10 -- found version 10.3.2
[1.350s] -- Looking for gz-physics7 -- found version 7.6.0
[1.351s] -- Searching for dependencies of gz-physics7
[1.351s] -- Looking for gz-common5 -- found version 5.8.0
[1.351s] -- Looking for gz-math7 -- found version 7.6.0
[1.351s] -- Looking for gz-plugin2 -- found version 2.0.4
[1.352s] -- Looking for gz-utils2 -- found version 2.2.1
[1.353s] -- Searching for <gz-physics7> component [heightmap]
[1.353s] -- Looking for gz-physics7-heightmap -- found version 7.6.0
[1.353s] -- Searching for dependencies of gz-physics7-heightmap
[1.353s] -- Looking for gz-common5 -- found version 5.8.0
[1.354s] -- Searching for <gz-physics7> component [mesh]
[1.354s] -- Looking for gz-physics7-mesh -- found version 7.6.0
[1.354s] -- Searching for dependencies of gz-physics7-mesh
[1.354s] -- Looking for gz-common5 -- found version 5.8.0
[1.355s] -- Searching for <gz-physics7> component [sdf]
[1.355s] -- Looking for gz-physics7-sdf -- found version 7.6.0
[1.355s] -- Searching for dependencies of gz-physics7-sdf
[1.355s] -- Looking for sdformat14 -- found version 14.9.0
[1.356s] -- Looking for gz-sensors8 -- found version 8.2.2
[1.356s] -- Searching for dependencies of gz-sensors8
[1.376s] -- Looking for gz-math7 -- found version 7.6.0
[1.376s] -- Looking for gz-common5 -- found version 5.8.0
[1.376s] -- Looking for gz-transport13 -- found version 13.5.0
[1.377s] -- Looking for gz-rendering8 -- found version 8.2.3
[1.377s] -- Looking for gz-msgs10 -- found version 10.3.2
[1.377s] -- Looking for sdformat14 -- found version 14.9.0
[1.378s] -- Searching for <gz-sensors8> component [air_pressure]
[1.378s] -- Looking for gz-sensors8-air_pressure -- found version 8.2.2
[1.378s] -- Searching for dependencies of gz-sensors8-air_pressure
[1.379s] -- Searching for <gz-sensors8> component [air_speed]
[1.379s] -- Looking for gz-sensors8-air_speed -- found version 8.2.2
[1.379s] -- Searching for dependencies of gz-sensors8-air_speed
[1.379s] -- Searching for <gz-sensors8> component [altimeter]
[1.380s] -- Looking for gz-sensors8-altimeter -- found version 8.2.2
[1.380s] -- Searching for dependencies of gz-sensors8-altimeter
[1.380s] -- Searching for <gz-sensors8> component [imu]
[1.381s] -- Looking for gz-sensors8-imu -- found version 8.2.2
[1.381s] -- Searching for dependencies of gz-sensors8-imu
[1.381s] -- Searching for <gz-sensors8> component [force_torque]
[1.381s] -- Looking for gz-sensors8-force_torque -- found version 8.2.2
[1.381s] -- Searching for dependencies of gz-sensors8-force_torque
[1.382s] -- Searching for <gz-sensors8> component [logical_camera]
[1.382s] -- Looking for gz-sensors8-logical_camera -- found version 8.2.2
[1.382s] -- Searching for dependencies of gz-sensors8-logical_camera
[1.383s] -- Searching for <gz-sensors8> component [magnetometer]
[1.383s] -- Looking for gz-sensors8-magnetometer -- found version 8.2.2
[1.383s] -- Searching for dependencies of gz-sensors8-magnetometer
[1.383s] -- Searching for <gz-sensors8> component [navsat]
[1.384s] -- Looking for gz-sensors8-navsat -- found version 8.2.2
[1.384s] -- Searching for dependencies of gz-sensors8-navsat
[1.384s] -- Searching for <gz-sensors8> component [dvl]
[1.384s] -- Looking for gz-sensors8-dvl -- found version 8.2.2
[1.384s] -- Searching for dependencies of gz-sensors8-dvl
[1.385s] -- Looking for gz-sensors8 -- found version 8.2.2
[1.385s] -- Searching for dependencies of gz-sensors8
[1.404s] -- Looking for gz-math7 -- found version 7.6.0
[1.404s] -- Looking for gz-common5 -- found version 5.8.0
[1.405s] -- Looking for gz-transport13 -- found version 13.5.0
[1.405s] -- Looking for gz-rendering8 -- found version 8.2.3
[1.405s] -- Looking for gz-msgs10 -- found version 10.3.2
[1.406s] -- Looking for sdformat14 -- found version 14.9.0
[1.406s] -- Searching for <gz-sensors8> component [rendering]
[1.406s] -- Looking for gz-sensors8-rendering -- found version 8.2.2
[1.406s] -- Searching for dependencies of gz-sensors8-rendering
[1.407s] -- Searching for <gz-sensors8> component [rendering]
[1.407s] -- Searching for <gz-sensors8> component [lidar]
[1.408s] -- Looking for gz-sensors8-lidar -- found version 8.2.2
[1.408s] -- Searching for dependencies of gz-sensors8-lidar
[1.408s] -- Looking for gz-sensors8 -- found version 8.2.2
[1.409s] -- Searching for <gz-sensors8> component [gpu_lidar]
[1.409s] -- Looking for gz-sensors8-gpu_lidar -- found version 8.2.2
[1.409s] -- Searching for dependencies of gz-sensors8-gpu_lidar
[1.409s] -- Looking for gz-sensors8 -- found version 8.2.2
[1.410s] -- Searching for <gz-sensors8> component [camera]
[1.410s] -- Looking for gz-sensors8-camera -- found version 8.2.2
[1.410s] -- Searching for dependencies of gz-sensors8-camera
[1.411s] -- Looking for gz-sensors8 -- found version 8.2.2
[1.411s] -- Searching for <gz-sensors8> component [boundingbox_camera]
[1.411s] -- Looking for gz-sensors8-boundingbox_camera -- found version 8.2.2
[1.412s] -- Searching for dependencies of gz-sensors8-boundingbox_camera
[1.412s] -- Searching for <gz-sensors8> component [segmentation_camera]
[1.412s] -- Looking for gz-sensors8-segmentation_camera -- found version 8.2.2
[1.412s] -- Searching for dependencies of gz-sensors8-segmentation_camera
[1.413s] -- Searching for <gz-sensors8> component [depth_camera]
[1.413s] -- Looking for gz-sensors8-depth_camera -- found version 8.2.2
[1.413s] -- Searching for dependencies of gz-sensors8-depth_camera
[1.413s] -- Looking for gz-sensors8 -- found version 8.2.2
[1.414s] -- Searching for <gz-sensors8> component [rgbd_camera]
[1.414s] -- Looking for gz-sensors8-rgbd_camera -- found version 8.2.2
[1.414s] -- Searching for dependencies of gz-sensors8-rgbd_camera
[1.414s] -- Looking for gz-sensors8 -- found version 8.2.2
[1.415s] -- Searching for <gz-sensors8> component [thermal_camera]
[1.415s] -- Looking for gz-sensors8-thermal_camera -- found version 8.2.2
[1.416s] -- Searching for dependencies of gz-sensors8-thermal_camera
[1.416s] -- Looking for gz-sensors8 -- found version 8.2.2
[1.416s] -- Searching for <gz-sensors8> component [wide_angle_camera]
[1.417s] -- Looking for gz-sensors8-wide_angle_camera -- found version 8.2.2
[1.417s] -- Searching for dependencies of gz-sensors8-wide_angle_camera
[1.418s] -- Looking for gz-rendering8 -- found version 8.2.3
[1.418s] -- Looking for gz-math7 -- found version 7.6.0
[1.419s] -- Looking for gz-utils2 -- found version 2.2.1
[1.438s] -- Found geometry_msgs: 5.3.8 (/opt/ros/jazzy/share/geometry_msgs/cmake)
[1.451s] -- Found dave_interfaces: 0.0.0 (/home/namtruong/uuv_sim_home/install/dave_interfaces/share/dave_interfaces/cmake)
[1.473s] -- Found sensor_msgs: 5.3.8 (/opt/ros/jazzy/share/sensor_msgs/cmake)
[1.501s] -- Looking for gz-msgs10 -- found version 10.3.2
[1.507s] -- Compiling against Gazebo Harmonic
[1.587s] -- Configuring done (1.6s)
[1.647s] -- Generating done (0.0s)
[1.655s] -- Build files have been written to: /home/namtruong/uuv_sim_home/build/dave_gz_sensor_plugins
[1.670s] Invoked command in '/home/namtruong/uuv_sim_home/build/dave_gz_sensor_plugins' returned '0': CMAKE_PREFIX_PATH=/home/namtruong/uuv_sim_home/install/dave_interfaces:/home/namtruong/uuv_sim_home/install/multibeam_sonar_system:/home/namtruong/uuv_sim_home/install/multibeam_sonar:/home/namtruong/uuv_sim_home/install/dave_worlds:/home/namtruong/uuv_sim_home/install/dave_gz_model_plugins:/home/namtruong/uuv_sim_home/install/dave_ros_gz_plugins:/home/namtruong/uuv_sim_home/install/dave_robot_models:/home/namtruong/uuv_sim_home/install/dave_object_models:/home/namtruong/uuv_sim_home/install/dave_multibeam_sonar_demo:/home/namtruong/uuv_sim_home/install/dave_gz_world_plugins:/home/namtruong/uuv_sim_home/install/dave_gz_sensor_plugins:/opt/ros/jazzy/opt/gz_sim_vendor:/opt/ros/jazzy/opt/gz_sensors_vendor:/opt/ros/jazzy/opt/gz_physics_vendor:/opt/ros/jazzy/opt/sdformat_vendor:/opt/ros/jazzy/opt/gz_gui_vendor:/opt/ros/jazzy/opt/gz_transport_vendor:/opt/ros/jazzy/opt/gz_rendering_vendor:/opt/ros/jazzy/opt/gz_plugin_vendor:/opt/ros/jazzy/opt/gz_fuel_tools_vendor:/opt/ros/jazzy/opt/gz_msgs_vendor:/opt/ros/jazzy/opt/gz_common_vendor:/opt/ros/jazzy/opt/gz_math_vendor:/opt/ros/jazzy/opt/gz_utils_vendor:/opt/ros/jazzy/opt/gz_tools_vendor:/opt/ros/jazzy/opt/gz_ogre_next_vendor:/opt/ros/jazzy/opt/gz_dartsim_vendor:/opt/ros/jazzy/opt/gz_cmake_vendor:/home/namtruong/uuv_sim_home/install/uuv_simu:/opt/ros/jazzy DEBUGINFOD_URLS=https://debuginfod.ubuntu.com LD_LIBRARY_PATH=/home/namtruong/uuv_sim_home/install/dave_interfaces/lib:/home/namtruong/uuv_sim_home/install/dave_ros_gz_plugins/lib:/home/namtruong/uuv_sim_home/install/dave_gz_world_plugins/lib:/opt/ros/jazzy/opt/gz_sim_vendor/lib:/opt/ros/jazzy/opt/gz_sensors_vendor/lib:/opt/ros/jazzy/opt/gz_physics_vendor/lib:/opt/ros/jazzy/opt/sdformat_vendor/lib:/opt/ros/jazzy/opt/rviz_ogre_vendor/lib:/opt/ros/jazzy/lib/x86_64-linux-gnu:/opt/ros/jazzy/opt/gz_gui_vendor/lib:/opt/ros/jazzy/opt/gz_transport_vendor/lib:/opt/ros/jazzy/opt/gz_rendering_vendor/lib:/opt/ros/jazzy/opt/gz_plugin_vendor/lib:/opt/ros/jazzy/opt/gz_fuel_tools_vendor/lib:/opt/ros/jazzy/opt/gz_msgs_vendor/lib:/opt/ros/jazzy/opt/gz_common_vendor/lib:/opt/ros/jazzy/opt/gz_math_vendor/lib:/opt/ros/jazzy/opt/gz_utils_vendor/lib:/opt/ros/jazzy/opt/gz_tools_vendor/lib:/opt/ros/jazzy/opt/gz_ogre_next_vendor/lib:/opt/ros/jazzy/opt/gz_dartsim_vendor/lib:/opt/ros/jazzy/opt/gz_cmake_vendor/lib:/opt/ros/jazzy/lib PYTHONPATH=/home/namtruong/uuv_sim_home/install/dave_interfaces/lib/python3.12/site-packages:/home/namtruong/uuv_sim_home/build/uuv_simu:/home/namtruong/uuv_sim_home/install/uuv_simu/lib/python3.12/site-packages:/opt/ros/jazzy/lib/python3.12/site-packages /usr/bin/cmake /home/namtruong/uuv_sim_home/src/dave_gz_sensor_plugins -DCMAKE_INSTALL_PREFIX=/home/namtruong/uuv_sim_home/install/dave_gz_sensor_plugins
[1.671s] Invoking command in '/home/namtruong/uuv_sim_home/build/dave_gz_sensor_plugins': CMAKE_PREFIX_PATH=/home/namtruong/uuv_sim_home/install/dave_interfaces:/home/namtruong/uuv_sim_home/install/multibeam_sonar_system:/home/namtruong/uuv_sim_home/install/multibeam_sonar:/home/namtruong/uuv_sim_home/install/dave_worlds:/home/namtruong/uuv_sim_home/install/dave_gz_model_plugins:/home/namtruong/uuv_sim_home/install/dave_ros_gz_plugins:/home/namtruong/uuv_sim_home/install/dave_robot_models:/home/namtruong/uuv_sim_home/install/dave_object_models:/home/namtruong/uuv_sim_home/install/dave_multibeam_sonar_demo:/home/namtruong/uuv_sim_home/install/dave_gz_world_plugins:/home/namtruong/uuv_sim_home/install/dave_gz_sensor_plugins:/opt/ros/jazzy/opt/gz_sim_vendor:/opt/ros/jazzy/opt/gz_sensors_vendor:/opt/ros/jazzy/opt/gz_physics_vendor:/opt/ros/jazzy/opt/sdformat_vendor:/opt/ros/jazzy/opt/gz_gui_vendor:/opt/ros/jazzy/opt/gz_transport_vendor:/opt/ros/jazzy/opt/gz_rendering_vendor:/opt/ros/jazzy/opt/gz_plugin_vendor:/opt/ros/jazzy/opt/gz_fuel_tools_vendor:/opt/ros/jazzy/opt/gz_msgs_vendor:/opt/ros/jazzy/opt/gz_common_vendor:/opt/ros/jazzy/opt/gz_math_vendor:/opt/ros/jazzy/opt/gz_utils_vendor:/opt/ros/jazzy/opt/gz_tools_vendor:/opt/ros/jazzy/opt/gz_ogre_next_vendor:/opt/ros/jazzy/opt/gz_dartsim_vendor:/opt/ros/jazzy/opt/gz_cmake_vendor:/home/namtruong/uuv_sim_home/install/uuv_simu:/opt/ros/jazzy DEBUGINFOD_URLS=https://debuginfod.ubuntu.com LD_LIBRARY_PATH=/home/namtruong/uuv_sim_home/install/dave_interfaces/lib:/home/namtruong/uuv_sim_home/install/dave_ros_gz_plugins/lib:/home/namtruong/uuv_sim_home/install/dave_gz_world_plugins/lib:/opt/ros/jazzy/opt/gz_sim_vendor/lib:/opt/ros/jazzy/opt/gz_sensors_vendor/lib:/opt/ros/jazzy/opt/gz_physics_vendor/lib:/opt/ros/jazzy/opt/sdformat_vendor/lib:/opt/ros/jazzy/opt/rviz_ogre_vendor/lib:/opt/ros/jazzy/lib/x86_64-linux-gnu:/opt/ros/jazzy/opt/gz_gui_vendor/lib:/opt/ros/jazzy/opt/gz_transport_vendor/lib:/opt/ros/jazzy/opt/gz_rendering_vendor/lib:/opt/ros/jazzy/opt/gz_plugin_vendor/lib:/opt/ros/jazzy/opt/gz_fuel_tools_vendor/lib:/opt/ros/jazzy/opt/gz_msgs_vendor/lib:/opt/ros/jazzy/opt/gz_common_vendor/lib:/opt/ros/jazzy/opt/gz_math_vendor/lib:/opt/ros/jazzy/opt/gz_utils_vendor/lib:/opt/ros/jazzy/opt/gz_tools_vendor/lib:/opt/ros/jazzy/opt/gz_ogre_next_vendor/lib:/opt/ros/jazzy/opt/gz_dartsim_vendor/lib:/opt/ros/jazzy/opt/gz_cmake_vendor/lib:/opt/ros/jazzy/lib PYTHONPATH=/home/namtruong/uuv_sim_home/install/dave_interfaces/lib/python3.12/site-packages:/home/namtruong/uuv_sim_home/build/uuv_simu:/home/namtruong/uuv_sim_home/install/uuv_simu/lib/python3.12/site-packages:/opt/ros/jazzy/lib/python3.12/site-packages /usr/bin/cmake --build /home/namtruong/uuv_sim_home/build/dave_gz_sensor_plugins -- -j16 -l16
[1.740s] [ 50%] Built target sea_pressure_sensor
[1.740s] [ 50%] Built target UnderwaterCamera
[1.740s] [ 75%] Built target UsblTransponder
[1.741s] [100%] Built target UsblTransceiver
[1.753s] Invoked command in '/home/namtruong/uuv_sim_home/build/dave_gz_sensor_plugins' returned '0': CMAKE_PREFIX_PATH=/home/namtruong/uuv_sim_home/install/dave_interfaces:/home/namtruong/uuv_sim_home/install/multibeam_sonar_system:/home/namtruong/uuv_sim_home/install/multibeam_sonar:/home/namtruong/uuv_sim_home/install/dave_worlds:/home/namtruong/uuv_sim_home/install/dave_gz_model_plugins:/home/namtruong/uuv_sim_home/install/dave_ros_gz_plugins:/home/namtruong/uuv_sim_home/install/dave_robot_models:/home/namtruong/uuv_sim_home/install/dave_object_models:/home/namtruong/uuv_sim_home/install/dave_multibeam_sonar_demo:/home/namtruong/uuv_sim_home/install/dave_gz_world_plugins:/home/namtruong/uuv_sim_home/install/dave_gz_sensor_plugins:/opt/ros/jazzy/opt/gz_sim_vendor:/opt/ros/jazzy/opt/gz_sensors_vendor:/opt/ros/jazzy/opt/gz_physics_vendor:/opt/ros/jazzy/opt/sdformat_vendor:/opt/ros/jazzy/opt/gz_gui_vendor:/opt/ros/jazzy/opt/gz_transport_vendor:/opt/ros/jazzy/opt/gz_rendering_vendor:/opt/ros/jazzy/opt/gz_plugin_vendor:/opt/ros/jazzy/opt/gz_fuel_tools_vendor:/opt/ros/jazzy/opt/gz_msgs_vendor:/opt/ros/jazzy/opt/gz_common_vendor:/opt/ros/jazzy/opt/gz_math_vendor:/opt/ros/jazzy/opt/gz_utils_vendor:/opt/ros/jazzy/opt/gz_tools_vendor:/opt/ros/jazzy/opt/gz_ogre_next_vendor:/opt/ros/jazzy/opt/gz_dartsim_vendor:/opt/ros/jazzy/opt/gz_cmake_vendor:/home/namtruong/uuv_sim_home/install/uuv_simu:/opt/ros/jazzy DEBUGINFOD_URLS=https://debuginfod.ubuntu.com LD_LIBRARY_PATH=/home/namtruong/uuv_sim_home/install/dave_interfaces/lib:/home/namtruong/uuv_sim_home/install/dave_ros_gz_plugins/lib:/home/namtruong/uuv_sim_home/install/dave_gz_world_plugins/lib:/opt/ros/jazzy/opt/gz_sim_vendor/lib:/opt/ros/jazzy/opt/gz_sensors_vendor/lib:/opt/ros/jazzy/opt/gz_physics_vendor/lib:/opt/ros/jazzy/opt/sdformat_vendor/lib:/opt/ros/jazzy/opt/rviz_ogre_vendor/lib:/opt/ros/jazzy/lib/x86_64-linux-gnu:/opt/ros/jazzy/opt/gz_gui_vendor/lib:/opt/ros/jazzy/opt/gz_transport_vendor/lib:/opt/ros/jazzy/opt/gz_rendering_vendor/lib:/opt/ros/jazzy/opt/gz_plugin_vendor/lib:/opt/ros/jazzy/opt/gz_fuel_tools_vendor/lib:/opt/ros/jazzy/opt/gz_msgs_vendor/lib:/opt/ros/jazzy/opt/gz_common_vendor/lib:/opt/ros/jazzy/opt/gz_math_vendor/lib:/opt/ros/jazzy/opt/gz_utils_vendor/lib:/opt/ros/jazzy/opt/gz_tools_vendor/lib:/opt/ros/jazzy/opt/gz_ogre_next_vendor/lib:/opt/ros/jazzy/opt/gz_dartsim_vendor/lib:/opt/ros/jazzy/opt/gz_cmake_vendor/lib:/opt/ros/jazzy/lib PYTHONPATH=/home/namtruong/uuv_sim_home/install/dave_interfaces/lib/python3.12/site-packages:/home/namtruong/uuv_sim_home/build/uuv_simu:/home/namtruong/uuv_sim_home/install/uuv_simu/lib/python3.12/site-packages:/opt/ros/jazzy/lib/python3.12/site-packages /usr/bin/cmake --build /home/namtruong/uuv_sim_home/build/dave_gz_sensor_plugins -- -j16 -l16
[1.754s] Invoking command in '/home/namtruong/uuv_sim_home/build/dave_gz_sensor_plugins': CMAKE_PREFIX_PATH=/home/namtruong/uuv_sim_home/install/dave_interfaces:/home/namtruong/uuv_sim_home/install/multibeam_sonar_system:/home/namtruong/uuv_sim_home/install/multibeam_sonar:/home/namtruong/uuv_sim_home/install/dave_worlds:/home/namtruong/uuv_sim_home/install/dave_gz_model_plugins:/home/namtruong/uuv_sim_home/install/dave_ros_gz_plugins:/home/namtruong/uuv_sim_home/install/dave_robot_models:/home/namtruong/uuv_sim_home/install/dave_object_models:/home/namtruong/uuv_sim_home/install/dave_multibeam_sonar_demo:/home/namtruong/uuv_sim_home/install/dave_gz_world_plugins:/home/namtruong/uuv_sim_home/install/dave_gz_sensor_plugins:/opt/ros/jazzy/opt/gz_sim_vendor:/opt/ros/jazzy/opt/gz_sensors_vendor:/opt/ros/jazzy/opt/gz_physics_vendor:/opt/ros/jazzy/opt/sdformat_vendor:/opt/ros/jazzy/opt/gz_gui_vendor:/opt/ros/jazzy/opt/gz_transport_vendor:/opt/ros/jazzy/opt/gz_rendering_vendor:/opt/ros/jazzy/opt/gz_plugin_vendor:/opt/ros/jazzy/opt/gz_fuel_tools_vendor:/opt/ros/jazzy/opt/gz_msgs_vendor:/opt/ros/jazzy/opt/gz_common_vendor:/opt/ros/jazzy/opt/gz_math_vendor:/opt/ros/jazzy/opt/gz_utils_vendor:/opt/ros/jazzy/opt/gz_tools_vendor:/opt/ros/jazzy/opt/gz_ogre_next_vendor:/opt/ros/jazzy/opt/gz_dartsim_vendor:/opt/ros/jazzy/opt/gz_cmake_vendor:/home/namtruong/uuv_sim_home/install/uuv_simu:/opt/ros/jazzy DEBUGINFOD_URLS=https://debuginfod.ubuntu.com LD_LIBRARY_PATH=/home/namtruong/uuv_sim_home/install/dave_interfaces/lib:/home/namtruong/uuv_sim_home/install/dave_ros_gz_plugins/lib:/home/namtruong/uuv_sim_home/install/dave_gz_world_plugins/lib:/opt/ros/jazzy/opt/gz_sim_vendor/lib:/opt/ros/jazzy/opt/gz_sensors_vendor/lib:/opt/ros/jazzy/opt/gz_physics_vendor/lib:/opt/ros/jazzy/opt/sdformat_vendor/lib:/opt/ros/jazzy/opt/rviz_ogre_vendor/lib:/opt/ros/jazzy/lib/x86_64-linux-gnu:/opt/ros/jazzy/opt/gz_gui_vendor/lib:/opt/ros/jazzy/opt/gz_transport_vendor/lib:/opt/ros/jazzy/opt/gz_rendering_vendor/lib:/opt/ros/jazzy/opt/gz_plugin_vendor/lib:/opt/ros/jazzy/opt/gz_fuel_tools_vendor/lib:/opt/ros/jazzy/opt/gz_msgs_vendor/lib:/opt/ros/jazzy/opt/gz_common_vendor/lib:/opt/ros/jazzy/opt/gz_math_vendor/lib:/opt/ros/jazzy/opt/gz_utils_vendor/lib:/opt/ros/jazzy/opt/gz_tools_vendor/lib:/opt/ros/jazzy/opt/gz_ogre_next_vendor/lib:/opt/ros/jazzy/opt/gz_dartsim_vendor/lib:/opt/ros/jazzy/opt/gz_cmake_vendor/lib:/opt/ros/jazzy/lib PYTHONPATH=/home/namtruong/uuv_sim_home/install/dave_interfaces/lib/python3.12/site-packages:/home/namtruong/uuv_sim_home/build/uuv_simu:/home/namtruong/uuv_sim_home/install/uuv_simu/lib/python3.12/site-packages:/opt/ros/jazzy/lib/python3.12/site-packages /usr/bin/cmake --install /home/namtruong/uuv_sim_home/build/dave_gz_sensor_plugins
[1.762s] -- Install configuration: ""
[1.762s] -- Execute custom install script
[1.762s] -- Up-to-date symlink: /home/namtruong/uuv_sim_home/install/dave_gz_sensor_plugins/lib/dave_gz_sensor_plugins/libUsblTransceiver.so
[1.763s] -- Up-to-date symlink: /home/namtruong/uuv_sim_home/install/dave_gz_sensor_plugins/lib/dave_gz_sensor_plugins/libUsblTransponder.so
[1.763s] -- Up-to-date symlink: /home/namtruong/uuv_sim_home/install/dave_gz_sensor_plugins/lib/dave_gz_sensor_plugins/libsea_pressure_sensor.so
[1.763s] -- Up-to-date symlink: /home/namtruong/uuv_sim_home/install/dave_gz_sensor_plugins/lib/dave_gz_sensor_plugins/libUnderwaterCamera.so
[1.763s] -- Up-to-date symlink: /home/namtruong/uuv_sim_home/install/dave_gz_sensor_plugins/include//dave_gz_sensor_plugins/UnderwaterCamera.hh
[1.763s] -- Up-to-date symlink: /home/namtruong/uuv_sim_home/install/dave_gz_sensor_plugins/include//dave_gz_sensor_plugins/UsblTransceiver.hh
[1.763s] -- Up-to-date symlink: /home/namtruong/uuv_sim_home/install/dave_gz_sensor_plugins/include//dave_gz_sensor_plugins/UsblTransponder.hh
[1.763s] -- Up-to-date symlink: /home/namtruong/uuv_sim_home/install/dave_gz_sensor_plugins/include//dave_gz_sensor_plugins/sea_pressure_sensor.hh
[1.764s] -- Up-to-date symlink: /home/namtruong/uuv_sim_home/install/dave_gz_sensor_plugins/share/dave_gz_sensor_plugins/environment/dave_gz_sensor_plugins.dsv
[1.764s] -- Up-to-date symlink: /home/namtruong/uuv_sim_home/install/dave_gz_sensor_plugins/share/ament_index/resource_index/package_run_dependencies/dave_gz_sensor_plugins
[1.764s] -- Up-to-date symlink: /home/namtruong/uuv_sim_home/install/dave_gz_sensor_plugins/share/ament_index/resource_index/parent_prefix_path/dave_gz_sensor_plugins
[1.764s] -- Up-to-date symlink: /home/namtruong/uuv_sim_home/install/dave_gz_sensor_plugins/share/dave_gz_sensor_plugins/environment/ament_prefix_path.sh
[1.764s] -- Up-to-date symlink: /home/namtruong/uuv_sim_home/install/dave_gz_sensor_plugins/share/dave_gz_sensor_plugins/environment/ament_prefix_path.dsv
[1.764s] -- Up-to-date symlink: /home/namtruong/uuv_sim_home/install/dave_gz_sensor_plugins/share/dave_gz_sensor_plugins/environment/path.sh
[1.764s] -- Up-to-date symlink: /home/namtruong/uuv_sim_home/install/dave_gz_sensor_plugins/share/dave_gz_sensor_plugins/environment/path.dsv
[1.764s] -- Up-to-date symlink: /home/namtruong/uuv_sim_home/install/dave_gz_sensor_plugins/share/dave_gz_sensor_plugins/local_setup.bash
[1.764s] -- Up-to-date symlink: /home/namtruong/uuv_sim_home/install/dave_gz_sensor_plugins/share/dave_gz_sensor_plugins/local_setup.sh
[1.764s] -- Up-to-date symlink: /home/namtruong/uuv_sim_home/install/dave_gz_sensor_plugins/share/dave_gz_sensor_plugins/local_setup.zsh
[1.765s] -- Up-to-date symlink: /home/namtruong/uuv_sim_home/install/dave_gz_sensor_plugins/share/dave_gz_sensor_plugins/local_setup.dsv
[1.765s] -- Symlinking: /home/namtruong/uuv_sim_home/install/dave_gz_sensor_plugins/share/dave_gz_sensor_plugins/package.dsv
[1.774s] -- Up-to-date symlink: /home/namtruong/uuv_sim_home/install/dave_gz_sensor_plugins/share/ament_index/resource_index/packages/dave_gz_sensor_plugins
[1.774s] -- Up-to-date symlink: /home/namtruong/uuv_sim_home/install/dave_gz_sensor_plugins/share/dave_gz_sensor_plugins/cmake/dave_gz_sensor_pluginsConfig.cmake
[1.774s] -- Up-to-date symlink: /home/namtruong/uuv_sim_home/install/dave_gz_sensor_plugins/share/dave_gz_sensor_plugins/cmake/dave_gz_sensor_pluginsConfig-version.cmake
[1.774s] -- Up-to-date symlink: /home/namtruong/uuv_sim_home/install/dave_gz_sensor_plugins/share/dave_gz_sensor_plugins/package.xml
[1.776s] Invoked command in '/home/namtruong/uuv_sim_home/build/dave_gz_sensor_plugins' returned '0': CMAKE_PREFIX_PATH=/home/namtruong/uuv_sim_home/install/dave_interfaces:/home/namtruong/uuv_sim_home/install/multibeam_sonar_system:/home/namtruong/uuv_sim_home/install/multibeam_sonar:/home/namtruong/uuv_sim_home/install/dave_worlds:/home/namtruong/uuv_sim_home/install/dave_gz_model_plugins:/home/namtruong/uuv_sim_home/install/dave_ros_gz_plugins:/home/namtruong/uuv_sim_home/install/dave_robot_models:/home/namtruong/uuv_sim_home/install/dave_object_models:/home/namtruong/uuv_sim_home/install/dave_multibeam_sonar_demo:/home/namtruong/uuv_sim_home/install/dave_gz_world_plugins:/home/namtruong/uuv_sim_home/install/dave_gz_sensor_plugins:/opt/ros/jazzy/opt/gz_sim_vendor:/opt/ros/jazzy/opt/gz_sensors_vendor:/opt/ros/jazzy/opt/gz_physics_vendor:/opt/ros/jazzy/opt/sdformat_vendor:/opt/ros/jazzy/opt/gz_gui_vendor:/opt/ros/jazzy/opt/gz_transport_vendor:/opt/ros/jazzy/opt/gz_rendering_vendor:/opt/ros/jazzy/opt/gz_plugin_vendor:/opt/ros/jazzy/opt/gz_fuel_tools_vendor:/opt/ros/jazzy/opt/gz_msgs_vendor:/opt/ros/jazzy/opt/gz_common_vendor:/opt/ros/jazzy/opt/gz_math_vendor:/opt/ros/jazzy/opt/gz_utils_vendor:/opt/ros/jazzy/opt/gz_tools_vendor:/opt/ros/jazzy/opt/gz_ogre_next_vendor:/opt/ros/jazzy/opt/gz_dartsim_vendor:/opt/ros/jazzy/opt/gz_cmake_vendor:/home/namtruong/uuv_sim_home/install/uuv_simu:/opt/ros/jazzy DEBUGINFOD_URLS=https://debuginfod.ubuntu.com LD_LIBRARY_PATH=/home/namtruong/uuv_sim_home/install/dave_interfaces/lib:/home/namtruong/uuv_sim_home/install/dave_ros_gz_plugins/lib:/home/namtruong/uuv_sim_home/install/dave_gz_world_plugins/lib:/opt/ros/jazzy/opt/gz_sim_vendor/lib:/opt/ros/jazzy/opt/gz_sensors_vendor/lib:/opt/ros/jazzy/opt/gz_physics_vendor/lib:/opt/ros/jazzy/opt/sdformat_vendor/lib:/opt/ros/jazzy/opt/rviz_ogre_vendor/lib:/opt/ros/jazzy/lib/x86_64-linux-gnu:/opt/ros/jazzy/opt/gz_gui_vendor/lib:/opt/ros/jazzy/opt/gz_transport_vendor/lib:/opt/ros/jazzy/opt/gz_rendering_vendor/lib:/opt/ros/jazzy/opt/gz_plugin_vendor/lib:/opt/ros/jazzy/opt/gz_fuel_tools_vendor/lib:/opt/ros/jazzy/opt/gz_msgs_vendor/lib:/opt/ros/jazzy/opt/gz_common_vendor/lib:/opt/ros/jazzy/opt/gz_math_vendor/lib:/opt/ros/jazzy/opt/gz_utils_vendor/lib:/opt/ros/jazzy/opt/gz_tools_vendor/lib:/opt/ros/jazzy/opt/gz_ogre_next_vendor/lib:/opt/ros/jazzy/opt/gz_dartsim_vendor/lib:/opt/ros/jazzy/opt/gz_cmake_vendor/lib:/opt/ros/jazzy/lib PYTHONPATH=/home/namtruong/uuv_sim_home/install/dave_interfaces/lib/python3.12/site-packages:/home/namtruong/uuv_sim_home/build/uuv_simu:/home/namtruong/uuv_sim_home/install/uuv_simu/lib/python3.12/site-packages:/opt/ros/jazzy/lib/python3.12/site-packages /usr/bin/cmake --install /home/namtruong/uuv_sim_home/build/dave_gz_sensor_plugins
