[0.015s] Invoking command in '/home/namtruong/uuv_sim_home/build/dave_gz_world_plugins': CMAKE_PREFIX_PATH=/home/namtruong/uuv_sim_home/install/dave_interfaces:/home/namtruong/uuv_sim_home/install/multibeam_sonar_system:/home/namtruong/uuv_sim_home/install/multibeam_sonar:/home/namtruong/uuv_sim_home/install/dave_worlds:/home/namtruong/uuv_sim_home/install/dave_gz_model_plugins:/home/namtruong/uuv_sim_home/install/dave_ros_gz_plugins:/home/namtruong/uuv_sim_home/install/dave_robot_models:/home/namtruong/uuv_sim_home/install/dave_object_models:/home/namtruong/uuv_sim_home/install/dave_multibeam_sonar_demo:/home/namtruong/uuv_sim_home/install/dave_gz_world_plugins:/home/namtruong/uuv_sim_home/install/dave_gz_sensor_plugins:/opt/ros/jazzy/opt/gz_sim_vendor:/opt/ros/jazzy/opt/gz_sensors_vendor:/opt/ros/jazzy/opt/gz_physics_vendor:/opt/ros/jazzy/opt/sdformat_vendor:/opt/ros/jazzy/opt/gz_gui_vendor:/opt/ros/jazzy/opt/gz_transport_vendor:/opt/ros/jazzy/opt/gz_rendering_vendor:/opt/ros/jazzy/opt/gz_plugin_vendor:/opt/ros/jazzy/opt/gz_fuel_tools_vendor:/opt/ros/jazzy/opt/gz_msgs_vendor:/opt/ros/jazzy/opt/gz_common_vendor:/opt/ros/jazzy/opt/gz_math_vendor:/opt/ros/jazzy/opt/gz_utils_vendor:/opt/ros/jazzy/opt/gz_tools_vendor:/opt/ros/jazzy/opt/gz_ogre_next_vendor:/opt/ros/jazzy/opt/gz_dartsim_vendor:/opt/ros/jazzy/opt/gz_cmake_vendor:/home/namtruong/uuv_sim_home/install/uuv_simu:/opt/ros/jazzy DEBUGINFOD_URLS=https://debuginfod.ubuntu.com LD_LIBRARY_PATH=/home/namtruong/uuv_sim_home/install/dave_interfaces/lib:/home/namtruong/uuv_sim_home/install/dave_ros_gz_plugins/lib:/home/namtruong/uuv_sim_home/install/dave_gz_world_plugins/lib:/opt/ros/jazzy/opt/gz_sim_vendor/lib:/opt/ros/jazzy/opt/gz_sensors_vendor/lib:/opt/ros/jazzy/opt/gz_physics_vendor/lib:/opt/ros/jazzy/opt/sdformat_vendor/lib:/opt/ros/jazzy/opt/rviz_ogre_vendor/lib:/opt/ros/jazzy/lib/x86_64-linux-gnu:/opt/ros/jazzy/opt/gz_gui_vendor/lib:/opt/ros/jazzy/opt/gz_transport_vendor/lib:/opt/ros/jazzy/opt/gz_rendering_vendor/lib:/opt/ros/jazzy/opt/gz_plugin_vendor/lib:/opt/ros/jazzy/opt/gz_fuel_tools_vendor/lib:/opt/ros/jazzy/opt/gz_msgs_vendor/lib:/opt/ros/jazzy/opt/gz_common_vendor/lib:/opt/ros/jazzy/opt/gz_math_vendor/lib:/opt/ros/jazzy/opt/gz_utils_vendor/lib:/opt/ros/jazzy/opt/gz_tools_vendor/lib:/opt/ros/jazzy/opt/gz_ogre_next_vendor/lib:/opt/ros/jazzy/opt/gz_dartsim_vendor/lib:/opt/ros/jazzy/opt/gz_cmake_vendor/lib:/opt/ros/jazzy/lib PYTHONPATH=/home/namtruong/uuv_sim_home/install/dave_interfaces/lib/python3.12/site-packages:/home/namtruong/uuv_sim_home/build/uuv_simu:/home/namtruong/uuv_sim_home/install/uuv_simu/lib/python3.12/site-packages:/opt/ros/jazzy/lib/python3.12/site-packages /usr/bin/cmake /home/namtruong/uuv_sim_home/src/dave_gz_world_plugins -DCMAKE_INSTALL_PREFIX=/home/namtruong/uuv_sim_home/install/dave_gz_world_plugins
[0.029s] -- Found ament_cmake: 2.5.6 (/opt/ros/jazzy/share/ament_cmake/cmake)
[0.222s] -- Override CMake install command with custom implementation using symlinks instead of copying resources
[0.243s] -- Looking for gz-plugin2 -- found version 2.0.4
[0.243s] -- Searching for dependencies of gz-plugin2
[0.243s] -- Looking for gz-utils2 -- found version 2.2.1
[0.243s] -- Searching for dependencies of gz-utils2
[0.244s] -- Searching for <gz-utils2> component [cli]
[0.244s] -- Looking for gz-utils2-cli -- found version 2.2.1
[0.244s] -- Searching for dependencies of gz-utils2-cli
[0.245s] -- Searching for <gz-plugin2> component [register]
[0.245s] -- Looking for gz-plugin2-register -- found version 2.0.4
[0.245s] -- Searching for dependencies of gz-plugin2-register
[0.246s] -- Found rclcpp: 28.1.21 (/opt/ros/jazzy/share/rclcpp/cmake)
[0.270s] -- Found rosidl_generator_c: 4.6.9 (/opt/ros/jazzy/share/rosidl_generator_c/cmake)
[0.277s] -- Found rosidl_generator_cpp: 4.6.9 (/opt/ros/jazzy/share/rosidl_generator_cpp/cmake)
[0.286s] -- Using all available rosidl_typesupport_c: rosidl_typesupport_fastrtps_c;rosidl_typesupport_introspection_c
[0.298s] -- Using all available rosidl_typesupport_cpp: rosidl_typesupport_fastrtps_cpp;rosidl_typesupport_introspection_cpp
[0.351s] -- Found rmw_implementation_cmake: 7.3.3 (/opt/ros/jazzy/share/rmw_implementation_cmake/cmake)
[0.353s] -- Found rmw_fastrtps_cpp: 8.4.4 (/opt/ros/jazzy/share/rmw_fastrtps_cpp/cmake)
[0.417s] -- Using RMW implementation 'rmw_fastrtps_cpp' as default
[0.478s] -- Found std_msgs: 5.3.8 (/opt/ros/jazzy/share/std_msgs/cmake)
[0.490s] -- Looking for gz-common5 -- found version 5.8.0
[0.490s] -- Searching for dependencies of gz-common5
[0.490s] -- Looking for gz-utils2 -- found version 2.2.1
[0.490s] -- Looking for dlfcn.h - found
[0.490s] -- Looking for libdl - found
[0.497s] -- Checking for module 'uuid'
[0.511s] --   Found uuid, version 2.39.3
[0.543s] -- Searching for <gz-common5> component [profiler]
[0.543s] -- Looking for gz-common5-profiler -- found version 5.8.0
[0.543s] -- Searching for dependencies of gz-common5-profiler
[0.545s] -- Looking for gz-sim8 -- found version 8.11.0
[0.545s] -- Searching for dependencies of gz-sim8
[0.545s] -- Looking for sdformat14 -- found version 14.9.0
[0.545s] -- Searching for dependencies of sdformat14
[0.550s] -- Checking for module 'tinyxml2'
[0.566s] --   Found tinyxml2, version 10.0.0
[0.602s] -- Looking for gz-math7 -- found version 7.6.0
[0.602s] -- Searching for dependencies of gz-math7
[0.603s] -- Looking for gz-utils2 -- found version 2.2.1
[0.603s] -- Looking for gz-utils2 -- found version 2.2.1
[0.604s] -- Looking for gz-plugin2 -- found version 2.0.4
[0.604s] -- Searching for dependencies of gz-plugin2
[0.605s] -- Looking for gz-utils2 -- found version 2.2.1
[0.605s] -- Searching for <gz-plugin2> component [loader]
[0.605s] -- Looking for gz-plugin2-loader -- found version 2.0.4
[0.605s] -- Searching for dependencies of gz-plugin2-loader
[0.605s] -- Searching for <gz-plugin2> component [register]
[0.606s] -- Looking for gz-transport13 -- found version 13.5.0
[0.606s] -- Searching for dependencies of gz-transport13
[0.637s] -- Config-file not installed for ZeroMQ -- checking for pkg-config
[0.642s] -- Checking for module 'libzmq >= 4'
[0.660s] --   Found libzmq, version 4.3.5
[0.716s] -- Looking for gz-utils2 -- found version 2.2.1
[0.716s] -- Looking for gz-msgs10 -- found version 10.3.2
[0.716s] -- Searching for dependencies of gz-msgs10
[0.737s] -- Looking for gz-utils2 -- found version 2.2.1
[0.737s] -- Looking for gz-math7 -- found version 7.6.0
[0.744s] -- Searching for <gz-transport13> component [log]
[0.744s] -- Looking for gz-transport13-log -- found version 13.5.0
[0.745s] -- Searching for dependencies of gz-transport13-log
[0.745s] -- Searching for <gz-transport13> component [parameters]
[0.745s] -- Looking for gz-transport13-parameters -- found version 13.5.0
[0.745s] -- Searching for dependencies of gz-transport13-parameters
[0.746s] -- Looking for gz-msgs10 -- found version 10.3.2
[0.747s] -- Looking for gz-common5 -- found version 5.8.0
[0.747s] -- Searching for dependencies of gz-common5
[0.747s] -- Looking for gz-utils2 -- found version 2.2.1
[0.747s] -- Looking for dlfcn.h - found
[0.747s] -- Looking for libdl - found
[0.754s] -- Searching for <gz-common5> component [av]
[0.755s] -- Looking for gz-common5-av -- found version 5.8.0
[0.755s] -- Searching for dependencies of gz-common5-av
[0.761s] -- Checking for module 'libswscale'
[0.778s] --   Found libswscale, version 7.5.100
[0.829s] -- Checking for module 'libavdevice >= 56.4.100'
[0.849s] --   Found libavdevice, version 60.3.100
[0.910s] -- Checking for module 'libavformat'
[0.928s] --   Found libavformat, version 60.16.100
[0.982s] -- Checking for module 'libavcodec'
[1.002s] --   Found libavcodec, version 60.31.102
[1.049s] -- Checking for module 'libavutil'
[1.067s] --   Found libavutil, version 58.29.100
[1.104s] -- Searching for <gz-common5> component [events]
[1.105s] -- Looking for gz-common5-events -- found version 5.8.0
[1.105s] -- Searching for dependencies of gz-common5-events
[1.105s] -- Looking for gz-math7 -- found version 7.6.0
[1.106s] -- Searching for <gz-common5> component [graphics]
[1.106s] -- Looking for gz-common5-graphics -- found version 5.8.0
[1.106s] -- Searching for dependencies of gz-common5-graphics
[1.107s] -- Looking for gz-math7 -- found version 7.6.0
[1.109s] -- Searching for <gz-common5> component [io]
[1.109s] -- Looking for gz-common5-io -- found version 5.8.0
[1.109s] -- Searching for dependencies of gz-common5-io
[1.109s] -- Searching for <gz-common5> component [profiler]
[1.110s] -- Looking for gz-fuel_tools9 -- found version 9.1.1
[1.110s] -- Searching for dependencies of gz-fuel_tools9
[1.150s] -- Checking for module 'jsoncpp'
[1.166s] --   Found jsoncpp, version 1.9.5
[1.218s] -- Checking for module 'yaml-0.1'
[1.234s] --   Found yaml-0.1, version 0.2.5
[1.273s] -- Checking for module 'libzip'
[1.288s] --   Found libzip, version 1.7.3
[1.323s] -- Looking for gz-utils2 -- found version 2.2.1
[1.323s] -- Looking for gz-common5 -- found version 5.8.0
[1.324s] -- Searching for dependencies of gz-common5
[1.324s] -- Looking for gz-utils2 -- found version 2.2.1
[1.324s] -- Looking for dlfcn.h - found
[1.324s] -- Looking for libdl - found
[1.332s] -- Searching for <gz-common5> component [testing]
[1.332s] -- Looking for gz-common5-testing -- found version 5.8.0
[1.332s] -- Searching for dependencies of gz-common5-testing
[1.333s] -- Looking for gz-math7 -- found version 7.6.0
[1.334s] -- Looking for gz-msgs10 -- found version 10.3.2
[1.334s] -- Looking for gz-gui8 -- found version 8.4.0
[1.334s] -- Searching for dependencies of gz-gui8
[1.360s] -- Looking for gz-utils2 -- found version 2.2.1
[1.360s] -- Looking for gz-math7 -- found version 7.6.0
[1.360s] -- Looking for gz-common5 -- found version 5.8.0
[1.361s] -- Looking for gz-plugin2 -- found version 2.0.4
[1.361s] -- Looking for gz-transport13 -- found version 13.5.0
[1.362s] -- Looking for gz-rendering8 -- found version 8.2.3
[1.362s] -- Searching for dependencies of gz-rendering8
[1.362s] -- Looking for gz-math7 -- found version 7.6.0
[1.362s] -- Searching for dependencies of gz-math7
[1.362s] -- Looking for gz-utils2 -- found version 2.2.1
[1.362s] -- Searching for <gz-math7> component [eigen3]
[1.363s] -- Looking for gz-math7-eigen3 -- found version 7.6.0
[1.363s] -- Searching for dependencies of gz-math7-eigen3
[1.364s] -- Looking for gz-common5 -- found version 5.8.0
[1.364s] -- Searching for dependencies of gz-common5
[1.365s] -- Looking for gz-utils2 -- found version 2.2.1
[1.365s] -- Looking for dlfcn.h - found
[1.365s] -- Looking for libdl - found
[1.372s] -- Searching for <gz-common5> component [graphics]
[1.372s] -- Searching for <gz-common5> component [events]
[1.372s] -- Searching for <gz-common5> component [geospatial]
[1.372s] -- Looking for gz-common5-geospatial -- found version 5.8.0
[1.373s] -- Searching for dependencies of gz-common5-geospatial
[1.373s] -- Looking for gz-math7 -- found version 7.6.0
[1.373s] -- Looking for gz-common5 -- found version 5.8.0
[1.374s] -- Looking for gz-plugin2 -- found version 2.0.4
[1.374s] -- Searching for dependencies of gz-plugin2
[1.374s] -- Looking for gz-utils2 -- found version 2.2.1
[1.374s] -- Searching for <gz-plugin2> component [all]
[1.375s] -- Looking for all libraries of gz-plugin2 -- found version 2.0.4
[1.375s] -- Looking for gz-plugin2 -- found version 2.0.4
[1.376s] -- Looking for gz-utils2 -- found version 2.2.1
[1.378s] -- Looking for gz-msgs10 -- found version 10.3.2
[1.393s] -- Looking for gz-physics7 -- found version 7.6.0
[1.393s] -- Searching for dependencies of gz-physics7
[1.393s] -- Looking for gz-common5 -- found version 5.8.0
[1.393s] -- Looking for gz-math7 -- found version 7.6.0
[1.394s] -- Looking for gz-plugin2 -- found version 2.0.4
[1.394s] -- Looking for gz-utils2 -- found version 2.2.1
[1.395s] -- Searching for <gz-physics7> component [heightmap]
[1.395s] -- Looking for gz-physics7-heightmap -- found version 7.6.0
[1.395s] -- Searching for dependencies of gz-physics7-heightmap
[1.396s] -- Looking for gz-common5 -- found version 5.8.0
[1.396s] -- Searching for <gz-physics7> component [mesh]
[1.396s] -- Looking for gz-physics7-mesh -- found version 7.6.0
[1.396s] -- Searching for dependencies of gz-physics7-mesh
[1.397s] -- Looking for gz-common5 -- found version 5.8.0
[1.397s] -- Searching for <gz-physics7> component [sdf]
[1.397s] -- Looking for gz-physics7-sdf -- found version 7.6.0
[1.397s] -- Searching for dependencies of gz-physics7-sdf
[1.398s] -- Looking for sdformat14 -- found version 14.9.0
[1.398s] -- Looking for gz-sensors8 -- found version 8.2.2
[1.398s] -- Searching for dependencies of gz-sensors8
[1.418s] -- Looking for gz-math7 -- found version 7.6.0
[1.419s] -- Looking for gz-common5 -- found version 5.8.0
[1.419s] -- Looking for gz-transport13 -- found version 13.5.0
[1.419s] -- Looking for gz-rendering8 -- found version 8.2.3
[1.420s] -- Looking for gz-msgs10 -- found version 10.3.2
[1.420s] -- Looking for sdformat14 -- found version 14.9.0
[1.420s] -- Searching for <gz-sensors8> component [air_pressure]
[1.421s] -- Looking for gz-sensors8-air_pressure -- found version 8.2.2
[1.421s] -- Searching for dependencies of gz-sensors8-air_pressure
[1.421s] -- Searching for <gz-sensors8> component [air_speed]
[1.421s] -- Looking for gz-sensors8-air_speed -- found version 8.2.2
[1.422s] -- Searching for dependencies of gz-sensors8-air_speed
[1.422s] -- Searching for <gz-sensors8> component [altimeter]
[1.422s] -- Looking for gz-sensors8-altimeter -- found version 8.2.2
[1.422s] -- Searching for dependencies of gz-sensors8-altimeter
[1.423s] -- Searching for <gz-sensors8> component [imu]
[1.423s] -- Looking for gz-sensors8-imu -- found version 8.2.2
[1.423s] -- Searching for dependencies of gz-sensors8-imu
[1.423s] -- Searching for <gz-sensors8> component [force_torque]
[1.424s] -- Looking for gz-sensors8-force_torque -- found version 8.2.2
[1.424s] -- Searching for dependencies of gz-sensors8-force_torque
[1.424s] -- Searching for <gz-sensors8> component [logical_camera]
[1.424s] -- Looking for gz-sensors8-logical_camera -- found version 8.2.2
[1.425s] -- Searching for dependencies of gz-sensors8-logical_camera
[1.425s] -- Searching for <gz-sensors8> component [magnetometer]
[1.425s] -- Looking for gz-sensors8-magnetometer -- found version 8.2.2
[1.425s] -- Searching for dependencies of gz-sensors8-magnetometer
[1.426s] -- Searching for <gz-sensors8> component [navsat]
[1.426s] -- Looking for gz-sensors8-navsat -- found version 8.2.2
[1.426s] -- Searching for dependencies of gz-sensors8-navsat
[1.427s] -- Searching for <gz-sensors8> component [dvl]
[1.427s] -- Looking for gz-sensors8-dvl -- found version 8.2.2
[1.427s] -- Searching for dependencies of gz-sensors8-dvl
[1.427s] -- Looking for gz-sensors8 -- found version 8.2.2
[1.427s] -- Searching for dependencies of gz-sensors8
[1.447s] -- Looking for gz-math7 -- found version 7.6.0
[1.447s] -- Looking for gz-common5 -- found version 5.8.0
[1.447s] -- Looking for gz-transport13 -- found version 13.5.0
[1.448s] -- Looking for gz-rendering8 -- found version 8.2.3
[1.448s] -- Looking for gz-msgs10 -- found version 10.3.2
[1.448s] -- Looking for sdformat14 -- found version 14.9.0
[1.449s] -- Searching for <gz-sensors8> component [rendering]
[1.449s] -- Looking for gz-sensors8-rendering -- found version 8.2.2
[1.449s] -- Searching for dependencies of gz-sensors8-rendering
[1.450s] -- Searching for <gz-sensors8> component [rendering]
[1.450s] -- Searching for <gz-sensors8> component [lidar]
[1.450s] -- Looking for gz-sensors8-lidar -- found version 8.2.2
[1.450s] -- Searching for dependencies of gz-sensors8-lidar
[1.451s] -- Looking for gz-sensors8 -- found version 8.2.2
[1.451s] -- Searching for <gz-sensors8> component [gpu_lidar]
[1.451s] -- Looking for gz-sensors8-gpu_lidar -- found version 8.2.2
[1.452s] -- Searching for dependencies of gz-sensors8-gpu_lidar
[1.452s] -- Looking for gz-sensors8 -- found version 8.2.2
[1.452s] -- Searching for <gz-sensors8> component [camera]
[1.452s] -- Looking for gz-sensors8-camera -- found version 8.2.2
[1.453s] -- Searching for dependencies of gz-sensors8-camera
[1.453s] -- Looking for gz-sensors8 -- found version 8.2.2
[1.453s] -- Searching for <gz-sensors8> component [boundingbox_camera]
[1.454s] -- Looking for gz-sensors8-boundingbox_camera -- found version 8.2.2
[1.454s] -- Searching for dependencies of gz-sensors8-boundingbox_camera
[1.454s] -- Searching for <gz-sensors8> component [segmentation_camera]
[1.454s] -- Looking for gz-sensors8-segmentation_camera -- found version 8.2.2
[1.455s] -- Searching for dependencies of gz-sensors8-segmentation_camera
[1.455s] -- Searching for <gz-sensors8> component [depth_camera]
[1.455s] -- Looking for gz-sensors8-depth_camera -- found version 8.2.2
[1.456s] -- Searching for dependencies of gz-sensors8-depth_camera
[1.456s] -- Looking for gz-sensors8 -- found version 8.2.2
[1.456s] -- Searching for <gz-sensors8> component [rgbd_camera]
[1.457s] -- Looking for gz-sensors8-rgbd_camera -- found version 8.2.2
[1.457s] -- Searching for dependencies of gz-sensors8-rgbd_camera
[1.457s] -- Looking for gz-sensors8 -- found version 8.2.2
[1.457s] -- Searching for <gz-sensors8> component [thermal_camera]
[1.458s] -- Looking for gz-sensors8-thermal_camera -- found version 8.2.2
[1.458s] -- Searching for dependencies of gz-sensors8-thermal_camera
[1.458s] -- Looking for gz-sensors8 -- found version 8.2.2
[1.459s] -- Searching for <gz-sensors8> component [wide_angle_camera]
[1.459s] -- Looking for gz-sensors8-wide_angle_camera -- found version 8.2.2
[1.459s] -- Searching for dependencies of gz-sensors8-wide_angle_camera
[1.460s] -- Looking for gz-rendering8 -- found version 8.2.3
[1.460s] -- Looking for gz-math7 -- found version 7.6.0
[1.460s] -- Looking for gz-utils2 -- found version 2.2.1
[1.481s] -- Found geometry_msgs: 5.3.8 (/opt/ros/jazzy/share/geometry_msgs/cmake)
[1.493s] -- Found dave_interfaces: 0.0.0 (/home/namtruong/uuv_sim_home/install/dave_interfaces/share/dave_interfaces/cmake)
[1.515s] -- Found sensor_msgs: 5.3.8 (/opt/ros/jazzy/share/sensor_msgs/cmake)
[1.544s] -- Looking for gz-msgs10 -- found version 10.3.2
[1.544s] -- compiling against Gazebo Harmonic
[1.674s] -- Found ament_lint_auto: 0.17.5 (/opt/ros/jazzy/share/ament_lint_auto/cmake)
[1.765s] -- Added test 'copyright' to check source files copyright and LICENSE
[1.766s] -- Added test 'cppcheck' to perform static code analysis on C / C++ code
[1.767s] -- Configured cppcheck include dirs: $<BUILD_INTERFACE:/home/namtruong/uuv_sim_home/src/dave_gz_world_plugins/include>;/home/namtruong/uuv_sim_home/src/dave_gz_world_plugins/src;/home/namtruong/uuv_sim_home/src/dave_gz_world_plugins/include
[1.767s] -- Configured cppcheck exclude dirs and/or files: 
[1.768s] -- Added test 'cpplint' to check C / C++ code against the Google style
[1.768s] -- Configured cpplint exclude dirs and/or files: 
[1.769s] -- Added test 'lint_cmake' to check CMake code style
[1.770s] -- Added test 'uncrustify' to check C / C++ code style
[1.770s] -- Configured uncrustify additional arguments: 
[1.771s] -- Added test 'xmllint' to check XML markup files
[1.773s] -- Configuring done (1.7s)
[1.819s] -- Generating done (0.0s)
[1.827s] -- Build files have been written to: /home/namtruong/uuv_sim_home/build/dave_gz_world_plugins
[1.840s] Invoked command in '/home/namtruong/uuv_sim_home/build/dave_gz_world_plugins' returned '0': CMAKE_PREFIX_PATH=/home/namtruong/uuv_sim_home/install/dave_interfaces:/home/namtruong/uuv_sim_home/install/multibeam_sonar_system:/home/namtruong/uuv_sim_home/install/multibeam_sonar:/home/namtruong/uuv_sim_home/install/dave_worlds:/home/namtruong/uuv_sim_home/install/dave_gz_model_plugins:/home/namtruong/uuv_sim_home/install/dave_ros_gz_plugins:/home/namtruong/uuv_sim_home/install/dave_robot_models:/home/namtruong/uuv_sim_home/install/dave_object_models:/home/namtruong/uuv_sim_home/install/dave_multibeam_sonar_demo:/home/namtruong/uuv_sim_home/install/dave_gz_world_plugins:/home/namtruong/uuv_sim_home/install/dave_gz_sensor_plugins:/opt/ros/jazzy/opt/gz_sim_vendor:/opt/ros/jazzy/opt/gz_sensors_vendor:/opt/ros/jazzy/opt/gz_physics_vendor:/opt/ros/jazzy/opt/sdformat_vendor:/opt/ros/jazzy/opt/gz_gui_vendor:/opt/ros/jazzy/opt/gz_transport_vendor:/opt/ros/jazzy/opt/gz_rendering_vendor:/opt/ros/jazzy/opt/gz_plugin_vendor:/opt/ros/jazzy/opt/gz_fuel_tools_vendor:/opt/ros/jazzy/opt/gz_msgs_vendor:/opt/ros/jazzy/opt/gz_common_vendor:/opt/ros/jazzy/opt/gz_math_vendor:/opt/ros/jazzy/opt/gz_utils_vendor:/opt/ros/jazzy/opt/gz_tools_vendor:/opt/ros/jazzy/opt/gz_ogre_next_vendor:/opt/ros/jazzy/opt/gz_dartsim_vendor:/opt/ros/jazzy/opt/gz_cmake_vendor:/home/namtruong/uuv_sim_home/install/uuv_simu:/opt/ros/jazzy DEBUGINFOD_URLS=https://debuginfod.ubuntu.com LD_LIBRARY_PATH=/home/namtruong/uuv_sim_home/install/dave_interfaces/lib:/home/namtruong/uuv_sim_home/install/dave_ros_gz_plugins/lib:/home/namtruong/uuv_sim_home/install/dave_gz_world_plugins/lib:/opt/ros/jazzy/opt/gz_sim_vendor/lib:/opt/ros/jazzy/opt/gz_sensors_vendor/lib:/opt/ros/jazzy/opt/gz_physics_vendor/lib:/opt/ros/jazzy/opt/sdformat_vendor/lib:/opt/ros/jazzy/opt/rviz_ogre_vendor/lib:/opt/ros/jazzy/lib/x86_64-linux-gnu:/opt/ros/jazzy/opt/gz_gui_vendor/lib:/opt/ros/jazzy/opt/gz_transport_vendor/lib:/opt/ros/jazzy/opt/gz_rendering_vendor/lib:/opt/ros/jazzy/opt/gz_plugin_vendor/lib:/opt/ros/jazzy/opt/gz_fuel_tools_vendor/lib:/opt/ros/jazzy/opt/gz_msgs_vendor/lib:/opt/ros/jazzy/opt/gz_common_vendor/lib:/opt/ros/jazzy/opt/gz_math_vendor/lib:/opt/ros/jazzy/opt/gz_utils_vendor/lib:/opt/ros/jazzy/opt/gz_tools_vendor/lib:/opt/ros/jazzy/opt/gz_ogre_next_vendor/lib:/opt/ros/jazzy/opt/gz_dartsim_vendor/lib:/opt/ros/jazzy/opt/gz_cmake_vendor/lib:/opt/ros/jazzy/lib PYTHONPATH=/home/namtruong/uuv_sim_home/install/dave_interfaces/lib/python3.12/site-packages:/home/namtruong/uuv_sim_home/build/uuv_simu:/home/namtruong/uuv_sim_home/install/uuv_simu/lib/python3.12/site-packages:/opt/ros/jazzy/lib/python3.12/site-packages /usr/bin/cmake /home/namtruong/uuv_sim_home/src/dave_gz_world_plugins -DCMAKE_INSTALL_PREFIX=/home/namtruong/uuv_sim_home/install/dave_gz_world_plugins
[1.840s] Invoking command in '/home/namtruong/uuv_sim_home/build/dave_gz_world_plugins': CMAKE_PREFIX_PATH=/home/namtruong/uuv_sim_home/install/dave_interfaces:/home/namtruong/uuv_sim_home/install/multibeam_sonar_system:/home/namtruong/uuv_sim_home/install/multibeam_sonar:/home/namtruong/uuv_sim_home/install/dave_worlds:/home/namtruong/uuv_sim_home/install/dave_gz_model_plugins:/home/namtruong/uuv_sim_home/install/dave_ros_gz_plugins:/home/namtruong/uuv_sim_home/install/dave_robot_models:/home/namtruong/uuv_sim_home/install/dave_object_models:/home/namtruong/uuv_sim_home/install/dave_multibeam_sonar_demo:/home/namtruong/uuv_sim_home/install/dave_gz_world_plugins:/home/namtruong/uuv_sim_home/install/dave_gz_sensor_plugins:/opt/ros/jazzy/opt/gz_sim_vendor:/opt/ros/jazzy/opt/gz_sensors_vendor:/opt/ros/jazzy/opt/gz_physics_vendor:/opt/ros/jazzy/opt/sdformat_vendor:/opt/ros/jazzy/opt/gz_gui_vendor:/opt/ros/jazzy/opt/gz_transport_vendor:/opt/ros/jazzy/opt/gz_rendering_vendor:/opt/ros/jazzy/opt/gz_plugin_vendor:/opt/ros/jazzy/opt/gz_fuel_tools_vendor:/opt/ros/jazzy/opt/gz_msgs_vendor:/opt/ros/jazzy/opt/gz_common_vendor:/opt/ros/jazzy/opt/gz_math_vendor:/opt/ros/jazzy/opt/gz_utils_vendor:/opt/ros/jazzy/opt/gz_tools_vendor:/opt/ros/jazzy/opt/gz_ogre_next_vendor:/opt/ros/jazzy/opt/gz_dartsim_vendor:/opt/ros/jazzy/opt/gz_cmake_vendor:/home/namtruong/uuv_sim_home/install/uuv_simu:/opt/ros/jazzy DEBUGINFOD_URLS=https://debuginfod.ubuntu.com LD_LIBRARY_PATH=/home/namtruong/uuv_sim_home/install/dave_interfaces/lib:/home/namtruong/uuv_sim_home/install/dave_ros_gz_plugins/lib:/home/namtruong/uuv_sim_home/install/dave_gz_world_plugins/lib:/opt/ros/jazzy/opt/gz_sim_vendor/lib:/opt/ros/jazzy/opt/gz_sensors_vendor/lib:/opt/ros/jazzy/opt/gz_physics_vendor/lib:/opt/ros/jazzy/opt/sdformat_vendor/lib:/opt/ros/jazzy/opt/rviz_ogre_vendor/lib:/opt/ros/jazzy/lib/x86_64-linux-gnu:/opt/ros/jazzy/opt/gz_gui_vendor/lib:/opt/ros/jazzy/opt/gz_transport_vendor/lib:/opt/ros/jazzy/opt/gz_rendering_vendor/lib:/opt/ros/jazzy/opt/gz_plugin_vendor/lib:/opt/ros/jazzy/opt/gz_fuel_tools_vendor/lib:/opt/ros/jazzy/opt/gz_msgs_vendor/lib:/opt/ros/jazzy/opt/gz_common_vendor/lib:/opt/ros/jazzy/opt/gz_math_vendor/lib:/opt/ros/jazzy/opt/gz_utils_vendor/lib:/opt/ros/jazzy/opt/gz_tools_vendor/lib:/opt/ros/jazzy/opt/gz_ogre_next_vendor/lib:/opt/ros/jazzy/opt/gz_dartsim_vendor/lib:/opt/ros/jazzy/opt/gz_cmake_vendor/lib:/opt/ros/jazzy/lib PYTHONPATH=/home/namtruong/uuv_sim_home/install/dave_interfaces/lib/python3.12/site-packages:/home/namtruong/uuv_sim_home/build/uuv_simu:/home/namtruong/uuv_sim_home/install/uuv_simu/lib/python3.12/site-packages:/opt/ros/jazzy/lib/python3.12/site-packages /usr/bin/cmake --build /home/namtruong/uuv_sim_home/build/dave_gz_world_plugins -- -j16 -l16
[1.900s] [ 41%] Built target tidal_oscillation
[1.900s] [ 66%] Built target dave_gz_world_plugins-msgs
[1.904s] [ 83%] Built target gauss_markov_process
[1.961s] [100%] Built target OceanCurrentWorldPlugin
[1.973s] Invoked command in '/home/namtruong/uuv_sim_home/build/dave_gz_world_plugins' returned '0': CMAKE_PREFIX_PATH=/home/namtruong/uuv_sim_home/install/dave_interfaces:/home/namtruong/uuv_sim_home/install/multibeam_sonar_system:/home/namtruong/uuv_sim_home/install/multibeam_sonar:/home/namtruong/uuv_sim_home/install/dave_worlds:/home/namtruong/uuv_sim_home/install/dave_gz_model_plugins:/home/namtruong/uuv_sim_home/install/dave_ros_gz_plugins:/home/namtruong/uuv_sim_home/install/dave_robot_models:/home/namtruong/uuv_sim_home/install/dave_object_models:/home/namtruong/uuv_sim_home/install/dave_multibeam_sonar_demo:/home/namtruong/uuv_sim_home/install/dave_gz_world_plugins:/home/namtruong/uuv_sim_home/install/dave_gz_sensor_plugins:/opt/ros/jazzy/opt/gz_sim_vendor:/opt/ros/jazzy/opt/gz_sensors_vendor:/opt/ros/jazzy/opt/gz_physics_vendor:/opt/ros/jazzy/opt/sdformat_vendor:/opt/ros/jazzy/opt/gz_gui_vendor:/opt/ros/jazzy/opt/gz_transport_vendor:/opt/ros/jazzy/opt/gz_rendering_vendor:/opt/ros/jazzy/opt/gz_plugin_vendor:/opt/ros/jazzy/opt/gz_fuel_tools_vendor:/opt/ros/jazzy/opt/gz_msgs_vendor:/opt/ros/jazzy/opt/gz_common_vendor:/opt/ros/jazzy/opt/gz_math_vendor:/opt/ros/jazzy/opt/gz_utils_vendor:/opt/ros/jazzy/opt/gz_tools_vendor:/opt/ros/jazzy/opt/gz_ogre_next_vendor:/opt/ros/jazzy/opt/gz_dartsim_vendor:/opt/ros/jazzy/opt/gz_cmake_vendor:/home/namtruong/uuv_sim_home/install/uuv_simu:/opt/ros/jazzy DEBUGINFOD_URLS=https://debuginfod.ubuntu.com LD_LIBRARY_PATH=/home/namtruong/uuv_sim_home/install/dave_interfaces/lib:/home/namtruong/uuv_sim_home/install/dave_ros_gz_plugins/lib:/home/namtruong/uuv_sim_home/install/dave_gz_world_plugins/lib:/opt/ros/jazzy/opt/gz_sim_vendor/lib:/opt/ros/jazzy/opt/gz_sensors_vendor/lib:/opt/ros/jazzy/opt/gz_physics_vendor/lib:/opt/ros/jazzy/opt/sdformat_vendor/lib:/opt/ros/jazzy/opt/rviz_ogre_vendor/lib:/opt/ros/jazzy/lib/x86_64-linux-gnu:/opt/ros/jazzy/opt/gz_gui_vendor/lib:/opt/ros/jazzy/opt/gz_transport_vendor/lib:/opt/ros/jazzy/opt/gz_rendering_vendor/lib:/opt/ros/jazzy/opt/gz_plugin_vendor/lib:/opt/ros/jazzy/opt/gz_fuel_tools_vendor/lib:/opt/ros/jazzy/opt/gz_msgs_vendor/lib:/opt/ros/jazzy/opt/gz_common_vendor/lib:/opt/ros/jazzy/opt/gz_math_vendor/lib:/opt/ros/jazzy/opt/gz_utils_vendor/lib:/opt/ros/jazzy/opt/gz_tools_vendor/lib:/opt/ros/jazzy/opt/gz_ogre_next_vendor/lib:/opt/ros/jazzy/opt/gz_dartsim_vendor/lib:/opt/ros/jazzy/opt/gz_cmake_vendor/lib:/opt/ros/jazzy/lib PYTHONPATH=/home/namtruong/uuv_sim_home/install/dave_interfaces/lib/python3.12/site-packages:/home/namtruong/uuv_sim_home/build/uuv_simu:/home/namtruong/uuv_sim_home/install/uuv_simu/lib/python3.12/site-packages:/opt/ros/jazzy/lib/python3.12/site-packages /usr/bin/cmake --build /home/namtruong/uuv_sim_home/build/dave_gz_world_plugins -- -j16 -l16
[1.974s] Invoking command in '/home/namtruong/uuv_sim_home/build/dave_gz_world_plugins': CMAKE_PREFIX_PATH=/home/namtruong/uuv_sim_home/install/dave_interfaces:/home/namtruong/uuv_sim_home/install/multibeam_sonar_system:/home/namtruong/uuv_sim_home/install/multibeam_sonar:/home/namtruong/uuv_sim_home/install/dave_worlds:/home/namtruong/uuv_sim_home/install/dave_gz_model_plugins:/home/namtruong/uuv_sim_home/install/dave_ros_gz_plugins:/home/namtruong/uuv_sim_home/install/dave_robot_models:/home/namtruong/uuv_sim_home/install/dave_object_models:/home/namtruong/uuv_sim_home/install/dave_multibeam_sonar_demo:/home/namtruong/uuv_sim_home/install/dave_gz_world_plugins:/home/namtruong/uuv_sim_home/install/dave_gz_sensor_plugins:/opt/ros/jazzy/opt/gz_sim_vendor:/opt/ros/jazzy/opt/gz_sensors_vendor:/opt/ros/jazzy/opt/gz_physics_vendor:/opt/ros/jazzy/opt/sdformat_vendor:/opt/ros/jazzy/opt/gz_gui_vendor:/opt/ros/jazzy/opt/gz_transport_vendor:/opt/ros/jazzy/opt/gz_rendering_vendor:/opt/ros/jazzy/opt/gz_plugin_vendor:/opt/ros/jazzy/opt/gz_fuel_tools_vendor:/opt/ros/jazzy/opt/gz_msgs_vendor:/opt/ros/jazzy/opt/gz_common_vendor:/opt/ros/jazzy/opt/gz_math_vendor:/opt/ros/jazzy/opt/gz_utils_vendor:/opt/ros/jazzy/opt/gz_tools_vendor:/opt/ros/jazzy/opt/gz_ogre_next_vendor:/opt/ros/jazzy/opt/gz_dartsim_vendor:/opt/ros/jazzy/opt/gz_cmake_vendor:/home/namtruong/uuv_sim_home/install/uuv_simu:/opt/ros/jazzy DEBUGINFOD_URLS=https://debuginfod.ubuntu.com LD_LIBRARY_PATH=/home/namtruong/uuv_sim_home/install/dave_interfaces/lib:/home/namtruong/uuv_sim_home/install/dave_ros_gz_plugins/lib:/home/namtruong/uuv_sim_home/install/dave_gz_world_plugins/lib:/opt/ros/jazzy/opt/gz_sim_vendor/lib:/opt/ros/jazzy/opt/gz_sensors_vendor/lib:/opt/ros/jazzy/opt/gz_physics_vendor/lib:/opt/ros/jazzy/opt/sdformat_vendor/lib:/opt/ros/jazzy/opt/rviz_ogre_vendor/lib:/opt/ros/jazzy/lib/x86_64-linux-gnu:/opt/ros/jazzy/opt/gz_gui_vendor/lib:/opt/ros/jazzy/opt/gz_transport_vendor/lib:/opt/ros/jazzy/opt/gz_rendering_vendor/lib:/opt/ros/jazzy/opt/gz_plugin_vendor/lib:/opt/ros/jazzy/opt/gz_fuel_tools_vendor/lib:/opt/ros/jazzy/opt/gz_msgs_vendor/lib:/opt/ros/jazzy/opt/gz_common_vendor/lib:/opt/ros/jazzy/opt/gz_math_vendor/lib:/opt/ros/jazzy/opt/gz_utils_vendor/lib:/opt/ros/jazzy/opt/gz_tools_vendor/lib:/opt/ros/jazzy/opt/gz_ogre_next_vendor/lib:/opt/ros/jazzy/opt/gz_dartsim_vendor/lib:/opt/ros/jazzy/opt/gz_cmake_vendor/lib:/opt/ros/jazzy/lib PYTHONPATH=/home/namtruong/uuv_sim_home/install/dave_interfaces/lib/python3.12/site-packages:/home/namtruong/uuv_sim_home/build/uuv_simu:/home/namtruong/uuv_sim_home/install/uuv_simu/lib/python3.12/site-packages:/opt/ros/jazzy/lib/python3.12/site-packages /usr/bin/cmake --install /home/namtruong/uuv_sim_home/build/dave_gz_world_plugins
[1.983s] -- Install configuration: ""
[1.983s] -- Execute custom install script
[1.983s] -- Up-to-date symlink: /home/namtruong/uuv_sim_home/install/dave_gz_world_plugins/include/dave_gz_world_plugins_msgs/msgs/StratifiedCurrentVelocity.pb.h
[1.983s] -- Up-to-date symlink: /home/namtruong/uuv_sim_home/install/dave_gz_world_plugins/include/dave_gz_world_plugins_msgs/msgs/MessageTypes.hh
[1.983s] -- Up-to-date symlink: /home/namtruong/uuv_sim_home/install/dave_gz_world_plugins/include/dave_gz_world_plugins_msgs/msgs/details/StratifiedCurrentVelocity.pb.h
[1.984s] -- Up-to-date symlink: /home/namtruong/uuv_sim_home/install/dave_gz_world_plugins/share/gz/protos//dave_gz_world_plugins-msgs.gz_desc
[1.984s] -- Up-to-date symlink: /home/namtruong/uuv_sim_home/install/dave_gz_world_plugins/lib/python/gz/msgs10/StratifiedCurrentVelocity_pb2.py
[1.984s] -- Up-to-date symlink: /home/namtruong/uuv_sim_home/install/dave_gz_world_plugins/include/dave_gz_world_plugins/dave_gz_world_plugins/OceanCurrentWorldPlugin.hh
[1.984s] -- Up-to-date symlink: /home/namtruong/uuv_sim_home/install/dave_gz_world_plugins/include/dave_gz_world_plugins/dave_gz_world_plugins/gauss_markov_process.hh
[1.984s] -- Up-to-date symlink: /home/namtruong/uuv_sim_home/install/dave_gz_world_plugins/include/dave_gz_world_plugins/dave_gz_world_plugins/tidal_oscillation.hh
[1.984s] -- Up-to-date symlink: /home/namtruong/uuv_sim_home/install/dave_gz_world_plugins/share/dave_gz_world_plugins/environment/library_path.sh
[1.984s] -- Up-to-date symlink: /home/namtruong/uuv_sim_home/install/dave_gz_world_plugins/share/dave_gz_world_plugins/environment/library_path.dsv
[1.985s] -- Up-to-date symlink: /home/namtruong/uuv_sim_home/install/dave_gz_world_plugins/share/dave_gz_world_plugins/environment/dave_gz_world_plugins.dsv
[1.985s] -- Up-to-date symlink: /home/namtruong/uuv_sim_home/install/dave_gz_world_plugins/share/ament_index/resource_index/package_run_dependencies/dave_gz_world_plugins
[1.985s] -- Up-to-date symlink: /home/namtruong/uuv_sim_home/install/dave_gz_world_plugins/share/ament_index/resource_index/parent_prefix_path/dave_gz_world_plugins
[1.985s] -- Up-to-date symlink: /home/namtruong/uuv_sim_home/install/dave_gz_world_plugins/share/dave_gz_world_plugins/environment/ament_prefix_path.sh
[1.985s] -- Up-to-date symlink: /home/namtruong/uuv_sim_home/install/dave_gz_world_plugins/share/dave_gz_world_plugins/environment/ament_prefix_path.dsv
[1.985s] -- Up-to-date symlink: /home/namtruong/uuv_sim_home/install/dave_gz_world_plugins/share/dave_gz_world_plugins/environment/path.sh
[1.986s] -- Up-to-date symlink: /home/namtruong/uuv_sim_home/install/dave_gz_world_plugins/share/dave_gz_world_plugins/environment/path.dsv
[1.986s] -- Up-to-date symlink: /home/namtruong/uuv_sim_home/install/dave_gz_world_plugins/share/dave_gz_world_plugins/local_setup.bash
[1.986s] -- Up-to-date symlink: /home/namtruong/uuv_sim_home/install/dave_gz_world_plugins/share/dave_gz_world_plugins/local_setup.sh
[1.986s] -- Up-to-date symlink: /home/namtruong/uuv_sim_home/install/dave_gz_world_plugins/share/dave_gz_world_plugins/local_setup.zsh
[1.986s] -- Up-to-date symlink: /home/namtruong/uuv_sim_home/install/dave_gz_world_plugins/share/dave_gz_world_plugins/local_setup.dsv
[1.986s] -- Symlinking: /home/namtruong/uuv_sim_home/install/dave_gz_world_plugins/share/dave_gz_world_plugins/package.dsv
[1.996s] -- Up-to-date symlink: /home/namtruong/uuv_sim_home/install/dave_gz_world_plugins/share/ament_index/resource_index/packages/dave_gz_world_plugins
[1.997s] -- Up-to-date symlink: /home/namtruong/uuv_sim_home/install/dave_gz_world_plugins/share/dave_gz_world_plugins/cmake/ament_cmake_export_include_directories-extras.cmake
[1.997s] -- Up-to-date symlink: /home/namtruong/uuv_sim_home/install/dave_gz_world_plugins/share/dave_gz_world_plugins/cmake/ament_cmake_export_targets-extras.cmake
[1.997s] -- Up-to-date symlink: /home/namtruong/uuv_sim_home/install/dave_gz_world_plugins/share/dave_gz_world_plugins/cmake/ament_cmake_export_dependencies-extras.cmake
[1.997s] -- Up-to-date symlink: /home/namtruong/uuv_sim_home/install/dave_gz_world_plugins/share/dave_gz_world_plugins/cmake/dave_gz_world_pluginsConfig.cmake
[1.997s] -- Up-to-date symlink: /home/namtruong/uuv_sim_home/install/dave_gz_world_plugins/share/dave_gz_world_plugins/cmake/dave_gz_world_pluginsConfig-version.cmake
[1.997s] -- Up-to-date symlink: /home/namtruong/uuv_sim_home/install/dave_gz_world_plugins/share/dave_gz_world_plugins/package.xml
[1.998s] -- Up-to-date: /home/namtruong/uuv_sim_home/install/dave_gz_world_plugins/lib/libdave_gz_world_plugins-msgs.so.VERSION
[1.998s] -- Up-to-date: /home/namtruong/uuv_sim_home/install/dave_gz_world_plugins/lib/libdave_gz_world_plugins-msgs.so
[1.999s] -- Up-to-date: /home/namtruong/uuv_sim_home/install/dave_gz_world_plugins/lib/libOceanCurrentWorldPlugin.so
[2.000s] -- Up-to-date: /home/namtruong/uuv_sim_home/install/dave_gz_world_plugins/lib/libgauss_markov_process.so
[2.000s] -- Up-to-date: /home/namtruong/uuv_sim_home/install/dave_gz_world_plugins/lib/libtidal_oscillation.so
[2.000s] -- Up-to-date: /home/namtruong/uuv_sim_home/install/dave_gz_world_plugins/lib/libdave_gz_world_plugins-msgs.so.VERSION
[2.001s] -- Up-to-date: /home/namtruong/uuv_sim_home/install/dave_gz_world_plugins/lib/libdave_gz_world_plugins-msgs.so
[2.001s] -- Up-to-date: /home/namtruong/uuv_sim_home/install/dave_gz_world_plugins/share/dave_gz_world_plugins/cmake/export_dave_gz_world_pluginsExport.cmake
[2.001s] -- Up-to-date: /home/namtruong/uuv_sim_home/install/dave_gz_world_plugins/share/dave_gz_world_plugins/cmake/export_dave_gz_world_pluginsExport-noconfig.cmake
[2.003s] Invoked command in '/home/namtruong/uuv_sim_home/build/dave_gz_world_plugins' returned '0': CMAKE_PREFIX_PATH=/home/namtruong/uuv_sim_home/install/dave_interfaces:/home/namtruong/uuv_sim_home/install/multibeam_sonar_system:/home/namtruong/uuv_sim_home/install/multibeam_sonar:/home/namtruong/uuv_sim_home/install/dave_worlds:/home/namtruong/uuv_sim_home/install/dave_gz_model_plugins:/home/namtruong/uuv_sim_home/install/dave_ros_gz_plugins:/home/namtruong/uuv_sim_home/install/dave_robot_models:/home/namtruong/uuv_sim_home/install/dave_object_models:/home/namtruong/uuv_sim_home/install/dave_multibeam_sonar_demo:/home/namtruong/uuv_sim_home/install/dave_gz_world_plugins:/home/namtruong/uuv_sim_home/install/dave_gz_sensor_plugins:/opt/ros/jazzy/opt/gz_sim_vendor:/opt/ros/jazzy/opt/gz_sensors_vendor:/opt/ros/jazzy/opt/gz_physics_vendor:/opt/ros/jazzy/opt/sdformat_vendor:/opt/ros/jazzy/opt/gz_gui_vendor:/opt/ros/jazzy/opt/gz_transport_vendor:/opt/ros/jazzy/opt/gz_rendering_vendor:/opt/ros/jazzy/opt/gz_plugin_vendor:/opt/ros/jazzy/opt/gz_fuel_tools_vendor:/opt/ros/jazzy/opt/gz_msgs_vendor:/opt/ros/jazzy/opt/gz_common_vendor:/opt/ros/jazzy/opt/gz_math_vendor:/opt/ros/jazzy/opt/gz_utils_vendor:/opt/ros/jazzy/opt/gz_tools_vendor:/opt/ros/jazzy/opt/gz_ogre_next_vendor:/opt/ros/jazzy/opt/gz_dartsim_vendor:/opt/ros/jazzy/opt/gz_cmake_vendor:/home/namtruong/uuv_sim_home/install/uuv_simu:/opt/ros/jazzy DEBUGINFOD_URLS=https://debuginfod.ubuntu.com LD_LIBRARY_PATH=/home/namtruong/uuv_sim_home/install/dave_interfaces/lib:/home/namtruong/uuv_sim_home/install/dave_ros_gz_plugins/lib:/home/namtruong/uuv_sim_home/install/dave_gz_world_plugins/lib:/opt/ros/jazzy/opt/gz_sim_vendor/lib:/opt/ros/jazzy/opt/gz_sensors_vendor/lib:/opt/ros/jazzy/opt/gz_physics_vendor/lib:/opt/ros/jazzy/opt/sdformat_vendor/lib:/opt/ros/jazzy/opt/rviz_ogre_vendor/lib:/opt/ros/jazzy/lib/x86_64-linux-gnu:/opt/ros/jazzy/opt/gz_gui_vendor/lib:/opt/ros/jazzy/opt/gz_transport_vendor/lib:/opt/ros/jazzy/opt/gz_rendering_vendor/lib:/opt/ros/jazzy/opt/gz_plugin_vendor/lib:/opt/ros/jazzy/opt/gz_fuel_tools_vendor/lib:/opt/ros/jazzy/opt/gz_msgs_vendor/lib:/opt/ros/jazzy/opt/gz_common_vendor/lib:/opt/ros/jazzy/opt/gz_math_vendor/lib:/opt/ros/jazzy/opt/gz_utils_vendor/lib:/opt/ros/jazzy/opt/gz_tools_vendor/lib:/opt/ros/jazzy/opt/gz_ogre_next_vendor/lib:/opt/ros/jazzy/opt/gz_dartsim_vendor/lib:/opt/ros/jazzy/opt/gz_cmake_vendor/lib:/opt/ros/jazzy/lib PYTHONPATH=/home/namtruong/uuv_sim_home/install/dave_interfaces/lib/python3.12/site-packages:/home/namtruong/uuv_sim_home/build/uuv_simu:/home/namtruong/uuv_sim_home/install/uuv_simu/lib/python3.12/site-packages:/opt/ros/jazzy/lib/python3.12/site-packages /usr/bin/cmake --install /home/namtruong/uuv_sim_home/build/dave_gz_world_plugins
