[0.018s] Invoking command in '/home/namtruong/uuv_sim_home/build/dave_multibeam_sonar_demo': CMAKE_PREFIX_PATH=${CMAKE_PREFIX_PATH}:/home/namtruong/uuv_sim_home/install/uuv_simu:/opt/ros/jazzy DEBUGINFOD_URLS=https://debuginfod.ubuntu.com /usr/bin/cmake /home/namtruong/uuv_sim_home/src/multibeam_sonar_demo -DCMAKE_INSTALL_PREFIX=/home/namtruong/uuv_sim_home/install/dave_multibeam_sonar_demo
[0.033s] -- Found ament_cmake: 2.5.6 (/opt/ros/jazzy/share/ament_cmake/cmake)
[0.215s] -- Override CMake install command with custom implementation using symlinks instead of copying resources
[0.260s] -- Performing Test CMAKE_HAVE_LIBC_PTHREAD
[0.391s] -- Performing Test CMAKE_HAVE_LIBC_PTHREAD - Success
[0.391s] -- Found Threads: TRUE  
[0.633s] -- Configuring done (0.6s)
[0.636s] -- Generating done (0.0s)
[0.638s] -- Build files have been written to: /home/namtruong/uuv_sim_home/build/dave_multibeam_sonar_demo
[0.643s] Invoked command in '/home/namtruong/uuv_sim_home/build/dave_multibeam_sonar_demo' returned '0': CMAKE_PREFIX_PATH=${CMAKE_PREFIX_PATH}:/home/namtruong/uuv_sim_home/install/uuv_simu:/opt/ros/jazzy DEBUGINFOD_URLS=https://debuginfod.ubuntu.com /usr/bin/cmake /home/namtruong/uuv_sim_home/src/multibeam_sonar_demo -DCMAKE_INSTALL_PREFIX=/home/namtruong/uuv_sim_home/install/dave_multibeam_sonar_demo
[0.643s] Invoking command in '/home/namtruong/uuv_sim_home/build/dave_multibeam_sonar_demo': CMAKE_PREFIX_PATH=${CMAKE_PREFIX_PATH}:/home/namtruong/uuv_sim_home/install/uuv_simu:/opt/ros/jazzy DEBUGINFOD_URLS=https://debuginfod.ubuntu.com /usr/bin/cmake --build /home/namtruong/uuv_sim_home/build/dave_multibeam_sonar_demo -- -j16 -l16
[0.684s] Invoked command in '/home/namtruong/uuv_sim_home/build/dave_multibeam_sonar_demo' returned '0': CMAKE_PREFIX_PATH=${CMAKE_PREFIX_PATH}:/home/namtruong/uuv_sim_home/install/uuv_simu:/opt/ros/jazzy DEBUGINFOD_URLS=https://debuginfod.ubuntu.com /usr/bin/cmake --build /home/namtruong/uuv_sim_home/build/dave_multibeam_sonar_demo -- -j16 -l16
[0.685s] Invoking command in '/home/namtruong/uuv_sim_home/build/dave_multibeam_sonar_demo': CMAKE_PREFIX_PATH=${CMAKE_PREFIX_PATH}:/home/namtruong/uuv_sim_home/install/uuv_simu:/opt/ros/jazzy DEBUGINFOD_URLS=https://debuginfod.ubuntu.com /usr/bin/cmake --install /home/namtruong/uuv_sim_home/build/dave_multibeam_sonar_demo
[0.693s] -- Install configuration: ""
[0.693s] -- Execute custom install script
[0.694s] -- Symlinking: /home/namtruong/uuv_sim_home/install/dave_multibeam_sonar_demo/share/dave_multibeam_sonar_demo/launch/multibeam_sonar_demo.launch.py
[0.704s] -- Symlinking: /home/namtruong/uuv_sim_home/install/dave_multibeam_sonar_demo/share/dave_multibeam_sonar_demo/rviz/multibeam_sonar.rviz
[0.713s] -- Symlinking: /home/namtruong/uuv_sim_home/install/dave_multibeam_sonar_demo/share/dave_multibeam_sonar_demo/environment/dave_multibeam_sonar_demo.dsv
[0.724s] -- Up-to-date symlink: /home/namtruong/uuv_sim_home/install/dave_multibeam_sonar_demo/share/ament_index/resource_index/package_run_dependencies/dave_multibeam_sonar_demo
[0.724s] -- Up-to-date symlink: /home/namtruong/uuv_sim_home/install/dave_multibeam_sonar_demo/share/ament_index/resource_index/parent_prefix_path/dave_multibeam_sonar_demo
[0.724s] -- Up-to-date symlink: /home/namtruong/uuv_sim_home/install/dave_multibeam_sonar_demo/share/dave_multibeam_sonar_demo/environment/ament_prefix_path.sh
[0.724s] -- Up-to-date symlink: /home/namtruong/uuv_sim_home/install/dave_multibeam_sonar_demo/share/dave_multibeam_sonar_demo/environment/ament_prefix_path.dsv
[0.724s] -- Up-to-date symlink: /home/namtruong/uuv_sim_home/install/dave_multibeam_sonar_demo/share/dave_multibeam_sonar_demo/environment/path.sh
[0.724s] -- Up-to-date symlink: /home/namtruong/uuv_sim_home/install/dave_multibeam_sonar_demo/share/dave_multibeam_sonar_demo/environment/path.dsv
[0.724s] -- Up-to-date symlink: /home/namtruong/uuv_sim_home/install/dave_multibeam_sonar_demo/share/dave_multibeam_sonar_demo/local_setup.bash
[0.725s] -- Up-to-date symlink: /home/namtruong/uuv_sim_home/install/dave_multibeam_sonar_demo/share/dave_multibeam_sonar_demo/local_setup.sh
[0.725s] -- Up-to-date symlink: /home/namtruong/uuv_sim_home/install/dave_multibeam_sonar_demo/share/dave_multibeam_sonar_demo/local_setup.zsh
[0.725s] -- Up-to-date symlink: /home/namtruong/uuv_sim_home/install/dave_multibeam_sonar_demo/share/dave_multibeam_sonar_demo/local_setup.dsv
[0.725s] -- Symlinking: /home/namtruong/uuv_sim_home/install/dave_multibeam_sonar_demo/share/dave_multibeam_sonar_demo/package.dsv
[0.735s] -- Up-to-date symlink: /home/namtruong/uuv_sim_home/install/dave_multibeam_sonar_demo/share/ament_index/resource_index/packages/dave_multibeam_sonar_demo
[0.735s] -- Up-to-date symlink: /home/namtruong/uuv_sim_home/install/dave_multibeam_sonar_demo/share/dave_multibeam_sonar_demo/cmake/dave_multibeam_sonar_demoConfig.cmake
[0.735s] -- Up-to-date symlink: /home/namtruong/uuv_sim_home/install/dave_multibeam_sonar_demo/share/dave_multibeam_sonar_demo/cmake/dave_multibeam_sonar_demoConfig-version.cmake
[0.735s] -- Up-to-date symlink: /home/namtruong/uuv_sim_home/install/dave_multibeam_sonar_demo/share/dave_multibeam_sonar_demo/package.xml
[0.737s] Invoked command in '/home/namtruong/uuv_sim_home/build/dave_multibeam_sonar_demo' returned '0': CMAKE_PREFIX_PATH=${CMAKE_PREFIX_PATH}:/home/namtruong/uuv_sim_home/install/uuv_simu:/opt/ros/jazzy DEBUGINFOD_URLS=https://debuginfod.ubuntu.com /usr/bin/cmake --install /home/namtruong/uuv_sim_home/build/dave_multibeam_sonar_demo
