[0.015s] Invoking command in '/home/namtruong/uuv_sim_home/build/dave_worlds': CMAKE_PREFIX_PATH=${CMAKE_PREFIX_PATH}:/home/namtruong/uuv_sim_home/install/uuv_simu:/opt/ros/jazzy DEBUGINFOD_URLS=https://debuginfod.ubuntu.com /usr/bin/cmake /home/namtruong/uuv_sim_home/src/dave_worlds -DCMAKE_INSTALL_PREFIX=/home/namtruong/uuv_sim_home/install/dave_worlds
[0.027s] -- Found ament_cmake: 2.5.6 (/opt/ros/jazzy/share/ament_cmake/cmake)
[0.206s] -- Override CMake install command with custom implementation using symlinks instead of copying resources
[0.291s] -- Configuring done (0.3s)
[0.293s] -- Generating done (0.0s)
[0.295s] -- Build files have been written to: /home/namtruong/uuv_sim_home/build/dave_worlds
[0.297s] Invoked command in '/home/namtruong/uuv_sim_home/build/dave_worlds' returned '0': CMAKE_PREFIX_PATH=${CMAKE_PREFIX_PATH}:/home/namtruong/uuv_sim_home/install/uuv_simu:/opt/ros/jazzy DEBUGINFOD_URLS=https://debuginfod.ubuntu.com /usr/bin/cmake /home/namtruong/uuv_sim_home/src/dave_worlds -DCMAKE_INSTALL_PREFIX=/home/namtruong/uuv_sim_home/install/dave_worlds
[0.298s] Invoking command in '/home/namtruong/uuv_sim_home/build/dave_worlds': CMAKE_PREFIX_PATH=${CMAKE_PREFIX_PATH}:/home/namtruong/uuv_sim_home/install/uuv_simu:/opt/ros/jazzy DEBUGINFOD_URLS=https://debuginfod.ubuntu.com /usr/bin/cmake --build /home/namtruong/uuv_sim_home/build/dave_worlds -- -j16 -l16
[0.337s] Invoked command in '/home/namtruong/uuv_sim_home/build/dave_worlds' returned '0': CMAKE_PREFIX_PATH=${CMAKE_PREFIX_PATH}:/home/namtruong/uuv_sim_home/install/uuv_simu:/opt/ros/jazzy DEBUGINFOD_URLS=https://debuginfod.ubuntu.com /usr/bin/cmake --build /home/namtruong/uuv_sim_home/build/dave_worlds -- -j16 -l16
[0.346s] Invoking command in '/home/namtruong/uuv_sim_home/build/dave_worlds': CMAKE_PREFIX_PATH=${CMAKE_PREFIX_PATH}:/home/namtruong/uuv_sim_home/install/uuv_simu:/opt/ros/jazzy DEBUGINFOD_URLS=https://debuginfod.ubuntu.com /usr/bin/cmake --install /home/namtruong/uuv_sim_home/build/dave_worlds
[0.354s] -- Install configuration: ""
[0.354s] -- Execute custom install script
[0.355s] -- Up-to-date symlink: /home/namtruong/uuv_sim_home/install/dave_worlds/share/dave_worlds/worlds/ACT1951_1_Annual_2021.csv
[0.355s] -- Up-to-date symlink: /home/namtruong/uuv_sim_home/install/dave_worlds/share/dave_worlds/worlds/camera_tutorial.world
[0.355s] -- Up-to-date symlink: /home/namtruong/uuv_sim_home/install/dave_worlds/share/dave_worlds/worlds/dave_Santorini.world
[0.355s] -- Up-to-date symlink: /home/namtruong/uuv_sim_home/install/dave_worlds/share/dave_worlds/worlds/dave_bimanual_example.world
[0.355s] -- Up-to-date symlink: /home/namtruong/uuv_sim_home/install/dave_worlds/share/dave_worlds/worlds/dave_electrical_mating.world
[0.355s] -- Up-to-date symlink: /home/namtruong/uuv_sim_home/install/dave_worlds/share/dave_worlds/worlds/dave_graded_seabed.world
[0.355s] -- Up-to-date symlink: /home/namtruong/uuv_sim_home/install/dave_worlds/share/dave_worlds/worlds/dave_integrated.world
[0.355s] -- Up-to-date symlink: /home/namtruong/uuv_sim_home/install/dave_worlds/share/dave_worlds/worlds/dave_multibeam_sonar.world
[0.355s] -- Up-to-date symlink: /home/namtruong/uuv_sim_home/install/dave_worlds/share/dave_worlds/worlds/dave_ocean_models.world
[0.355s] -- Up-to-date symlink: /home/namtruong/uuv_sim_home/install/dave_worlds/share/dave_worlds/worlds/dave_ocean_waves.world
[0.355s] -- Up-to-date symlink: /home/namtruong/uuv_sim_home/install/dave_worlds/share/dave_worlds/worlds/dave_ocean_waves_mossy_ground.world
[0.355s] -- Up-to-date symlink: /home/namtruong/uuv_sim_home/install/dave_worlds/share/dave_worlds/worlds/dave_ocean_waves_sonar.world
[0.356s] -- Up-to-date symlink: /home/namtruong/uuv_sim_home/install/dave_worlds/share/dave_worlds/worlds/dave_ocean_waves_sonar_integrated.world
[0.356s] -- Up-to-date symlink: /home/namtruong/uuv_sim_home/install/dave_worlds/share/dave_worlds/worlds/dave_ocean_waves_transient_current.world
[0.356s] -- Up-to-date symlink: /home/namtruong/uuv_sim_home/install/dave_worlds/share/dave_worlds/worlds/dave_plug_and_socket.world
[0.356s] -- Up-to-date symlink: /home/namtruong/uuv_sim_home/install/dave_worlds/share/dave_worlds/worlds/dvl_world.world
[0.356s] -- Up-to-date symlink: /home/namtruong/uuv_sim_home/install/dave_worlds/share/dave_worlds/worlds/new_dvl.world
[0.356s] -- Up-to-date symlink: /home/namtruong/uuv_sim_home/install/dave_worlds/share/dave_worlds/worlds/ocean_current_plugin.world
[0.356s] -- Up-to-date symlink: /home/namtruong/uuv_sim_home/install/dave_worlds/share/dave_worlds/worlds/transientOceanCurrentDatabase.csv
[0.356s] -- Up-to-date symlink: /home/namtruong/uuv_sim_home/install/dave_worlds/share/dave_worlds/worlds/usbl_tutorial.world
[0.357s] -- Up-to-date symlink: /home/namtruong/uuv_sim_home/install/dave_worlds/share/dave_worlds/media/materials/textures/dirt_diffusespecular.png
[0.357s] -- Up-to-date symlink: /home/namtruong/uuv_sim_home/install/dave_worlds/share/dave_worlds/media/materials/textures/flat_normal.png
[0.357s] -- Up-to-date symlink: /home/namtruong/uuv_sim_home/install/dave_worlds/share/dave_worlds/media/meshes/Santorini_heightmap.tif
[0.358s] -- Up-to-date symlink: /home/namtruong/uuv_sim_home/install/dave_worlds/share/dave_worlds/environment/dave_worlds.dsv
[0.358s] -- Up-to-date symlink: /home/namtruong/uuv_sim_home/install/dave_worlds/share/ament_index/resource_index/package_run_dependencies/dave_worlds
[0.358s] -- Up-to-date symlink: /home/namtruong/uuv_sim_home/install/dave_worlds/share/ament_index/resource_index/parent_prefix_path/dave_worlds
[0.358s] -- Up-to-date symlink: /home/namtruong/uuv_sim_home/install/dave_worlds/share/dave_worlds/environment/ament_prefix_path.sh
[0.358s] -- Up-to-date symlink: /home/namtruong/uuv_sim_home/install/dave_worlds/share/dave_worlds/environment/ament_prefix_path.dsv
[0.358s] -- Up-to-date symlink: /home/namtruong/uuv_sim_home/install/dave_worlds/share/dave_worlds/environment/path.sh
[0.359s] -- Up-to-date symlink: /home/namtruong/uuv_sim_home/install/dave_worlds/share/dave_worlds/environment/path.dsv
[0.359s] -- Up-to-date symlink: /home/namtruong/uuv_sim_home/install/dave_worlds/share/dave_worlds/local_setup.bash
[0.359s] -- Up-to-date symlink: /home/namtruong/uuv_sim_home/install/dave_worlds/share/dave_worlds/local_setup.sh
[0.359s] -- Up-to-date symlink: /home/namtruong/uuv_sim_home/install/dave_worlds/share/dave_worlds/local_setup.zsh
[0.359s] -- Up-to-date symlink: /home/namtruong/uuv_sim_home/install/dave_worlds/share/dave_worlds/local_setup.dsv
[0.359s] -- Symlinking: /home/namtruong/uuv_sim_home/install/dave_worlds/share/dave_worlds/package.dsv
[0.368s] -- Up-to-date symlink: /home/namtruong/uuv_sim_home/install/dave_worlds/share/ament_index/resource_index/packages/dave_worlds
[0.368s] -- Up-to-date symlink: /home/namtruong/uuv_sim_home/install/dave_worlds/share/dave_worlds/cmake/dave_worldsConfig.cmake
[0.368s] -- Up-to-date symlink: /home/namtruong/uuv_sim_home/install/dave_worlds/share/dave_worlds/cmake/dave_worldsConfig-version.cmake
[0.368s] -- Up-to-date symlink: /home/namtruong/uuv_sim_home/install/dave_worlds/share/dave_worlds/package.xml
[0.400s] Invoked command in '/home/namtruong/uuv_sim_home/build/dave_worlds' returned '0': CMAKE_PREFIX_PATH=${CMAKE_PREFIX_PATH}:/home/namtruong/uuv_sim_home/install/uuv_simu:/opt/ros/jazzy DEBUGINFOD_URLS=https://debuginfod.ubuntu.com /usr/bin/cmake --install /home/namtruong/uuv_sim_home/build/dave_worlds
