[0.017s] Invoking command in '/home/namtruong/uuv_sim_home/build/dave_object_models': CMAKE_PREFIX_PATH=${CMAKE_PREFIX_PATH}:/home/namtruong/uuv_sim_home/install/uuv_simu:/opt/ros/jazzy DEBUGINFOD_URLS=https://debuginfod.ubuntu.com /usr/bin/cmake --build /home/namtruong/uuv_sim_home/build/dave_object_models -- -j16 -l16
[0.061s] Invoked command in '/home/namtruong/uuv_sim_home/build/dave_object_models' returned '0': CMAKE_PREFIX_PATH=${CMAKE_PREFIX_PATH}:/home/namtruong/uuv_sim_home/install/uuv_simu:/opt/ros/jazzy DEBUGINFOD_URLS=https://debuginfod.ubuntu.com /usr/bin/cmake --build /home/namtruong/uuv_sim_home/build/dave_object_models -- -j16 -l16
[0.062s] Invoking command in '/home/namtruong/uuv_sim_home/build/dave_object_models': CMAKE_PREFIX_PATH=${CMAKE_PREFIX_PATH}:/home/namtruong/uuv_sim_home/install/uuv_simu:/opt/ros/jazzy DEBUGINFOD_URLS=https://debuginfod.ubuntu.com /usr/bin/cmake --install /home/namtruong/uuv_sim_home/build/dave_object_models
[0.069s] -- Install configuration: ""
[0.069s] -- Execute custom install script
[0.070s] -- Up-to-date symlink: /home/namtruong/uuv_sim_home/install/dave_object_models/share/dave_object_models/description/mossy_cinder_block/model.config
[0.070s] -- Up-to-date symlink: /home/namtruong/uuv_sim_home/install/dave_object_models/share/dave_object_models/description/mossy_cinder_block/model.sdf
[0.070s] -- Up-to-date symlink: /home/namtruong/uuv_sim_home/install/dave_object_models/share/dave_object_models/launch/upload_object.launch.py
[0.070s] -- Up-to-date symlink: /home/namtruong/uuv_sim_home/install/dave_object_models/share/dave_object_models/environment/dave_object_models.dsv
[0.071s] -- Up-to-date symlink: /home/namtruong/uuv_sim_home/install/dave_object_models/share/ament_index/resource_index/package_run_dependencies/dave_object_models
[0.071s] -- Up-to-date symlink: /home/namtruong/uuv_sim_home/install/dave_object_models/share/ament_index/resource_index/parent_prefix_path/dave_object_models
[0.071s] -- Up-to-date symlink: /home/namtruong/uuv_sim_home/install/dave_object_models/share/dave_object_models/environment/ament_prefix_path.sh
[0.072s] -- Up-to-date symlink: /home/namtruong/uuv_sim_home/install/dave_object_models/share/dave_object_models/environment/ament_prefix_path.dsv
[0.073s] -- Up-to-date symlink: /home/namtruong/uuv_sim_home/install/dave_object_models/share/dave_object_models/environment/path.sh
[0.073s] -- Up-to-date symlink: /home/namtruong/uuv_sim_home/install/dave_object_models/share/dave_object_models/environment/path.dsv
[0.073s] -- Up-to-date symlink: /home/namtruong/uuv_sim_home/install/dave_object_models/share/dave_object_models/local_setup.bash
[0.073s] -- Up-to-date symlink: /home/namtruong/uuv_sim_home/install/dave_object_models/share/dave_object_models/local_setup.sh
[0.073s] -- Up-to-date symlink: /home/namtruong/uuv_sim_home/install/dave_object_models/share/dave_object_models/local_setup.zsh
[0.073s] -- Up-to-date symlink: /home/namtruong/uuv_sim_home/install/dave_object_models/share/dave_object_models/local_setup.dsv
[0.073s] -- Symlinking: /home/namtruong/uuv_sim_home/install/dave_object_models/share/dave_object_models/package.dsv
[0.080s] -- Up-to-date symlink: /home/namtruong/uuv_sim_home/install/dave_object_models/share/ament_index/resource_index/packages/dave_object_models
[0.080s] -- Up-to-date symlink: /home/namtruong/uuv_sim_home/install/dave_object_models/share/dave_object_models/cmake/dave_object_modelsConfig.cmake
[0.080s] -- Up-to-date symlink: /home/namtruong/uuv_sim_home/install/dave_object_models/share/dave_object_models/cmake/dave_object_modelsConfig-version.cmake
[0.081s] -- Up-to-date symlink: /home/namtruong/uuv_sim_home/install/dave_object_models/share/dave_object_models/package.xml
[0.082s] Invoked command in '/home/namtruong/uuv_sim_home/build/dave_object_models' returned '0': CMAKE_PREFIX_PATH=${CMAKE_PREFIX_PATH}:/home/namtruong/uuv_sim_home/install/uuv_simu:/opt/ros/jazzy DEBUGINFOD_URLS=https://debuginfod.ubuntu.com /usr/bin/cmake --install /home/namtruong/uuv_sim_home/build/dave_object_models
