[0.017s] Invoking command in '/home/namtruong/uuv_sim_home/build/multibeam_sonar_system': CMAKE_PREFIX_PATH=${CMAKE_PREFIX_PATH}:/home/namtruong/uuv_sim_home/install/uuv_simu:/opt/ros/jazzy DEBUGINFOD_URLS=https://debuginfod.ubuntu.com /usr/bin/cmake --build /home/namtruong/uuv_sim_home/build/multibeam_sonar_system -- -j16 -l16
[0.088s] [ 66%] Built target multibeam_sonar
[0.124s] [100%] Built target multibeam_sonar_system
[0.305s] Invoked command in '/home/namtruong/uuv_sim_home/build/multibeam_sonar_system' returned '0': CMAKE_PREFIX_PATH=${CMAKE_PREFIX_PATH}:/home/namtruong/uuv_sim_home/install/uuv_simu:/opt/ros/jazzy DEBUGINFOD_URLS=https://debuginfod.ubuntu.com /usr/bin/cmake --build /home/namtruong/uuv_sim_home/build/multibeam_sonar_system -- -j16 -l16
[0.306s] Invoking command in '/home/namtruong/uuv_sim_home/build/multibeam_sonar_system': CMAKE_PREFIX_PATH=${CMAKE_PREFIX_PATH}:/home/namtruong/uuv_sim_home/install/uuv_simu:/opt/ros/jazzy DEBUGINFOD_URLS=https://debuginfod.ubuntu.com /usr/bin/cmake --install /home/namtruong/uuv_sim_home/build/multibeam_sonar_system
[0.315s] -- Install configuration: ""
[0.315s] -- Execute custom install script
[0.315s] -- Up-to-date symlink: /home/namtruong/uuv_sim_home/install/multibeam_sonar_system/lib/multibeam_sonar/libmultibeam_sonar.so
[0.316s] -- Up-to-date symlink: /home/namtruong/uuv_sim_home/install/multibeam_sonar_system/share/multibeam_sonar/environment/multibeam_sonar.dsv
[0.316s] -- Up-to-date symlink: /home/namtruong/uuv_sim_home/install/multibeam_sonar_system/share/ament_index/resource_index/package_run_dependencies/multibeam_sonar
[0.316s] -- Up-to-date symlink: /home/namtruong/uuv_sim_home/install/multibeam_sonar_system/share/ament_index/resource_index/parent_prefix_path/multibeam_sonar
[0.316s] -- Up-to-date symlink: /home/namtruong/uuv_sim_home/install/multibeam_sonar_system/share/multibeam_sonar/environment/ament_prefix_path.sh
[0.316s] -- Up-to-date symlink: /home/namtruong/uuv_sim_home/install/multibeam_sonar_system/share/multibeam_sonar/environment/ament_prefix_path.dsv
[0.316s] -- Up-to-date symlink: /home/namtruong/uuv_sim_home/install/multibeam_sonar_system/share/multibeam_sonar/environment/path.sh
[0.316s] -- Up-to-date symlink: /home/namtruong/uuv_sim_home/install/multibeam_sonar_system/share/multibeam_sonar/environment/path.dsv
[0.317s] -- Up-to-date symlink: /home/namtruong/uuv_sim_home/install/multibeam_sonar_system/share/multibeam_sonar/local_setup.bash
[0.317s] -- Up-to-date symlink: /home/namtruong/uuv_sim_home/install/multibeam_sonar_system/share/multibeam_sonar/local_setup.sh
[0.317s] -- Up-to-date symlink: /home/namtruong/uuv_sim_home/install/multibeam_sonar_system/share/multibeam_sonar/local_setup.zsh
[0.317s] -- Up-to-date symlink: /home/namtruong/uuv_sim_home/install/multibeam_sonar_system/share/multibeam_sonar/local_setup.dsv
[0.317s] -- Up-to-date symlink: /home/namtruong/uuv_sim_home/install/multibeam_sonar_system/share/multibeam_sonar/package.dsv
[0.317s] -- Up-to-date symlink: /home/namtruong/uuv_sim_home/install/multibeam_sonar_system/share/ament_index/resource_index/packages/multibeam_sonar
[0.317s] -- Up-to-date symlink: /home/namtruong/uuv_sim_home/install/multibeam_sonar_system/share/multibeam_sonar/cmake/multibeam_sonarConfig.cmake
[0.317s] -- Up-to-date symlink: /home/namtruong/uuv_sim_home/install/multibeam_sonar_system/share/multibeam_sonar/cmake/multibeam_sonarConfig-version.cmake
[0.317s] -- Up-to-date symlink: /home/namtruong/uuv_sim_home/install/multibeam_sonar_system/share/multibeam_sonar/package.xml
[0.317s] -- Up-to-date symlink: /home/namtruong/uuv_sim_home/install/multibeam_sonar_system/lib/multibeam_sonar_system/libmultibeam_sonar_system.so
[0.318s] -- Up-to-date symlink: /home/namtruong/uuv_sim_home/install/multibeam_sonar_system/share/multibeam_sonar_system/environment/multibeam_sonar_system.dsv
[0.318s] -- Up-to-date symlink: /home/namtruong/uuv_sim_home/install/multibeam_sonar_system/share/ament_index/resource_index/package_run_dependencies/multibeam_sonar_system
[0.318s] -- Up-to-date symlink: /home/namtruong/uuv_sim_home/install/multibeam_sonar_system/share/ament_index/resource_index/parent_prefix_path/multibeam_sonar_system
[0.318s] -- Up-to-date symlink: /home/namtruong/uuv_sim_home/install/multibeam_sonar_system/share/multibeam_sonar_system/environment/ament_prefix_path.sh
[0.318s] -- Up-to-date symlink: /home/namtruong/uuv_sim_home/install/multibeam_sonar_system/share/multibeam_sonar_system/environment/ament_prefix_path.dsv
[0.318s] -- Up-to-date symlink: /home/namtruong/uuv_sim_home/install/multibeam_sonar_system/share/multibeam_sonar_system/environment/path.sh
[0.318s] -- Up-to-date symlink: /home/namtruong/uuv_sim_home/install/multibeam_sonar_system/share/multibeam_sonar_system/environment/path.dsv
[0.319s] -- Up-to-date symlink: /home/namtruong/uuv_sim_home/install/multibeam_sonar_system/share/multibeam_sonar_system/local_setup.bash
[0.319s] -- Up-to-date symlink: /home/namtruong/uuv_sim_home/install/multibeam_sonar_system/share/multibeam_sonar_system/local_setup.sh
[0.319s] -- Up-to-date symlink: /home/namtruong/uuv_sim_home/install/multibeam_sonar_system/share/multibeam_sonar_system/local_setup.zsh
[0.319s] -- Up-to-date symlink: /home/namtruong/uuv_sim_home/install/multibeam_sonar_system/share/multibeam_sonar_system/local_setup.dsv
[0.319s] -- Symlinking: /home/namtruong/uuv_sim_home/install/multibeam_sonar_system/share/multibeam_sonar_system/package.dsv
[0.330s] -- Up-to-date symlink: /home/namtruong/uuv_sim_home/install/multibeam_sonar_system/share/ament_index/resource_index/packages/multibeam_sonar_system
[0.330s] -- Up-to-date symlink: /home/namtruong/uuv_sim_home/install/multibeam_sonar_system/share/multibeam_sonar_system/cmake/multibeam_sonar_systemConfig.cmake
[0.331s] -- Up-to-date symlink: /home/namtruong/uuv_sim_home/install/multibeam_sonar_system/share/multibeam_sonar_system/cmake/multibeam_sonar_systemConfig-version.cmake
[0.331s] -- Up-to-date symlink: /home/namtruong/uuv_sim_home/install/multibeam_sonar_system/share/multibeam_sonar_system/package.xml
[0.333s] Invoked command in '/home/namtruong/uuv_sim_home/build/multibeam_sonar_system' returned '0': CMAKE_PREFIX_PATH=${CMAKE_PREFIX_PATH}:/home/namtruong/uuv_sim_home/install/uuv_simu:/opt/ros/jazzy DEBUGINFOD_URLS=https://debuginfod.ubuntu.com /usr/bin/cmake --install /home/namtruong/uuv_sim_home/build/multibeam_sonar_system
