[33mCMake Warning (deprecated) at CMakeLists.txt:1 (cmake_minimum_required):
  Compatibility with CMake < 3.10 will be removed from a future version of
  CMake.

  Update the VERSION argument <min> value.  Or, use the <min>...<max> syntax
  to tell CMake that the project requires at least <min> but has been updated
  to work with policies introduced by <max> or earlier.
This warning is for project developers.  Use -Wno-author or -Wno-deprecated
to suppress it.
[0m
-- The C compiler identification is GNU 11.4.0
-- The CXX compiler identification is GNU 11.4.0
-- Detecting C compiler ABI info
-- Detecting C compiler ABI info - done
-- Check for working C compiler: /usr/bin/cc - skipped
-- Detecting C compile features
-- Detecting C compile features - done
-- Detecting CXX compiler ABI info
-- Detecting CXX compiler ABI info - done
-- Check for working CXX compiler: /usr/bin/c++ - skipped
-- Detecting CXX compile features
-- Detecting CXX compile features - done
-- Found ament_cmake: 1.3.14 (/opt/ros/humble/share/ament_cmake/cmake)
-- Found Python3: /usr/bin/python3 (found version "3.10.12") found components: Interpreter
-- Override CMake install command with custom implementation using symlinks instead of copying resources
-- Configuring done (0.5s)
-- Generating done (0.0s)
-- Build files have been written to: /home/namtruong/uuv_sim/build/dave_robot_models
-- Install configuration: ""
-- Execute custom install script
-- Symlinking: /home/namtruong/uuv_sim/install/dave_robot_models/lib/dave_robot_models/ardusub_manual_control.py
-- Symlinking: /home/namtruong/uuv_sim/install/dave_robot_models/lib/dave_robot_models/keyboard_publisher.py
-- Symlinking: /home/namtruong/uuv_sim/install/dave_robot_models/lib/dave_robot_models/ws_to_joy.py
-- Symlinking: /home/namtruong/uuv_sim/install/dave_robot_models/share/dave_robot_models/description/bluerov2/model.config
-- Symlinking: /home/namtruong/uuv_sim/install/dave_robot_models/share/dave_robot_models/description/bluerov2/model.sdf
-- Symlinking: /home/namtruong/uuv_sim/install/dave_robot_models/share/dave_robot_models/description/bluerov2_heavy/model.config
-- Symlinking: /home/namtruong/uuv_sim/install/dave_robot_models/share/dave_robot_models/description/bluerov2_heavy/model.sdf
-- Symlinking: /home/namtruong/uuv_sim/install/dave_robot_models/share/dave_robot_models/description/bluerov2_heavy_multibeam_sonar/model.config
-- Symlinking: /home/namtruong/uuv_sim/install/dave_robot_models/share/dave_robot_models/description/bluerov2_heavy_multibeam_sonar/model.sdf
-- Symlinking: /home/namtruong/uuv_sim/install/dave_robot_models/share/dave_robot_models/description/glider_slocum/model.config
-- Symlinking: /home/namtruong/uuv_sim/install/dave_robot_models/share/dave_robot_models/description/glider_slocum/model.sdf
-- Symlinking: /home/namtruong/uuv_sim/install/dave_robot_models/share/dave_robot_models/description/rexrov/model.config
-- Symlinking: /home/namtruong/uuv_sim/install/dave_robot_models/share/dave_robot_models/description/rexrov/model.sdf
-- Symlinking: /home/namtruong/uuv_sim/install/dave_robot_models/share/dave_robot_models/launch/bluerov_teleop.launch.py
-- Symlinking: /home/namtruong/uuv_sim/install/dave_robot_models/share/dave_robot_models/launch/upload_robot.launch.py
-- Symlinking: /home/namtruong/uuv_sim/install/dave_robot_models/share/dave_robot_models/meshes/bluerov2/bluerov2.dae
-- Symlinking: /home/namtruong/uuv_sim/install/dave_robot_models/share/dave_robot_models/meshes/bluerov2_heavy/bluerov2_heavy.dae
-- Symlinking: /home/namtruong/uuv_sim/install/dave_robot_models/share/dave_robot_models/meshes/glider_slocum/COLLISION-Slocum-Glider.dae
-- Symlinking: /home/namtruong/uuv_sim/install/dave_robot_models/share/dave_robot_models/meshes/glider_slocum/Slocum-Glider-LeftFin.dae
-- Symlinking: /home/namtruong/uuv_sim/install/dave_robot_models/share/dave_robot_models/meshes/glider_slocum/Slocum-Glider-Propeller.dae
-- Symlinking: /home/namtruong/uuv_sim/install/dave_robot_models/share/dave_robot_models/meshes/glider_slocum/Slocum-Glider-RightFin.dae
-- Symlinking: /home/namtruong/uuv_sim/install/dave_robot_models/share/dave_robot_models/meshes/glider_slocum/Slocum-Glider-TopRudder.dae
-- Symlinking: /home/namtruong/uuv_sim/install/dave_robot_models/share/dave_robot_models/meshes/glider_slocum/Slocum-Glider.dae
-- Symlinking: /home/namtruong/uuv_sim/install/dave_robot_models/share/dave_robot_models/meshes/glider_slocum/Slocum-Glider.png
-- Symlinking: /home/namtruong/uuv_sim/install/dave_robot_models/share/dave_robot_models/meshes/rexrov/RexROV_no_props.dae
-- Symlinking: /home/namtruong/uuv_sim/install/dave_robot_models/share/dave_robot_models/meshes/rexrov/RexROV_no_props.stl
-- Symlinking: /home/namtruong/uuv_sim/install/dave_robot_models/share/dave_robot_models/meshes/rexrov/collision.blend
-- Symlinking: /home/namtruong/uuv_sim/install/dave_robot_models/share/dave_robot_models/meshes/rexrov/prop.dae
-- Symlinking: /home/namtruong/uuv_sim/install/dave_robot_models/share/dave_robot_models/meshes/t200/ccw_prop.dae
-- Symlinking: /home/namtruong/uuv_sim/install/dave_robot_models/share/dave_robot_models/meshes/t200/cw_prop.dae
-- Symlinking: /home/namtruong/uuv_sim/install/dave_robot_models/share/dave_robot_models/config/bluerov2/ardusub.parm
-- Symlinking: /home/namtruong/uuv_sim/install/dave_robot_models/share/dave_robot_models/config/bluerov2/robot_config.py
-- Symlinking: /home/namtruong/uuv_sim/install/dave_robot_models/share/dave_robot_models/config/bluerov2_heavy/ardusub.parm
-- Symlinking: /home/namtruong/uuv_sim/install/dave_robot_models/share/dave_robot_models/config/bluerov2_heavy/robot_config.py
-- Symlinking: /home/namtruong/uuv_sim/install/dave_robot_models/share/dave_robot_models/config/bluerov2_heavy_multibeam_sonar/ardusub.parm
-- Symlinking: /home/namtruong/uuv_sim/install/dave_robot_models/share/dave_robot_models/config/bluerov2_heavy_multibeam_sonar/robot_config.py
-- Symlinking: /home/namtruong/uuv_sim/install/dave_robot_models/share/dave_robot_models/config/glider_slocum/robot_config.py
-- Symlinking: /home/namtruong/uuv_sim/install/dave_robot_models/share/dave_robot_models/config/mavros/mavros.yaml
-- Symlinking: /home/namtruong/uuv_sim/install/dave_robot_models/share/dave_robot_models/config/rexrov/robot_config.py
-- Symlinking: /home/namtruong/uuv_sim/install/dave_robot_models/share/dave_robot_models/environment/dave_robot_models.dsv
-- Symlinking: /home/namtruong/uuv_sim/install/dave_robot_models/share/ament_index/resource_index/package_run_dependencies/dave_robot_models
-- Symlinking: /home/namtruong/uuv_sim/install/dave_robot_models/share/ament_index/resource_index/parent_prefix_path/dave_robot_models
-- Symlinking: /home/namtruong/uuv_sim/install/dave_robot_models/share/dave_robot_models/environment/ament_prefix_path.sh
-- Symlinking: /home/namtruong/uuv_sim/install/dave_robot_models/share/dave_robot_models/environment/ament_prefix_path.dsv
-- Symlinking: /home/namtruong/uuv_sim/install/dave_robot_models/share/dave_robot_models/environment/path.sh
-- Symlinking: /home/namtruong/uuv_sim/install/dave_robot_models/share/dave_robot_models/environment/path.dsv
-- Symlinking: /home/namtruong/uuv_sim/install/dave_robot_models/share/dave_robot_models/local_setup.bash
-- Symlinking: /home/namtruong/uuv_sim/install/dave_robot_models/share/dave_robot_models/local_setup.sh
-- Symlinking: /home/namtruong/uuv_sim/install/dave_robot_models/share/dave_robot_models/local_setup.zsh
-- Symlinking: /home/namtruong/uuv_sim/install/dave_robot_models/share/dave_robot_models/local_setup.dsv
-- Symlinking: /home/namtruong/uuv_sim/install/dave_robot_models/share/dave_robot_models/package.dsv
-- Symlinking: /home/namtruong/uuv_sim/install/dave_robot_models/share/ament_index/resource_index/packages/dave_robot_models
-- Symlinking: /home/namtruong/uuv_sim/install/dave_robot_models/share/dave_robot_models/cmake/dave_robot_modelsConfig.cmake
-- Symlinking: /home/namtruong/uuv_sim/install/dave_robot_models/share/dave_robot_models/cmake/dave_robot_modelsConfig-version.cmake
-- Symlinking: /home/namtruong/uuv_sim/install/dave_robot_models/share/dave_robot_models/package.xml
