[0.018s] Invoking command in '/home/namtruong/uuv_sim/build/dave_robot_models': CMAKE_PREFIX_PATH=${CMAKE_PREFIX_PATH}:/home/namtruong/uuv_sim/install/uuv_simu:/home/namtruong/xetuhanh/install/bring_up:/home/namtruong/turtlebot3_ws/install/turtlebot3_teleop:/home/namtruong/turtlebot3_ws/install/turtlebot3_example:/opt/ros/humble /home/namtruong/.local/bin/cmake /home/namtruong/uuv_sim/src/dave_robot_models -DCMAKE_POLICY_VERSION_MINIMUM=3.5 -DAMENT_CMAKE_SYMLINK_INSTALL=1 -DCMAKE_INSTALL_PREFIX=/home/namtruong/uuv_sim/install/dave_robot_models
[0.081s] [33mCMake Warning (deprecated) at CMakeLists.txt:1 (cmake_minimum_required):
[0.081s]   Compatibility with CMake < 3.10 will be removed from a future version of
[0.081s]   CMake.
[0.081s] 
[0.081s]   Update the VERSION argument <min> value.  Or, use the <min>...<max> syntax
[0.081s]   to tell CMake that the project requires at least <min> but has been updated
[0.081s]   to work with policies introduced by <max> or earlier.
[0.081s] This warning is for project developers.  Use -Wno-author or -Wno-deprecated
[0.081s] to suppress it.
[0.081s] [0m
[0.119s] -- The C compiler identification is GNU 11.4.0
[0.174s] -- The CXX compiler identification is GNU 11.4.0
[0.181s] -- Detecting C compiler ABI info
[0.232s] -- Detecting C compiler ABI info - done
[0.244s] -- Check for working C compiler: /usr/bin/cc - skipped
[0.245s] -- Detecting C compile features
[0.245s] -- Detecting C compile features - done
[0.255s] -- Detecting CXX compiler ABI info
[0.315s] -- Detecting CXX compiler ABI info - done
[0.327s] -- Check for working CXX compiler: /usr/bin/c++ - skipped
[0.327s] -- Detecting CXX compile features
[0.328s] -- Detecting CXX compile features - done
[0.336s] -- Found ament_cmake: 1.3.14 (/opt/ros/humble/share/ament_cmake/cmake)
[0.455s] -- Found Python3: /usr/bin/python3 (found version "3.10.12") found components: Interpreter
[0.509s] -- Override CMake install command with custom implementation using symlinks instead of copying resources
[0.615s] -- Configuring done (0.5s)
[0.618s] -- Generating done (0.0s)
[0.619s] -- Build files have been written to: /home/namtruong/uuv_sim/build/dave_robot_models
[0.626s] Invoked command in '/home/namtruong/uuv_sim/build/dave_robot_models' returned '0': CMAKE_PREFIX_PATH=${CMAKE_PREFIX_PATH}:/home/namtruong/uuv_sim/install/uuv_simu:/home/namtruong/xetuhanh/install/bring_up:/home/namtruong/turtlebot3_ws/install/turtlebot3_teleop:/home/namtruong/turtlebot3_ws/install/turtlebot3_example:/opt/ros/humble /home/namtruong/.local/bin/cmake /home/namtruong/uuv_sim/src/dave_robot_models -DCMAKE_POLICY_VERSION_MINIMUM=3.5 -DAMENT_CMAKE_SYMLINK_INSTALL=1 -DCMAKE_INSTALL_PREFIX=/home/namtruong/uuv_sim/install/dave_robot_models
[0.627s] Invoking command in '/home/namtruong/uuv_sim/build/dave_robot_models': CMAKE_PREFIX_PATH=${CMAKE_PREFIX_PATH}:/home/namtruong/uuv_sim/install/uuv_simu:/home/namtruong/xetuhanh/install/bring_up:/home/namtruong/turtlebot3_ws/install/turtlebot3_teleop:/home/namtruong/turtlebot3_ws/install/turtlebot3_example:/opt/ros/humble /home/namtruong/.local/bin/cmake --build /home/namtruong/uuv_sim/build/dave_robot_models -- -j16 -l16
[0.769s] Invoked command in '/home/namtruong/uuv_sim/build/dave_robot_models' returned '0': CMAKE_PREFIX_PATH=${CMAKE_PREFIX_PATH}:/home/namtruong/uuv_sim/install/uuv_simu:/home/namtruong/xetuhanh/install/bring_up:/home/namtruong/turtlebot3_ws/install/turtlebot3_teleop:/home/namtruong/turtlebot3_ws/install/turtlebot3_example:/opt/ros/humble /home/namtruong/.local/bin/cmake --build /home/namtruong/uuv_sim/build/dave_robot_models -- -j16 -l16
[0.770s] Invoking command in '/home/namtruong/uuv_sim/build/dave_robot_models': CMAKE_PREFIX_PATH=${CMAKE_PREFIX_PATH}:/home/namtruong/uuv_sim/install/uuv_simu:/home/namtruong/xetuhanh/install/bring_up:/home/namtruong/turtlebot3_ws/install/turtlebot3_teleop:/home/namtruong/turtlebot3_ws/install/turtlebot3_example:/opt/ros/humble /home/namtruong/.local/bin/cmake --install /home/namtruong/uuv_sim/build/dave_robot_models
[0.831s] -- Install configuration: ""
[0.831s] -- Execute custom install script
[0.832s] -- Symlinking: /home/namtruong/uuv_sim/install/dave_robot_models/lib/dave_robot_models/ardusub_manual_control.py
[0.835s] -- Symlinking: /home/namtruong/uuv_sim/install/dave_robot_models/lib/dave_robot_models/keyboard_publisher.py
[0.838s] -- Symlinking: /home/namtruong/uuv_sim/install/dave_robot_models/lib/dave_robot_models/ws_to_joy.py
[0.842s] -- Symlinking: /home/namtruong/uuv_sim/install/dave_robot_models/share/dave_robot_models/description/bluerov2/model.config
[0.845s] -- Symlinking: /home/namtruong/uuv_sim/install/dave_robot_models/share/dave_robot_models/description/bluerov2/model.sdf
[0.848s] -- Symlinking: /home/namtruong/uuv_sim/install/dave_robot_models/share/dave_robot_models/description/bluerov2_heavy/model.config
[0.852s] -- Symlinking: /home/namtruong/uuv_sim/install/dave_robot_models/share/dave_robot_models/description/bluerov2_heavy/model.sdf
[0.855s] -- Symlinking: /home/namtruong/uuv_sim/install/dave_robot_models/share/dave_robot_models/description/bluerov2_heavy_multibeam_sonar/model.config
[0.859s] -- Symlinking: /home/namtruong/uuv_sim/install/dave_robot_models/share/dave_robot_models/description/bluerov2_heavy_multibeam_sonar/model.sdf
[0.863s] -- Symlinking: /home/namtruong/uuv_sim/install/dave_robot_models/share/dave_robot_models/description/glider_slocum/model.config
[0.866s] -- Symlinking: /home/namtruong/uuv_sim/install/dave_robot_models/share/dave_robot_models/description/glider_slocum/model.sdf
[0.870s] -- Symlinking: /home/namtruong/uuv_sim/install/dave_robot_models/share/dave_robot_models/description/rexrov/model.config
[0.874s] -- Symlinking: /home/namtruong/uuv_sim/install/dave_robot_models/share/dave_robot_models/description/rexrov/model.sdf
[0.878s] -- Symlinking: /home/namtruong/uuv_sim/install/dave_robot_models/share/dave_robot_models/launch/bluerov_teleop.launch.py
[0.881s] -- Symlinking: /home/namtruong/uuv_sim/install/dave_robot_models/share/dave_robot_models/launch/upload_robot.launch.py
[0.885s] -- Symlinking: /home/namtruong/uuv_sim/install/dave_robot_models/share/dave_robot_models/meshes/bluerov2/bluerov2.dae
[0.889s] -- Symlinking: /home/namtruong/uuv_sim/install/dave_robot_models/share/dave_robot_models/meshes/bluerov2_heavy/bluerov2_heavy.dae
[0.892s] -- Symlinking: /home/namtruong/uuv_sim/install/dave_robot_models/share/dave_robot_models/meshes/glider_slocum/COLLISION-Slocum-Glider.dae
[0.897s] -- Symlinking: /home/namtruong/uuv_sim/install/dave_robot_models/share/dave_robot_models/meshes/glider_slocum/Slocum-Glider-LeftFin.dae
[0.902s] -- Symlinking: /home/namtruong/uuv_sim/install/dave_robot_models/share/dave_robot_models/meshes/glider_slocum/Slocum-Glider-Propeller.dae
[0.904s] -- Symlinking: /home/namtruong/uuv_sim/install/dave_robot_models/share/dave_robot_models/meshes/glider_slocum/Slocum-Glider-RightFin.dae
[0.908s] -- Symlinking: /home/namtruong/uuv_sim/install/dave_robot_models/share/dave_robot_models/meshes/glider_slocum/Slocum-Glider-TopRudder.dae
[0.911s] -- Symlinking: /home/namtruong/uuv_sim/install/dave_robot_models/share/dave_robot_models/meshes/glider_slocum/Slocum-Glider.dae
[0.915s] -- Symlinking: /home/namtruong/uuv_sim/install/dave_robot_models/share/dave_robot_models/meshes/glider_slocum/Slocum-Glider.png
[0.918s] -- Symlinking: /home/namtruong/uuv_sim/install/dave_robot_models/share/dave_robot_models/meshes/rexrov/RexROV_no_props.dae
[0.921s] -- Symlinking: /home/namtruong/uuv_sim/install/dave_robot_models/share/dave_robot_models/meshes/rexrov/RexROV_no_props.stl
[0.925s] -- Symlinking: /home/namtruong/uuv_sim/install/dave_robot_models/share/dave_robot_models/meshes/rexrov/collision.blend
[0.928s] -- Symlinking: /home/namtruong/uuv_sim/install/dave_robot_models/share/dave_robot_models/meshes/rexrov/prop.dae
[0.932s] -- Symlinking: /home/namtruong/uuv_sim/install/dave_robot_models/share/dave_robot_models/meshes/t200/ccw_prop.dae
[0.935s] -- Symlinking: /home/namtruong/uuv_sim/install/dave_robot_models/share/dave_robot_models/meshes/t200/cw_prop.dae
[0.940s] -- Symlinking: /home/namtruong/uuv_sim/install/dave_robot_models/share/dave_robot_models/config/bluerov2/ardusub.parm
[0.944s] -- Symlinking: /home/namtruong/uuv_sim/install/dave_robot_models/share/dave_robot_models/config/bluerov2/robot_config.py
[0.947s] -- Symlinking: /home/namtruong/uuv_sim/install/dave_robot_models/share/dave_robot_models/config/bluerov2_heavy/ardusub.parm
[0.951s] -- Symlinking: /home/namtruong/uuv_sim/install/dave_robot_models/share/dave_robot_models/config/bluerov2_heavy/robot_config.py
[0.954s] -- Symlinking: /home/namtruong/uuv_sim/install/dave_robot_models/share/dave_robot_models/config/bluerov2_heavy_multibeam_sonar/ardusub.parm
[0.958s] -- Symlinking: /home/namtruong/uuv_sim/install/dave_robot_models/share/dave_robot_models/config/bluerov2_heavy_multibeam_sonar/robot_config.py
[0.961s] -- Symlinking: /home/namtruong/uuv_sim/install/dave_robot_models/share/dave_robot_models/config/glider_slocum/robot_config.py
[0.965s] -- Symlinking: /home/namtruong/uuv_sim/install/dave_robot_models/share/dave_robot_models/config/mavros/mavros.yaml
[0.968s] -- Symlinking: /home/namtruong/uuv_sim/install/dave_robot_models/share/dave_robot_models/config/rexrov/robot_config.py
[0.971s] -- Symlinking: /home/namtruong/uuv_sim/install/dave_robot_models/share/dave_robot_models/environment/dave_robot_models.dsv
[0.976s] -- Symlinking: /home/namtruong/uuv_sim/install/dave_robot_models/share/ament_index/resource_index/package_run_dependencies/dave_robot_models
[0.980s] -- Symlinking: /home/namtruong/uuv_sim/install/dave_robot_models/share/ament_index/resource_index/parent_prefix_path/dave_robot_models
[0.984s] -- Symlinking: /home/namtruong/uuv_sim/install/dave_robot_models/share/dave_robot_models/environment/ament_prefix_path.sh
[0.988s] -- Symlinking: /home/namtruong/uuv_sim/install/dave_robot_models/share/dave_robot_models/environment/ament_prefix_path.dsv
[0.992s] -- Symlinking: /home/namtruong/uuv_sim/install/dave_robot_models/share/dave_robot_models/environment/path.sh
[0.996s] -- Symlinking: /home/namtruong/uuv_sim/install/dave_robot_models/share/dave_robot_models/environment/path.dsv
[1.000s] -- Symlinking: /home/namtruong/uuv_sim/install/dave_robot_models/share/dave_robot_models/local_setup.bash
[1.005s] -- Symlinking: /home/namtruong/uuv_sim/install/dave_robot_models/share/dave_robot_models/local_setup.sh
[1.008s] -- Symlinking: /home/namtruong/uuv_sim/install/dave_robot_models/share/dave_robot_models/local_setup.zsh
[1.013s] -- Symlinking: /home/namtruong/uuv_sim/install/dave_robot_models/share/dave_robot_models/local_setup.dsv
[1.017s] -- Symlinking: /home/namtruong/uuv_sim/install/dave_robot_models/share/dave_robot_models/package.dsv
[1.021s] -- Symlinking: /home/namtruong/uuv_sim/install/dave_robot_models/share/ament_index/resource_index/packages/dave_robot_models
[1.025s] -- Symlinking: /home/namtruong/uuv_sim/install/dave_robot_models/share/dave_robot_models/cmake/dave_robot_modelsConfig.cmake
[1.029s] -- Symlinking: /home/namtruong/uuv_sim/install/dave_robot_models/share/dave_robot_models/cmake/dave_robot_modelsConfig-version.cmake
[1.033s] -- Symlinking: /home/namtruong/uuv_sim/install/dave_robot_models/share/dave_robot_models/package.xml
[1.038s] Invoked command in '/home/namtruong/uuv_sim/build/dave_robot_models' returned '0': CMAKE_PREFIX_PATH=${CMAKE_PREFIX_PATH}:/home/namtruong/uuv_sim/install/uuv_simu:/home/namtruong/xetuhanh/install/bring_up:/home/namtruong/turtlebot3_ws/install/turtlebot3_teleop:/home/namtruong/turtlebot3_ws/install/turtlebot3_example:/opt/ros/humble /home/namtruong/.local/bin/cmake --install /home/namtruong/uuv_sim/build/dave_robot_models
