running develop
Removing /home/namtruong/uuv_sim_home/install/uuv_simu/lib/python3.12/site-packages/uuv-simu.egg-link (link to .)
running egg_info
writing ../../build/uuv_simu/uuv_simu.egg-info/PKG-INFO
writing dependency_links to ../../build/uuv_simu/uuv_simu.egg-info/dependency_links.txt
writing requirements to ../../build/uuv_simu/uuv_simu.egg-info/requires.txt
writing top-level names to ../../build/uuv_simu/uuv_simu.egg-info/top_level.txt
reading manifest file '../../build/uuv_simu/uuv_simu.egg-info/SOURCES.txt'
writing manifest file '../../build/uuv_simu/uuv_simu.egg-info/SOURCES.txt'
running build
running build_py
creating /home/namtruong/uuv_sim_home/build/uuv_simu/build
creating /home/namtruong/uuv_sim_home/build/uuv_simu/build/lib
creating /home/namtruong/uuv_sim_home/build/uuv_simu/build/lib/uuv_simu
copying uuv_simu/__init__.py -> /home/namtruong/uuv_sim_home/build/uuv_simu/build/lib/uuv_simu
running install
running install_lib
creating /home/namtruong/uuv_sim_home/install/uuv_simu/lib/python3.12/site-packages/uuv_simu
copying /home/namtruong/uuv_sim_home/build/uuv_simu/build/lib/uuv_simu/__init__.py -> /home/namtruong/uuv_sim_home/install/uuv_simu/lib/python3.12/site-packages/uuv_simu
byte-compiling /home/namtruong/uuv_sim_home/install/uuv_simu/lib/python3.12/site-packages/uuv_simu/__init__.py to __init__.cpython-312.pyc
running install_data
copying resource/uuv_simu -> /home/namtruong/uuv_sim_home/install/uuv_simu/share/ament_index/resource_index/packages
copying package.xml -> /home/namtruong/uuv_sim_home/install/uuv_simu/share/uuv_simu
copying launch/main_bringup.launch.py -> /home/namtruong/uuv_sim_home/install/uuv_simu/share/uuv_simu/launch
running install_egg_info
Copying ../../build/uuv_simu/uuv_simu.egg-info to /home/namtruong/uuv_sim_home/install/uuv_simu/lib/python3.12/site-packages/uuv_simu-0.0.0-py3.12.egg-info
running install_scripts
writing list of installed files to '/home/namtruong/uuv_sim_home/build/uuv_simu/install.log'
