[0.010s] Invoking command in '/home/namtruong/uuv_sim_home/build/multibeam_sonar_system': CMAKE_PREFIX_PATH=${CMAKE_PREFIX_PATH}:/opt/ros/jazzy DEBUGINFOD_URLS=https://debuginfod.ubuntu.com /usr/bin/cmake /home/namtruong/uuv_sim_home/src/multibeam_sonar_system -DBUILD_TESTING=OFF -DCMAKE_INSTALL_PREFIX=/home/namtruong/uuv_sim_home/install/multibeam_sonar_system
[0.024s] -- Found ament_cmake: 2.5.6 (/opt/ros/jazzy/share/ament_cmake/cmake)
[0.219s] -- Override CMake install command with custom implementation using symlinks instead of copying resources
[0.230s] -- CUDA Toolkit not found: Skipping CUDA-specific targets
[0.312s] -- Configuring done (0.3s)
[0.314s] -- Generating done (0.0s)
[0.316s] -- Build files have been written to: /home/namtruong/uuv_sim_home/build/multibeam_sonar_system
[0.319s] Invoked command in '/home/namtruong/uuv_sim_home/build/multibeam_sonar_system' returned '0': CMAKE_PREFIX_PATH=${CMAKE_PREFIX_PATH}:/opt/ros/jazzy DEBUGINFOD_URLS=https://debuginfod.ubuntu.com /usr/bin/cmake /home/namtruong/uuv_sim_home/src/multibeam_sonar_system -DBUILD_TESTING=OFF -DCMAKE_INSTALL_PREFIX=/home/namtruong/uuv_sim_home/install/multibeam_sonar_system
[0.320s] Invoking command in '/home/namtruong/uuv_sim_home/build/multibeam_sonar_system': CMAKE_PREFIX_PATH=${CMAKE_PREFIX_PATH}:/opt/ros/jazzy DEBUGINFOD_URLS=https://debuginfod.ubuntu.com /usr/bin/cmake --build /home/namtruong/uuv_sim_home/build/multibeam_sonar_system -- -j16 -l16
[0.367s] Invoked command in '/home/namtruong/uuv_sim_home/build/multibeam_sonar_system' returned '0': CMAKE_PREFIX_PATH=${CMAKE_PREFIX_PATH}:/opt/ros/jazzy DEBUGINFOD_URLS=https://debuginfod.ubuntu.com /usr/bin/cmake --build /home/namtruong/uuv_sim_home/build/multibeam_sonar_system -- -j16 -l16
[0.378s] Invoking command in '/home/namtruong/uuv_sim_home/build/multibeam_sonar_system': CMAKE_PREFIX_PATH=${CMAKE_PREFIX_PATH}:/opt/ros/jazzy DEBUGINFOD_URLS=https://debuginfod.ubuntu.com /usr/bin/cmake --install /home/namtruong/uuv_sim_home/build/multibeam_sonar_system
[0.387s] -- Install configuration: ""
[0.387s] -- Execute custom install script
[0.387s] -- Up-to-date symlink: /home/namtruong/uuv_sim_home/install/multibeam_sonar_system/share/ament_index/resource_index/package_run_dependencies/multibeam_sonar_system
[0.388s] -- Up-to-date symlink: /home/namtruong/uuv_sim_home/install/multibeam_sonar_system/share/ament_index/resource_index/parent_prefix_path/multibeam_sonar_system
[0.388s] -- Up-to-date symlink: /home/namtruong/uuv_sim_home/install/multibeam_sonar_system/share/multibeam_sonar_system/environment/ament_prefix_path.sh
[0.388s] -- Up-to-date symlink: /home/namtruong/uuv_sim_home/install/multibeam_sonar_system/share/multibeam_sonar_system/environment/ament_prefix_path.dsv
[0.388s] -- Up-to-date symlink: /home/namtruong/uuv_sim_home/install/multibeam_sonar_system/share/multibeam_sonar_system/environment/path.sh
[0.388s] -- Up-to-date symlink: /home/namtruong/uuv_sim_home/install/multibeam_sonar_system/share/multibeam_sonar_system/environment/path.dsv
[0.389s] -- Up-to-date symlink: /home/namtruong/uuv_sim_home/install/multibeam_sonar_system/share/multibeam_sonar_system/local_setup.bash
[0.389s] -- Up-to-date symlink: /home/namtruong/uuv_sim_home/install/multibeam_sonar_system/share/multibeam_sonar_system/local_setup.sh
[0.389s] -- Up-to-date symlink: /home/namtruong/uuv_sim_home/install/multibeam_sonar_system/share/multibeam_sonar_system/local_setup.zsh
[0.389s] -- Up-to-date symlink: /home/namtruong/uuv_sim_home/install/multibeam_sonar_system/share/multibeam_sonar_system/local_setup.dsv
[0.389s] -- Symlinking: /home/namtruong/uuv_sim_home/install/multibeam_sonar_system/share/multibeam_sonar_system/package.dsv
[0.400s] -- Up-to-date symlink: /home/namtruong/uuv_sim_home/install/multibeam_sonar_system/share/ament_index/resource_index/packages/multibeam_sonar_system
[0.401s] -- Up-to-date symlink: /home/namtruong/uuv_sim_home/install/multibeam_sonar_system/share/multibeam_sonar_system/cmake/multibeam_sonar_systemConfig.cmake
[0.401s] -- Up-to-date symlink: /home/namtruong/uuv_sim_home/install/multibeam_sonar_system/share/multibeam_sonar_system/cmake/multibeam_sonar_systemConfig-version.cmake
[0.401s] -- Up-to-date symlink: /home/namtruong/uuv_sim_home/install/multibeam_sonar_system/share/multibeam_sonar_system/package.xml
[0.403s] Invoked command in '/home/namtruong/uuv_sim_home/build/multibeam_sonar_system' returned '0': CMAKE_PREFIX_PATH=${CMAKE_PREFIX_PATH}:/opt/ros/jazzy DEBUGINFOD_URLS=https://debuginfod.ubuntu.com /usr/bin/cmake --install /home/namtruong/uuv_sim_home/build/multibeam_sonar_system
