running develop
running egg_info
creating uuv_simu.egg-info
writing uuv_simu.egg-info/PKG-INFO
writing dependency_links to uuv_simu.egg-info/dependency_links.txt
writing entry points to uuv_simu.egg-info/entry_points.txt
writing requirements to uuv_simu.egg-info/requires.txt
writing top-level names to uuv_simu.egg-info/top_level.txt
writing manifest file 'uuv_simu.egg-info/SOURCES.txt'
reading manifest file 'uuv_simu.egg-info/SOURCES.txt'
writing manifest file 'uuv_simu.egg-info/SOURCES.txt'
running build_ext
Creating /home/namtruong/uuv_sim/install/uuv_simu/lib/python3.10/site-packages/uuv-simu.egg-link (link to .)

Installed /home/namtruong/uuv_sim/build/uuv_simu
running symlink_data
creating /home/namtruong/uuv_sim/install/uuv_simu/share/ament_index
creating /home/namtruong/uuv_sim/install/uuv_simu/share/ament_index/resource_index
creating /home/namtruong/uuv_sim/install/uuv_simu/share/ament_index/resource_index/packages
symbolically linking /home/namtruong/uuv_sim/build/uuv_simu/resource/uuv_simu -> /home/namtruong/uuv_sim/install/uuv_simu/share/ament_index/resource_index/packages
symbolically linking /home/namtruong/uuv_sim/build/uuv_simu/package.xml -> /home/namtruong/uuv_sim/install/uuv_simu/share/uuv_simu
creating /home/namtruong/uuv_sim/install/uuv_simu/share/uuv_simu/launch
symbolically linking /home/namtruong/uuv_sim/build/uuv_simu/launch/main_bringup.launch.py -> /home/namtruong/uuv_sim/install/uuv_simu/share/uuv_simu/launch
