[0.483s] Invoking command in '/home/namtruong/uuv_sim/build/uuv_simu': AMENT_PREFIX_PATH=/home/namtruong/uuv_sim/install/dave_robot_models:${AMENT_PREFIX_PATH} CMAKE_PREFIX_PATH=/home/namtruong/uuv_sim/install/dave_robot_models:${CMAKE_PREFIX_PATH} PYTHONPATH=/home/namtruong/uuv_sim/build/uuv_simu/prefix_override:/usr/lib/python3/dist-packages/colcon_core/task/python/colcon_distutils_commands:/home/namtruong/uuv_sim/install/uuv_simu/lib/python3.10/site-packages:${PYTHONPATH} /usr/bin/python3 -W ignore:setup.py install is deprecated -W ignore:easy_install command is deprecated setup.py develop --editable --build-directory /home/namtruong/uuv_sim/build/uuv_simu/build --no-deps symlink_data
[0.684s] running develop
[0.828s] running egg_info
[0.828s] creating uuv_simu.egg-info
[0.828s] writing uuv_simu.egg-info/PKG-INFO
[0.828s] writing dependency_links to uuv_simu.egg-info/dependency_links.txt
[0.828s] writing entry points to uuv_simu.egg-info/entry_points.txt
[0.829s] writing requirements to uuv_simu.egg-info/requires.txt
[0.829s] writing top-level names to uuv_simu.egg-info/top_level.txt
[0.829s] writing manifest file 'uuv_simu.egg-info/SOURCES.txt'
[0.830s] reading manifest file 'uuv_simu.egg-info/SOURCES.txt'
[0.830s] writing manifest file 'uuv_simu.egg-info/SOURCES.txt'
[0.831s] running build_ext
[0.831s] Creating /home/namtruong/uuv_sim/install/uuv_simu/lib/python3.10/site-packages/uuv-simu.egg-link (link to .)
[0.832s] 
[0.832s] Installed /home/namtruong/uuv_sim/build/uuv_simu
[0.832s] running symlink_data
[0.832s] creating /home/namtruong/uuv_sim/install/uuv_simu/share/ament_index
[0.832s] creating /home/namtruong/uuv_sim/install/uuv_simu/share/ament_index/resource_index
[0.832s] creating /home/namtruong/uuv_sim/install/uuv_simu/share/ament_index/resource_index/packages
[0.832s] symbolically linking /home/namtruong/uuv_sim/build/uuv_simu/resource/uuv_simu -> /home/namtruong/uuv_sim/install/uuv_simu/share/ament_index/resource_index/packages
[0.833s] symbolically linking /home/namtruong/uuv_sim/build/uuv_simu/package.xml -> /home/namtruong/uuv_sim/install/uuv_simu/share/uuv_simu
[0.833s] creating /home/namtruong/uuv_sim/install/uuv_simu/share/uuv_simu/launch
[0.833s] symbolically linking /home/namtruong/uuv_sim/build/uuv_simu/launch/main_bringup.launch.py -> /home/namtruong/uuv_sim/install/uuv_simu/share/uuv_simu/launch
[0.856s] Invoked command in '/home/namtruong/uuv_sim/build/uuv_simu' returned '0': AMENT_PREFIX_PATH=/home/namtruong/uuv_sim/install/dave_robot_models:${AMENT_PREFIX_PATH} CMAKE_PREFIX_PATH=/home/namtruong/uuv_sim/install/dave_robot_models:${CMAKE_PREFIX_PATH} PYTHONPATH=/home/namtruong/uuv_sim/build/uuv_simu/prefix_override:/usr/lib/python3/dist-packages/colcon_core/task/python/colcon_distutils_commands:/home/namtruong/uuv_sim/install/uuv_simu/lib/python3.10/site-packages:${PYTHONPATH} /usr/bin/python3 -W ignore:setup.py install is deprecated -W ignore:easy_install command is deprecated setup.py develop --editable --build-directory /home/namtruong/uuv_sim/build/uuv_simu/build --no-deps symlink_data
