[0.013s] Invoking command in '/home/namtruong/uuv_sim_home/build/multibeam_sonar': CMAKE_PREFIX_PATH=/home/namtruong/uuv_sim_home/install/dave_interfaces:/home/namtruong/uuv_sim_home/install/multibeam_sonar_system:/home/namtruong/uuv_sim_home/install/multibeam_sonar:/home/namtruong/uuv_sim_home/install/dave_worlds:/home/namtruong/uuv_sim_home/install/dave_gz_model_plugins:/home/namtruong/uuv_sim_home/install/dave_ros_gz_plugins:/home/namtruong/uuv_sim_home/install/dave_robot_models:/home/namtruong/uuv_sim_home/install/dave_object_models:/home/namtruong/uuv_sim_home/install/dave_multibeam_sonar_demo:/home/namtruong/uuv_sim_home/install/dave_gz_world_plugins:/home/namtruong/uuv_sim_home/install/dave_gz_sensor_plugins:/opt/ros/jazzy/opt/gz_sim_vendor:/opt/ros/jazzy/opt/gz_sensors_vendor:/opt/ros/jazzy/opt/gz_physics_vendor:/opt/ros/jazzy/opt/sdformat_vendor:/opt/ros/jazzy/opt/gz_gui_vendor:/opt/ros/jazzy/opt/gz_transport_vendor:/opt/ros/jazzy/opt/gz_rendering_vendor:/opt/ros/jazzy/opt/gz_plugin_vendor:/opt/ros/jazzy/opt/gz_fuel_tools_vendor:/opt/ros/jazzy/opt/gz_msgs_vendor:/opt/ros/jazzy/opt/gz_common_vendor:/opt/ros/jazzy/opt/gz_math_vendor:/opt/ros/jazzy/opt/gz_utils_vendor:/opt/ros/jazzy/opt/gz_tools_vendor:/opt/ros/jazzy/opt/gz_ogre_next_vendor:/opt/ros/jazzy/opt/gz_dartsim_vendor:/opt/ros/jazzy/opt/gz_cmake_vendor:/home/namtruong/uuv_sim_home/install/uuv_simu:/opt/ros/jazzy DEBUGINFOD_URLS=https://debuginfod.ubuntu.com LD_LIBRARY_PATH=/home/namtruong/uuv_sim_home/install/dave_interfaces/lib:/home/namtruong/uuv_sim_home/install/dave_ros_gz_plugins/lib:/home/namtruong/uuv_sim_home/install/dave_gz_world_plugins/lib:/opt/ros/jazzy/opt/gz_sim_vendor/lib:/opt/ros/jazzy/opt/gz_sensors_vendor/lib:/opt/ros/jazzy/opt/gz_physics_vendor/lib:/opt/ros/jazzy/opt/sdformat_vendor/lib:/opt/ros/jazzy/opt/rviz_ogre_vendor/lib:/opt/ros/jazzy/lib/x86_64-linux-gnu:/opt/ros/jazzy/opt/gz_gui_vendor/lib:/opt/ros/jazzy/opt/gz_transport_vendor/lib:/opt/ros/jazzy/opt/gz_rendering_vendor/lib:/opt/ros/jazzy/opt/gz_plugin_vendor/lib:/opt/ros/jazzy/opt/gz_fuel_tools_vendor/lib:/opt/ros/jazzy/opt/gz_msgs_vendor/lib:/opt/ros/jazzy/opt/gz_common_vendor/lib:/opt/ros/jazzy/opt/gz_math_vendor/lib:/opt/ros/jazzy/opt/gz_utils_vendor/lib:/opt/ros/jazzy/opt/gz_tools_vendor/lib:/opt/ros/jazzy/opt/gz_ogre_next_vendor/lib:/opt/ros/jazzy/opt/gz_dartsim_vendor/lib:/opt/ros/jazzy/opt/gz_cmake_vendor/lib:/opt/ros/jazzy/lib PYTHONPATH=/home/namtruong/uuv_sim_home/install/dave_interfaces/lib/python3.12/site-packages:/home/namtruong/uuv_sim_home/build/uuv_simu:/home/namtruong/uuv_sim_home/install/uuv_simu/lib/python3.12/site-packages:/opt/ros/jazzy/lib/python3.12/site-packages /usr/bin/cmake /home/namtruong/uuv_sim_home/src/multibeam_sonar -DCMAKE_INSTALL_PREFIX=/home/namtruong/uuv_sim_home/install/multibeam_sonar
[0.026s] -- Found ament_cmake: 2.5.6 (/opt/ros/jazzy/share/ament_cmake/cmake)
[0.209s] -- Override CMake install command with custom implementation using symlinks instead of copying resources
[0.324s] -- CUDA found, enabling CUDA support.
[0.328s] -- Looking for gz-sim8 -- found version 8.11.0
[0.329s] -- Searching for dependencies of gz-sim8
[0.329s] -- Looking for sdformat14 -- found version 14.9.0
[0.329s] -- Searching for dependencies of sdformat14
[0.334s] -- Checking for module 'tinyxml2'
[0.353s] --   Found tinyxml2, version 10.0.0
[0.388s] -- Looking for gz-math7 -- found version 7.6.0
[0.388s] -- Searching for dependencies of gz-math7
[0.388s] -- Looking for gz-utils2 -- found version 2.2.1
[0.389s] -- Searching for dependencies of gz-utils2
[0.389s] -- Looking for gz-utils2 -- found version 2.2.1
[0.390s] -- Searching for dependencies of gz-utils2
[0.390s] -- Searching for <gz-utils2> component [cli]
[0.390s] -- Looking for gz-utils2-cli -- found version 2.2.1
[0.390s] -- Searching for dependencies of gz-utils2-cli
[0.391s] -- Looking for gz-plugin2 -- found version 2.0.4
[0.391s] -- Searching for dependencies of gz-plugin2
[0.391s] -- Looking for gz-utils2 -- found version 2.2.1
[0.392s] -- Searching for <gz-plugin2> component [loader]
[0.392s] -- Looking for gz-plugin2-loader -- found version 2.0.4
[0.392s] -- Searching for dependencies of gz-plugin2-loader
[0.392s] -- Searching for <gz-plugin2> component [register]
[0.393s] -- Looking for gz-plugin2-register -- found version 2.0.4
[0.393s] -- Searching for dependencies of gz-plugin2-register
[0.393s] -- Looking for gz-transport13 -- found version 13.5.0
[0.394s] -- Searching for dependencies of gz-transport13
[0.424s] -- Config-file not installed for ZeroMQ -- checking for pkg-config
[0.429s] -- Checking for module 'libzmq >= 4'
[0.446s] --   Found libzmq, version 4.3.5
[0.491s] -- Checking for module 'uuid'
[0.505s] --   Found uuid, version 2.39.3
[0.538s] -- Looking for gz-utils2 -- found version 2.2.1
[0.539s] -- Looking for gz-msgs10 -- found version 10.3.2
[0.539s] -- Searching for dependencies of gz-msgs10
[0.558s] -- Looking for gz-utils2 -- found version 2.2.1
[0.558s] -- Looking for gz-math7 -- found version 7.6.0
[0.565s] -- Searching for <gz-transport13> component [log]
[0.565s] -- Looking for gz-transport13-log -- found version 13.5.0
[0.565s] -- Searching for dependencies of gz-transport13-log
[0.566s] -- Searching for <gz-transport13> component [parameters]
[0.566s] -- Looking for gz-transport13-parameters -- found version 13.5.0
[0.566s] -- Searching for dependencies of gz-transport13-parameters
[0.567s] -- Looking for gz-msgs10 -- found version 10.3.2
[0.567s] -- Looking for gz-common5 -- found version 5.8.0
[0.567s] -- Searching for dependencies of gz-common5
[0.568s] -- Looking for gz-utils2 -- found version 2.2.1
[0.568s] -- Looking for dlfcn.h - found
[0.568s] -- Looking for libdl - found
[0.575s] -- Searching for <gz-common5> component [av]
[0.575s] -- Looking for gz-common5-av -- found version 5.8.0
[0.575s] -- Searching for dependencies of gz-common5-av
[0.581s] -- Checking for module 'libswscale'
[0.598s] --   Found libswscale, version 7.5.100
[0.642s] -- Checking for module 'libavdevice >= 56.4.100'
[0.658s] --   Found libavdevice, version 60.3.100
[0.713s] -- Checking for module 'libavformat'
[0.731s] --   Found libavformat, version 60.16.100
[0.778s] -- Checking for module 'libavcodec'
[0.800s] --   Found libavcodec, version 60.31.102
[0.849s] -- Checking for module 'libavutil'
[0.867s] --   Found libavutil, version 58.29.100
[0.906s] -- Searching for <gz-common5> component [events]
[0.906s] -- Looking for gz-common5-events -- found version 5.8.0
[0.906s] -- Searching for dependencies of gz-common5-events
[0.907s] -- Looking for gz-math7 -- found version 7.6.0
[0.907s] -- Searching for <gz-common5> component [graphics]
[0.907s] -- Looking for gz-common5-graphics -- found version 5.8.0
[0.908s] -- Searching for dependencies of gz-common5-graphics
[0.908s] -- Looking for gz-math7 -- found version 7.6.0
[0.910s] -- Searching for <gz-common5> component [io]
[0.910s] -- Looking for gz-common5-io -- found version 5.8.0
[0.910s] -- Searching for dependencies of gz-common5-io
[0.911s] -- Searching for <gz-common5> component [profiler]
[0.911s] -- Looking for gz-common5-profiler -- found version 5.8.0
[0.911s] -- Searching for dependencies of gz-common5-profiler
[0.912s] -- Looking for gz-fuel_tools9 -- found version 9.1.1
[0.912s] -- Searching for dependencies of gz-fuel_tools9
[0.953s] -- Checking for module 'jsoncpp'
[0.972s] --   Found jsoncpp, version 1.9.5
[1.027s] -- Checking for module 'yaml-0.1'
[1.044s] --   Found yaml-0.1, version 0.2.5
[1.084s] -- Checking for module 'libzip'
[1.102s] --   Found libzip, version 1.7.3
[1.136s] -- Looking for gz-utils2 -- found version 2.2.1
[1.136s] -- Looking for gz-common5 -- found version 5.8.0
[1.136s] -- Searching for dependencies of gz-common5
[1.137s] -- Looking for gz-utils2 -- found version 2.2.1
[1.137s] -- Looking for dlfcn.h - found
[1.137s] -- Looking for libdl - found
[1.144s] -- Searching for <gz-common5> component [testing]
[1.145s] -- Looking for gz-common5-testing -- found version 5.8.0
[1.145s] -- Searching for dependencies of gz-common5-testing
[1.145s] -- Looking for gz-math7 -- found version 7.6.0
[1.146s] -- Looking for gz-msgs10 -- found version 10.3.2
[1.147s] -- Looking for gz-gui8 -- found version 8.4.0
[1.147s] -- Searching for dependencies of gz-gui8
[1.174s] -- Looking for gz-utils2 -- found version 2.2.1
[1.174s] -- Looking for gz-math7 -- found version 7.6.0
[1.174s] -- Looking for gz-common5 -- found version 5.8.0
[1.175s] -- Looking for gz-plugin2 -- found version 2.0.4
[1.175s] -- Looking for gz-transport13 -- found version 13.5.0
[1.176s] -- Looking for gz-rendering8 -- found version 8.2.3
[1.176s] -- Searching for dependencies of gz-rendering8
[1.176s] -- Looking for gz-math7 -- found version 7.6.0
[1.176s] -- Searching for dependencies of gz-math7
[1.177s] -- Looking for gz-utils2 -- found version 2.2.1
[1.177s] -- Searching for <gz-math7> component [eigen3]
[1.177s] -- Looking for gz-math7-eigen3 -- found version 7.6.0
[1.178s] -- Searching for dependencies of gz-math7-eigen3
[1.179s] -- Looking for gz-common5 -- found version 5.8.0
[1.179s] -- Searching for dependencies of gz-common5
[1.180s] -- Looking for gz-utils2 -- found version 2.2.1
[1.180s] -- Looking for dlfcn.h - found
[1.180s] -- Looking for libdl - found
[1.186s] -- Searching for <gz-common5> component [graphics]
[1.186s] -- Searching for <gz-common5> component [events]
[1.186s] -- Searching for <gz-common5> component [geospatial]
[1.186s] -- Looking for gz-common5-geospatial -- found version 5.8.0
[1.186s] -- Searching for dependencies of gz-common5-geospatial
[1.187s] -- Looking for gz-math7 -- found version 7.6.0
[1.187s] -- Looking for gz-common5 -- found version 5.8.0
[1.188s] -- Looking for gz-plugin2 -- found version 2.0.4
[1.188s] -- Searching for dependencies of gz-plugin2
[1.188s] -- Looking for gz-utils2 -- found version 2.2.1
[1.188s] -- Searching for <gz-plugin2> component [all]
[1.188s] -- Looking for all libraries of gz-plugin2 -- found version 2.0.4
[1.189s] -- Looking for gz-plugin2 -- found version 2.0.4
[1.189s] -- Looking for gz-utils2 -- found version 2.2.1
[1.192s] -- Looking for gz-msgs10 -- found version 10.3.2
[1.205s] -- Looking for gz-physics7 -- found version 7.6.0
[1.205s] -- Searching for dependencies of gz-physics7
[1.205s] -- Looking for gz-common5 -- found version 5.8.0
[1.206s] -- Looking for gz-math7 -- found version 7.6.0
[1.207s] -- Looking for gz-plugin2 -- found version 2.0.4
[1.207s] -- Looking for gz-utils2 -- found version 2.2.1
[1.207s] -- Searching for <gz-physics7> component [heightmap]
[1.207s] -- Looking for gz-physics7-heightmap -- found version 7.6.0
[1.207s] -- Searching for dependencies of gz-physics7-heightmap
[1.208s] -- Looking for gz-common5 -- found version 5.8.0
[1.208s] -- Searching for <gz-physics7> component [mesh]
[1.208s] -- Looking for gz-physics7-mesh -- found version 7.6.0
[1.208s] -- Searching for dependencies of gz-physics7-mesh
[1.209s] -- Looking for gz-common5 -- found version 5.8.0
[1.209s] -- Searching for <gz-physics7> component [sdf]
[1.209s] -- Looking for gz-physics7-sdf -- found version 7.6.0
[1.209s] -- Searching for dependencies of gz-physics7-sdf
[1.210s] -- Looking for sdformat14 -- found version 14.9.0
[1.211s] -- Looking for gz-sensors8 -- found version 8.2.2
[1.211s] -- Searching for dependencies of gz-sensors8
[1.229s] -- Looking for gz-math7 -- found version 7.6.0
[1.230s] -- Looking for gz-common5 -- found version 5.8.0
[1.230s] -- Looking for gz-transport13 -- found version 13.5.0
[1.230s] -- Looking for gz-rendering8 -- found version 8.2.3
[1.231s] -- Looking for gz-msgs10 -- found version 10.3.2
[1.231s] -- Looking for sdformat14 -- found version 14.9.0
[1.231s] -- Searching for <gz-sensors8> component [air_pressure]
[1.232s] -- Looking for gz-sensors8-air_pressure -- found version 8.2.2
[1.232s] -- Searching for dependencies of gz-sensors8-air_pressure
[1.232s] -- Searching for <gz-sensors8> component [air_speed]
[1.233s] -- Looking for gz-sensors8-air_speed -- found version 8.2.2
[1.233s] -- Searching for dependencies of gz-sensors8-air_speed
[1.233s] -- Searching for <gz-sensors8> component [altimeter]
[1.233s] -- Looking for gz-sensors8-altimeter -- found version 8.2.2
[1.233s] -- Searching for dependencies of gz-sensors8-altimeter
[1.234s] -- Searching for <gz-sensors8> component [imu]
[1.234s] -- Looking for gz-sensors8-imu -- found version 8.2.2
[1.234s] -- Searching for dependencies of gz-sensors8-imu
[1.234s] -- Searching for <gz-sensors8> component [force_torque]
[1.235s] -- Looking for gz-sensors8-force_torque -- found version 8.2.2
[1.235s] -- Searching for dependencies of gz-sensors8-force_torque
[1.235s] -- Searching for <gz-sensors8> component [logical_camera]
[1.235s] -- Looking for gz-sensors8-logical_camera -- found version 8.2.2
[1.236s] -- Searching for dependencies of gz-sensors8-logical_camera
[1.236s] -- Searching for <gz-sensors8> component [magnetometer]
[1.236s] -- Looking for gz-sensors8-magnetometer -- found version 8.2.2
[1.236s] -- Searching for dependencies of gz-sensors8-magnetometer
[1.237s] -- Searching for <gz-sensors8> component [navsat]
[1.237s] -- Looking for gz-sensors8-navsat -- found version 8.2.2
[1.237s] -- Searching for dependencies of gz-sensors8-navsat
[1.238s] -- Searching for <gz-sensors8> component [dvl]
[1.238s] -- Looking for gz-sensors8-dvl -- found version 8.2.2
[1.238s] -- Searching for dependencies of gz-sensors8-dvl
[1.238s] -- Looking for gz-sensors8 -- found version 8.2.2
[1.238s] -- Searching for dependencies of gz-sensors8
[1.258s] -- Looking for gz-math7 -- found version 7.6.0
[1.258s] -- Looking for gz-common5 -- found version 5.8.0
[1.258s] -- Looking for gz-transport13 -- found version 13.5.0
[1.258s] -- Looking for gz-rendering8 -- found version 8.2.3
[1.259s] -- Looking for gz-msgs10 -- found version 10.3.2
[1.259s] -- Looking for sdformat14 -- found version 14.9.0
[1.259s] -- Searching for <gz-sensors8> component [rendering]
[1.260s] -- Looking for gz-sensors8-rendering -- found version 8.2.2
[1.260s] -- Searching for dependencies of gz-sensors8-rendering
[1.261s] -- Searching for <gz-sensors8> component [rendering]
[1.261s] -- Searching for <gz-sensors8> component [lidar]
[1.261s] -- Looking for gz-sensors8-lidar -- found version 8.2.2
[1.261s] -- Searching for dependencies of gz-sensors8-lidar
[1.261s] -- Looking for gz-sensors8 -- found version 8.2.2
[1.262s] -- Searching for <gz-sensors8> component [gpu_lidar]
[1.262s] -- Looking for gz-sensors8-gpu_lidar -- found version 8.2.2
[1.262s] -- Searching for dependencies of gz-sensors8-gpu_lidar
[1.262s] -- Looking for gz-sensors8 -- found version 8.2.2
[1.263s] -- Searching for <gz-sensors8> component [camera]
[1.263s] -- Looking for gz-sensors8-camera -- found version 8.2.2
[1.263s] -- Searching for dependencies of gz-sensors8-camera
[1.264s] -- Looking for gz-sensors8 -- found version 8.2.2
[1.264s] -- Searching for <gz-sensors8> component [boundingbox_camera]
[1.264s] -- Looking for gz-sensors8-boundingbox_camera -- found version 8.2.2
[1.264s] -- Searching for dependencies of gz-sensors8-boundingbox_camera
[1.265s] -- Searching for <gz-sensors8> component [segmentation_camera]
[1.265s] -- Looking for gz-sensors8-segmentation_camera -- found version 8.2.2
[1.265s] -- Searching for dependencies of gz-sensors8-segmentation_camera
[1.265s] -- Searching for <gz-sensors8> component [depth_camera]
[1.266s] -- Looking for gz-sensors8-depth_camera -- found version 8.2.2
[1.266s] -- Searching for dependencies of gz-sensors8-depth_camera
[1.266s] -- Looking for gz-sensors8 -- found version 8.2.2
[1.267s] -- Searching for <gz-sensors8> component [rgbd_camera]
[1.267s] -- Looking for gz-sensors8-rgbd_camera -- found version 8.2.2
[1.267s] -- Searching for dependencies of gz-sensors8-rgbd_camera
[1.267s] -- Looking for gz-sensors8 -- found version 8.2.2
[1.268s] -- Searching for <gz-sensors8> component [thermal_camera]
[1.268s] -- Looking for gz-sensors8-thermal_camera -- found version 8.2.2
[1.268s] -- Searching for dependencies of gz-sensors8-thermal_camera
[1.268s] -- Looking for gz-sensors8 -- found version 8.2.2
[1.269s] -- Searching for <gz-sensors8> component [wide_angle_camera]
[1.269s] -- Looking for gz-sensors8-wide_angle_camera -- found version 8.2.2
[1.269s] -- Searching for dependencies of gz-sensors8-wide_angle_camera
[1.270s] -- Looking for gz-rendering8 -- found version 8.2.3
[1.270s] -- Looking for gz-math7 -- found version 7.6.0
[1.270s] -- Looking for gz-utils2 -- found version 2.2.1
[1.292s] -- Looking for gz-sensors8 -- found version 8.2.2
[1.292s] -- Looking for gz-rendering8 -- found version 8.2.3
[1.292s] -- Searching for dependencies of gz-rendering8
[1.292s] -- Looking for gz-math7 -- found version 7.6.0
[1.293s] -- Looking for gz-common5 -- found version 5.8.0
[1.293s] -- Looking for gz-plugin2 -- found version 2.0.4
[1.293s] -- Looking for gz-utils2 -- found version 2.2.1
[1.295s] -- Searching for <gz-rendering8> component [ogre]
[1.295s] -- Looking for gz-rendering8-ogre -- found version 8.2.3
[1.296s] -- Searching for dependencies of gz-rendering8-ogre
[1.298s] -- Searching for <gz-rendering8> component [ogre2]
[1.298s] -- Looking for gz-rendering8-ogre2 -- found version 8.2.3
[1.298s] -- Searching for dependencies of gz-rendering8-ogre2
[1.300s] -- Looking for gz-transport13 -- found version 13.5.0
[1.301s] -- Found rclcpp: 28.1.21 (/opt/ros/jazzy/share/rclcpp/cmake)
[1.319s] -- Found rosidl_generator_c: 4.6.9 (/opt/ros/jazzy/share/rosidl_generator_c/cmake)
[1.326s] -- Found rosidl_generator_cpp: 4.6.9 (/opt/ros/jazzy/share/rosidl_generator_cpp/cmake)
[1.336s] -- Using all available rosidl_typesupport_c: rosidl_typesupport_fastrtps_c;rosidl_typesupport_introspection_c
[1.347s] -- Using all available rosidl_typesupport_cpp: rosidl_typesupport_fastrtps_cpp;rosidl_typesupport_introspection_cpp
[1.399s] -- Found rmw_implementation_cmake: 7.3.3 (/opt/ros/jazzy/share/rmw_implementation_cmake/cmake)
[1.400s] -- Found rmw_fastrtps_cpp: 8.4.4 (/opt/ros/jazzy/share/rmw_fastrtps_cpp/cmake)
[1.458s] -- Using RMW implementation 'rmw_fastrtps_cpp' as default
[1.517s] -- Found sensor_msgs: 5.3.8 (/opt/ros/jazzy/share/sensor_msgs/cmake)
[1.565s] -- Found rosidl_default_generators: 1.6.1 (/opt/ros/jazzy/share/rosidl_default_generators/cmake)
[1.574s] -- Found rosidl_adapter: 4.6.9 (/opt/ros/jazzy/share/rosidl_adapter/cmake)
[1.582s] -- Found marine_acoustic_msgs: 2.1.0 (/opt/ros/jazzy/share/marine_acoustic_msgs/cmake)
[1.598s] -- Found cv_bridge: 4.1.0 (/opt/ros/jazzy/share/cv_bridge/cmake)
[1.683s] -- Configuring done (1.7s)
[1.722s] -- Generating done (0.0s)
[1.727s] -- Build files have been written to: /home/namtruong/uuv_sim_home/build/multibeam_sonar
[1.743s] Invoked command in '/home/namtruong/uuv_sim_home/build/multibeam_sonar' returned '0': CMAKE_PREFIX_PATH=/home/namtruong/uuv_sim_home/install/dave_interfaces:/home/namtruong/uuv_sim_home/install/multibeam_sonar_system:/home/namtruong/uuv_sim_home/install/multibeam_sonar:/home/namtruong/uuv_sim_home/install/dave_worlds:/home/namtruong/uuv_sim_home/install/dave_gz_model_plugins:/home/namtruong/uuv_sim_home/install/dave_ros_gz_plugins:/home/namtruong/uuv_sim_home/install/dave_robot_models:/home/namtruong/uuv_sim_home/install/dave_object_models:/home/namtruong/uuv_sim_home/install/dave_multibeam_sonar_demo:/home/namtruong/uuv_sim_home/install/dave_gz_world_plugins:/home/namtruong/uuv_sim_home/install/dave_gz_sensor_plugins:/opt/ros/jazzy/opt/gz_sim_vendor:/opt/ros/jazzy/opt/gz_sensors_vendor:/opt/ros/jazzy/opt/gz_physics_vendor:/opt/ros/jazzy/opt/sdformat_vendor:/opt/ros/jazzy/opt/gz_gui_vendor:/opt/ros/jazzy/opt/gz_transport_vendor:/opt/ros/jazzy/opt/gz_rendering_vendor:/opt/ros/jazzy/opt/gz_plugin_vendor:/opt/ros/jazzy/opt/gz_fuel_tools_vendor:/opt/ros/jazzy/opt/gz_msgs_vendor:/opt/ros/jazzy/opt/gz_common_vendor:/opt/ros/jazzy/opt/gz_math_vendor:/opt/ros/jazzy/opt/gz_utils_vendor:/opt/ros/jazzy/opt/gz_tools_vendor:/opt/ros/jazzy/opt/gz_ogre_next_vendor:/opt/ros/jazzy/opt/gz_dartsim_vendor:/opt/ros/jazzy/opt/gz_cmake_vendor:/home/namtruong/uuv_sim_home/install/uuv_simu:/opt/ros/jazzy DEBUGINFOD_URLS=https://debuginfod.ubuntu.com LD_LIBRARY_PATH=/home/namtruong/uuv_sim_home/install/dave_interfaces/lib:/home/namtruong/uuv_sim_home/install/dave_ros_gz_plugins/lib:/home/namtruong/uuv_sim_home/install/dave_gz_world_plugins/lib:/opt/ros/jazzy/opt/gz_sim_vendor/lib:/opt/ros/jazzy/opt/gz_sensors_vendor/lib:/opt/ros/jazzy/opt/gz_physics_vendor/lib:/opt/ros/jazzy/opt/sdformat_vendor/lib:/opt/ros/jazzy/opt/rviz_ogre_vendor/lib:/opt/ros/jazzy/lib/x86_64-linux-gnu:/opt/ros/jazzy/opt/gz_gui_vendor/lib:/opt/ros/jazzy/opt/gz_transport_vendor/lib:/opt/ros/jazzy/opt/gz_rendering_vendor/lib:/opt/ros/jazzy/opt/gz_plugin_vendor/lib:/opt/ros/jazzy/opt/gz_fuel_tools_vendor/lib:/opt/ros/jazzy/opt/gz_msgs_vendor/lib:/opt/ros/jazzy/opt/gz_common_vendor/lib:/opt/ros/jazzy/opt/gz_math_vendor/lib:/opt/ros/jazzy/opt/gz_utils_vendor/lib:/opt/ros/jazzy/opt/gz_tools_vendor/lib:/opt/ros/jazzy/opt/gz_ogre_next_vendor/lib:/opt/ros/jazzy/opt/gz_dartsim_vendor/lib:/opt/ros/jazzy/opt/gz_cmake_vendor/lib:/opt/ros/jazzy/lib PYTHONPATH=/home/namtruong/uuv_sim_home/install/dave_interfaces/lib/python3.12/site-packages:/home/namtruong/uuv_sim_home/build/uuv_simu:/home/namtruong/uuv_sim_home/install/uuv_simu/lib/python3.12/site-packages:/opt/ros/jazzy/lib/python3.12/site-packages /usr/bin/cmake /home/namtruong/uuv_sim_home/src/multibeam_sonar -DCMAKE_INSTALL_PREFIX=/home/namtruong/uuv_sim_home/install/multibeam_sonar
[1.744s] Invoking command in '/home/namtruong/uuv_sim_home/build/multibeam_sonar': CMAKE_PREFIX_PATH=/home/namtruong/uuv_sim_home/install/dave_interfaces:/home/namtruong/uuv_sim_home/install/multibeam_sonar_system:/home/namtruong/uuv_sim_home/install/multibeam_sonar:/home/namtruong/uuv_sim_home/install/dave_worlds:/home/namtruong/uuv_sim_home/install/dave_gz_model_plugins:/home/namtruong/uuv_sim_home/install/dave_ros_gz_plugins:/home/namtruong/uuv_sim_home/install/dave_robot_models:/home/namtruong/uuv_sim_home/install/dave_object_models:/home/namtruong/uuv_sim_home/install/dave_multibeam_sonar_demo:/home/namtruong/uuv_sim_home/install/dave_gz_world_plugins:/home/namtruong/uuv_sim_home/install/dave_gz_sensor_plugins:/opt/ros/jazzy/opt/gz_sim_vendor:/opt/ros/jazzy/opt/gz_sensors_vendor:/opt/ros/jazzy/opt/gz_physics_vendor:/opt/ros/jazzy/opt/sdformat_vendor:/opt/ros/jazzy/opt/gz_gui_vendor:/opt/ros/jazzy/opt/gz_transport_vendor:/opt/ros/jazzy/opt/gz_rendering_vendor:/opt/ros/jazzy/opt/gz_plugin_vendor:/opt/ros/jazzy/opt/gz_fuel_tools_vendor:/opt/ros/jazzy/opt/gz_msgs_vendor:/opt/ros/jazzy/opt/gz_common_vendor:/opt/ros/jazzy/opt/gz_math_vendor:/opt/ros/jazzy/opt/gz_utils_vendor:/opt/ros/jazzy/opt/gz_tools_vendor:/opt/ros/jazzy/opt/gz_ogre_next_vendor:/opt/ros/jazzy/opt/gz_dartsim_vendor:/opt/ros/jazzy/opt/gz_cmake_vendor:/home/namtruong/uuv_sim_home/install/uuv_simu:/opt/ros/jazzy DEBUGINFOD_URLS=https://debuginfod.ubuntu.com LD_LIBRARY_PATH=/home/namtruong/uuv_sim_home/install/dave_interfaces/lib:/home/namtruong/uuv_sim_home/install/dave_ros_gz_plugins/lib:/home/namtruong/uuv_sim_home/install/dave_gz_world_plugins/lib:/opt/ros/jazzy/opt/gz_sim_vendor/lib:/opt/ros/jazzy/opt/gz_sensors_vendor/lib:/opt/ros/jazzy/opt/gz_physics_vendor/lib:/opt/ros/jazzy/opt/sdformat_vendor/lib:/opt/ros/jazzy/opt/rviz_ogre_vendor/lib:/opt/ros/jazzy/lib/x86_64-linux-gnu:/opt/ros/jazzy/opt/gz_gui_vendor/lib:/opt/ros/jazzy/opt/gz_transport_vendor/lib:/opt/ros/jazzy/opt/gz_rendering_vendor/lib:/opt/ros/jazzy/opt/gz_plugin_vendor/lib:/opt/ros/jazzy/opt/gz_fuel_tools_vendor/lib:/opt/ros/jazzy/opt/gz_msgs_vendor/lib:/opt/ros/jazzy/opt/gz_common_vendor/lib:/opt/ros/jazzy/opt/gz_math_vendor/lib:/opt/ros/jazzy/opt/gz_utils_vendor/lib:/opt/ros/jazzy/opt/gz_tools_vendor/lib:/opt/ros/jazzy/opt/gz_ogre_next_vendor/lib:/opt/ros/jazzy/opt/gz_dartsim_vendor/lib:/opt/ros/jazzy/opt/gz_cmake_vendor/lib:/opt/ros/jazzy/lib PYTHONPATH=/home/namtruong/uuv_sim_home/install/dave_interfaces/lib/python3.12/site-packages:/home/namtruong/uuv_sim_home/build/uuv_simu:/home/namtruong/uuv_sim_home/install/uuv_simu/lib/python3.12/site-packages:/opt/ros/jazzy/lib/python3.12/site-packages /usr/bin/cmake --build /home/namtruong/uuv_sim_home/build/multibeam_sonar -- -j16 -l16
[1.822s] [ 25%] [32m[1mLinking CUDA device code CMakeFiles/multibeam_sonar.dir/cmake_device_link.o[0m
[1.845s] nvlink warning : Skipping incompatible '/lib/x86_64-linux-gnu/libdl.a' when searching for -ldl
[1.845s] nvlink warning : Skipping incompatible '/usr/lib/x86_64-linux-gnu/libdl.a' when searching for -ldl
[1.845s] nvlink warning : Skipping incompatible '/lib/x86_64-linux-gnu/libpthread.a' when searching for -lpthread
[1.845s] nvlink warning : Skipping incompatible '/usr/lib/x86_64-linux-gnu/libpthread.a' when searching for -lpthread
[1.846s] nvlink warning : Skipping incompatible '/lib/x86_64-linux-gnu/librt.a' when searching for -lrt
[1.846s] nvlink warning : Skipping incompatible '/usr/lib/x86_64-linux-gnu/librt.a' when searching for -lrt
[1.896s] [ 50%] [32m[1mLinking CXX shared library libmultibeam_sonar.so[0m
[2.355s] [100%] Built target multibeam_sonar
[2.367s] Invoked command in '/home/namtruong/uuv_sim_home/build/multibeam_sonar' returned '0': CMAKE_PREFIX_PATH=/home/namtruong/uuv_sim_home/install/dave_interfaces:/home/namtruong/uuv_sim_home/install/multibeam_sonar_system:/home/namtruong/uuv_sim_home/install/multibeam_sonar:/home/namtruong/uuv_sim_home/install/dave_worlds:/home/namtruong/uuv_sim_home/install/dave_gz_model_plugins:/home/namtruong/uuv_sim_home/install/dave_ros_gz_plugins:/home/namtruong/uuv_sim_home/install/dave_robot_models:/home/namtruong/uuv_sim_home/install/dave_object_models:/home/namtruong/uuv_sim_home/install/dave_multibeam_sonar_demo:/home/namtruong/uuv_sim_home/install/dave_gz_world_plugins:/home/namtruong/uuv_sim_home/install/dave_gz_sensor_plugins:/opt/ros/jazzy/opt/gz_sim_vendor:/opt/ros/jazzy/opt/gz_sensors_vendor:/opt/ros/jazzy/opt/gz_physics_vendor:/opt/ros/jazzy/opt/sdformat_vendor:/opt/ros/jazzy/opt/gz_gui_vendor:/opt/ros/jazzy/opt/gz_transport_vendor:/opt/ros/jazzy/opt/gz_rendering_vendor:/opt/ros/jazzy/opt/gz_plugin_vendor:/opt/ros/jazzy/opt/gz_fuel_tools_vendor:/opt/ros/jazzy/opt/gz_msgs_vendor:/opt/ros/jazzy/opt/gz_common_vendor:/opt/ros/jazzy/opt/gz_math_vendor:/opt/ros/jazzy/opt/gz_utils_vendor:/opt/ros/jazzy/opt/gz_tools_vendor:/opt/ros/jazzy/opt/gz_ogre_next_vendor:/opt/ros/jazzy/opt/gz_dartsim_vendor:/opt/ros/jazzy/opt/gz_cmake_vendor:/home/namtruong/uuv_sim_home/install/uuv_simu:/opt/ros/jazzy DEBUGINFOD_URLS=https://debuginfod.ubuntu.com LD_LIBRARY_PATH=/home/namtruong/uuv_sim_home/install/dave_interfaces/lib:/home/namtruong/uuv_sim_home/install/dave_ros_gz_plugins/lib:/home/namtruong/uuv_sim_home/install/dave_gz_world_plugins/lib:/opt/ros/jazzy/opt/gz_sim_vendor/lib:/opt/ros/jazzy/opt/gz_sensors_vendor/lib:/opt/ros/jazzy/opt/gz_physics_vendor/lib:/opt/ros/jazzy/opt/sdformat_vendor/lib:/opt/ros/jazzy/opt/rviz_ogre_vendor/lib:/opt/ros/jazzy/lib/x86_64-linux-gnu:/opt/ros/jazzy/opt/gz_gui_vendor/lib:/opt/ros/jazzy/opt/gz_transport_vendor/lib:/opt/ros/jazzy/opt/gz_rendering_vendor/lib:/opt/ros/jazzy/opt/gz_plugin_vendor/lib:/opt/ros/jazzy/opt/gz_fuel_tools_vendor/lib:/opt/ros/jazzy/opt/gz_msgs_vendor/lib:/opt/ros/jazzy/opt/gz_common_vendor/lib:/opt/ros/jazzy/opt/gz_math_vendor/lib:/opt/ros/jazzy/opt/gz_utils_vendor/lib:/opt/ros/jazzy/opt/gz_tools_vendor/lib:/opt/ros/jazzy/opt/gz_ogre_next_vendor/lib:/opt/ros/jazzy/opt/gz_dartsim_vendor/lib:/opt/ros/jazzy/opt/gz_cmake_vendor/lib:/opt/ros/jazzy/lib PYTHONPATH=/home/namtruong/uuv_sim_home/install/dave_interfaces/lib/python3.12/site-packages:/home/namtruong/uuv_sim_home/build/uuv_simu:/home/namtruong/uuv_sim_home/install/uuv_simu/lib/python3.12/site-packages:/opt/ros/jazzy/lib/python3.12/site-packages /usr/bin/cmake --build /home/namtruong/uuv_sim_home/build/multibeam_sonar -- -j16 -l16
[2.368s] Invoking command in '/home/namtruong/uuv_sim_home/build/multibeam_sonar': CMAKE_PREFIX_PATH=/home/namtruong/uuv_sim_home/install/dave_interfaces:/home/namtruong/uuv_sim_home/install/multibeam_sonar_system:/home/namtruong/uuv_sim_home/install/multibeam_sonar:/home/namtruong/uuv_sim_home/install/dave_worlds:/home/namtruong/uuv_sim_home/install/dave_gz_model_plugins:/home/namtruong/uuv_sim_home/install/dave_ros_gz_plugins:/home/namtruong/uuv_sim_home/install/dave_robot_models:/home/namtruong/uuv_sim_home/install/dave_object_models:/home/namtruong/uuv_sim_home/install/dave_multibeam_sonar_demo:/home/namtruong/uuv_sim_home/install/dave_gz_world_plugins:/home/namtruong/uuv_sim_home/install/dave_gz_sensor_plugins:/opt/ros/jazzy/opt/gz_sim_vendor:/opt/ros/jazzy/opt/gz_sensors_vendor:/opt/ros/jazzy/opt/gz_physics_vendor:/opt/ros/jazzy/opt/sdformat_vendor:/opt/ros/jazzy/opt/gz_gui_vendor:/opt/ros/jazzy/opt/gz_transport_vendor:/opt/ros/jazzy/opt/gz_rendering_vendor:/opt/ros/jazzy/opt/gz_plugin_vendor:/opt/ros/jazzy/opt/gz_fuel_tools_vendor:/opt/ros/jazzy/opt/gz_msgs_vendor:/opt/ros/jazzy/opt/gz_common_vendor:/opt/ros/jazzy/opt/gz_math_vendor:/opt/ros/jazzy/opt/gz_utils_vendor:/opt/ros/jazzy/opt/gz_tools_vendor:/opt/ros/jazzy/opt/gz_ogre_next_vendor:/opt/ros/jazzy/opt/gz_dartsim_vendor:/opt/ros/jazzy/opt/gz_cmake_vendor:/home/namtruong/uuv_sim_home/install/uuv_simu:/opt/ros/jazzy DEBUGINFOD_URLS=https://debuginfod.ubuntu.com LD_LIBRARY_PATH=/home/namtruong/uuv_sim_home/install/dave_interfaces/lib:/home/namtruong/uuv_sim_home/install/dave_ros_gz_plugins/lib:/home/namtruong/uuv_sim_home/install/dave_gz_world_plugins/lib:/opt/ros/jazzy/opt/gz_sim_vendor/lib:/opt/ros/jazzy/opt/gz_sensors_vendor/lib:/opt/ros/jazzy/opt/gz_physics_vendor/lib:/opt/ros/jazzy/opt/sdformat_vendor/lib:/opt/ros/jazzy/opt/rviz_ogre_vendor/lib:/opt/ros/jazzy/lib/x86_64-linux-gnu:/opt/ros/jazzy/opt/gz_gui_vendor/lib:/opt/ros/jazzy/opt/gz_transport_vendor/lib:/opt/ros/jazzy/opt/gz_rendering_vendor/lib:/opt/ros/jazzy/opt/gz_plugin_vendor/lib:/opt/ros/jazzy/opt/gz_fuel_tools_vendor/lib:/opt/ros/jazzy/opt/gz_msgs_vendor/lib:/opt/ros/jazzy/opt/gz_common_vendor/lib:/opt/ros/jazzy/opt/gz_math_vendor/lib:/opt/ros/jazzy/opt/gz_utils_vendor/lib:/opt/ros/jazzy/opt/gz_tools_vendor/lib:/opt/ros/jazzy/opt/gz_ogre_next_vendor/lib:/opt/ros/jazzy/opt/gz_dartsim_vendor/lib:/opt/ros/jazzy/opt/gz_cmake_vendor/lib:/opt/ros/jazzy/lib PYTHONPATH=/home/namtruong/uuv_sim_home/install/dave_interfaces/lib/python3.12/site-packages:/home/namtruong/uuv_sim_home/build/uuv_simu:/home/namtruong/uuv_sim_home/install/uuv_simu/lib/python3.12/site-packages:/opt/ros/jazzy/lib/python3.12/site-packages /usr/bin/cmake --install /home/namtruong/uuv_sim_home/build/multibeam_sonar
[2.376s] -- Install configuration: ""
[2.377s] -- Execute custom install script
[2.377s] -- Up-to-date symlink: /home/namtruong/uuv_sim_home/install/multibeam_sonar/lib/multibeam_sonar/libmultibeam_sonar.so
[2.377s] -- Up-to-date symlink: /home/namtruong/uuv_sim_home/install/multibeam_sonar/share/multibeam_sonar/environment/multibeam_sonar.dsv
[2.377s] -- Up-to-date symlink: /home/namtruong/uuv_sim_home/install/multibeam_sonar/share/ament_index/resource_index/package_run_dependencies/multibeam_sonar
[2.377s] -- Up-to-date symlink: /home/namtruong/uuv_sim_home/install/multibeam_sonar/share/ament_index/resource_index/parent_prefix_path/multibeam_sonar
[2.377s] -- Up-to-date symlink: /home/namtruong/uuv_sim_home/install/multibeam_sonar/share/multibeam_sonar/environment/ament_prefix_path.sh
[2.377s] -- Up-to-date symlink: /home/namtruong/uuv_sim_home/install/multibeam_sonar/share/multibeam_sonar/environment/ament_prefix_path.dsv
[2.377s] -- Up-to-date symlink: /home/namtruong/uuv_sim_home/install/multibeam_sonar/share/multibeam_sonar/environment/path.sh
[2.378s] -- Up-to-date symlink: /home/namtruong/uuv_sim_home/install/multibeam_sonar/share/multibeam_sonar/environment/path.dsv
[2.378s] -- Up-to-date symlink: /home/namtruong/uuv_sim_home/install/multibeam_sonar/share/multibeam_sonar/local_setup.bash
[2.378s] -- Up-to-date symlink: /home/namtruong/uuv_sim_home/install/multibeam_sonar/share/multibeam_sonar/local_setup.sh
[2.378s] -- Up-to-date symlink: /home/namtruong/uuv_sim_home/install/multibeam_sonar/share/multibeam_sonar/local_setup.zsh
[2.378s] -- Up-to-date symlink: /home/namtruong/uuv_sim_home/install/multibeam_sonar/share/multibeam_sonar/local_setup.dsv
[2.378s] -- Symlinking: /home/namtruong/uuv_sim_home/install/multibeam_sonar/share/multibeam_sonar/package.dsv
[2.388s] -- Up-to-date symlink: /home/namtruong/uuv_sim_home/install/multibeam_sonar/share/ament_index/resource_index/packages/multibeam_sonar
[2.388s] -- Up-to-date symlink: /home/namtruong/uuv_sim_home/install/multibeam_sonar/share/multibeam_sonar/cmake/multibeam_sonarConfig.cmake
[2.388s] -- Up-to-date symlink: /home/namtruong/uuv_sim_home/install/multibeam_sonar/share/multibeam_sonar/cmake/multibeam_sonarConfig-version.cmake
[2.388s] -- Up-to-date symlink: /home/namtruong/uuv_sim_home/install/multibeam_sonar/share/multibeam_sonar/package.xml
[2.390s] Invoked command in '/home/namtruong/uuv_sim_home/build/multibeam_sonar' returned '0': CMAKE_PREFIX_PATH=/home/namtruong/uuv_sim_home/install/dave_interfaces:/home/namtruong/uuv_sim_home/install/multibeam_sonar_system:/home/namtruong/uuv_sim_home/install/multibeam_sonar:/home/namtruong/uuv_sim_home/install/dave_worlds:/home/namtruong/uuv_sim_home/install/dave_gz_model_plugins:/home/namtruong/uuv_sim_home/install/dave_ros_gz_plugins:/home/namtruong/uuv_sim_home/install/dave_robot_models:/home/namtruong/uuv_sim_home/install/dave_object_models:/home/namtruong/uuv_sim_home/install/dave_multibeam_sonar_demo:/home/namtruong/uuv_sim_home/install/dave_gz_world_plugins:/home/namtruong/uuv_sim_home/install/dave_gz_sensor_plugins:/opt/ros/jazzy/opt/gz_sim_vendor:/opt/ros/jazzy/opt/gz_sensors_vendor:/opt/ros/jazzy/opt/gz_physics_vendor:/opt/ros/jazzy/opt/sdformat_vendor:/opt/ros/jazzy/opt/gz_gui_vendor:/opt/ros/jazzy/opt/gz_transport_vendor:/opt/ros/jazzy/opt/gz_rendering_vendor:/opt/ros/jazzy/opt/gz_plugin_vendor:/opt/ros/jazzy/opt/gz_fuel_tools_vendor:/opt/ros/jazzy/opt/gz_msgs_vendor:/opt/ros/jazzy/opt/gz_common_vendor:/opt/ros/jazzy/opt/gz_math_vendor:/opt/ros/jazzy/opt/gz_utils_vendor:/opt/ros/jazzy/opt/gz_tools_vendor:/opt/ros/jazzy/opt/gz_ogre_next_vendor:/opt/ros/jazzy/opt/gz_dartsim_vendor:/opt/ros/jazzy/opt/gz_cmake_vendor:/home/namtruong/uuv_sim_home/install/uuv_simu:/opt/ros/jazzy DEBUGINFOD_URLS=https://debuginfod.ubuntu.com LD_LIBRARY_PATH=/home/namtruong/uuv_sim_home/install/dave_interfaces/lib:/home/namtruong/uuv_sim_home/install/dave_ros_gz_plugins/lib:/home/namtruong/uuv_sim_home/install/dave_gz_world_plugins/lib:/opt/ros/jazzy/opt/gz_sim_vendor/lib:/opt/ros/jazzy/opt/gz_sensors_vendor/lib:/opt/ros/jazzy/opt/gz_physics_vendor/lib:/opt/ros/jazzy/opt/sdformat_vendor/lib:/opt/ros/jazzy/opt/rviz_ogre_vendor/lib:/opt/ros/jazzy/lib/x86_64-linux-gnu:/opt/ros/jazzy/opt/gz_gui_vendor/lib:/opt/ros/jazzy/opt/gz_transport_vendor/lib:/opt/ros/jazzy/opt/gz_rendering_vendor/lib:/opt/ros/jazzy/opt/gz_plugin_vendor/lib:/opt/ros/jazzy/opt/gz_fuel_tools_vendor/lib:/opt/ros/jazzy/opt/gz_msgs_vendor/lib:/opt/ros/jazzy/opt/gz_common_vendor/lib:/opt/ros/jazzy/opt/gz_math_vendor/lib:/opt/ros/jazzy/opt/gz_utils_vendor/lib:/opt/ros/jazzy/opt/gz_tools_vendor/lib:/opt/ros/jazzy/opt/gz_ogre_next_vendor/lib:/opt/ros/jazzy/opt/gz_dartsim_vendor/lib:/opt/ros/jazzy/opt/gz_cmake_vendor/lib:/opt/ros/jazzy/lib PYTHONPATH=/home/namtruong/uuv_sim_home/install/dave_interfaces/lib/python3.12/site-packages:/home/namtruong/uuv_sim_home/build/uuv_simu:/home/namtruong/uuv_sim_home/install/uuv_simu/lib/python3.12/site-packages:/opt/ros/jazzy/lib/python3.12/site-packages /usr/bin/cmake --install /home/namtruong/uuv_sim_home/build/multibeam_sonar
