[0.014s] Invoking command in '/home/namtruong/uuv_sim_home/build/multibeam_sonar': AMENT_PREFIX_PATH=/home/namtruong/uuv_sim_home/install/dave_interfaces:${AMENT_PREFIX_PATH} CMAKE_PREFIX_PATH=/home/namtruong/uuv_sim_home/install/dave_interfaces:/opt/ros/jazzy/opt/gz_sim_vendor:/opt/ros/jazzy/opt/gz_sensors_vendor:/opt/ros/jazzy/opt/gz_physics_vendor:/opt/ros/jazzy/opt/sdformat_vendor:/opt/ros/jazzy/opt/gz_gui_vendor:/opt/ros/jazzy/opt/gz_transport_vendor:/opt/ros/jazzy/opt/gz_rendering_vendor:/opt/ros/jazzy/opt/gz_plugin_vendor:/opt/ros/jazzy/opt/gz_fuel_tools_vendor:/opt/ros/jazzy/opt/gz_msgs_vendor:/opt/ros/jazzy/opt/gz_common_vendor:/opt/ros/jazzy/opt/gz_math_vendor:/opt/ros/jazzy/opt/gz_utils_vendor:/opt/ros/jazzy/opt/gz_tools_vendor:/opt/ros/jazzy/opt/gz_ogre_next_vendor:/opt/ros/jazzy/opt/gz_dartsim_vendor:/opt/ros/jazzy/opt/gz_cmake_vendor:/opt/ros/jazzy DEBUGINFOD_URLS=https://debuginfod.ubuntu.com LD_LIBRARY_PATH=/home/namtruong/uuv_sim_home/install/dave_interfaces/lib:${LD_LIBRARY_PATH} PYTHONPATH=/home/namtruong/uuv_sim_home/install/dave_interfaces/lib/python3.12/site-packages:${PYTHONPATH} /usr/bin/cmake --build /home/namtruong/uuv_sim_home/build/multibeam_sonar -- -j16 -l16
[0.047s] -- Found ament_cmake: 2.5.6 (/opt/ros/jazzy/share/ament_cmake/cmake)
[0.298s] -- Override CMake install command with custom implementation using symlinks instead of copying resources
[0.320s] -- Looking for gz-sim8 -- found version 8.11.0
[0.321s] -- Searching for dependencies of gz-sim8
[0.322s] -- Looking for sdformat14 -- found version 14.9.0
[0.322s] -- Searching for dependencies of sdformat14
[0.329s] -- Checking for module 'tinyxml2'
[0.345s] --   Found tinyxml2, version 10.0.0
[0.388s] -- Looking for gz-math7 -- found version 7.6.0
[0.388s] -- Searching for dependencies of gz-math7
[0.391s] -- Looking for gz-utils2 -- found version 2.2.1
[0.391s] -- Searching for dependencies of gz-utils2
[0.393s] -- Looking for gz-utils2 -- found version 2.2.1
[0.393s] -- Searching for dependencies of gz-utils2
[0.393s] -- Searching for <gz-utils2> component [cli]
[0.396s] -- Looking for gz-utils2-cli -- found version 2.2.1
[0.396s] -- Searching for dependencies of gz-utils2-cli
[0.399s] -- Looking for gz-plugin2 -- found version 2.0.4
[0.399s] -- Searching for dependencies of gz-plugin2
[0.400s] -- Looking for gz-utils2 -- found version 2.2.1
[0.400s] -- Searching for <gz-plugin2> component [loader]
[0.402s] -- Looking for gz-plugin2-loader -- found version 2.0.4
[0.402s] -- Searching for dependencies of gz-plugin2-loader
[0.403s] -- Searching for <gz-plugin2> component [register]
[0.405s] -- Looking for gz-plugin2-register -- found version 2.0.4
[0.406s] -- Searching for dependencies of gz-plugin2-register
[0.408s] -- Looking for gz-transport13 -- found version 13.5.0
[0.408s] -- Searching for dependencies of gz-transport13
[0.561s] -- Found Protobuf: /usr/lib/x86_64-linux-gnu/libprotobuf.so (found version "3.21.12") 
[0.575s] -- Config-file not installed for ZeroMQ -- checking for pkg-config
[0.581s] -- Checking for module 'libzmq >= 4'
[0.598s] --   Found libzmq, version 4.3.5
[0.654s] -- Found ZeroMQ: TRUE (Required is at least version "4") 
[0.660s] -- Checking for module 'uuid'
[0.678s] --   Found uuid, version 2.39.3
[0.722s] -- Found UUID: TRUE  
[0.722s] -- Looking for gz-utils2 -- found version 2.2.1
[0.725s] -- Looking for gz-msgs10 -- found version 10.3.2
[0.725s] -- Searching for dependencies of gz-msgs10
[0.748s] -- Looking for gz-utils2 -- found version 2.2.1
[0.748s] -- Looking for gz-math7 -- found version 7.6.0
[0.756s] -- Searching for <gz-transport13> component [log]
[0.758s] -- Looking for gz-transport13-log -- found version 13.5.0
[0.758s] -- Searching for dependencies of gz-transport13-log
[0.759s] -- Searching for <gz-transport13> component [parameters]
[0.761s] -- Looking for gz-transport13-parameters -- found version 13.5.0
[0.761s] -- Searching for dependencies of gz-transport13-parameters
[0.762s] -- Looking for gz-msgs10 -- found version 10.3.2
[0.765s] -- Looking for gz-common5 -- found version 5.8.0
[0.765s] -- Searching for dependencies of gz-common5
[0.765s] -- Looking for gz-utils2 -- found version 2.2.1
[0.766s] -- Looking for dlfcn.h - found
[0.768s] -- Looking for libdl - found
[0.770s] -- Found DL: TRUE  
[0.777s] -- Searching for <gz-common5> component [av]
[0.780s] -- Looking for gz-common5-av -- found version 5.8.0
[0.780s] -- Searching for dependencies of gz-common5-av
[0.786s] -- Checking for module 'libswscale'
[0.803s] --   Found libswscale, version 7.5.100
[0.849s] -- Found SWSCALE: TRUE  
[0.855s] -- Checking for module 'libavdevice >= 56.4.100'
[0.874s] --   Found libavdevice, version 60.3.100
[0.934s] -- Found AVDEVICE: TRUE (Required is at least version "56.4.100") 
[0.940s] -- Checking for module 'libavformat'
[0.959s] --   Found libavformat, version 60.16.100
[1.010s] -- Found AVFORMAT: TRUE  
[1.016s] -- Checking for module 'libavcodec'
[1.035s] --   Found libavcodec, version 60.31.102
[1.083s] -- Found AVCODEC: TRUE  
[1.089s] -- Checking for module 'libavutil'
[1.108s] --   Found libavutil, version 58.29.100
[1.153s] -- Found AVUTIL: TRUE  
[1.154s] -- Searching for <gz-common5> component [events]
[1.157s] -- Looking for gz-common5-events -- found version 5.8.0
[1.158s] -- Searching for dependencies of gz-common5-events
[1.158s] -- Looking for gz-math7 -- found version 7.6.0
[1.159s] -- Searching for <gz-common5> component [graphics]
[1.161s] -- Looking for gz-common5-graphics -- found version 5.8.0
[1.162s] -- Searching for dependencies of gz-common5-graphics
[1.162s] -- Looking for gz-math7 -- found version 7.6.0
[1.169s] -- Found GzAssimp: TRUE (found version "5.3.0") 
[1.169s] -- Searching for <gz-common5> component [io]
[1.172s] -- Looking for gz-common5-io -- found version 5.8.0
[1.172s] -- Searching for dependencies of gz-common5-io
[1.173s] -- Searching for <gz-common5> component [profiler]
[1.175s] -- Looking for gz-common5-profiler -- found version 5.8.0
[1.176s] -- Searching for dependencies of gz-common5-profiler
[1.179s] -- Looking for gz-fuel_tools9 -- found version 9.1.1
[1.179s] -- Searching for dependencies of gz-fuel_tools9
[1.290s] -- Found CURL: /usr/lib/x86_64-linux-gnu/libcurl.so (found version "8.5.0")  
[1.303s] -- Checking for module 'jsoncpp'
[1.324s] --   Found jsoncpp, version 1.9.5
[1.375s] -- Found JSONCPP: TRUE  
[1.397s] -- Checking for module 'yaml-0.1'
[1.417s] --   Found yaml-0.1, version 0.2.5
[1.462s] -- Found YAML: TRUE  
[1.468s] -- Checking for module 'libzip'
[1.487s] --   Found libzip, version 1.7.3
[1.530s] -- Found ZIP: TRUE  
[1.531s] -- Looking for gz-utils2 -- found version 2.2.1
[1.531s] -- Looking for gz-common5 -- found version 5.8.0
[1.531s] -- Searching for dependencies of gz-common5
[1.532s] -- Looking for gz-utils2 -- found version 2.2.1
[1.532s] -- Looking for dlfcn.h - found
[1.532s] -- Looking for libdl - found
[1.541s] -- Searching for <gz-common5> component [testing]
[1.544s] -- Looking for gz-common5-testing -- found version 5.8.0
[1.544s] -- Searching for dependencies of gz-common5-testing
[1.545s] -- Looking for gz-math7 -- found version 7.6.0
[1.545s] -- Looking for gz-msgs10 -- found version 10.3.2
[1.548s] -- Looking for gz-gui8 -- found version 8.4.0
[1.548s] -- Searching for dependencies of gz-gui8
[1.578s] -- Looking for gz-utils2 -- found version 2.2.1
[1.578s] -- Looking for gz-math7 -- found version 7.6.0
[1.579s] -- Looking for gz-common5 -- found version 5.8.0
[1.579s] -- Looking for gz-plugin2 -- found version 2.0.4
[1.580s] -- Looking for gz-transport13 -- found version 13.5.0
[1.582s] -- Looking for gz-rendering8 -- found version 8.2.3
[1.582s] -- Searching for dependencies of gz-rendering8
[1.582s] -- Looking for gz-math7 -- found version 7.6.0
[1.583s] -- Searching for dependencies of gz-math7
[1.583s] -- Looking for gz-utils2 -- found version 2.2.1
[1.583s] -- Searching for <gz-math7> component [eigen3]
[1.586s] -- Looking for gz-math7-eigen3 -- found version 7.6.0
[1.586s] -- Searching for dependencies of gz-math7-eigen3
[1.597s] -- Looking for gz-common5 -- found version 5.8.0
[1.597s] -- Searching for dependencies of gz-common5
[1.597s] -- Looking for gz-utils2 -- found version 2.2.1
[1.598s] -- Looking for dlfcn.h - found
[1.598s] -- Looking for libdl - found
[1.607s] -- Searching for <gz-common5> component [graphics]
[1.607s] -- Searching for <gz-common5> component [events]
[1.607s] -- Searching for <gz-common5> component [geospatial]
[1.609s] -- Looking for gz-common5-geospatial -- found version 5.8.0
[1.609s] -- Searching for dependencies of gz-common5-geospatial
[1.610s] -- Looking for gz-math7 -- found version 7.6.0
[1.610s] -- Looking for gz-common5 -- found version 5.8.0
[1.611s] -- Looking for gz-plugin2 -- found version 2.0.4
[1.611s] -- Searching for dependencies of gz-plugin2
[1.612s] -- Looking for gz-utils2 -- found version 2.2.1
[1.612s] -- Searching for <gz-plugin2> component [all]
[1.614s] -- Looking for all libraries of gz-plugin2 -- found version 2.0.4
[1.615s] -- Looking for gz-plugin2 -- found version 2.0.4
[1.616s] -- Looking for gz-utils2 -- found version 2.2.1
[1.632s] -- Found OpenGL: /usr/lib/x86_64-linux-gnu/libOpenGL.so  found components: OpenGL 
[1.633s] -- Looking for gz-msgs10 -- found version 10.3.2
[1.660s] -- Looking for gz-physics7 -- found version 7.6.0
[1.660s] -- Searching for dependencies of gz-physics7
[1.660s] -- Looking for gz-common5 -- found version 5.8.0
[1.660s] -- Looking for gz-math7 -- found version 7.6.0
[1.661s] -- Looking for gz-plugin2 -- found version 2.0.4
[1.661s] -- Looking for gz-utils2 -- found version 2.2.1
[1.663s] -- Searching for <gz-physics7> component [heightmap]
[1.664s] -- Looking for gz-physics7-heightmap -- found version 7.6.0
[1.664s] -- Searching for dependencies of gz-physics7-heightmap
[1.665s] -- Looking for gz-common5 -- found version 5.8.0
[1.665s] -- Searching for <gz-physics7> component [mesh]
[1.666s] -- Looking for gz-physics7-mesh -- found version 7.6.0
[1.667s] -- Searching for dependencies of gz-physics7-mesh
[1.667s] -- Looking for gz-common5 -- found version 5.8.0
[1.667s] -- Searching for <gz-physics7> component [sdf]
[1.669s] -- Looking for gz-physics7-sdf -- found version 7.6.0
[1.669s] -- Searching for dependencies of gz-physics7-sdf
[1.669s] -- Looking for sdformat14 -- found version 14.9.0
[1.671s] -- Looking for gz-sensors8 -- found version 8.2.2
[1.672s] -- Searching for dependencies of gz-sensors8
[1.695s] -- Looking for gz-math7 -- found version 7.6.0
[1.695s] -- Looking for gz-common5 -- found version 5.8.0
[1.696s] -- Looking for gz-transport13 -- found version 13.5.0
[1.696s] -- Looking for gz-rendering8 -- found version 8.2.3
[1.697s] -- Looking for gz-msgs10 -- found version 10.3.2
[1.697s] -- Looking for sdformat14 -- found version 14.9.0
[1.698s] -- Searching for <gz-sensors8> component [air_pressure]
[1.699s] -- Looking for gz-sensors8-air_pressure -- found version 8.2.2
[1.699s] -- Searching for dependencies of gz-sensors8-air_pressure
[1.700s] -- Searching for <gz-sensors8> component [air_speed]
[1.701s] -- Looking for gz-sensors8-air_speed -- found version 8.2.2
[1.701s] -- Searching for dependencies of gz-sensors8-air_speed
[1.702s] -- Searching for <gz-sensors8> component [altimeter]
[1.703s] -- Looking for gz-sensors8-altimeter -- found version 8.2.2
[1.703s] -- Searching for dependencies of gz-sensors8-altimeter
[1.704s] -- Searching for <gz-sensors8> component [imu]
[1.705s] -- Looking for gz-sensors8-imu -- found version 8.2.2
[1.706s] -- Searching for dependencies of gz-sensors8-imu
[1.706s] -- Searching for <gz-sensors8> component [force_torque]
[1.707s] -- Looking for gz-sensors8-force_torque -- found version 8.2.2
[1.708s] -- Searching for dependencies of gz-sensors8-force_torque
[1.708s] -- Searching for <gz-sensors8> component [logical_camera]
[1.709s] -- Looking for gz-sensors8-logical_camera -- found version 8.2.2
[1.709s] -- Searching for dependencies of gz-sensors8-logical_camera
[1.710s] -- Searching for <gz-sensors8> component [magnetometer]
[1.711s] -- Looking for gz-sensors8-magnetometer -- found version 8.2.2
[1.711s] -- Searching for dependencies of gz-sensors8-magnetometer
[1.712s] -- Searching for <gz-sensors8> component [navsat]
[1.713s] -- Looking for gz-sensors8-navsat -- found version 8.2.2
[1.713s] -- Searching for dependencies of gz-sensors8-navsat
[1.714s] -- Searching for <gz-sensors8> component [dvl]
[1.715s] -- Looking for gz-sensors8-dvl -- found version 8.2.2
[1.715s] -- Searching for dependencies of gz-sensors8-dvl
[1.716s] -- Looking for gz-sensors8 -- found version 8.2.2
[1.716s] -- Searching for dependencies of gz-sensors8
[1.740s] -- Looking for gz-math7 -- found version 7.6.0
[1.741s] -- Looking for gz-common5 -- found version 5.8.0
[1.741s] -- Looking for gz-transport13 -- found version 13.5.0
[1.742s] -- Looking for gz-rendering8 -- found version 8.2.3
[1.742s] -- Looking for gz-msgs10 -- found version 10.3.2
[1.743s] -- Looking for sdformat14 -- found version 14.9.0
[1.743s] -- Searching for <gz-sensors8> component [rendering]
[1.744s] -- Looking for gz-sensors8-rendering -- found version 8.2.2
[1.744s] -- Searching for dependencies of gz-sensors8-rendering
[1.746s] -- Searching for <gz-sensors8> component [rendering]
[1.746s] -- Searching for <gz-sensors8> component [lidar]
[1.747s] -- Looking for gz-sensors8-lidar -- found version 8.2.2
[1.747s] -- Searching for dependencies of gz-sensors8-lidar
[1.747s] -- Looking for gz-sensors8 -- found version 8.2.2
[1.748s] -- Searching for <gz-sensors8> component [gpu_lidar]
[1.749s] -- Looking for gz-sensors8-gpu_lidar -- found version 8.2.2
[1.749s] -- Searching for dependencies of gz-sensors8-gpu_lidar
[1.750s] -- Looking for gz-sensors8 -- found version 8.2.2
[1.750s] -- Searching for <gz-sensors8> component [camera]
[1.751s] -- Looking for gz-sensors8-camera -- found version 8.2.2
[1.752s] -- Searching for dependencies of gz-sensors8-camera
[1.752s] -- Looking for gz-sensors8 -- found version 8.2.2
[1.753s] -- Searching for <gz-sensors8> component [boundingbox_camera]
[1.754s] -- Looking for gz-sensors8-boundingbox_camera -- found version 8.2.2
[1.754s] -- Searching for dependencies of gz-sensors8-boundingbox_camera
[1.754s] -- Searching for <gz-sensors8> component [segmentation_camera]
[1.756s] -- Looking for gz-sensors8-segmentation_camera -- found version 8.2.2
[1.756s] -- Searching for dependencies of gz-sensors8-segmentation_camera
[1.756s] -- Searching for <gz-sensors8> component [depth_camera]
[1.758s] -- Looking for gz-sensors8-depth_camera -- found version 8.2.2
[1.758s] -- Searching for dependencies of gz-sensors8-depth_camera
[1.758s] -- Looking for gz-sensors8 -- found version 8.2.2
[1.759s] -- Searching for <gz-sensors8> component [rgbd_camera]
[1.760s] -- Looking for gz-sensors8-rgbd_camera -- found version 8.2.2
[1.761s] -- Searching for dependencies of gz-sensors8-rgbd_camera
[1.761s] -- Looking for gz-sensors8 -- found version 8.2.2
[1.762s] -- Searching for <gz-sensors8> component [thermal_camera]
[1.763s] -- Looking for gz-sensors8-thermal_camera -- found version 8.2.2
[1.763s] -- Searching for dependencies of gz-sensors8-thermal_camera
[1.764s] -- Looking for gz-sensors8 -- found version 8.2.2
[1.764s] -- Searching for <gz-sensors8> component [wide_angle_camera]
[1.766s] -- Looking for gz-sensors8-wide_angle_camera -- found version 8.2.2
[1.766s] -- Searching for dependencies of gz-sensors8-wide_angle_camera
[1.767s] -- Looking for gz-rendering8 -- found version 8.2.3
[1.768s] -- Looking for gz-math7 -- found version 7.6.0
[1.768s] -- Looking for gz-utils2 -- found version 2.2.1
[1.794s] -- Looking for gz-sensors8 -- found version 8.2.2
[1.795s] -- Looking for gz-rendering8 -- found version 8.2.3
[1.795s] -- Searching for dependencies of gz-rendering8
[1.795s] -- Looking for gz-math7 -- found version 7.6.0
[1.796s] -- Looking for gz-common5 -- found version 5.8.0
[1.797s] -- Looking for gz-plugin2 -- found version 2.0.4
[1.797s] -- Looking for gz-utils2 -- found version 2.2.1
[1.799s] -- Searching for <gz-rendering8> component [ogre]
[1.802s] -- Looking for gz-rendering8-ogre -- found version 8.2.3
[1.802s] -- Searching for dependencies of gz-rendering8-ogre
[1.806s] -- Searching for <gz-rendering8> component [ogre2]
[1.808s] -- Looking for gz-rendering8-ogre2 -- found version 8.2.3
[1.808s] -- Searching for dependencies of gz-rendering8-ogre2
[1.813s] -- Looking for gz-transport13 -- found version 13.5.0
[1.817s] -- Found rclcpp: 28.1.21 (/opt/ros/jazzy/share/rclcpp/cmake)
[1.882s] -- Found rosidl_generator_c: 4.6.9 (/opt/ros/jazzy/share/rosidl_generator_c/cmake)
[1.907s] -- Found rosidl_generator_cpp: 4.6.9 (/opt/ros/jazzy/share/rosidl_generator_cpp/cmake)
[1.935s] -- Using all available rosidl_typesupport_c: rosidl_typesupport_fastrtps_c;rosidl_typesupport_introspection_c
[1.965s] -- Using all available rosidl_typesupport_cpp: rosidl_typesupport_fastrtps_cpp;rosidl_typesupport_introspection_cpp
[2.082s] -- Found rmw_implementation_cmake: 7.3.3 (/opt/ros/jazzy/share/rmw_implementation_cmake/cmake)
[2.088s] -- Found rmw_fastrtps_cpp: 8.4.4 (/opt/ros/jazzy/share/rmw_fastrtps_cpp/cmake)
[2.225s] -- Found OpenSSL: /usr/lib/x86_64-linux-gnu/libcrypto.so (found version "3.0.13")  
[2.251s] -- Found FastRTPS: /opt/ros/jazzy/include (Required is at least version "2.13") 
[2.287s] -- Using RMW implementation 'rmw_fastrtps_cpp' as default
[2.420s] -- Found sensor_msgs: 5.3.8 (/opt/ros/jazzy/share/sensor_msgs/cmake)
[2.509s] -- Found rosidl_default_generators: 1.6.1 (/opt/ros/jazzy/share/rosidl_default_generators/cmake)
[2.547s] -- Found rosidl_adapter: 4.6.9 (/opt/ros/jazzy/share/rosidl_adapter/cmake)
[2.563s] -- Found OpenCV: /usr (found version "4.6.0") 
[2.569s] -- Found marine_acoustic_msgs: 2.1.0 (/opt/ros/jazzy/share/marine_acoustic_msgs/cmake)
[2.597s] -- Found cv_bridge: 4.1.0 (/opt/ros/jazzy/share/cv_bridge/cmake)
[2.600s] -- CUDA Toolkit not found or disabled: using CPU fallback implementation
[2.719s] -- Configuring done (2.7s)
[2.726s] [31mCMake Error at CMakeLists.txt:80 (add_library):
[2.727s]   Cannot find source file:
[2.727s] 
[2.727s]     sonar_calculation_cpu.cc
[2.727s] 
[2.727s]   Tried extensions .c .C .c++ .cc .cpp .cxx .cu .mpp .m .M .mm .ixx .cppm
[2.727s]   .ccm .cxxm .c++m .h .hh .h++ .hm .hpp .hxx .in .txx .f .F .for .f77 .f90
[2.728s]   .f95 .f03 .hip .ispc
[2.728s] 
[2.728s] [0m
[2.734s] [31mCMake Error at CMakeLists.txt:80 (add_library):
[2.734s]   No SOURCES given to target: multibeam_sonar
[2.734s] 
[2.734s] [0m
[2.734s] [0mCMake Generate step failed.  Build files cannot be regenerated correctly.[0m
[2.759s] gmake: *** [Makefile:226: cmake_check_build_system] Error 1
[2.762s] Invoked command in '/home/namtruong/uuv_sim_home/build/multibeam_sonar' returned '2': AMENT_PREFIX_PATH=/home/namtruong/uuv_sim_home/install/dave_interfaces:${AMENT_PREFIX_PATH} CMAKE_PREFIX_PATH=/home/namtruong/uuv_sim_home/install/dave_interfaces:/opt/ros/jazzy/opt/gz_sim_vendor:/opt/ros/jazzy/opt/gz_sensors_vendor:/opt/ros/jazzy/opt/gz_physics_vendor:/opt/ros/jazzy/opt/sdformat_vendor:/opt/ros/jazzy/opt/gz_gui_vendor:/opt/ros/jazzy/opt/gz_transport_vendor:/opt/ros/jazzy/opt/gz_rendering_vendor:/opt/ros/jazzy/opt/gz_plugin_vendor:/opt/ros/jazzy/opt/gz_fuel_tools_vendor:/opt/ros/jazzy/opt/gz_msgs_vendor:/opt/ros/jazzy/opt/gz_common_vendor:/opt/ros/jazzy/opt/gz_math_vendor:/opt/ros/jazzy/opt/gz_utils_vendor:/opt/ros/jazzy/opt/gz_tools_vendor:/opt/ros/jazzy/opt/gz_ogre_next_vendor:/opt/ros/jazzy/opt/gz_dartsim_vendor:/opt/ros/jazzy/opt/gz_cmake_vendor:/opt/ros/jazzy DEBUGINFOD_URLS=https://debuginfod.ubuntu.com LD_LIBRARY_PATH=/home/namtruong/uuv_sim_home/install/dave_interfaces/lib:${LD_LIBRARY_PATH} PYTHONPATH=/home/namtruong/uuv_sim_home/install/dave_interfaces/lib/python3.12/site-packages:${PYTHONPATH} /usr/bin/cmake --build /home/namtruong/uuv_sim_home/build/multibeam_sonar -- -j16 -l16
