-- Install configuration: ""
-- Execute custom install script
-- Up-to-date symlink: /home/namtruong/uuv_sim_home/install/dave_multibeam_sonar_demo/share/dave_multibeam_sonar_demo/launch/multibeam_sonar_demo.launch.py
-- Up-to-date symlink: /home/namtruong/uuv_sim_home/install/dave_multibeam_sonar_demo/share/dave_multibeam_sonar_demo/rviz/multibeam_sonar.rviz
-- Up-to-date symlink: /home/namtruong/uuv_sim_home/install/dave_multibeam_sonar_demo/share/dave_multibeam_sonar_demo/environment/dave_multibeam_sonar_demo.dsv
-- Up-to-date symlink: /home/namtruong/uuv_sim_home/install/dave_multibeam_sonar_demo/share/ament_index/resource_index/package_run_dependencies/dave_multibeam_sonar_demo
-- Up-to-date symlink: /home/namtruong/uuv_sim_home/install/dave_multibeam_sonar_demo/share/ament_index/resource_index/parent_prefix_path/dave_multibeam_sonar_demo
-- Up-to-date symlink: /home/namtruong/uuv_sim_home/install/dave_multibeam_sonar_demo/share/dave_multibeam_sonar_demo/environment/ament_prefix_path.sh
-- Up-to-date symlink: /home/namtruong/uuv_sim_home/install/dave_multibeam_sonar_demo/share/dave_multibeam_sonar_demo/environment/ament_prefix_path.dsv
-- Up-to-date symlink: /home/namtruong/uuv_sim_home/install/dave_multibeam_sonar_demo/share/dave_multibeam_sonar_demo/environment/path.sh
-- Up-to-date symlink: /home/namtruong/uuv_sim_home/install/dave_multibeam_sonar_demo/share/dave_multibeam_sonar_demo/environment/path.dsv
-- Up-to-date symlink: /home/namtruong/uuv_sim_home/install/dave_multibeam_sonar_demo/share/dave_multibeam_sonar_demo/local_setup.bash
-- Up-to-date symlink: /home/namtruong/uuv_sim_home/install/dave_multibeam_sonar_demo/share/dave_multibeam_sonar_demo/local_setup.sh
-- Up-to-date symlink: /home/namtruong/uuv_sim_home/install/dave_multibeam_sonar_demo/share/dave_multibeam_sonar_demo/local_setup.zsh
-- Up-to-date symlink: /home/namtruong/uuv_sim_home/install/dave_multibeam_sonar_demo/share/dave_multibeam_sonar_demo/local_setup.dsv
-- Symlinking: /home/namtruong/uuv_sim_home/install/dave_multibeam_sonar_demo/share/dave_multibeam_sonar_demo/package.dsv
-- Up-to-date symlink: /home/namtruong/uuv_sim_home/install/dave_multibeam_sonar_demo/share/ament_index/resource_index/packages/dave_multibeam_sonar_demo
-- Up-to-date symlink: /home/namtruong/uuv_sim_home/install/dave_multibeam_sonar_demo/share/dave_multibeam_sonar_demo/cmake/dave_multibeam_sonar_demoConfig.cmake
-- Up-to-date symlink: /home/namtruong/uuv_sim_home/install/dave_multibeam_sonar_demo/share/dave_multibeam_sonar_demo/cmake/dave_multibeam_sonar_demoConfig-version.cmake
-- Up-to-date symlink: /home/namtruong/uuv_sim_home/install/dave_multibeam_sonar_demo/share/dave_multibeam_sonar_demo/package.xml
