-- Found ament_cmake: 2.5.6 (/opt/ros/jazzy/share/ament_cmake/cmake)
-- Override CMake install command with custom implementation using symlinks instead of copying resources
-- Found Threads: TRUE  
-- Looking for gz-common5 -- found version 5.8.0
-- Searching for dependencies of gz-common5
-- Looking for gz-utils2 -- found version 2.2.1
-- Searching for dependencies of gz-utils2
-- Looking for dlfcn.h - found
-- Looking for libdl - found
-- Checking for module 'uuid'
--   Found uuid, version 2.39.3
-- Searching for <gz-common5> component [profiler]
-- Looking for gz-common5-profiler -- found version 5.8.0
-- Searching for dependencies of gz-common5-profiler
-- Looking for gz-plugin2 -- found version 2.0.4
-- Searching for dependencies of gz-plugin2
-- Looking for gz-utils2 -- found version 2.2.1
-- Searching for dependencies of gz-utils2
-- Searching for <gz-utils2> component [cli]
-- Looking for gz-utils2-cli -- found version 2.2.1
-- Searching for dependencies of gz-utils2-cli
-- Searching for <gz-plugin2> component [register]
-- Looking for gz-plugin2-register -- found version 2.0.4
-- Searching for dependencies of gz-plugin2-register
-- Looking for gz-rendering8 -- found version 8.2.3
-- Searching for dependencies of gz-rendering8
-- Looking for gz-math7 -- found version 7.6.0
-- Searching for dependencies of gz-math7
-- Looking for gz-utils2 -- found version 2.2.1
-- Searching for <gz-math7> component [eigen3]
-- Looking for gz-math7-eigen3 -- found version 7.6.0
-- Searching for dependencies of gz-math7-eigen3
-- Looking for gz-common5 -- found version 5.8.0
-- Searching for dependencies of gz-common5
-- Looking for gz-utils2 -- found version 2.2.1
-- Looking for dlfcn.h - found
-- Looking for libdl - found
-- Searching for <gz-common5> component [graphics]
-- Looking for gz-common5-graphics -- found version 5.8.0
-- Searching for dependencies of gz-common5-graphics
-- Looking for gz-math7 -- found version 7.6.0
-- Searching for <gz-common5> component [events]
-- Looking for gz-common5-events -- found version 5.8.0
-- Searching for dependencies of gz-common5-events
-- Looking for gz-math7 -- found version 7.6.0
-- Searching for <gz-common5> component [geospatial]
-- Looking for gz-common5-geospatial -- found version 5.8.0
-- Searching for dependencies of gz-common5-geospatial
-- Looking for gz-math7 -- found version 7.6.0
-- Looking for gz-common5 -- found version 5.8.0
-- Looking for gz-plugin2 -- found version 2.0.4
-- Searching for dependencies of gz-plugin2
-- Looking for gz-utils2 -- found version 2.2.1
-- Searching for <gz-plugin2> component [all]
-- Looking for all libraries of gz-plugin2 -- found version 2.0.4
-- Looking for gz-plugin2 -- found version 2.0.4
-- Looking for gz-plugin2-loader -- found version 2.0.4
-- Searching for dependencies of gz-plugin2-loader
-- Looking for gz-utils2 -- found version 2.2.1
-- Searching for <gz-rendering8> component [ogre]
-- Looking for gz-rendering8-ogre -- found version 8.2.3
-- Searching for dependencies of gz-rendering8-ogre
-- Searching for <gz-rendering8> component [ogre2]
-- Looking for gz-rendering8-ogre2 -- found version 8.2.3
-- Searching for dependencies of gz-rendering8-ogre2
-- Looking for gz-sim8 -- found version 8.11.0
-- Searching for dependencies of gz-sim8
-- Looking for sdformat14 -- found version 14.9.0
-- Searching for dependencies of sdformat14
-- Checking for module 'tinyxml2'
--   Found tinyxml2, version 10.0.0
-- Looking for gz-math7 -- found version 7.6.0
-- Looking for gz-utils2 -- found version 2.2.1
-- Looking for gz-plugin2 -- found version 2.0.4
-- Looking for gz-transport13 -- found version 13.5.0
-- Searching for dependencies of gz-transport13
-- Config-file not installed for ZeroMQ -- checking for pkg-config
-- Checking for module 'libzmq >= 4'
--   Found libzmq, version 4.3.5
-- Looking for gz-utils2 -- found version 2.2.1
-- Looking for gz-msgs10 -- found version 10.3.2
-- Searching for dependencies of gz-msgs10
-- Looking for gz-utils2 -- found version 2.2.1
-- Looking for gz-math7 -- found version 7.6.0
-- Searching for <gz-transport13> component [log]
-- Looking for gz-transport13-log -- found version 13.5.0
-- Searching for dependencies of gz-transport13-log
-- Searching for <gz-transport13> component [parameters]
-- Looking for gz-transport13-parameters -- found version 13.5.0
-- Searching for dependencies of gz-transport13-parameters
-- Looking for gz-msgs10 -- found version 10.3.2
-- Looking for gz-common5 -- found version 5.8.0
-- Searching for dependencies of gz-common5
-- Looking for gz-utils2 -- found version 2.2.1
-- Looking for dlfcn.h - found
-- Looking for libdl - found
-- Searching for <gz-common5> component [av]
-- Looking for gz-common5-av -- found version 5.8.0
-- Searching for dependencies of gz-common5-av
-- Checking for module 'libswscale'
--   Found libswscale, version 7.5.100
-- Checking for module 'libavdevice >= 56.4.100'
--   Found libavdevice, version 60.3.100
-- Checking for module 'libavformat'
--   Found libavformat, version 60.16.100
-- Checking for module 'libavcodec'
--   Found libavcodec, version 60.31.102
-- Checking for module 'libavutil'
--   Found libavutil, version 58.29.100
-- Searching for <gz-common5> component [events]
-- Searching for <gz-common5> component [graphics]
-- Searching for <gz-common5> component [io]
-- Looking for gz-common5-io -- found version 5.8.0
-- Searching for dependencies of gz-common5-io
-- Searching for <gz-common5> component [profiler]
-- Looking for gz-fuel_tools9 -- found version 9.1.1
-- Searching for dependencies of gz-fuel_tools9
-- Checking for module 'jsoncpp'
--   Found jsoncpp, version 1.9.5
-- Checking for module 'yaml-0.1'
--   Found yaml-0.1, version 0.2.5
-- Checking for module 'libzip'
--   Found libzip, version 1.7.3
-- Looking for gz-utils2 -- found version 2.2.1
-- Looking for gz-common5 -- found version 5.8.0
-- Searching for dependencies of gz-common5
-- Looking for gz-utils2 -- found version 2.2.1
-- Looking for dlfcn.h - found
-- Looking for libdl - found
-- Searching for <gz-common5> component [testing]
-- Looking for gz-common5-testing -- found version 5.8.0
-- Searching for dependencies of gz-common5-testing
-- Looking for gz-math7 -- found version 7.6.0
-- Looking for gz-msgs10 -- found version 10.3.2
-- Looking for gz-gui8 -- found version 8.4.0
-- Searching for dependencies of gz-gui8
-- Looking for gz-utils2 -- found version 2.2.1
-- Looking for gz-math7 -- found version 7.6.0
-- Looking for gz-common5 -- found version 5.8.0
-- Looking for gz-plugin2 -- found version 2.0.4
-- Looking for gz-transport13 -- found version 13.5.0
-- Looking for gz-rendering8 -- found version 8.2.3
-- Looking for gz-msgs10 -- found version 10.3.2
-- Looking for gz-physics7 -- found version 7.6.0
-- Searching for dependencies of gz-physics7
-- Looking for gz-common5 -- found version 5.8.0
-- Looking for gz-math7 -- found version 7.6.0
-- Looking for gz-plugin2 -- found version 2.0.4
-- Looking for gz-utils2 -- found version 2.2.1
-- Searching for <gz-physics7> component [heightmap]
-- Looking for gz-physics7-heightmap -- found version 7.6.0
-- Searching for dependencies of gz-physics7-heightmap
-- Looking for gz-common5 -- found version 5.8.0
-- Searching for <gz-physics7> component [mesh]
-- Looking for gz-physics7-mesh -- found version 7.6.0
-- Searching for dependencies of gz-physics7-mesh
-- Looking for gz-common5 -- found version 5.8.0
-- Searching for <gz-physics7> component [sdf]
-- Looking for gz-physics7-sdf -- found version 7.6.0
-- Searching for dependencies of gz-physics7-sdf
-- Looking for sdformat14 -- found version 14.9.0
-- Looking for gz-sensors8 -- found version 8.2.2
-- Searching for dependencies of gz-sensors8
-- Looking for gz-math7 -- found version 7.6.0
-- Looking for gz-common5 -- found version 5.8.0
-- Looking for gz-transport13 -- found version 13.5.0
-- Looking for gz-rendering8 -- found version 8.2.3
-- Looking for gz-msgs10 -- found version 10.3.2
-- Looking for sdformat14 -- found version 14.9.0
-- Searching for <gz-sensors8> component [air_pressure]
-- Looking for gz-sensors8-air_pressure -- found version 8.2.2
-- Searching for dependencies of gz-sensors8-air_pressure
-- Searching for <gz-sensors8> component [air_speed]
-- Looking for gz-sensors8-air_speed -- found version 8.2.2
-- Searching for dependencies of gz-sensors8-air_speed
-- Searching for <gz-sensors8> component [altimeter]
-- Looking for gz-sensors8-altimeter -- found version 8.2.2
-- Searching for dependencies of gz-sensors8-altimeter
-- Searching for <gz-sensors8> component [imu]
-- Looking for gz-sensors8-imu -- found version 8.2.2
-- Searching for dependencies of gz-sensors8-imu
-- Searching for <gz-sensors8> component [force_torque]
-- Looking for gz-sensors8-force_torque -- found version 8.2.2
-- Searching for dependencies of gz-sensors8-force_torque
-- Searching for <gz-sensors8> component [logical_camera]
-- Looking for gz-sensors8-logical_camera -- found version 8.2.2
-- Searching for dependencies of gz-sensors8-logical_camera
-- Searching for <gz-sensors8> component [magnetometer]
-- Looking for gz-sensors8-magnetometer -- found version 8.2.2
-- Searching for dependencies of gz-sensors8-magnetometer
-- Searching for <gz-sensors8> component [navsat]
-- Looking for gz-sensors8-navsat -- found version 8.2.2
-- Searching for dependencies of gz-sensors8-navsat
-- Searching for <gz-sensors8> component [dvl]
-- Looking for gz-sensors8-dvl -- found version 8.2.2
-- Searching for dependencies of gz-sensors8-dvl
-- Looking for gz-sensors8 -- found version 8.2.2
-- Searching for dependencies of gz-sensors8
-- Looking for gz-math7 -- found version 7.6.0
-- Looking for gz-common5 -- found version 5.8.0
-- Looking for gz-transport13 -- found version 13.5.0
-- Looking for gz-rendering8 -- found version 8.2.3
-- Looking for gz-msgs10 -- found version 10.3.2
-- Looking for sdformat14 -- found version 14.9.0
-- Searching for <gz-sensors8> component [rendering]
-- Looking for gz-sensors8-rendering -- found version 8.2.2
-- Searching for dependencies of gz-sensors8-rendering
-- Searching for <gz-sensors8> component [rendering]
-- Searching for <gz-sensors8> component [lidar]
-- Looking for gz-sensors8-lidar -- found version 8.2.2
-- Searching for dependencies of gz-sensors8-lidar
-- Looking for gz-sensors8 -- found version 8.2.2
-- Searching for <gz-sensors8> component [gpu_lidar]
-- Looking for gz-sensors8-gpu_lidar -- found version 8.2.2
-- Searching for dependencies of gz-sensors8-gpu_lidar
-- Looking for gz-sensors8 -- found version 8.2.2
-- Searching for <gz-sensors8> component [camera]
-- Looking for gz-sensors8-camera -- found version 8.2.2
-- Searching for dependencies of gz-sensors8-camera
-- Looking for gz-sensors8 -- found version 8.2.2
-- Searching for <gz-sensors8> component [boundingbox_camera]
-- Looking for gz-sensors8-boundingbox_camera -- found version 8.2.2
-- Searching for dependencies of gz-sensors8-boundingbox_camera
-- Searching for <gz-sensors8> component [segmentation_camera]
-- Looking for gz-sensors8-segmentation_camera -- found version 8.2.2
-- Searching for dependencies of gz-sensors8-segmentation_camera
-- Searching for <gz-sensors8> component [depth_camera]
-- Looking for gz-sensors8-depth_camera -- found version 8.2.2
-- Searching for dependencies of gz-sensors8-depth_camera
-- Looking for gz-sensors8 -- found version 8.2.2
-- Searching for <gz-sensors8> component [rgbd_camera]
-- Looking for gz-sensors8-rgbd_camera -- found version 8.2.2
-- Searching for dependencies of gz-sensors8-rgbd_camera
-- Looking for gz-sensors8 -- found version 8.2.2
-- Searching for <gz-sensors8> component [thermal_camera]
-- Looking for gz-sensors8-thermal_camera -- found version 8.2.2
-- Searching for dependencies of gz-sensors8-thermal_camera
-- Looking for gz-sensors8 -- found version 8.2.2
-- Searching for <gz-sensors8> component [wide_angle_camera]
-- Looking for gz-sensors8-wide_angle_camera -- found version 8.2.2
-- Searching for dependencies of gz-sensors8-wide_angle_camera
-- Looking for gz-rendering8 -- found version 8.2.3
-- Looking for gz-math7 -- found version 7.6.0
-- Looking for gz-utils2 -- found version 2.2.1
-- Looking for gz-sensors8 -- found version 8.2.2
-- The CUDA compiler identification is NVIDIA 12.0.140
-- Detecting CUDA compiler ABI info
-- Detecting CUDA compiler ABI info - done
-- Check for working CUDA compiler: /usr/bin/nvcc - skipped
-- Detecting CUDA compile features
-- Detecting CUDA compile features - done
-- Found CUDA: /usr (found version "12.0") 
-- CUDA found, enabling CUDA support.
-- Looking for gz-sim8 -- found version 8.11.0
-- Looking for gz-sensors8 -- found version 8.2.2
-- Looking for gz-rendering8 -- found version 8.2.3
-- Looking for gz-transport13 -- found version 13.5.0
-- Found rclcpp: 28.1.21 (/opt/ros/jazzy/share/rclcpp/cmake)
-- Found rosidl_generator_c: 4.6.9 (/opt/ros/jazzy/share/rosidl_generator_c/cmake)
-- Found rosidl_generator_cpp: 4.6.9 (/opt/ros/jazzy/share/rosidl_generator_cpp/cmake)
-- Using all available rosidl_typesupport_c: rosidl_typesupport_fastrtps_c;rosidl_typesupport_introspection_c
-- Using all available rosidl_typesupport_cpp: rosidl_typesupport_fastrtps_cpp;rosidl_typesupport_introspection_cpp
-- Found rmw_implementation_cmake: 7.3.3 (/opt/ros/jazzy/share/rmw_implementation_cmake/cmake)
-- Found rmw_fastrtps_cpp: 8.4.4 (/opt/ros/jazzy/share/rmw_fastrtps_cpp/cmake)
-- Using RMW implementation 'rmw_fastrtps_cpp' as default
-- Found sensor_msgs: 5.3.8 (/opt/ros/jazzy/share/sensor_msgs/cmake)
-- Found rosidl_default_generators: 1.6.1 (/opt/ros/jazzy/share/rosidl_default_generators/cmake)
-- Found rosidl_adapter: 4.6.9 (/opt/ros/jazzy/share/rosidl_adapter/cmake)
-- Found marine_acoustic_msgs: 2.1.0 (/opt/ros/jazzy/share/marine_acoustic_msgs/cmake)
-- Found cv_bridge: 4.1.0 (/opt/ros/jazzy/share/cv_bridge/cmake)
-- Configuring done (4.4s)
-- Generating done (0.1s)
-- Build files have been written to: /home/namtruong/uuv_sim_home/build/multibeam_sonar_system
[ 16%] [32mBuilding CUDA object multibeam_sonar/CMakeFiles/multibeam_sonar.dir/sonar_calculation_cuda.cu.o[0m
[ 33%] [32mBuilding CXX object multibeam_sonar/CMakeFiles/multibeam_sonar.dir/MultibeamSonarSensor.cc.o[0m
[ 50%] [32m[1mLinking CUDA device code CMakeFiles/multibeam_sonar.dir/cmake_device_link.o[0m
nvlink warning : Skipping incompatible '/usr/lib/x86_64-linux-gnu/libdl.a' when searching for -ldl
nvlink warning : Skipping incompatible '/usr/lib/x86_64-linux-gnu/libpthread.a' when searching for -lpthread
nvlink warning : Skipping incompatible '/usr/lib/x86_64-linux-gnu/librt.a' when searching for -lrt
[ 66%] [32m[1mLinking CXX shared library libmultibeam_sonar.so[0m
[ 66%] Built target multibeam_sonar
[ 83%] [32mBuilding CXX object CMakeFiles/multibeam_sonar_system.dir/MultibeamSonarSystem.cc.o[0m
[100%] [32m[1mLinking CXX shared library libmultibeam_sonar_system.so[0m
[100%] Built target multibeam_sonar_system
-- Install configuration: ""
-- Execute custom install script
-- Symlinking: /home/namtruong/uuv_sim_home/install/multibeam_sonar_system/lib/multibeam_sonar/libmultibeam_sonar.so
-- Symlinking: /home/namtruong/uuv_sim_home/install/multibeam_sonar_system/share/multibeam_sonar/environment/multibeam_sonar.dsv
-- Symlinking: /home/namtruong/uuv_sim_home/install/multibeam_sonar_system/share/ament_index/resource_index/package_run_dependencies/multibeam_sonar
-- Symlinking: /home/namtruong/uuv_sim_home/install/multibeam_sonar_system/share/ament_index/resource_index/parent_prefix_path/multibeam_sonar
-- Symlinking: /home/namtruong/uuv_sim_home/install/multibeam_sonar_system/share/multibeam_sonar/environment/ament_prefix_path.sh
-- Symlinking: /home/namtruong/uuv_sim_home/install/multibeam_sonar_system/share/multibeam_sonar/environment/ament_prefix_path.dsv
-- Symlinking: /home/namtruong/uuv_sim_home/install/multibeam_sonar_system/share/multibeam_sonar/environment/path.sh
-- Symlinking: /home/namtruong/uuv_sim_home/install/multibeam_sonar_system/share/multibeam_sonar/environment/path.dsv
-- Symlinking: /home/namtruong/uuv_sim_home/install/multibeam_sonar_system/share/multibeam_sonar/local_setup.bash
-- Symlinking: /home/namtruong/uuv_sim_home/install/multibeam_sonar_system/share/multibeam_sonar/local_setup.sh
-- Symlinking: /home/namtruong/uuv_sim_home/install/multibeam_sonar_system/share/multibeam_sonar/local_setup.zsh
-- Symlinking: /home/namtruong/uuv_sim_home/install/multibeam_sonar_system/share/multibeam_sonar/local_setup.dsv
-- Symlinking: /home/namtruong/uuv_sim_home/install/multibeam_sonar_system/share/multibeam_sonar/package.dsv
-- Symlinking: /home/namtruong/uuv_sim_home/install/multibeam_sonar_system/share/ament_index/resource_index/packages/multibeam_sonar
-- Symlinking: /home/namtruong/uuv_sim_home/install/multibeam_sonar_system/share/multibeam_sonar/cmake/multibeam_sonarConfig.cmake
-- Symlinking: /home/namtruong/uuv_sim_home/install/multibeam_sonar_system/share/multibeam_sonar/cmake/multibeam_sonarConfig-version.cmake
-- Symlinking: /home/namtruong/uuv_sim_home/install/multibeam_sonar_system/share/multibeam_sonar/package.xml
-- Symlinking: /home/namtruong/uuv_sim_home/install/multibeam_sonar_system/lib/multibeam_sonar_system/libmultibeam_sonar_system.so
-- Symlinking: /home/namtruong/uuv_sim_home/install/multibeam_sonar_system/share/multibeam_sonar_system/environment/multibeam_sonar_system.dsv
-- Up-to-date symlink: /home/namtruong/uuv_sim_home/install/multibeam_sonar_system/share/ament_index/resource_index/package_run_dependencies/multibeam_sonar_system
-- Up-to-date symlink: /home/namtruong/uuv_sim_home/install/multibeam_sonar_system/share/ament_index/resource_index/parent_prefix_path/multibeam_sonar_system
-- Up-to-date symlink: /home/namtruong/uuv_sim_home/install/multibeam_sonar_system/share/multibeam_sonar_system/environment/ament_prefix_path.sh
-- Up-to-date symlink: /home/namtruong/uuv_sim_home/install/multibeam_sonar_system/share/multibeam_sonar_system/environment/ament_prefix_path.dsv
-- Up-to-date symlink: /home/namtruong/uuv_sim_home/install/multibeam_sonar_system/share/multibeam_sonar_system/environment/path.sh
-- Up-to-date symlink: /home/namtruong/uuv_sim_home/install/multibeam_sonar_system/share/multibeam_sonar_system/environment/path.dsv
-- Up-to-date symlink: /home/namtruong/uuv_sim_home/install/multibeam_sonar_system/share/multibeam_sonar_system/local_setup.bash
-- Up-to-date symlink: /home/namtruong/uuv_sim_home/install/multibeam_sonar_system/share/multibeam_sonar_system/local_setup.sh
-- Up-to-date symlink: /home/namtruong/uuv_sim_home/install/multibeam_sonar_system/share/multibeam_sonar_system/local_setup.zsh
-- Up-to-date symlink: /home/namtruong/uuv_sim_home/install/multibeam_sonar_system/share/multibeam_sonar_system/local_setup.dsv
-- Symlinking: /home/namtruong/uuv_sim_home/install/multibeam_sonar_system/share/multibeam_sonar_system/package.dsv
-- Up-to-date symlink: /home/namtruong/uuv_sim_home/install/multibeam_sonar_system/share/ament_index/resource_index/packages/multibeam_sonar_system
-- Up-to-date symlink: /home/namtruong/uuv_sim_home/install/multibeam_sonar_system/share/multibeam_sonar_system/cmake/multibeam_sonar_systemConfig.cmake
-- Up-to-date symlink: /home/namtruong/uuv_sim_home/install/multibeam_sonar_system/share/multibeam_sonar_system/cmake/multibeam_sonar_systemConfig-version.cmake
-- Up-to-date symlink: /home/namtruong/uuv_sim_home/install/multibeam_sonar_system/share/multibeam_sonar_system/package.xml
