[0.028s] Invoking command in '/home/namtruong/uuv_sim_home/build/multibeam_sonar_system': CMAKE_PREFIX_PATH=${CMAKE_PREFIX_PATH}:/home/namtruong/uuv_sim_home/install/uuv_simu:/opt/ros/jazzy DEBUGINFOD_URLS=https://debuginfod.ubuntu.com /usr/bin/cmake --build /home/namtruong/uuv_sim_home/build/multibeam_sonar_system -- -j16 -l16
[0.076s] -- Found ament_cmake: 2.5.6 (/opt/ros/jazzy/share/ament_cmake/cmake)
[0.295s] -- Override CMake install command with custom implementation using symlinks instead of copying resources
[0.379s] -- Found Threads: TRUE  
[0.636s] -- Looking for gz-common5 -- found version 5.8.0
[0.637s] -- Searching for dependencies of gz-common5
[0.637s] -- Looking for gz-utils2 -- found version 2.2.1
[0.637s] -- Searching for dependencies of gz-utils2
[0.638s] -- Looking for dlfcn.h - found
[0.638s] -- Looking for libdl - found
[0.644s] -- Checking for module 'uuid'
[0.666s] --   Found uuid, version 2.39.3
[0.705s] -- Searching for <gz-common5> component [profiler]
[0.705s] -- Looking for gz-common5-profiler -- found version 5.8.0
[0.706s] -- Searching for dependencies of gz-common5-profiler
[0.707s] -- Looking for gz-plugin2 -- found version 2.0.4
[0.707s] -- Searching for dependencies of gz-plugin2
[0.707s] -- Looking for gz-utils2 -- found version 2.2.1
[0.708s] -- Searching for dependencies of gz-utils2
[0.708s] -- Searching for <gz-utils2> component [cli]
[0.708s] -- Looking for gz-utils2-cli -- found version 2.2.1
[0.708s] -- Searching for dependencies of gz-utils2-cli
[0.709s] -- Searching for <gz-plugin2> component [register]
[0.710s] -- Looking for gz-plugin2-register -- found version 2.0.4
[0.710s] -- Searching for dependencies of gz-plugin2-register
[0.711s] -- Looking for gz-rendering8 -- found version 8.2.3
[0.712s] -- Searching for dependencies of gz-rendering8
[0.713s] -- Looking for gz-math7 -- found version 7.6.0
[0.713s] -- Searching for dependencies of gz-math7
[0.714s] -- Looking for gz-utils2 -- found version 2.2.1
[0.715s] -- Searching for <gz-math7> component [eigen3]
[0.716s] -- Looking for gz-math7-eigen3 -- found version 7.6.0
[0.717s] -- Searching for dependencies of gz-math7-eigen3
[0.719s] -- Looking for gz-common5 -- found version 5.8.0
[0.719s] -- Searching for dependencies of gz-common5
[0.720s] -- Looking for gz-utils2 -- found version 2.2.1
[0.720s] -- Looking for dlfcn.h - found
[0.720s] -- Looking for libdl - found
[0.728s] -- Searching for <gz-common5> component [graphics]
[0.728s] -- Looking for gz-common5-graphics -- found version 5.8.0
[0.729s] -- Searching for dependencies of gz-common5-graphics
[0.729s] -- Looking for gz-math7 -- found version 7.6.0
[0.733s] -- Searching for <gz-common5> component [events]
[0.734s] -- Looking for gz-common5-events -- found version 5.8.0
[0.734s] -- Searching for dependencies of gz-common5-events
[0.735s] -- Looking for gz-math7 -- found version 7.6.0
[0.736s] -- Searching for <gz-common5> component [geospatial]
[0.736s] -- Looking for gz-common5-geospatial -- found version 5.8.0
[0.737s] -- Searching for dependencies of gz-common5-geospatial
[0.737s] -- Looking for gz-math7 -- found version 7.6.0
[0.737s] -- Looking for gz-common5 -- found version 5.8.0
[0.739s] -- Looking for gz-plugin2 -- found version 2.0.4
[0.739s] -- Searching for dependencies of gz-plugin2
[0.739s] -- Looking for gz-utils2 -- found version 2.2.1
[0.739s] -- Searching for <gz-plugin2> component [all]
[0.740s] -- Looking for all libraries of gz-plugin2 -- found version 2.0.4
[0.740s] -- Looking for gz-plugin2 -- found version 2.0.4
[0.741s] -- Looking for gz-plugin2-loader -- found version 2.0.4
[0.741s] -- Searching for dependencies of gz-plugin2-loader
[0.743s] -- Looking for gz-utils2 -- found version 2.2.1
[0.749s] -- Searching for <gz-rendering8> component [ogre]
[0.750s] -- Looking for gz-rendering8-ogre -- found version 8.2.3
[0.751s] -- Searching for dependencies of gz-rendering8-ogre
[0.753s] -- Searching for <gz-rendering8> component [ogre2]
[0.754s] -- Looking for gz-rendering8-ogre2 -- found version 8.2.3
[0.754s] -- Searching for dependencies of gz-rendering8-ogre2
[0.759s] -- Looking for gz-sim8 -- found version 8.11.0
[0.759s] -- Searching for dependencies of gz-sim8
[0.760s] -- Looking for sdformat14 -- found version 14.9.0
[0.760s] -- Searching for dependencies of sdformat14
[0.766s] -- Checking for module 'tinyxml2'
[0.784s] --   Found tinyxml2, version 10.0.0
[0.822s] -- Looking for gz-math7 -- found version 7.6.0
[0.822s] -- Looking for gz-utils2 -- found version 2.2.1
[0.824s] -- Looking for gz-plugin2 -- found version 2.0.4
[0.825s] -- Looking for gz-transport13 -- found version 13.5.0
[0.825s] -- Searching for dependencies of gz-transport13
[0.869s] -- Config-file not installed for ZeroMQ -- checking for pkg-config
[0.875s] -- Checking for module 'libzmq >= 4'
[0.895s] --   Found libzmq, version 4.3.5
[0.957s] -- Looking for gz-utils2 -- found version 2.2.1
[0.959s] -- Looking for gz-msgs10 -- found version 10.3.2
[0.959s] -- Searching for dependencies of gz-msgs10
[0.982s] -- Looking for gz-utils2 -- found version 2.2.1
[0.982s] -- Looking for gz-math7 -- found version 7.6.0
[0.992s] -- Searching for <gz-transport13> component [log]
[0.992s] -- Looking for gz-transport13-log -- found version 13.5.0
[0.993s] -- Searching for dependencies of gz-transport13-log
[0.993s] -- Searching for <gz-transport13> component [parameters]
[0.994s] -- Looking for gz-transport13-parameters -- found version 13.5.0
[0.995s] -- Searching for dependencies of gz-transport13-parameters
[0.995s] -- Looking for gz-msgs10 -- found version 10.3.2
[0.996s] -- Looking for gz-common5 -- found version 5.8.0
[0.996s] -- Searching for dependencies of gz-common5
[0.996s] -- Looking for gz-utils2 -- found version 2.2.1
[0.997s] -- Looking for dlfcn.h - found
[0.997s] -- Looking for libdl - found
[1.005s] -- Searching for <gz-common5> component [av]
[1.006s] -- Looking for gz-common5-av -- found version 5.8.0
[1.006s] -- Searching for dependencies of gz-common5-av
[1.012s] -- Checking for module 'libswscale'
[1.032s] --   Found libswscale, version 7.5.100
[1.086s] -- Checking for module 'libavdevice >= 56.4.100'
[1.107s] --   Found libavdevice, version 60.3.100
[1.172s] -- Checking for module 'libavformat'
[1.190s] --   Found libavformat, version 60.16.100
[1.243s] -- Checking for module 'libavcodec'
[1.262s] --   Found libavcodec, version 60.31.102
[1.310s] -- Checking for module 'libavutil'
[1.329s] --   Found libavutil, version 58.29.100
[1.369s] -- Searching for <gz-common5> component [events]
[1.369s] -- Searching for <gz-common5> component [graphics]
[1.369s] -- Searching for <gz-common5> component [io]
[1.370s] -- Looking for gz-common5-io -- found version 5.8.0
[1.370s] -- Searching for dependencies of gz-common5-io
[1.371s] -- Searching for <gz-common5> component [profiler]
[1.372s] -- Looking for gz-fuel_tools9 -- found version 9.1.1
[1.372s] -- Searching for dependencies of gz-fuel_tools9
[1.419s] -- Checking for module 'jsoncpp'
[1.438s] --   Found jsoncpp, version 1.9.5
[1.497s] -- Checking for module 'yaml-0.1'
[1.516s] --   Found yaml-0.1, version 0.2.5
[1.560s] -- Checking for module 'libzip'
[1.579s] --   Found libzip, version 1.7.3
[1.620s] -- Looking for gz-utils2 -- found version 2.2.1
[1.620s] -- Looking for gz-common5 -- found version 5.8.0
[1.620s] -- Searching for dependencies of gz-common5
[1.620s] -- Looking for gz-utils2 -- found version 2.2.1
[1.621s] -- Looking for dlfcn.h - found
[1.621s] -- Looking for libdl - found
[1.629s] -- Searching for <gz-common5> component [testing]
[1.630s] -- Looking for gz-common5-testing -- found version 5.8.0
[1.630s] -- Searching for dependencies of gz-common5-testing
[1.631s] -- Looking for gz-math7 -- found version 7.6.0
[1.632s] -- Looking for gz-msgs10 -- found version 10.3.2
[1.634s] -- Looking for gz-gui8 -- found version 8.4.0
[1.634s] -- Searching for dependencies of gz-gui8
[1.664s] -- Looking for gz-utils2 -- found version 2.2.1
[1.664s] -- Looking for gz-math7 -- found version 7.6.0
[1.665s] -- Looking for gz-common5 -- found version 5.8.0
[1.665s] -- Looking for gz-plugin2 -- found version 2.0.4
[1.666s] -- Looking for gz-transport13 -- found version 13.5.0
[1.666s] -- Looking for gz-rendering8 -- found version 8.2.3
[1.666s] -- Looking for gz-msgs10 -- found version 10.3.2
[1.703s] -- Looking for gz-physics7 -- found version 7.6.0
[1.703s] -- Searching for dependencies of gz-physics7
[1.703s] -- Looking for gz-common5 -- found version 5.8.0
[1.704s] -- Looking for gz-math7 -- found version 7.6.0
[1.704s] -- Looking for gz-plugin2 -- found version 2.0.4
[1.705s] -- Looking for gz-utils2 -- found version 2.2.1
[1.707s] -- Searching for <gz-physics7> component [heightmap]
[1.708s] -- Looking for gz-physics7-heightmap -- found version 7.6.0
[1.708s] -- Searching for dependencies of gz-physics7-heightmap
[1.709s] -- Looking for gz-common5 -- found version 5.8.0
[1.709s] -- Searching for <gz-physics7> component [mesh]
[1.710s] -- Looking for gz-physics7-mesh -- found version 7.6.0
[1.710s] -- Searching for dependencies of gz-physics7-mesh
[1.711s] -- Looking for gz-common5 -- found version 5.8.0
[1.712s] -- Searching for <gz-physics7> component [sdf]
[1.712s] -- Looking for gz-physics7-sdf -- found version 7.6.0
[1.713s] -- Searching for dependencies of gz-physics7-sdf
[1.713s] -- Looking for sdformat14 -- found version 14.9.0
[1.715s] -- Looking for gz-sensors8 -- found version 8.2.2
[1.715s] -- Searching for dependencies of gz-sensors8
[1.739s] -- Looking for gz-math7 -- found version 7.6.0
[1.739s] -- Looking for gz-common5 -- found version 5.8.0
[1.740s] -- Looking for gz-transport13 -- found version 13.5.0
[1.740s] -- Looking for gz-rendering8 -- found version 8.2.3
[1.741s] -- Looking for gz-msgs10 -- found version 10.3.2
[1.741s] -- Looking for sdformat14 -- found version 14.9.0
[1.742s] -- Searching for <gz-sensors8> component [air_pressure]
[1.743s] -- Looking for gz-sensors8-air_pressure -- found version 8.2.2
[1.743s] -- Searching for dependencies of gz-sensors8-air_pressure
[1.744s] -- Searching for <gz-sensors8> component [air_speed]
[1.744s] -- Looking for gz-sensors8-air_speed -- found version 8.2.2
[1.744s] -- Searching for dependencies of gz-sensors8-air_speed
[1.745s] -- Searching for <gz-sensors8> component [altimeter]
[1.746s] -- Looking for gz-sensors8-altimeter -- found version 8.2.2
[1.746s] -- Searching for dependencies of gz-sensors8-altimeter
[1.746s] -- Searching for <gz-sensors8> component [imu]
[1.748s] -- Looking for gz-sensors8-imu -- found version 8.2.2
[1.748s] -- Searching for dependencies of gz-sensors8-imu
[1.749s] -- Searching for <gz-sensors8> component [force_torque]
[1.750s] -- Looking for gz-sensors8-force_torque -- found version 8.2.2
[1.750s] -- Searching for dependencies of gz-sensors8-force_torque
[1.751s] -- Searching for <gz-sensors8> component [logical_camera]
[1.752s] -- Looking for gz-sensors8-logical_camera -- found version 8.2.2
[1.752s] -- Searching for dependencies of gz-sensors8-logical_camera
[1.753s] -- Searching for <gz-sensors8> component [magnetometer]
[1.753s] -- Looking for gz-sensors8-magnetometer -- found version 8.2.2
[1.754s] -- Searching for dependencies of gz-sensors8-magnetometer
[1.755s] -- Searching for <gz-sensors8> component [navsat]
[1.756s] -- Looking for gz-sensors8-navsat -- found version 8.2.2
[1.756s] -- Searching for dependencies of gz-sensors8-navsat
[1.757s] -- Searching for <gz-sensors8> component [dvl]
[1.758s] -- Looking for gz-sensors8-dvl -- found version 8.2.2
[1.758s] -- Searching for dependencies of gz-sensors8-dvl
[1.759s] -- Looking for gz-sensors8 -- found version 8.2.2
[1.759s] -- Searching for dependencies of gz-sensors8
[1.782s] -- Looking for gz-math7 -- found version 7.6.0
[1.782s] -- Looking for gz-common5 -- found version 5.8.0
[1.783s] -- Looking for gz-transport13 -- found version 13.5.0
[1.783s] -- Looking for gz-rendering8 -- found version 8.2.3
[1.783s] -- Looking for gz-msgs10 -- found version 10.3.2
[1.784s] -- Looking for sdformat14 -- found version 14.9.0
[1.784s] -- Searching for <gz-sensors8> component [rendering]
[1.785s] -- Looking for gz-sensors8-rendering -- found version 8.2.2
[1.785s] -- Searching for dependencies of gz-sensors8-rendering
[1.787s] -- Searching for <gz-sensors8> component [rendering]
[1.787s] -- Searching for <gz-sensors8> component [lidar]
[1.788s] -- Looking for gz-sensors8-lidar -- found version 8.2.2
[1.788s] -- Searching for dependencies of gz-sensors8-lidar
[1.789s] -- Looking for gz-sensors8 -- found version 8.2.2
[1.790s] -- Searching for <gz-sensors8> component [gpu_lidar]
[1.790s] -- Looking for gz-sensors8-gpu_lidar -- found version 8.2.2
[1.791s] -- Searching for dependencies of gz-sensors8-gpu_lidar
[1.791s] -- Looking for gz-sensors8 -- found version 8.2.2
[1.792s] -- Searching for <gz-sensors8> component [camera]
[1.793s] -- Looking for gz-sensors8-camera -- found version 8.2.2
[1.793s] -- Searching for dependencies of gz-sensors8-camera
[1.793s] -- Looking for gz-sensors8 -- found version 8.2.2
[1.794s] -- Searching for <gz-sensors8> component [boundingbox_camera]
[1.794s] -- Looking for gz-sensors8-boundingbox_camera -- found version 8.2.2
[1.795s] -- Searching for dependencies of gz-sensors8-boundingbox_camera
[1.795s] -- Searching for <gz-sensors8> component [segmentation_camera]
[1.797s] -- Looking for gz-sensors8-segmentation_camera -- found version 8.2.2
[1.797s] -- Searching for dependencies of gz-sensors8-segmentation_camera
[1.798s] -- Searching for <gz-sensors8> component [depth_camera]
[1.799s] -- Looking for gz-sensors8-depth_camera -- found version 8.2.2
[1.799s] -- Searching for dependencies of gz-sensors8-depth_camera
[1.799s] -- Looking for gz-sensors8 -- found version 8.2.2
[1.800s] -- Searching for <gz-sensors8> component [rgbd_camera]
[1.801s] -- Looking for gz-sensors8-rgbd_camera -- found version 8.2.2
[1.802s] -- Searching for dependencies of gz-sensors8-rgbd_camera
[1.802s] -- Looking for gz-sensors8 -- found version 8.2.2
[1.802s] -- Searching for <gz-sensors8> component [thermal_camera]
[1.804s] -- Looking for gz-sensors8-thermal_camera -- found version 8.2.2
[1.804s] -- Searching for dependencies of gz-sensors8-thermal_camera
[1.804s] -- Looking for gz-sensors8 -- found version 8.2.2
[1.805s] -- Searching for <gz-sensors8> component [wide_angle_camera]
[1.805s] -- Looking for gz-sensors8-wide_angle_camera -- found version 8.2.2
[1.806s] -- Searching for dependencies of gz-sensors8-wide_angle_camera
[1.807s] -- Looking for gz-rendering8 -- found version 8.2.3
[1.807s] -- Looking for gz-math7 -- found version 7.6.0
[1.807s] -- Looking for gz-utils2 -- found version 2.2.1
[1.831s] -- Looking for gz-sensors8 -- found version 8.2.2
[2.908s] -- The CUDA compiler identification is NVIDIA 12.0.140
[2.916s] -- Detecting CUDA compiler ABI info
[3.839s] -- Detecting CUDA compiler ABI info - done
[3.864s] -- Check for working CUDA compiler: /usr/bin/nvcc - skipped
[3.872s] -- Detecting CUDA compile features
[3.872s] -- Detecting CUDA compile features - done
[3.904s] -- Found CUDA: /usr (found version "12.0") 
[3.904s] -- CUDA found, enabling CUDA support.
[3.905s] -- Looking for gz-sim8 -- found version 8.11.0
[3.906s] -- Looking for gz-sensors8 -- found version 8.2.2
[3.906s] -- Looking for gz-rendering8 -- found version 8.2.3
[3.906s] -- Looking for gz-transport13 -- found version 13.5.0
[3.906s] -- Found rclcpp: 28.1.21 (/opt/ros/jazzy/share/rclcpp/cmake)
[3.927s] -- Found rosidl_generator_c: 4.6.9 (/opt/ros/jazzy/share/rosidl_generator_c/cmake)
[3.937s] -- Found rosidl_generator_cpp: 4.6.9 (/opt/ros/jazzy/share/rosidl_generator_cpp/cmake)
[3.948s] -- Using all available rosidl_typesupport_c: rosidl_typesupport_fastrtps_c;rosidl_typesupport_introspection_c
[3.962s] -- Using all available rosidl_typesupport_cpp: rosidl_typesupport_fastrtps_cpp;rosidl_typesupport_introspection_cpp
[4.023s] -- Found rmw_implementation_cmake: 7.3.3 (/opt/ros/jazzy/share/rmw_implementation_cmake/cmake)
[4.024s] -- Found rmw_fastrtps_cpp: 8.4.4 (/opt/ros/jazzy/share/rmw_fastrtps_cpp/cmake)
[4.095s] -- Using RMW implementation 'rmw_fastrtps_cpp' as default
[4.165s] -- Found sensor_msgs: 5.3.8 (/opt/ros/jazzy/share/sensor_msgs/cmake)
[4.225s] -- Found rosidl_default_generators: 1.6.1 (/opt/ros/jazzy/share/rosidl_default_generators/cmake)
[4.241s] -- Found rosidl_adapter: 4.6.9 (/opt/ros/jazzy/share/rosidl_adapter/cmake)
[4.251s] -- Found marine_acoustic_msgs: 2.1.0 (/opt/ros/jazzy/share/marine_acoustic_msgs/cmake)
[4.271s] -- Found cv_bridge: 4.1.0 (/opt/ros/jazzy/share/cv_bridge/cmake)
[4.466s] -- Configuring done (4.4s)
[4.546s] -- Generating done (0.1s)
[4.555s] -- Build files have been written to: /home/namtruong/uuv_sim_home/build/multibeam_sonar_system
[4.614s] [ 16%] [32mBuilding CUDA object multibeam_sonar/CMakeFiles/multibeam_sonar.dir/sonar_calculation_cuda.cu.o[0m
[4.614s] [ 33%] [32mBuilding CXX object multibeam_sonar/CMakeFiles/multibeam_sonar.dir/MultibeamSonarSensor.cc.o[0m
[16.548s] [ 50%] [32m[1mLinking CUDA device code CMakeFiles/multibeam_sonar.dir/cmake_device_link.o[0m
[16.573s] nvlink warning : Skipping incompatible '/usr/lib/x86_64-linux-gnu/libdl.a' when searching for -ldl
[16.573s] nvlink warning : Skipping incompatible '/usr/lib/x86_64-linux-gnu/libpthread.a' when searching for -lpthread
[16.574s] nvlink warning : Skipping incompatible '/usr/lib/x86_64-linux-gnu/librt.a' when searching for -lrt
[16.629s] [ 66%] [32m[1mLinking CXX shared library libmultibeam_sonar.so[0m
[17.410s] [ 66%] Built target multibeam_sonar
[17.434s] [ 83%] [32mBuilding CXX object CMakeFiles/multibeam_sonar_system.dir/MultibeamSonarSystem.cc.o[0m
[27.148s] [100%] [32m[1mLinking CXX shared library libmultibeam_sonar_system.so[0m
[27.869s] [100%] Built target multibeam_sonar_system
[27.883s] Invoked command in '/home/namtruong/uuv_sim_home/build/multibeam_sonar_system' returned '0': CMAKE_PREFIX_PATH=${CMAKE_PREFIX_PATH}:/home/namtruong/uuv_sim_home/install/uuv_simu:/opt/ros/jazzy DEBUGINFOD_URLS=https://debuginfod.ubuntu.com /usr/bin/cmake --build /home/namtruong/uuv_sim_home/build/multibeam_sonar_system -- -j16 -l16
[27.884s] Invoking command in '/home/namtruong/uuv_sim_home/build/multibeam_sonar_system': CMAKE_PREFIX_PATH=${CMAKE_PREFIX_PATH}:/home/namtruong/uuv_sim_home/install/uuv_simu:/opt/ros/jazzy DEBUGINFOD_URLS=https://debuginfod.ubuntu.com /usr/bin/cmake --install /home/namtruong/uuv_sim_home/build/multibeam_sonar_system
[27.895s] -- Install configuration: ""
[27.895s] -- Execute custom install script
[27.895s] -- Symlinking: /home/namtruong/uuv_sim_home/install/multibeam_sonar_system/lib/multibeam_sonar/libmultibeam_sonar.so
[27.907s] -- Symlinking: /home/namtruong/uuv_sim_home/install/multibeam_sonar_system/share/multibeam_sonar/environment/multibeam_sonar.dsv
[27.919s] -- Symlinking: /home/namtruong/uuv_sim_home/install/multibeam_sonar_system/share/ament_index/resource_index/package_run_dependencies/multibeam_sonar
[27.929s] -- Symlinking: /home/namtruong/uuv_sim_home/install/multibeam_sonar_system/share/ament_index/resource_index/parent_prefix_path/multibeam_sonar
[27.941s] -- Symlinking: /home/namtruong/uuv_sim_home/install/multibeam_sonar_system/share/multibeam_sonar/environment/ament_prefix_path.sh
[27.952s] -- Symlinking: /home/namtruong/uuv_sim_home/install/multibeam_sonar_system/share/multibeam_sonar/environment/ament_prefix_path.dsv
[27.963s] -- Symlinking: /home/namtruong/uuv_sim_home/install/multibeam_sonar_system/share/multibeam_sonar/environment/path.sh
[27.974s] -- Symlinking: /home/namtruong/uuv_sim_home/install/multibeam_sonar_system/share/multibeam_sonar/environment/path.dsv
[27.985s] -- Symlinking: /home/namtruong/uuv_sim_home/install/multibeam_sonar_system/share/multibeam_sonar/local_setup.bash
[27.996s] -- Symlinking: /home/namtruong/uuv_sim_home/install/multibeam_sonar_system/share/multibeam_sonar/local_setup.sh
[28.007s] -- Symlinking: /home/namtruong/uuv_sim_home/install/multibeam_sonar_system/share/multibeam_sonar/local_setup.zsh
[28.018s] -- Symlinking: /home/namtruong/uuv_sim_home/install/multibeam_sonar_system/share/multibeam_sonar/local_setup.dsv
[28.029s] -- Symlinking: /home/namtruong/uuv_sim_home/install/multibeam_sonar_system/share/multibeam_sonar/package.dsv
[28.040s] -- Symlinking: /home/namtruong/uuv_sim_home/install/multibeam_sonar_system/share/ament_index/resource_index/packages/multibeam_sonar
[28.051s] -- Symlinking: /home/namtruong/uuv_sim_home/install/multibeam_sonar_system/share/multibeam_sonar/cmake/multibeam_sonarConfig.cmake
[28.061s] -- Symlinking: /home/namtruong/uuv_sim_home/install/multibeam_sonar_system/share/multibeam_sonar/cmake/multibeam_sonarConfig-version.cmake
[28.072s] -- Symlinking: /home/namtruong/uuv_sim_home/install/multibeam_sonar_system/share/multibeam_sonar/package.xml
[28.084s] -- Symlinking: /home/namtruong/uuv_sim_home/install/multibeam_sonar_system/lib/multibeam_sonar_system/libmultibeam_sonar_system.so
[28.096s] -- Symlinking: /home/namtruong/uuv_sim_home/install/multibeam_sonar_system/share/multibeam_sonar_system/environment/multibeam_sonar_system.dsv
[28.109s] -- Up-to-date symlink: /home/namtruong/uuv_sim_home/install/multibeam_sonar_system/share/ament_index/resource_index/package_run_dependencies/multibeam_sonar_system
[28.109s] -- Up-to-date symlink: /home/namtruong/uuv_sim_home/install/multibeam_sonar_system/share/ament_index/resource_index/parent_prefix_path/multibeam_sonar_system
[28.109s] -- Up-to-date symlink: /home/namtruong/uuv_sim_home/install/multibeam_sonar_system/share/multibeam_sonar_system/environment/ament_prefix_path.sh
[28.109s] -- Up-to-date symlink: /home/namtruong/uuv_sim_home/install/multibeam_sonar_system/share/multibeam_sonar_system/environment/ament_prefix_path.dsv
[28.110s] -- Up-to-date symlink: /home/namtruong/uuv_sim_home/install/multibeam_sonar_system/share/multibeam_sonar_system/environment/path.sh
[28.110s] -- Up-to-date symlink: /home/namtruong/uuv_sim_home/install/multibeam_sonar_system/share/multibeam_sonar_system/environment/path.dsv
[28.110s] -- Up-to-date symlink: /home/namtruong/uuv_sim_home/install/multibeam_sonar_system/share/multibeam_sonar_system/local_setup.bash
[28.110s] -- Up-to-date symlink: /home/namtruong/uuv_sim_home/install/multibeam_sonar_system/share/multibeam_sonar_system/local_setup.sh
[28.110s] -- Up-to-date symlink: /home/namtruong/uuv_sim_home/install/multibeam_sonar_system/share/multibeam_sonar_system/local_setup.zsh
[28.110s] -- Up-to-date symlink: /home/namtruong/uuv_sim_home/install/multibeam_sonar_system/share/multibeam_sonar_system/local_setup.dsv
[28.110s] -- Symlinking: /home/namtruong/uuv_sim_home/install/multibeam_sonar_system/share/multibeam_sonar_system/package.dsv
[28.122s] -- Up-to-date symlink: /home/namtruong/uuv_sim_home/install/multibeam_sonar_system/share/ament_index/resource_index/packages/multibeam_sonar_system
[28.122s] -- Up-to-date symlink: /home/namtruong/uuv_sim_home/install/multibeam_sonar_system/share/multibeam_sonar_system/cmake/multibeam_sonar_systemConfig.cmake
[28.122s] -- Up-to-date symlink: /home/namtruong/uuv_sim_home/install/multibeam_sonar_system/share/multibeam_sonar_system/cmake/multibeam_sonar_systemConfig-version.cmake
[28.122s] -- Up-to-date symlink: /home/namtruong/uuv_sim_home/install/multibeam_sonar_system/share/multibeam_sonar_system/package.xml
[28.125s] Invoked command in '/home/namtruong/uuv_sim_home/build/multibeam_sonar_system' returned '0': CMAKE_PREFIX_PATH=${CMAKE_PREFIX_PATH}:/home/namtruong/uuv_sim_home/install/uuv_simu:/opt/ros/jazzy DEBUGINFOD_URLS=https://debuginfod.ubuntu.com /usr/bin/cmake --install /home/namtruong/uuv_sim_home/build/multibeam_sonar_system
