[0.020s] Invoking command in '/home/namtruong/uuv_sim_home/build/dave_multibeam_sonar_demo': CMAKE_PREFIX_PATH=${CMAKE_PREFIX_PATH}:/home/namtruong/uuv_sim_home/install/uuv_simu:/opt/ros/jazzy DEBUGINFOD_URLS=https://debuginfod.ubuntu.com /usr/bin/cmake --build /home/namtruong/uuv_sim_home/build/dave_multibeam_sonar_demo -- -j16 -l16
[0.055s] Invoked command in '/home/namtruong/uuv_sim_home/build/dave_multibeam_sonar_demo' returned '0': CMAKE_PREFIX_PATH=${CMAKE_PREFIX_PATH}:/home/namtruong/uuv_sim_home/install/uuv_simu:/opt/ros/jazzy DEBUGINFOD_URLS=https://debuginfod.ubuntu.com /usr/bin/cmake --build /home/namtruong/uuv_sim_home/build/dave_multibeam_sonar_demo -- -j16 -l16
[0.065s] Invoking command in '/home/namtruong/uuv_sim_home/build/dave_multibeam_sonar_demo': CMAKE_PREFIX_PATH=${CMAKE_PREFIX_PATH}:/home/namtruong/uuv_sim_home/install/uuv_simu:/opt/ros/jazzy DEBUGINFOD_URLS=https://debuginfod.ubuntu.com /usr/bin/cmake --install /home/namtruong/uuv_sim_home/build/dave_multibeam_sonar_demo
[0.073s] -- Install configuration: ""
[0.074s] -- Execute custom install script
[0.074s] -- Up-to-date symlink: /home/namtruong/uuv_sim_home/install/dave_multibeam_sonar_demo/share/dave_multibeam_sonar_demo/launch/multibeam_sonar_demo.launch.py
[0.074s] -- Up-to-date symlink: /home/namtruong/uuv_sim_home/install/dave_multibeam_sonar_demo/share/dave_multibeam_sonar_demo/rviz/multibeam_sonar.rviz
[0.075s] -- Up-to-date symlink: /home/namtruong/uuv_sim_home/install/dave_multibeam_sonar_demo/share/dave_multibeam_sonar_demo/environment/dave_multibeam_sonar_demo.dsv
[0.075s] -- Up-to-date symlink: /home/namtruong/uuv_sim_home/install/dave_multibeam_sonar_demo/share/ament_index/resource_index/package_run_dependencies/dave_multibeam_sonar_demo
[0.075s] -- Up-to-date symlink: /home/namtruong/uuv_sim_home/install/dave_multibeam_sonar_demo/share/ament_index/resource_index/parent_prefix_path/dave_multibeam_sonar_demo
[0.076s] -- Up-to-date symlink: /home/namtruong/uuv_sim_home/install/dave_multibeam_sonar_demo/share/dave_multibeam_sonar_demo/environment/ament_prefix_path.sh
[0.076s] -- Up-to-date symlink: /home/namtruong/uuv_sim_home/install/dave_multibeam_sonar_demo/share/dave_multibeam_sonar_demo/environment/ament_prefix_path.dsv
[0.076s] -- Up-to-date symlink: /home/namtruong/uuv_sim_home/install/dave_multibeam_sonar_demo/share/dave_multibeam_sonar_demo/environment/path.sh
[0.077s] -- Up-to-date symlink: /home/namtruong/uuv_sim_home/install/dave_multibeam_sonar_demo/share/dave_multibeam_sonar_demo/environment/path.dsv
[0.077s] -- Up-to-date symlink: /home/namtruong/uuv_sim_home/install/dave_multibeam_sonar_demo/share/dave_multibeam_sonar_demo/local_setup.bash
[0.077s] -- Up-to-date symlink: /home/namtruong/uuv_sim_home/install/dave_multibeam_sonar_demo/share/dave_multibeam_sonar_demo/local_setup.sh
[0.078s] -- Up-to-date symlink: /home/namtruong/uuv_sim_home/install/dave_multibeam_sonar_demo/share/dave_multibeam_sonar_demo/local_setup.zsh
[0.078s] -- Up-to-date symlink: /home/namtruong/uuv_sim_home/install/dave_multibeam_sonar_demo/share/dave_multibeam_sonar_demo/local_setup.dsv
[0.078s] -- Symlinking: /home/namtruong/uuv_sim_home/install/dave_multibeam_sonar_demo/share/dave_multibeam_sonar_demo/package.dsv
[0.087s] -- Up-to-date symlink: /home/namtruong/uuv_sim_home/install/dave_multibeam_sonar_demo/share/ament_index/resource_index/packages/dave_multibeam_sonar_demo
[0.088s] -- Up-to-date symlink: /home/namtruong/uuv_sim_home/install/dave_multibeam_sonar_demo/share/dave_multibeam_sonar_demo/cmake/dave_multibeam_sonar_demoConfig.cmake
[0.088s] -- Up-to-date symlink: /home/namtruong/uuv_sim_home/install/dave_multibeam_sonar_demo/share/dave_multibeam_sonar_demo/cmake/dave_multibeam_sonar_demoConfig-version.cmake
[0.088s] -- Up-to-date symlink: /home/namtruong/uuv_sim_home/install/dave_multibeam_sonar_demo/share/dave_multibeam_sonar_demo/package.xml
[0.105s] Invoked command in '/home/namtruong/uuv_sim_home/build/dave_multibeam_sonar_demo' returned '0': CMAKE_PREFIX_PATH=${CMAKE_PREFIX_PATH}:/home/namtruong/uuv_sim_home/install/uuv_simu:/opt/ros/jazzy DEBUGINFOD_URLS=https://debuginfod.ubuntu.com /usr/bin/cmake --install /home/namtruong/uuv_sim_home/build/dave_multibeam_sonar_demo
