[0.018s] Invoking command in '/home/namtruong/uuv_sim_home/build/multibeam_sonar_system': CMAKE_PREFIX_PATH=${CMAKE_PREFIX_PATH}:/opt/ros/jazzy DEBUGINFOD_URLS=https://debuginfod.ubuntu.com /usr/bin/cmake --build /home/namtruong/uuv_sim_home/build/multibeam_sonar_system -- -j16 -l16
[0.048s] -- Found ament_cmake: 2.5.6 (/opt/ros/jazzy/share/ament_cmake/cmake)
[0.302s] -- Override CMake install command with custom implementation using symlinks instead of copying resources
[0.321s] -- Looking for gz-common5 -- found version 5.8.0
[0.322s] -- Searching for dependencies of gz-common5
[0.324s] -- Looking for gz-utils2 -- found version 2.2.1
[0.324s] -- Searching for dependencies of gz-utils2
[0.325s] -- Looking for dlfcn.h - found
[0.334s] -- Looking for libdl - found
[0.335s] -- Found DL: TRUE  
[0.341s] -- Checking for module 'uuid'
[0.358s] --   Found uuid, version 2.39.3
[0.398s] -- Found UUID: TRUE  
[0.399s] -- Searching for <gz-common5> component [profiler]
[0.401s] -- Looking for gz-common5-profiler -- found version 5.8.0
[0.401s] -- Searching for dependencies of gz-common5-profiler
[0.404s] -- Looking for gz-plugin2 -- found version 2.0.4
[0.404s] -- Searching for dependencies of gz-plugin2
[0.405s] -- Looking for gz-utils2 -- found version 2.2.1
[0.405s] -- Searching for dependencies of gz-utils2
[0.405s] -- Searching for <gz-utils2> component [cli]
[0.408s] -- Looking for gz-utils2-cli -- found version 2.2.1
[0.408s] -- Searching for dependencies of gz-utils2-cli
[0.409s] -- Searching for <gz-plugin2> component [register]
[0.411s] -- Looking for gz-plugin2-register -- found version 2.0.4
[0.411s] -- Searching for dependencies of gz-plugin2-register
[0.414s] -- Looking for gz-rendering8 -- found version 8.2.3
[0.414s] -- Searching for dependencies of gz-rendering8
[0.416s] -- Looking for gz-math7 -- found version 7.6.0
[0.417s] -- Searching for dependencies of gz-math7
[0.417s] -- Looking for gz-utils2 -- found version 2.2.1
[0.418s] -- Searching for <gz-math7> component [eigen3]
[0.420s] -- Looking for gz-math7-eigen3 -- found version 7.6.0
[0.421s] -- Searching for dependencies of gz-math7-eigen3
[0.432s] -- Looking for gz-common5 -- found version 5.8.0
[0.432s] -- Searching for dependencies of gz-common5
[0.432s] -- Looking for gz-utils2 -- found version 2.2.1
[0.432s] -- Looking for dlfcn.h - found
[0.432s] -- Looking for libdl - found
[0.440s] -- Searching for <gz-common5> component [graphics]
[0.442s] -- Looking for gz-common5-graphics -- found version 5.8.0
[0.443s] -- Searching for dependencies of gz-common5-graphics
[0.443s] -- Looking for gz-math7 -- found version 7.6.0
[0.450s] -- Found GzAssimp: TRUE (found version "5.3.0") 
[0.450s] -- Searching for <gz-common5> component [events]
[0.453s] -- Looking for gz-common5-events -- found version 5.8.0
[0.453s] -- Searching for dependencies of gz-common5-events
[0.453s] -- Looking for gz-math7 -- found version 7.6.0
[0.454s] -- Searching for <gz-common5> component [geospatial]
[0.457s] -- Looking for gz-common5-geospatial -- found version 5.8.0
[0.457s] -- Searching for dependencies of gz-common5-geospatial
[0.457s] -- Looking for gz-math7 -- found version 7.6.0
[0.458s] -- Looking for gz-common5 -- found version 5.8.0
[0.459s] -- Looking for gz-plugin2 -- found version 2.0.4
[0.459s] -- Searching for dependencies of gz-plugin2
[0.460s] -- Looking for gz-utils2 -- found version 2.2.1
[0.460s] -- Searching for <gz-plugin2> component [all]
[0.462s] -- Looking for all libraries of gz-plugin2 -- found version 2.0.4
[0.462s] -- Looking for gz-plugin2 -- found version 2.0.4
[0.464s] -- Looking for gz-plugin2-loader -- found version 2.0.4
[0.465s] -- Searching for dependencies of gz-plugin2-loader
[0.466s] -- Looking for gz-utils2 -- found version 2.2.1
[0.486s] -- Found OpenGL: /usr/lib/x86_64-linux-gnu/libOpenGL.so  found components: OpenGL 
[0.487s] -- Searching for <gz-rendering8> component [ogre]
[0.489s] -- Looking for gz-rendering8-ogre -- found version 8.2.3
[0.490s] -- Searching for dependencies of gz-rendering8-ogre
[0.492s] -- Searching for <gz-rendering8> component [ogre2]
[0.494s] -- Looking for gz-rendering8-ogre2 -- found version 8.2.3
[0.494s] -- Searching for dependencies of gz-rendering8-ogre2
[0.499s] -- Looking for gz-sim8 -- found version 8.11.0
[0.499s] -- Searching for dependencies of gz-sim8
[0.500s] -- Looking for sdformat14 -- found version 14.9.0
[0.501s] -- Searching for dependencies of sdformat14
[0.507s] -- Checking for module 'tinyxml2'
[0.526s] --   Found tinyxml2, version 10.0.0
[0.570s] -- Looking for gz-math7 -- found version 7.6.0
[0.571s] -- Looking for gz-utils2 -- found version 2.2.1
[0.572s] -- Looking for gz-plugin2 -- found version 2.0.4
[0.574s] -- Looking for gz-transport13 -- found version 13.5.0
[0.574s] -- Searching for dependencies of gz-transport13
[0.720s] -- Found Protobuf: /usr/lib/x86_64-linux-gnu/libprotobuf.so (found version "3.21.12") 
[0.735s] -- Config-file not installed for ZeroMQ -- checking for pkg-config
[0.741s] -- Checking for module 'libzmq >= 4'
[0.760s] --   Found libzmq, version 4.3.5
[0.815s] -- Found ZeroMQ: TRUE (Required is at least version "4") 
[0.824s] -- Looking for gz-utils2 -- found version 2.2.1
[0.826s] -- Looking for gz-msgs10 -- found version 10.3.2
[0.827s] -- Searching for dependencies of gz-msgs10
[0.850s] -- Looking for gz-utils2 -- found version 2.2.1
[0.850s] -- Looking for gz-math7 -- found version 7.6.0
[0.859s] -- Searching for <gz-transport13> component [log]
[0.861s] -- Looking for gz-transport13-log -- found version 13.5.0
[0.861s] -- Searching for dependencies of gz-transport13-log
[0.861s] -- Searching for <gz-transport13> component [parameters]
[0.863s] -- Looking for gz-transport13-parameters -- found version 13.5.0
[0.863s] -- Searching for dependencies of gz-transport13-parameters
[0.864s] -- Looking for gz-msgs10 -- found version 10.3.2
[0.864s] -- Looking for gz-common5 -- found version 5.8.0
[0.865s] -- Searching for dependencies of gz-common5
[0.865s] -- Looking for gz-utils2 -- found version 2.2.1
[0.865s] -- Looking for dlfcn.h - found
[0.865s] -- Looking for libdl - found
[0.874s] -- Searching for <gz-common5> component [av]
[0.877s] -- Looking for gz-common5-av -- found version 5.8.0
[0.877s] -- Searching for dependencies of gz-common5-av
[0.883s] -- Checking for module 'libswscale'
[0.902s] --   Found libswscale, version 7.5.100
[0.950s] -- Found SWSCALE: TRUE  
[0.956s] -- Checking for module 'libavdevice >= 56.4.100'
[0.975s] --   Found libavdevice, version 60.3.100
[1.036s] -- Found AVDEVICE: TRUE (Required is at least version "56.4.100") 
[1.042s] -- Checking for module 'libavformat'
[1.061s] --   Found libavformat, version 60.16.100
[1.111s] -- Found AVFORMAT: TRUE  
[1.116s] -- Checking for module 'libavcodec'
[1.136s] --   Found libavcodec, version 60.31.102
[1.186s] -- Found AVCODEC: TRUE  
[1.192s] -- Checking for module 'libavutil'
[1.212s] --   Found libavutil, version 58.29.100
[1.260s] -- Found AVUTIL: TRUE  
[1.261s] -- Searching for <gz-common5> component [events]
[1.261s] -- Searching for <gz-common5> component [graphics]
[1.261s] -- Searching for <gz-common5> component [io]
[1.263s] -- Looking for gz-common5-io -- found version 5.8.0
[1.264s] -- Searching for dependencies of gz-common5-io
[1.264s] -- Searching for <gz-common5> component [profiler]
[1.267s] -- Looking for gz-fuel_tools9 -- found version 9.1.1
[1.267s] -- Searching for dependencies of gz-fuel_tools9
[1.384s] -- Found CURL: /usr/lib/x86_64-linux-gnu/libcurl.so (found version "8.5.0")  
[1.398s] -- Checking for module 'jsoncpp'
[1.419s] --   Found jsoncpp, version 1.9.5
[1.462s] -- Found JSONCPP: TRUE  
[1.482s] -- Checking for module 'yaml-0.1'
[1.501s] --   Found yaml-0.1, version 0.2.5
[1.546s] -- Found YAML: TRUE  
[1.552s] -- Checking for module 'libzip'
[1.573s] --   Found libzip, version 1.7.3
[1.619s] -- Found ZIP: TRUE  
[1.619s] -- Looking for gz-utils2 -- found version 2.2.1
[1.620s] -- Looking for gz-common5 -- found version 5.8.0
[1.620s] -- Searching for dependencies of gz-common5
[1.621s] -- Looking for gz-utils2 -- found version 2.2.1
[1.621s] -- Looking for dlfcn.h - found
[1.621s] -- Looking for libdl - found
[1.630s] -- Searching for <gz-common5> component [testing]
[1.633s] -- Looking for gz-common5-testing -- found version 5.8.0
[1.633s] -- Searching for dependencies of gz-common5-testing
[1.634s] -- Looking for gz-math7 -- found version 7.6.0
[1.635s] -- Looking for gz-msgs10 -- found version 10.3.2
[1.637s] -- Looking for gz-gui8 -- found version 8.4.0
[1.637s] -- Searching for dependencies of gz-gui8
[1.667s] -- Looking for gz-utils2 -- found version 2.2.1
[1.668s] -- Looking for gz-math7 -- found version 7.6.0
[1.669s] -- Looking for gz-common5 -- found version 5.8.0
[1.669s] -- Looking for gz-plugin2 -- found version 2.0.4
[1.669s] -- Looking for gz-transport13 -- found version 13.5.0
[1.670s] -- Looking for gz-rendering8 -- found version 8.2.3
[1.670s] -- Looking for gz-msgs10 -- found version 10.3.2
[1.696s] -- Looking for gz-physics7 -- found version 7.6.0
[1.696s] -- Searching for dependencies of gz-physics7
[1.697s] -- Looking for gz-common5 -- found version 5.8.0
[1.697s] -- Looking for gz-math7 -- found version 7.6.0
[1.697s] -- Looking for gz-plugin2 -- found version 2.0.4
[1.698s] -- Looking for gz-utils2 -- found version 2.2.1
[1.699s] -- Searching for <gz-physics7> component [heightmap]
[1.700s] -- Looking for gz-physics7-heightmap -- found version 7.6.0
[1.701s] -- Searching for dependencies of gz-physics7-heightmap
[1.701s] -- Looking for gz-common5 -- found version 5.8.0
[1.702s] -- Searching for <gz-physics7> component [mesh]
[1.703s] -- Looking for gz-physics7-mesh -- found version 7.6.0
[1.703s] -- Searching for dependencies of gz-physics7-mesh
[1.704s] -- Looking for gz-common5 -- found version 5.8.0
[1.704s] -- Searching for <gz-physics7> component [sdf]
[1.705s] -- Looking for gz-physics7-sdf -- found version 7.6.0
[1.705s] -- Searching for dependencies of gz-physics7-sdf
[1.706s] -- Looking for sdformat14 -- found version 14.9.0
[1.707s] -- Looking for gz-sensors8 -- found version 8.2.2
[1.707s] -- Searching for dependencies of gz-sensors8
[1.731s] -- Looking for gz-math7 -- found version 7.6.0
[1.731s] -- Looking for gz-common5 -- found version 5.8.0
[1.732s] -- Looking for gz-transport13 -- found version 13.5.0
[1.732s] -- Looking for gz-rendering8 -- found version 8.2.3
[1.733s] -- Looking for gz-msgs10 -- found version 10.3.2
[1.733s] -- Looking for sdformat14 -- found version 14.9.0
[1.734s] -- Searching for <gz-sensors8> component [air_pressure]
[1.735s] -- Looking for gz-sensors8-air_pressure -- found version 8.2.2
[1.735s] -- Searching for dependencies of gz-sensors8-air_pressure
[1.735s] -- Searching for <gz-sensors8> component [air_speed]
[1.736s] -- Looking for gz-sensors8-air_speed -- found version 8.2.2
[1.737s] -- Searching for dependencies of gz-sensors8-air_speed
[1.737s] -- Searching for <gz-sensors8> component [altimeter]
[1.738s] -- Looking for gz-sensors8-altimeter -- found version 8.2.2
[1.738s] -- Searching for dependencies of gz-sensors8-altimeter
[1.739s] -- Searching for <gz-sensors8> component [imu]
[1.740s] -- Looking for gz-sensors8-imu -- found version 8.2.2
[1.740s] -- Searching for dependencies of gz-sensors8-imu
[1.741s] -- Searching for <gz-sensors8> component [force_torque]
[1.742s] -- Looking for gz-sensors8-force_torque -- found version 8.2.2
[1.742s] -- Searching for dependencies of gz-sensors8-force_torque
[1.742s] -- Searching for <gz-sensors8> component [logical_camera]
[1.743s] -- Looking for gz-sensors8-logical_camera -- found version 8.2.2
[1.744s] -- Searching for dependencies of gz-sensors8-logical_camera
[1.744s] -- Searching for <gz-sensors8> component [magnetometer]
[1.745s] -- Looking for gz-sensors8-magnetometer -- found version 8.2.2
[1.746s] -- Searching for dependencies of gz-sensors8-magnetometer
[1.746s] -- Searching for <gz-sensors8> component [navsat]
[1.747s] -- Looking for gz-sensors8-navsat -- found version 8.2.2
[1.747s] -- Searching for dependencies of gz-sensors8-navsat
[1.748s] -- Searching for <gz-sensors8> component [dvl]
[1.749s] -- Looking for gz-sensors8-dvl -- found version 8.2.2
[1.749s] -- Searching for dependencies of gz-sensors8-dvl
[1.750s] -- Looking for gz-sensors8 -- found version 8.2.2
[1.750s] -- Searching for dependencies of gz-sensors8
[1.774s] -- Looking for gz-math7 -- found version 7.6.0
[1.775s] -- Looking for gz-common5 -- found version 5.8.0
[1.775s] -- Looking for gz-transport13 -- found version 13.5.0
[1.776s] -- Looking for gz-rendering8 -- found version 8.2.3
[1.776s] -- Looking for gz-msgs10 -- found version 10.3.2
[1.777s] -- Looking for sdformat14 -- found version 14.9.0
[1.777s] -- Searching for <gz-sensors8> component [rendering]
[1.778s] -- Looking for gz-sensors8-rendering -- found version 8.2.2
[1.778s] -- Searching for dependencies of gz-sensors8-rendering
[1.780s] -- Searching for <gz-sensors8> component [rendering]
[1.780s] -- Searching for <gz-sensors8> component [lidar]
[1.781s] -- Looking for gz-sensors8-lidar -- found version 8.2.2
[1.781s] -- Searching for dependencies of gz-sensors8-lidar
[1.782s] -- Looking for gz-sensors8 -- found version 8.2.2
[1.782s] -- Searching for <gz-sensors8> component [gpu_lidar]
[1.784s] -- Looking for gz-sensors8-gpu_lidar -- found version 8.2.2
[1.784s] -- Searching for dependencies of gz-sensors8-gpu_lidar
[1.784s] -- Looking for gz-sensors8 -- found version 8.2.2
[1.785s] -- Searching for <gz-sensors8> component [camera]
[1.786s] -- Looking for gz-sensors8-camera -- found version 8.2.2
[1.786s] -- Searching for dependencies of gz-sensors8-camera
[1.787s] -- Looking for gz-sensors8 -- found version 8.2.2
[1.787s] -- Searching for <gz-sensors8> component [boundingbox_camera]
[1.789s] -- Looking for gz-sensors8-boundingbox_camera -- found version 8.2.2
[1.789s] -- Searching for dependencies of gz-sensors8-boundingbox_camera
[1.789s] -- Searching for <gz-sensors8> component [segmentation_camera]
[1.790s] -- Looking for gz-sensors8-segmentation_camera -- found version 8.2.2
[1.791s] -- Searching for dependencies of gz-sensors8-segmentation_camera
[1.791s] -- Searching for <gz-sensors8> component [depth_camera]
[1.792s] -- Looking for gz-sensors8-depth_camera -- found version 8.2.2
[1.792s] -- Searching for dependencies of gz-sensors8-depth_camera
[1.793s] -- Looking for gz-sensors8 -- found version 8.2.2
[1.794s] -- Searching for <gz-sensors8> component [rgbd_camera]
[1.795s] -- Looking for gz-sensors8-rgbd_camera -- found version 8.2.2
[1.795s] -- Searching for dependencies of gz-sensors8-rgbd_camera
[1.795s] -- Looking for gz-sensors8 -- found version 8.2.2
[1.796s] -- Searching for <gz-sensors8> component [thermal_camera]
[1.797s] -- Looking for gz-sensors8-thermal_camera -- found version 8.2.2
[1.797s] -- Searching for dependencies of gz-sensors8-thermal_camera
[1.798s] -- Looking for gz-sensors8 -- found version 8.2.2
[1.798s] -- Searching for <gz-sensors8> component [wide_angle_camera]
[1.800s] -- Looking for gz-sensors8-wide_angle_camera -- found version 8.2.2
[1.800s] -- Searching for dependencies of gz-sensors8-wide_angle_camera
[1.802s] -- Looking for gz-rendering8 -- found version 8.2.3
[1.802s] -- Looking for gz-math7 -- found version 7.6.0
[1.803s] -- Looking for gz-utils2 -- found version 2.2.1
[1.832s] -- Looking for gz-sensors8 -- found version 8.2.2
[1.840s] -- Looking for gz-sim8 -- found version 8.11.0
[1.841s] -- Looking for gz-sensors8 -- found version 8.2.2
[1.841s] -- Looking for gz-rendering8 -- found version 8.2.3
[1.841s] -- Looking for gz-transport13 -- found version 13.5.0
[1.846s] -- Found rclcpp: 28.1.21 (/opt/ros/jazzy/share/rclcpp/cmake)
[1.912s] -- Found rosidl_generator_c: 4.6.9 (/opt/ros/jazzy/share/rosidl_generator_c/cmake)
[1.936s] -- Found rosidl_generator_cpp: 4.6.9 (/opt/ros/jazzy/share/rosidl_generator_cpp/cmake)
[1.963s] -- Using all available rosidl_typesupport_c: rosidl_typesupport_fastrtps_c;rosidl_typesupport_introspection_c
[1.991s] -- Using all available rosidl_typesupport_cpp: rosidl_typesupport_fastrtps_cpp;rosidl_typesupport_introspection_cpp
[2.106s] -- Found rmw_implementation_cmake: 7.3.3 (/opt/ros/jazzy/share/rmw_implementation_cmake/cmake)
[2.112s] -- Found rmw_fastrtps_cpp: 8.4.4 (/opt/ros/jazzy/share/rmw_fastrtps_cpp/cmake)
[2.245s] -- Found OpenSSL: /usr/lib/x86_64-linux-gnu/libcrypto.so (found version "3.0.13")  
[2.272s] -- Found FastRTPS: /opt/ros/jazzy/include (Required is at least version "2.13") 
[2.309s] -- Using RMW implementation 'rmw_fastrtps_cpp' as default
[2.445s] -- Found sensor_msgs: 5.3.8 (/opt/ros/jazzy/share/sensor_msgs/cmake)
[2.526s] -- Found rosidl_default_generators: 1.6.1 (/opt/ros/jazzy/share/rosidl_default_generators/cmake)
[2.560s] -- Found rosidl_adapter: 4.6.9 (/opt/ros/jazzy/share/rosidl_adapter/cmake)
[2.572s] -- Found OpenCV: /usr (found version "4.6.0") 
[2.577s] -- Found marine_acoustic_msgs: 2.1.0 (/opt/ros/jazzy/share/marine_acoustic_msgs/cmake)
[2.604s] -- Found cv_bridge: 4.1.0 (/opt/ros/jazzy/share/cv_bridge/cmake)
[2.607s] -- CUDA Toolkit not found or disabled: using CPU fallback implementation
[2.843s] -- Configuring done (2.8s)
[2.854s] [31mCMake Error at /home/namtruong/uuv_sim_home/src/multibeam_sonar/CMakeLists.txt:80 (add_library):
[2.854s]   Cannot find source file:
[2.854s] 
[2.855s]     sonar_calculation_cpu.cc
[2.855s] 
[2.855s]   Tried extensions .c .C .c++ .cc .cpp .cxx .cu .mpp .m .M .mm .ixx .cppm
[2.855s]   .ccm .cxxm .c++m .h .hh .h++ .hm .hpp .hxx .in .txx .f .F .for .f77 .f90
[2.855s]   .f95 .f03 .hip .ispc
[2.855s] 
[2.855s] [0m
[2.859s] [31mCMake Error at /home/namtruong/uuv_sim_home/src/multibeam_sonar/CMakeLists.txt:80 (add_library):
[2.859s]   No SOURCES given to target: multibeam_sonar
[2.859s] 
[2.859s] [0m
[2.859s] [0mCMake Generate step failed.  Build files cannot be regenerated correctly.[0m
[2.879s] gmake: *** [Makefile:226: cmake_check_build_system] Error 1
