[100%] Built target DVLBridge
[100%] Built target SphericalCoords
[100%] Built target OceanCurrentPlugin
-- Install configuration: ""
-- Execute custom install script
-- Up-to-date symlink: /home/namtruong/uuv_sim_home/install/dave_ros_gz_plugins/lib/dave_ros_gz_plugins/libSphericalCoords.so
-- Up-to-date symlink: /home/namtruong/uuv_sim_home/install/dave_ros_gz_plugins/lib/dave_ros_gz_plugins/libDVLBridge.so
-- Up-to-date symlink: /home/namtruong/uuv_sim_home/install/dave_ros_gz_plugins/include/dave_ros_gz_plugins/dave_ros_gz_plugins/DVLBridge.hh
-- Up-to-date symlink: /home/namtruong/uuv_sim_home/install/dave_ros_gz_plugins/include/dave_ros_gz_plugins/dave_ros_gz_plugins/OceanCurrentPlugin.hh
-- Up-to-date symlink: /home/namtruong/uuv_sim_home/install/dave_ros_gz_plugins/include/dave_ros_gz_plugins/dave_ros_gz_plugins/SphericalCoords.hh
-- Up-to-date symlink: /home/namtruong/uuv_sim_home/install/dave_ros_gz_plugins/share/dave_ros_gz_plugins/environment/library_path.sh
-- Up-to-date symlink: /home/namtruong/uuv_sim_home/install/dave_ros_gz_plugins/share/dave_ros_gz_plugins/environment/library_path.dsv
-- Up-to-date symlink: /home/namtruong/uuv_sim_home/install/dave_ros_gz_plugins/share/dave_ros_gz_plugins/environment/dave_ros_gz_plugins.dsv
-- Up-to-date symlink: /home/namtruong/uuv_sim_home/install/dave_ros_gz_plugins/share/ament_index/resource_index/package_run_dependencies/dave_ros_gz_plugins
-- Up-to-date symlink: /home/namtruong/uuv_sim_home/install/dave_ros_gz_plugins/share/ament_index/resource_index/parent_prefix_path/dave_ros_gz_plugins
-- Up-to-date symlink: /home/namtruong/uuv_sim_home/install/dave_ros_gz_plugins/share/dave_ros_gz_plugins/environment/ament_prefix_path.sh
-- Up-to-date symlink: /home/namtruong/uuv_sim_home/install/dave_ros_gz_plugins/share/dave_ros_gz_plugins/environment/ament_prefix_path.dsv
-- Up-to-date symlink: /home/namtruong/uuv_sim_home/install/dave_ros_gz_plugins/share/dave_ros_gz_plugins/environment/path.sh
-- Up-to-date symlink: /home/namtruong/uuv_sim_home/install/dave_ros_gz_plugins/share/dave_ros_gz_plugins/environment/path.dsv
-- Up-to-date symlink: /home/namtruong/uuv_sim_home/install/dave_ros_gz_plugins/share/dave_ros_gz_plugins/local_setup.bash
-- Up-to-date symlink: /home/namtruong/uuv_sim_home/install/dave_ros_gz_plugins/share/dave_ros_gz_plugins/local_setup.sh
-- Up-to-date symlink: /home/namtruong/uuv_sim_home/install/dave_ros_gz_plugins/share/dave_ros_gz_plugins/local_setup.zsh
-- Up-to-date symlink: /home/namtruong/uuv_sim_home/install/dave_ros_gz_plugins/share/dave_ros_gz_plugins/local_setup.dsv
-- Symlinking: /home/namtruong/uuv_sim_home/install/dave_ros_gz_plugins/share/dave_ros_gz_plugins/package.dsv
-- Up-to-date symlink: /home/namtruong/uuv_sim_home/install/dave_ros_gz_plugins/share/ament_index/resource_index/packages/dave_ros_gz_plugins
-- Up-to-date symlink: /home/namtruong/uuv_sim_home/install/dave_ros_gz_plugins/share/dave_ros_gz_plugins/cmake/ament_cmake_export_include_directories-extras.cmake
-- Up-to-date symlink: /home/namtruong/uuv_sim_home/install/dave_ros_gz_plugins/share/dave_ros_gz_plugins/cmake/ament_cmake_export_targets-extras.cmake
-- Up-to-date symlink: /home/namtruong/uuv_sim_home/install/dave_ros_gz_plugins/share/dave_ros_gz_plugins/cmake/ament_cmake_export_dependencies-extras.cmake
-- Up-to-date symlink: /home/namtruong/uuv_sim_home/install/dave_ros_gz_plugins/share/dave_ros_gz_plugins/cmake/dave_ros_gz_pluginsConfig.cmake
-- Up-to-date symlink: /home/namtruong/uuv_sim_home/install/dave_ros_gz_plugins/share/dave_ros_gz_plugins/cmake/dave_ros_gz_pluginsConfig-version.cmake
-- Up-to-date symlink: /home/namtruong/uuv_sim_home/install/dave_ros_gz_plugins/share/dave_ros_gz_plugins/package.xml
-- Up-to-date: /home/namtruong/uuv_sim_home/install/dave_ros_gz_plugins/lib/libSphericalCoords.so
-- Up-to-date: /home/namtruong/uuv_sim_home/install/dave_ros_gz_plugins/lib/libOceanCurrentPlugin.so
-- Up-to-date: /home/namtruong/uuv_sim_home/install/dave_ros_gz_plugins/share/dave_ros_gz_plugins/cmake/export_dave_ros_gz_pluginsExport.cmake
-- Up-to-date: /home/namtruong/uuv_sim_home/install/dave_ros_gz_plugins/share/dave_ros_gz_plugins/cmake/export_dave_ros_gz_pluginsExport-noconfig.cmake
