[0.014s] Invoking command in '/home/namtruong/uuv_sim/build/dave_worlds': CMAKE_PREFIX_PATH=${CMAKE_PREFIX_PATH}:/home/namtruong/uuv_sim/install/uuv_simu:/home/namtruong/xetuhanh/install/bring_up:/home/namtruong/turtlebot3_ws/install/turtlebot3_teleop:/home/namtruong/turtlebot3_ws/install/turtlebot3_example:/opt/ros/humble /home/namtruong/.local/bin/cmake /home/namtruong/uuv_sim/src/dave_worlds -DCMAKE_POLICY_VERSION_MINIMUM=3.5 -DAMENT_CMAKE_SYMLINK_INSTALL=1 -DCMAKE_INSTALL_PREFIX=/home/namtruong/uuv_sim/install/dave_worlds
[0.076s] [33mCMake Warning (deprecated) at CMakeLists.txt:1 (cmake_minimum_required):
[0.076s]   Compatibility with CMake < 3.10 will be removed from a future version of
[0.076s]   CMake.
[0.076s] 
[0.076s]   Update the VERSION argument <min> value.  Or, use the <min>...<max> syntax
[0.076s]   to tell CMake that the project requires at least <min> but has been updated
[0.076s]   to work with policies introduced by <max> or earlier.
[0.076s] This warning is for project developers.  Use -Wno-author or -Wno-deprecated
[0.076s] to suppress it.
[0.076s] [0m
[0.113s] -- The C compiler identification is GNU 11.4.0
[0.166s] -- The CXX compiler identification is GNU 11.4.0
[0.174s] -- Detecting C compiler ABI info
[0.223s] -- Detecting C compiler ABI info - done
[0.241s] -- Check for working C compiler: /usr/bin/cc - skipped
[0.241s] -- Detecting C compile features
[0.241s] -- Detecting C compile features - done
[0.251s] -- Detecting CXX compiler ABI info
[0.307s] -- Detecting CXX compiler ABI info - done
[0.320s] -- Check for working CXX compiler: /usr/bin/c++ - skipped
[0.321s] -- Detecting CXX compile features
[0.321s] -- Detecting CXX compile features - done
[0.332s] -- Found ament_cmake: 1.3.14 (/opt/ros/humble/share/ament_cmake/cmake)
[0.451s] -- Found Python3: /usr/bin/python3 (found version "3.10.12") found components: Interpreter
[0.504s] -- Override CMake install command with custom implementation using symlinks instead of copying resources
[0.610s] -- Configuring done (0.5s)
[0.613s] -- Generating done (0.0s)
[0.615s] -- Build files have been written to: /home/namtruong/uuv_sim/build/dave_worlds
[0.620s] Invoked command in '/home/namtruong/uuv_sim/build/dave_worlds' returned '0': CMAKE_PREFIX_PATH=${CMAKE_PREFIX_PATH}:/home/namtruong/uuv_sim/install/uuv_simu:/home/namtruong/xetuhanh/install/bring_up:/home/namtruong/turtlebot3_ws/install/turtlebot3_teleop:/home/namtruong/turtlebot3_ws/install/turtlebot3_example:/opt/ros/humble /home/namtruong/.local/bin/cmake /home/namtruong/uuv_sim/src/dave_worlds -DCMAKE_POLICY_VERSION_MINIMUM=3.5 -DAMENT_CMAKE_SYMLINK_INSTALL=1 -DCMAKE_INSTALL_PREFIX=/home/namtruong/uuv_sim/install/dave_worlds
[0.621s] Invoking command in '/home/namtruong/uuv_sim/build/dave_worlds': CMAKE_PREFIX_PATH=${CMAKE_PREFIX_PATH}:/home/namtruong/uuv_sim/install/uuv_simu:/home/namtruong/xetuhanh/install/bring_up:/home/namtruong/turtlebot3_ws/install/turtlebot3_teleop:/home/namtruong/turtlebot3_ws/install/turtlebot3_example:/opt/ros/humble /home/namtruong/.local/bin/cmake --build /home/namtruong/uuv_sim/build/dave_worlds -- -j16 -l16
[0.759s] Invoked command in '/home/namtruong/uuv_sim/build/dave_worlds' returned '0': CMAKE_PREFIX_PATH=${CMAKE_PREFIX_PATH}:/home/namtruong/uuv_sim/install/uuv_simu:/home/namtruong/xetuhanh/install/bring_up:/home/namtruong/turtlebot3_ws/install/turtlebot3_teleop:/home/namtruong/turtlebot3_ws/install/turtlebot3_example:/opt/ros/humble /home/namtruong/.local/bin/cmake --build /home/namtruong/uuv_sim/build/dave_worlds -- -j16 -l16
[0.760s] Invoking command in '/home/namtruong/uuv_sim/build/dave_worlds': CMAKE_PREFIX_PATH=${CMAKE_PREFIX_PATH}:/home/namtruong/uuv_sim/install/uuv_simu:/home/namtruong/xetuhanh/install/bring_up:/home/namtruong/turtlebot3_ws/install/turtlebot3_teleop:/home/namtruong/turtlebot3_ws/install/turtlebot3_example:/opt/ros/humble /home/namtruong/.local/bin/cmake --install /home/namtruong/uuv_sim/build/dave_worlds
[0.823s] -- Install configuration: ""
[0.823s] -- Execute custom install script
[0.823s] -- Symlinking: /home/namtruong/uuv_sim/install/dave_worlds/share/dave_worlds/worlds/ACT1951_1_Annual_2021.csv
[0.827s] -- Symlinking: /home/namtruong/uuv_sim/install/dave_worlds/share/dave_worlds/worlds/camera_tutorial.world
[0.830s] -- Symlinking: /home/namtruong/uuv_sim/install/dave_worlds/share/dave_worlds/worlds/dave_Santorini.world
[0.833s] -- Symlinking: /home/namtruong/uuv_sim/install/dave_worlds/share/dave_worlds/worlds/dave_bimanual_example.world
[0.837s] -- Symlinking: /home/namtruong/uuv_sim/install/dave_worlds/share/dave_worlds/worlds/dave_electrical_mating.world
[0.840s] -- Symlinking: /home/namtruong/uuv_sim/install/dave_worlds/share/dave_worlds/worlds/dave_graded_seabed.world
[0.844s] -- Symlinking: /home/namtruong/uuv_sim/install/dave_worlds/share/dave_worlds/worlds/dave_integrated.world
[0.847s] -- Symlinking: /home/namtruong/uuv_sim/install/dave_worlds/share/dave_worlds/worlds/dave_multibeam_sonar.world
[0.850s] -- Symlinking: /home/namtruong/uuv_sim/install/dave_worlds/share/dave_worlds/worlds/dave_ocean_models.world
[0.854s] -- Symlinking: /home/namtruong/uuv_sim/install/dave_worlds/share/dave_worlds/worlds/dave_ocean_waves.world
[0.858s] -- Symlinking: /home/namtruong/uuv_sim/install/dave_worlds/share/dave_worlds/worlds/dave_ocean_waves_mossy_ground.world
[0.861s] -- Symlinking: /home/namtruong/uuv_sim/install/dave_worlds/share/dave_worlds/worlds/dave_ocean_waves_sonar.world
[0.865s] -- Symlinking: /home/namtruong/uuv_sim/install/dave_worlds/share/dave_worlds/worlds/dave_ocean_waves_sonar_integrated.world
[0.868s] -- Symlinking: /home/namtruong/uuv_sim/install/dave_worlds/share/dave_worlds/worlds/dave_ocean_waves_transient_current.world
[0.872s] -- Symlinking: /home/namtruong/uuv_sim/install/dave_worlds/share/dave_worlds/worlds/dave_plug_and_socket.world
[0.875s] -- Symlinking: /home/namtruong/uuv_sim/install/dave_worlds/share/dave_worlds/worlds/dvl_world.world
[0.878s] -- Symlinking: /home/namtruong/uuv_sim/install/dave_worlds/share/dave_worlds/worlds/new_dvl.world
[0.882s] -- Symlinking: /home/namtruong/uuv_sim/install/dave_worlds/share/dave_worlds/worlds/ocean_current_plugin.world
[0.886s] -- Symlinking: /home/namtruong/uuv_sim/install/dave_worlds/share/dave_worlds/worlds/transientOceanCurrentDatabase.csv
[0.891s] -- Symlinking: /home/namtruong/uuv_sim/install/dave_worlds/share/dave_worlds/worlds/usbl_tutorial.world
[0.894s] -- Symlinking: /home/namtruong/uuv_sim/install/dave_worlds/share/dave_worlds/media/materials/textures/dirt_diffusespecular.png
[0.898s] -- Symlinking: /home/namtruong/uuv_sim/install/dave_worlds/share/dave_worlds/media/materials/textures/flat_normal.png
[0.901s] -- Symlinking: /home/namtruong/uuv_sim/install/dave_worlds/share/dave_worlds/media/meshes/Santorini_heightmap.tif
[0.905s] -- Symlinking: /home/namtruong/uuv_sim/install/dave_worlds/share/dave_worlds/environment/dave_worlds.dsv
[0.909s] -- Symlinking: /home/namtruong/uuv_sim/install/dave_worlds/share/ament_index/resource_index/package_run_dependencies/dave_worlds
[0.913s] -- Symlinking: /home/namtruong/uuv_sim/install/dave_worlds/share/ament_index/resource_index/parent_prefix_path/dave_worlds
[0.916s] -- Symlinking: /home/namtruong/uuv_sim/install/dave_worlds/share/dave_worlds/environment/ament_prefix_path.sh
[0.920s] -- Symlinking: /home/namtruong/uuv_sim/install/dave_worlds/share/dave_worlds/environment/ament_prefix_path.dsv
[0.923s] -- Symlinking: /home/namtruong/uuv_sim/install/dave_worlds/share/dave_worlds/environment/path.sh
[0.927s] -- Symlinking: /home/namtruong/uuv_sim/install/dave_worlds/share/dave_worlds/environment/path.dsv
[0.930s] -- Symlinking: /home/namtruong/uuv_sim/install/dave_worlds/share/dave_worlds/local_setup.bash
[0.934s] -- Symlinking: /home/namtruong/uuv_sim/install/dave_worlds/share/dave_worlds/local_setup.sh
[0.938s] -- Symlinking: /home/namtruong/uuv_sim/install/dave_worlds/share/dave_worlds/local_setup.zsh
[0.941s] -- Symlinking: /home/namtruong/uuv_sim/install/dave_worlds/share/dave_worlds/local_setup.dsv
[0.945s] -- Symlinking: /home/namtruong/uuv_sim/install/dave_worlds/share/dave_worlds/package.dsv
[0.949s] -- Symlinking: /home/namtruong/uuv_sim/install/dave_worlds/share/ament_index/resource_index/packages/dave_worlds
[0.953s] -- Symlinking: /home/namtruong/uuv_sim/install/dave_worlds/share/dave_worlds/cmake/dave_worldsConfig.cmake
[0.957s] -- Symlinking: /home/namtruong/uuv_sim/install/dave_worlds/share/dave_worlds/cmake/dave_worldsConfig-version.cmake
[0.961s] -- Symlinking: /home/namtruong/uuv_sim/install/dave_worlds/share/dave_worlds/package.xml
[0.967s] Invoked command in '/home/namtruong/uuv_sim/build/dave_worlds' returned '0': CMAKE_PREFIX_PATH=${CMAKE_PREFIX_PATH}:/home/namtruong/uuv_sim/install/uuv_simu:/home/namtruong/xetuhanh/install/bring_up:/home/namtruong/turtlebot3_ws/install/turtlebot3_teleop:/home/namtruong/turtlebot3_ws/install/turtlebot3_example:/opt/ros/humble /home/namtruong/.local/bin/cmake --install /home/namtruong/uuv_sim/build/dave_worlds
