[0.014s] Invoking command in '/home/namtruong/uuv_sim_home/build/dave_gz_model_plugins': AMENT_PREFIX_PATH=/home/namtruong/uuv_sim_home/install/dave_ros_gz_plugins:/home/namtruong/uuv_sim_home/install/dave_gz_world_plugins:${AMENT_PREFIX_PATH} CMAKE_PREFIX_PATH=/home/namtruong/uuv_sim_home/install/dave_ros_gz_plugins:/home/namtruong/uuv_sim_home/install/dave_gz_world_plugins:/home/namtruong/uuv_sim_home/install/dave_interfaces:/home/namtruong/uuv_sim_home/install/dave_worlds:/home/namtruong/uuv_sim_home/install/dave_robot_models:/home/namtruong/uuv_sim_home/install/dave_object_models:/home/namtruong/uuv_sim_home/install/dave_gz_sensor_plugins:/opt/ros/jazzy/opt/gz_sim_vendor:/opt/ros/jazzy/opt/gz_sensors_vendor:/opt/ros/jazzy/opt/gz_physics_vendor:/opt/ros/jazzy/opt/sdformat_vendor:/opt/ros/jazzy/opt/gz_gui_vendor:/opt/ros/jazzy/opt/gz_transport_vendor:/opt/ros/jazzy/opt/gz_rendering_vendor:/opt/ros/jazzy/opt/gz_plugin_vendor:/opt/ros/jazzy/opt/gz_fuel_tools_vendor:/opt/ros/jazzy/opt/gz_msgs_vendor:/opt/ros/jazzy/opt/gz_common_vendor:/opt/ros/jazzy/opt/gz_math_vendor:/opt/ros/jazzy/opt/gz_utils_vendor:/opt/ros/jazzy/opt/gz_tools_vendor:/opt/ros/jazzy/opt/gz_ogre_next_vendor:/opt/ros/jazzy/opt/gz_dartsim_vendor:/opt/ros/jazzy/opt/gz_cmake_vendor:/home/namtruong/uuv_sim_home/install/uuv_simu:/opt/ros/jazzy DEBUGINFOD_URLS=https://debuginfod.ubuntu.com LD_LIBRARY_PATH=/home/namtruong/uuv_sim_home/install/dave_ros_gz_plugins/lib:/home/namtruong/uuv_sim_home/install/dave_gz_world_plugins/lib:${LD_LIBRARY_PATH} PYTHONPATH=/home/namtruong/uuv_sim_home/install/dave_interfaces/lib/python3.12/site-packages:/home/namtruong/uuv_sim_home/install/uuv_simu/lib/python3.12/site-packages:/opt/ros/jazzy/lib/python3.12/site-packages /usr/bin/cmake /home/namtruong/uuv_sim_home/src/dave_gz_model_plugins -DAMENT_CMAKE_SYMLINK_INSTALL=1 -DCMAKE_INSTALL_PREFIX=/home/namtruong/uuv_sim_home/install/dave_gz_model_plugins
[0.065s] -- The C compiler identification is GNU 13.3.0
[0.115s] -- The CXX compiler identification is GNU 13.3.0
[0.133s] -- Detecting C compiler ABI info
[0.222s] -- Detecting C compiler ABI info - done
[0.230s] -- Check for working C compiler: /usr/bin/cc - skipped
[0.230s] -- Detecting C compile features
[0.230s] -- Detecting C compile features - done
[0.241s] -- Detecting CXX compiler ABI info
[0.341s] -- Detecting CXX compiler ABI info - done
[0.348s] -- Check for working CXX compiler: /usr/bin/c++ - skipped
[0.348s] -- Detecting CXX compile features
[0.349s] -- Detecting CXX compile features - done
[0.353s] -- Found ament_cmake: 2.5.6 (/opt/ros/jazzy/share/ament_cmake/cmake)
[0.492s] -- Found Python3: /usr/bin/python3 (found version "3.12.3") found components: Interpreter 
[0.550s] -- Override CMake install command with custom implementation using symlinks instead of copying resources
[0.614s] -- Found Boost: /usr/lib/x86_64-linux-gnu/cmake/Boost-1.83.0/BoostConfig.cmake (found version "1.83.0") found components: system 
[0.623s] -- Looking for gz-plugin2 -- found version 2.0.4
[0.623s] -- Searching for dependencies of gz-plugin2
[0.625s] -- Looking for gz-utils2 -- found version 2.2.1
[0.625s] -- Searching for dependencies of gz-utils2
[0.626s] -- Searching for <gz-utils2> component [cli]
[0.628s] -- Looking for gz-utils2-cli -- found version 2.2.1
[0.628s] -- Searching for dependencies of gz-utils2-cli
[0.629s] -- Searching for <gz-plugin2> component [register]
[0.631s] -- Looking for gz-plugin2-register -- found version 2.0.4
[0.631s] -- Searching for dependencies of gz-plugin2-register
[0.635s] -- Found rclcpp: 28.1.21 (/opt/ros/jazzy/share/rclcpp/cmake)
[0.684s] -- Found rosidl_generator_c: 4.6.9 (/opt/ros/jazzy/share/rosidl_generator_c/cmake)
[0.701s] -- Found rosidl_generator_cpp: 4.6.9 (/opt/ros/jazzy/share/rosidl_generator_cpp/cmake)
[0.719s] -- Using all available rosidl_typesupport_c: rosidl_typesupport_fastrtps_c;rosidl_typesupport_introspection_c
[0.740s] -- Using all available rosidl_typesupport_cpp: rosidl_typesupport_fastrtps_cpp;rosidl_typesupport_introspection_cpp
[0.821s] -- Found rmw_implementation_cmake: 7.3.3 (/opt/ros/jazzy/share/rmw_implementation_cmake/cmake)
[0.825s] -- Found rmw_fastrtps_cpp: 8.4.4 (/opt/ros/jazzy/share/rmw_fastrtps_cpp/cmake)
[0.929s] -- Found OpenSSL: /usr/lib/x86_64-linux-gnu/libcrypto.so (found version "3.0.13")  
[0.948s] -- Found FastRTPS: /opt/ros/jazzy/include (Required is at least version "2.13") 
[0.969s] -- Using RMW implementation 'rmw_fastrtps_cpp' as default
[1.050s] -- Found std_msgs: 5.3.8 (/opt/ros/jazzy/share/std_msgs/cmake)
[1.062s] -- Looking for gz-common5 -- found version 5.8.0
[1.063s] -- Searching for dependencies of gz-common5
[1.063s] -- Looking for gz-utils2 -- found version 2.2.1
[1.063s] -- Looking for dlfcn.h - found
[1.064s] -- Looking for libdl - found
[1.065s] -- Found DL: TRUE  
[1.072s] -- Checking for module 'uuid'
[1.091s] --   Found uuid, version 2.39.3
[1.131s] -- Found UUID: TRUE  
[1.132s] -- Searching for <gz-common5> component [profiler]
[1.134s] -- Looking for gz-common5-profiler -- found version 5.8.0
[1.134s] -- Searching for dependencies of gz-common5-profiler
[1.136s] -- Looking for gz-sim8 -- found version 8.11.0
[1.136s] -- Searching for dependencies of gz-sim8
[1.138s] -- Looking for sdformat14 -- found version 14.9.0
[1.138s] -- Searching for dependencies of sdformat14
[1.143s] -- Checking for module 'tinyxml2'
[1.165s] --   Found tinyxml2, version 10.0.0
[1.211s] -- Looking for gz-math7 -- found version 7.6.0
[1.211s] -- Searching for dependencies of gz-math7
[1.211s] -- Looking for gz-utils2 -- found version 2.2.1
[1.212s] -- Looking for gz-utils2 -- found version 2.2.1
[1.213s] -- Looking for gz-plugin2 -- found version 2.0.4
[1.213s] -- Searching for dependencies of gz-plugin2
[1.213s] -- Looking for gz-utils2 -- found version 2.2.1
[1.213s] -- Searching for <gz-plugin2> component [loader]
[1.215s] -- Looking for gz-plugin2-loader -- found version 2.0.4
[1.215s] -- Searching for dependencies of gz-plugin2-loader
[1.215s] -- Searching for <gz-plugin2> component [register]
[1.217s] -- Looking for gz-transport13 -- found version 13.5.0
[1.217s] -- Searching for dependencies of gz-transport13
[1.333s] -- Found Protobuf: /usr/lib/x86_64-linux-gnu/libprotobuf.so (found version "3.21.12") 
[1.345s] -- Config-file not installed for ZeroMQ -- checking for pkg-config
[1.351s] -- Checking for module 'libzmq >= 4'
[1.369s] --   Found libzmq, version 4.3.5
[1.417s] -- Found ZeroMQ: TRUE (Required is at least version "4") 
[1.424s] -- Looking for gz-utils2 -- found version 2.2.1
[1.426s] -- Looking for gz-msgs10 -- found version 10.3.2
[1.426s] -- Searching for dependencies of gz-msgs10
[1.445s] -- Looking for gz-utils2 -- found version 2.2.1
[1.446s] -- Looking for gz-math7 -- found version 7.6.0
[1.453s] -- Searching for <gz-transport13> component [log]
[1.454s] -- Looking for gz-transport13-log -- found version 13.5.0
[1.454s] -- Searching for dependencies of gz-transport13-log
[1.455s] -- Searching for <gz-transport13> component [parameters]
[1.456s] -- Looking for gz-transport13-parameters -- found version 13.5.0
[1.457s] -- Searching for dependencies of gz-transport13-parameters
[1.457s] -- Looking for gz-msgs10 -- found version 10.3.2
[1.458s] -- Looking for gz-common5 -- found version 5.8.0
[1.458s] -- Searching for dependencies of gz-common5
[1.458s] -- Looking for gz-utils2 -- found version 2.2.1
[1.458s] -- Looking for dlfcn.h - found
[1.458s] -- Looking for libdl - found
[1.465s] -- Searching for <gz-common5> component [av]
[1.467s] -- Looking for gz-common5-av -- found version 5.8.0
[1.468s] -- Searching for dependencies of gz-common5-av
[1.473s] -- Checking for module 'libswscale'
[1.492s] --   Found libswscale, version 7.5.100
[1.533s] -- Found SWSCALE: TRUE  
[1.538s] -- Checking for module 'libavdevice >= 56.4.100'
[1.557s] --   Found libavdevice, version 60.3.100
[1.614s] -- Found AVDEVICE: TRUE (Required is at least version "56.4.100") 
[1.619s] -- Checking for module 'libavformat'
[1.640s] --   Found libavformat, version 60.16.100
[1.689s] -- Found AVFORMAT: TRUE  
[1.694s] -- Checking for module 'libavcodec'
[1.712s] --   Found libavcodec, version 60.31.102
[1.760s] -- Found AVCODEC: TRUE  
[1.765s] -- Checking for module 'libavutil'
[1.785s] --   Found libavutil, version 58.29.100
[1.829s] -- Found AVUTIL: TRUE  
[1.829s] -- Searching for <gz-common5> component [events]
[1.831s] -- Looking for gz-common5-events -- found version 5.8.0
[1.832s] -- Searching for dependencies of gz-common5-events
[1.832s] -- Looking for gz-math7 -- found version 7.6.0
[1.832s] -- Searching for <gz-common5> component [graphics]
[1.835s] -- Looking for gz-common5-graphics -- found version 5.8.0
[1.835s] -- Searching for dependencies of gz-common5-graphics
[1.835s] -- Looking for gz-math7 -- found version 7.6.0
[1.840s] -- Found GzAssimp: TRUE (found version "5.3.0") 
[1.840s] -- Searching for <gz-common5> component [io]
[1.842s] -- Looking for gz-common5-io -- found version 5.8.0
[1.842s] -- Searching for dependencies of gz-common5-io
[1.843s] -- Searching for <gz-common5> component [profiler]
[1.845s] -- Looking for gz-fuel_tools9 -- found version 9.1.1
[1.845s] -- Searching for dependencies of gz-fuel_tools9
[1.942s] -- Found CURL: /usr/lib/x86_64-linux-gnu/libcurl.so (found version "8.5.0")  
[1.953s] -- Checking for module 'jsoncpp'
[1.973s] --   Found jsoncpp, version 1.9.5
[2.019s] -- Found JSONCPP: TRUE  
[2.036s] -- Checking for module 'yaml-0.1'
[2.057s] --   Found yaml-0.1, version 0.2.5
[2.106s] -- Found YAML: TRUE  
[2.112s] -- Checking for module 'libzip'
[2.132s] --   Found libzip, version 1.7.3
[2.178s] -- Found ZIP: TRUE  
[2.178s] -- Looking for gz-utils2 -- found version 2.2.1
[2.178s] -- Looking for gz-common5 -- found version 5.8.0
[2.179s] -- Searching for dependencies of gz-common5
[2.179s] -- Looking for gz-utils2 -- found version 2.2.1
[2.179s] -- Looking for dlfcn.h - found
[2.179s] -- Looking for libdl - found
[2.186s] -- Searching for <gz-common5> component [testing]
[2.189s] -- Looking for gz-common5-testing -- found version 5.8.0
[2.189s] -- Searching for dependencies of gz-common5-testing
[2.190s] -- Looking for gz-math7 -- found version 7.6.0
[2.190s] -- Looking for gz-msgs10 -- found version 10.3.2
[2.192s] -- Looking for gz-gui8 -- found version 8.4.0
[2.192s] -- Searching for dependencies of gz-gui8
[2.217s] -- Looking for gz-utils2 -- found version 2.2.1
[2.217s] -- Looking for gz-math7 -- found version 7.6.0
[2.218s] -- Looking for gz-common5 -- found version 5.8.0
[2.223s] -- Looking for gz-plugin2 -- found version 2.0.4
[2.223s] -- Looking for gz-transport13 -- found version 13.5.0
[2.223s] -- Looking for gz-rendering8 -- found version 8.2.3
[2.223s] -- Searching for dependencies of gz-rendering8
[2.223s] -- Looking for gz-math7 -- found version 7.6.0
[2.223s] -- Searching for dependencies of gz-math7
[2.223s] -- Looking for gz-utils2 -- found version 2.2.1
[2.223s] -- Searching for <gz-math7> component [eigen3]
[2.223s] -- Looking for gz-math7-eigen3 -- found version 7.6.0
[2.224s] -- Searching for dependencies of gz-math7-eigen3
[2.232s] -- Looking for gz-common5 -- found version 5.8.0
[2.232s] -- Searching for dependencies of gz-common5
[2.232s] -- Looking for gz-utils2 -- found version 2.2.1
[2.232s] -- Looking for dlfcn.h - found
[2.232s] -- Looking for libdl - found
[2.240s] -- Searching for <gz-common5> component [graphics]
[2.240s] -- Searching for <gz-common5> component [events]
[2.241s] -- Searching for <gz-common5> component [geospatial]
[2.242s] -- Looking for gz-common5-geospatial -- found version 5.8.0
[2.243s] -- Searching for dependencies of gz-common5-geospatial
[2.243s] -- Looking for gz-math7 -- found version 7.6.0
[2.243s] -- Looking for gz-common5 -- found version 5.8.0
[2.244s] -- Looking for gz-plugin2 -- found version 2.0.4
[2.244s] -- Searching for dependencies of gz-plugin2
[2.244s] -- Looking for gz-utils2 -- found version 2.2.1
[2.244s] -- Searching for <gz-plugin2> component [all]
[2.246s] -- Looking for all libraries of gz-plugin2 -- found version 2.0.4
[2.247s] -- Looking for gz-plugin2 -- found version 2.0.4
[2.247s] -- Looking for gz-utils2 -- found version 2.2.1
[2.257s] -- Found OpenGL: /usr/lib/x86_64-linux-gnu/libOpenGL.so  found components: OpenGL 
[2.258s] -- Looking for gz-msgs10 -- found version 10.3.2
[2.277s] -- Looking for gz-physics7 -- found version 7.6.0
[2.277s] -- Searching for dependencies of gz-physics7
[2.278s] -- Looking for gz-common5 -- found version 5.8.0
[2.278s] -- Looking for gz-math7 -- found version 7.6.0
[2.278s] -- Looking for gz-plugin2 -- found version 2.0.4
[2.278s] -- Looking for gz-utils2 -- found version 2.2.1
[2.279s] -- Searching for <gz-physics7> component [heightmap]
[2.281s] -- Looking for gz-physics7-heightmap -- found version 7.6.0
[2.281s] -- Searching for dependencies of gz-physics7-heightmap
[2.281s] -- Looking for gz-common5 -- found version 5.8.0
[2.282s] -- Searching for <gz-physics7> component [mesh]
[2.283s] -- Looking for gz-physics7-mesh -- found version 7.6.0
[2.283s] -- Searching for dependencies of gz-physics7-mesh
[2.283s] -- Looking for gz-common5 -- found version 5.8.0
[2.284s] -- Searching for <gz-physics7> component [sdf]
[2.285s] -- Looking for gz-physics7-sdf -- found version 7.6.0
[2.285s] -- Searching for dependencies of gz-physics7-sdf
[2.285s] -- Looking for sdformat14 -- found version 14.9.0
[2.287s] -- Looking for gz-sensors8 -- found version 8.2.2
[2.287s] -- Searching for dependencies of gz-sensors8
[2.307s] -- Looking for gz-math7 -- found version 7.6.0
[2.307s] -- Looking for gz-common5 -- found version 5.8.0
[2.308s] -- Looking for gz-transport13 -- found version 13.5.0
[2.308s] -- Looking for gz-rendering8 -- found version 8.2.3
[2.308s] -- Looking for gz-msgs10 -- found version 10.3.2
[2.308s] -- Looking for sdformat14 -- found version 14.9.0
[2.309s] -- Searching for <gz-sensors8> component [air_pressure]
[2.310s] -- Looking for gz-sensors8-air_pressure -- found version 8.2.2
[2.310s] -- Searching for dependencies of gz-sensors8-air_pressure
[2.311s] -- Searching for <gz-sensors8> component [air_speed]
[2.312s] -- Looking for gz-sensors8-air_speed -- found version 8.2.2
[2.312s] -- Searching for dependencies of gz-sensors8-air_speed
[2.312s] -- Searching for <gz-sensors8> component [altimeter]
[2.314s] -- Looking for gz-sensors8-altimeter -- found version 8.2.2
[2.314s] -- Searching for dependencies of gz-sensors8-altimeter
[2.314s] -- Searching for <gz-sensors8> component [imu]
[2.316s] -- Looking for gz-sensors8-imu -- found version 8.2.2
[2.316s] -- Searching for dependencies of gz-sensors8-imu
[2.316s] -- Searching for <gz-sensors8> component [force_torque]
[2.318s] -- Looking for gz-sensors8-force_torque -- found version 8.2.2
[2.318s] -- Searching for dependencies of gz-sensors8-force_torque
[2.318s] -- Searching for <gz-sensors8> component [logical_camera]
[2.320s] -- Looking for gz-sensors8-logical_camera -- found version 8.2.2
[2.320s] -- Searching for dependencies of gz-sensors8-logical_camera
[2.320s] -- Searching for <gz-sensors8> component [magnetometer]
[2.321s] -- Looking for gz-sensors8-magnetometer -- found version 8.2.2
[2.321s] -- Searching for dependencies of gz-sensors8-magnetometer
[2.322s] -- Searching for <gz-sensors8> component [navsat]
[2.323s] -- Looking for gz-sensors8-navsat -- found version 8.2.2
[2.323s] -- Searching for dependencies of gz-sensors8-navsat
[2.324s] -- Searching for <gz-sensors8> component [dvl]
[2.325s] -- Looking for gz-sensors8-dvl -- found version 8.2.2
[2.325s] -- Searching for dependencies of gz-sensors8-dvl
[2.325s] -- Looking for gz-sensors8 -- found version 8.2.2
[2.325s] -- Searching for dependencies of gz-sensors8
[2.344s] -- Looking for gz-math7 -- found version 7.6.0
[2.345s] -- Looking for gz-common5 -- found version 5.8.0
[2.345s] -- Looking for gz-transport13 -- found version 13.5.0
[2.345s] -- Looking for gz-rendering8 -- found version 8.2.3
[2.346s] -- Looking for gz-msgs10 -- found version 10.3.2
[2.346s] -- Looking for sdformat14 -- found version 14.9.0
[2.346s] -- Searching for <gz-sensors8> component [rendering]
[2.347s] -- Looking for gz-sensors8-rendering -- found version 8.2.2
[2.348s] -- Searching for dependencies of gz-sensors8-rendering
[2.348s] -- Searching for <gz-sensors8> component [rendering]
[2.349s] -- Searching for <gz-sensors8> component [lidar]
[2.350s] -- Looking for gz-sensors8-lidar -- found version 8.2.2
[2.350s] -- Searching for dependencies of gz-sensors8-lidar
[2.350s] -- Looking for gz-sensors8 -- found version 8.2.2
[2.351s] -- Searching for <gz-sensors8> component [gpu_lidar]
[2.352s] -- Looking for gz-sensors8-gpu_lidar -- found version 8.2.2
[2.352s] -- Searching for dependencies of gz-sensors8-gpu_lidar
[2.352s] -- Looking for gz-sensors8 -- found version 8.2.2
[2.353s] -- Searching for <gz-sensors8> component [camera]
[2.354s] -- Looking for gz-sensors8-camera -- found version 8.2.2
[2.354s] -- Searching for dependencies of gz-sensors8-camera
[2.354s] -- Looking for gz-sensors8 -- found version 8.2.2
[2.355s] -- Searching for <gz-sensors8> component [boundingbox_camera]
[2.356s] -- Looking for gz-sensors8-boundingbox_camera -- found version 8.2.2
[2.356s] -- Searching for dependencies of gz-sensors8-boundingbox_camera
[2.357s] -- Searching for <gz-sensors8> component [segmentation_camera]
[2.358s] -- Looking for gz-sensors8-segmentation_camera -- found version 8.2.2
[2.358s] -- Searching for dependencies of gz-sensors8-segmentation_camera
[2.359s] -- Searching for <gz-sensors8> component [depth_camera]
[2.360s] -- Looking for gz-sensors8-depth_camera -- found version 8.2.2
[2.360s] -- Searching for dependencies of gz-sensors8-depth_camera
[2.360s] -- Looking for gz-sensors8 -- found version 8.2.2
[2.361s] -- Searching for <gz-sensors8> component [rgbd_camera]
[2.362s] -- Looking for gz-sensors8-rgbd_camera -- found version 8.2.2
[2.362s] -- Searching for dependencies of gz-sensors8-rgbd_camera
[2.362s] -- Looking for gz-sensors8 -- found version 8.2.2
[2.363s] -- Searching for <gz-sensors8> component [thermal_camera]
[2.364s] -- Looking for gz-sensors8-thermal_camera -- found version 8.2.2
[2.364s] -- Searching for dependencies of gz-sensors8-thermal_camera
[2.365s] -- Looking for gz-sensors8 -- found version 8.2.2
[2.365s] -- Searching for <gz-sensors8> component [wide_angle_camera]
[2.366s] -- Looking for gz-sensors8-wide_angle_camera -- found version 8.2.2
[2.367s] -- Searching for dependencies of gz-sensors8-wide_angle_camera
[2.367s] -- Looking for gz-rendering8 -- found version 8.2.3
[2.368s] -- Looking for gz-math7 -- found version 7.6.0
[2.368s] -- Looking for gz-utils2 -- found version 2.2.1
[2.392s] -- Found geometry_msgs: 5.3.8 (/opt/ros/jazzy/share/geometry_msgs/cmake)
[2.405s] -- Found dave_interfaces: 0.0.0 (/home/namtruong/uuv_sim_home/install/dave_interfaces/share/dave_interfaces/cmake)
[2.436s] -- Looking for gz-msgs10 -- found version 10.3.2
[2.437s] -- Found dave_gz_world_plugins: 0.0.0 (/home/namtruong/uuv_sim_home/install/dave_gz_world_plugins/share/dave_gz_world_plugins/cmake)
[2.469s] -- Compiling against Gazebo Harmonic
[2.481s] -- Found ament_lint_auto: 0.17.5 (/opt/ros/jazzy/share/ament_lint_auto/cmake)
[2.588s] -- Added test 'copyright' to check source files copyright and LICENSE
[2.589s] -- Added test 'cppcheck' to perform static code analysis on C / C++ code
[2.589s] -- Configured cppcheck include dirs: /home/namtruong/uuv_sim_home/src/dave_gz_model_plugins/include
[2.589s] -- Configured cppcheck exclude dirs and/or files: 
[2.590s] -- Added test 'cpplint' to check C / C++ code against the Google style
[2.591s] -- Configured cpplint exclude dirs and/or files: 
[2.591s] -- Added test 'lint_cmake' to check CMake code style
[2.593s] -- Added test 'uncrustify' to check C / C++ code style
[2.593s] -- Configured uncrustify additional arguments: 
[2.593s] -- Added test 'xmllint' to check XML markup files
[2.595s] -- Configuring done (2.6s)
[2.616s] -- Generating done (0.0s)
[2.620s] -- Build files have been written to: /home/namtruong/uuv_sim_home/build/dave_gz_model_plugins
[2.634s] Invoked command in '/home/namtruong/uuv_sim_home/build/dave_gz_model_plugins' returned '0': AMENT_PREFIX_PATH=/home/namtruong/uuv_sim_home/install/dave_ros_gz_plugins:/home/namtruong/uuv_sim_home/install/dave_gz_world_plugins:${AMENT_PREFIX_PATH} CMAKE_PREFIX_PATH=/home/namtruong/uuv_sim_home/install/dave_ros_gz_plugins:/home/namtruong/uuv_sim_home/install/dave_gz_world_plugins:/home/namtruong/uuv_sim_home/install/dave_interfaces:/home/namtruong/uuv_sim_home/install/dave_worlds:/home/namtruong/uuv_sim_home/install/dave_robot_models:/home/namtruong/uuv_sim_home/install/dave_object_models:/home/namtruong/uuv_sim_home/install/dave_gz_sensor_plugins:/opt/ros/jazzy/opt/gz_sim_vendor:/opt/ros/jazzy/opt/gz_sensors_vendor:/opt/ros/jazzy/opt/gz_physics_vendor:/opt/ros/jazzy/opt/sdformat_vendor:/opt/ros/jazzy/opt/gz_gui_vendor:/opt/ros/jazzy/opt/gz_transport_vendor:/opt/ros/jazzy/opt/gz_rendering_vendor:/opt/ros/jazzy/opt/gz_plugin_vendor:/opt/ros/jazzy/opt/gz_fuel_tools_vendor:/opt/ros/jazzy/opt/gz_msgs_vendor:/opt/ros/jazzy/opt/gz_common_vendor:/opt/ros/jazzy/opt/gz_math_vendor:/opt/ros/jazzy/opt/gz_utils_vendor:/opt/ros/jazzy/opt/gz_tools_vendor:/opt/ros/jazzy/opt/gz_ogre_next_vendor:/opt/ros/jazzy/opt/gz_dartsim_vendor:/opt/ros/jazzy/opt/gz_cmake_vendor:/home/namtruong/uuv_sim_home/install/uuv_simu:/opt/ros/jazzy DEBUGINFOD_URLS=https://debuginfod.ubuntu.com LD_LIBRARY_PATH=/home/namtruong/uuv_sim_home/install/dave_ros_gz_plugins/lib:/home/namtruong/uuv_sim_home/install/dave_gz_world_plugins/lib:${LD_LIBRARY_PATH} PYTHONPATH=/home/namtruong/uuv_sim_home/install/dave_interfaces/lib/python3.12/site-packages:/home/namtruong/uuv_sim_home/install/uuv_simu/lib/python3.12/site-packages:/opt/ros/jazzy/lib/python3.12/site-packages /usr/bin/cmake /home/namtruong/uuv_sim_home/src/dave_gz_model_plugins -DAMENT_CMAKE_SYMLINK_INSTALL=1 -DCMAKE_INSTALL_PREFIX=/home/namtruong/uuv_sim_home/install/dave_gz_model_plugins
[2.635s] Invoking command in '/home/namtruong/uuv_sim_home/build/dave_gz_model_plugins': AMENT_PREFIX_PATH=/home/namtruong/uuv_sim_home/install/dave_ros_gz_plugins:/home/namtruong/uuv_sim_home/install/dave_gz_world_plugins:${AMENT_PREFIX_PATH} CMAKE_PREFIX_PATH=/home/namtruong/uuv_sim_home/install/dave_ros_gz_plugins:/home/namtruong/uuv_sim_home/install/dave_gz_world_plugins:/home/namtruong/uuv_sim_home/install/dave_interfaces:/home/namtruong/uuv_sim_home/install/dave_worlds:/home/namtruong/uuv_sim_home/install/dave_robot_models:/home/namtruong/uuv_sim_home/install/dave_object_models:/home/namtruong/uuv_sim_home/install/dave_gz_sensor_plugins:/opt/ros/jazzy/opt/gz_sim_vendor:/opt/ros/jazzy/opt/gz_sensors_vendor:/opt/ros/jazzy/opt/gz_physics_vendor:/opt/ros/jazzy/opt/sdformat_vendor:/opt/ros/jazzy/opt/gz_gui_vendor:/opt/ros/jazzy/opt/gz_transport_vendor:/opt/ros/jazzy/opt/gz_rendering_vendor:/opt/ros/jazzy/opt/gz_plugin_vendor:/opt/ros/jazzy/opt/gz_fuel_tools_vendor:/opt/ros/jazzy/opt/gz_msgs_vendor:/opt/ros/jazzy/opt/gz_common_vendor:/opt/ros/jazzy/opt/gz_math_vendor:/opt/ros/jazzy/opt/gz_utils_vendor:/opt/ros/jazzy/opt/gz_tools_vendor:/opt/ros/jazzy/opt/gz_ogre_next_vendor:/opt/ros/jazzy/opt/gz_dartsim_vendor:/opt/ros/jazzy/opt/gz_cmake_vendor:/home/namtruong/uuv_sim_home/install/uuv_simu:/opt/ros/jazzy DEBUGINFOD_URLS=https://debuginfod.ubuntu.com LD_LIBRARY_PATH=/home/namtruong/uuv_sim_home/install/dave_ros_gz_plugins/lib:/home/namtruong/uuv_sim_home/install/dave_gz_world_plugins/lib:${LD_LIBRARY_PATH} PYTHONPATH=/home/namtruong/uuv_sim_home/install/dave_interfaces/lib/python3.12/site-packages:/home/namtruong/uuv_sim_home/install/uuv_simu/lib/python3.12/site-packages:/opt/ros/jazzy/lib/python3.12/site-packages /usr/bin/cmake --build /home/namtruong/uuv_sim_home/build/dave_gz_model_plugins -- -j16 -l16
[2.695s] [ 50%] [32mBuilding CXX object CMakeFiles/OceanCurrentModelPlugin.dir/src/OceanCurrentModelPlugin.cc.o[0m
[13.496s] [100%] [32m[1mLinking CXX shared library libOceanCurrentModelPlugin.so[0m
[13.989s] [100%] Built target OceanCurrentModelPlugin
[14.002s] Invoked command in '/home/namtruong/uuv_sim_home/build/dave_gz_model_plugins' returned '0': AMENT_PREFIX_PATH=/home/namtruong/uuv_sim_home/install/dave_ros_gz_plugins:/home/namtruong/uuv_sim_home/install/dave_gz_world_plugins:${AMENT_PREFIX_PATH} CMAKE_PREFIX_PATH=/home/namtruong/uuv_sim_home/install/dave_ros_gz_plugins:/home/namtruong/uuv_sim_home/install/dave_gz_world_plugins:/home/namtruong/uuv_sim_home/install/dave_interfaces:/home/namtruong/uuv_sim_home/install/dave_worlds:/home/namtruong/uuv_sim_home/install/dave_robot_models:/home/namtruong/uuv_sim_home/install/dave_object_models:/home/namtruong/uuv_sim_home/install/dave_gz_sensor_plugins:/opt/ros/jazzy/opt/gz_sim_vendor:/opt/ros/jazzy/opt/gz_sensors_vendor:/opt/ros/jazzy/opt/gz_physics_vendor:/opt/ros/jazzy/opt/sdformat_vendor:/opt/ros/jazzy/opt/gz_gui_vendor:/opt/ros/jazzy/opt/gz_transport_vendor:/opt/ros/jazzy/opt/gz_rendering_vendor:/opt/ros/jazzy/opt/gz_plugin_vendor:/opt/ros/jazzy/opt/gz_fuel_tools_vendor:/opt/ros/jazzy/opt/gz_msgs_vendor:/opt/ros/jazzy/opt/gz_common_vendor:/opt/ros/jazzy/opt/gz_math_vendor:/opt/ros/jazzy/opt/gz_utils_vendor:/opt/ros/jazzy/opt/gz_tools_vendor:/opt/ros/jazzy/opt/gz_ogre_next_vendor:/opt/ros/jazzy/opt/gz_dartsim_vendor:/opt/ros/jazzy/opt/gz_cmake_vendor:/home/namtruong/uuv_sim_home/install/uuv_simu:/opt/ros/jazzy DEBUGINFOD_URLS=https://debuginfod.ubuntu.com LD_LIBRARY_PATH=/home/namtruong/uuv_sim_home/install/dave_ros_gz_plugins/lib:/home/namtruong/uuv_sim_home/install/dave_gz_world_plugins/lib:${LD_LIBRARY_PATH} PYTHONPATH=/home/namtruong/uuv_sim_home/install/dave_interfaces/lib/python3.12/site-packages:/home/namtruong/uuv_sim_home/install/uuv_simu/lib/python3.12/site-packages:/opt/ros/jazzy/lib/python3.12/site-packages /usr/bin/cmake --build /home/namtruong/uuv_sim_home/build/dave_gz_model_plugins -- -j16 -l16
[14.003s] Invoking command in '/home/namtruong/uuv_sim_home/build/dave_gz_model_plugins': AMENT_PREFIX_PATH=/home/namtruong/uuv_sim_home/install/dave_ros_gz_plugins:/home/namtruong/uuv_sim_home/install/dave_gz_world_plugins:${AMENT_PREFIX_PATH} CMAKE_PREFIX_PATH=/home/namtruong/uuv_sim_home/install/dave_ros_gz_plugins:/home/namtruong/uuv_sim_home/install/dave_gz_world_plugins:/home/namtruong/uuv_sim_home/install/dave_interfaces:/home/namtruong/uuv_sim_home/install/dave_worlds:/home/namtruong/uuv_sim_home/install/dave_robot_models:/home/namtruong/uuv_sim_home/install/dave_object_models:/home/namtruong/uuv_sim_home/install/dave_gz_sensor_plugins:/opt/ros/jazzy/opt/gz_sim_vendor:/opt/ros/jazzy/opt/gz_sensors_vendor:/opt/ros/jazzy/opt/gz_physics_vendor:/opt/ros/jazzy/opt/sdformat_vendor:/opt/ros/jazzy/opt/gz_gui_vendor:/opt/ros/jazzy/opt/gz_transport_vendor:/opt/ros/jazzy/opt/gz_rendering_vendor:/opt/ros/jazzy/opt/gz_plugin_vendor:/opt/ros/jazzy/opt/gz_fuel_tools_vendor:/opt/ros/jazzy/opt/gz_msgs_vendor:/opt/ros/jazzy/opt/gz_common_vendor:/opt/ros/jazzy/opt/gz_math_vendor:/opt/ros/jazzy/opt/gz_utils_vendor:/opt/ros/jazzy/opt/gz_tools_vendor:/opt/ros/jazzy/opt/gz_ogre_next_vendor:/opt/ros/jazzy/opt/gz_dartsim_vendor:/opt/ros/jazzy/opt/gz_cmake_vendor:/home/namtruong/uuv_sim_home/install/uuv_simu:/opt/ros/jazzy DEBUGINFOD_URLS=https://debuginfod.ubuntu.com LD_LIBRARY_PATH=/home/namtruong/uuv_sim_home/install/dave_ros_gz_plugins/lib:/home/namtruong/uuv_sim_home/install/dave_gz_world_plugins/lib:${LD_LIBRARY_PATH} PYTHONPATH=/home/namtruong/uuv_sim_home/install/dave_interfaces/lib/python3.12/site-packages:/home/namtruong/uuv_sim_home/install/uuv_simu/lib/python3.12/site-packages:/opt/ros/jazzy/lib/python3.12/site-packages /usr/bin/cmake --install /home/namtruong/uuv_sim_home/build/dave_gz_model_plugins
[14.012s] -- Install configuration: ""
[14.012s] -- Execute custom install script
[14.012s] -- Symlinking: /home/namtruong/uuv_sim_home/install/dave_gz_model_plugins/lib/dave_gz_model_plugins/libOceanCurrentModelPlugin.so
[14.022s] -- Symlinking: /home/namtruong/uuv_sim_home/install/dave_gz_model_plugins/include//dave_gz_model_plugins/OceanCurrentModelPlugin.hh
[14.031s] -- Symlinking: /home/namtruong/uuv_sim_home/install/dave_gz_model_plugins/share/dave_gz_model_plugins/environment/dave_gz_model_plugins.dsv
[14.041s] -- Symlinking: /home/namtruong/uuv_sim_home/install/dave_gz_model_plugins/share/ament_index/resource_index/package_run_dependencies/dave_gz_model_plugins
[14.051s] -- Symlinking: /home/namtruong/uuv_sim_home/install/dave_gz_model_plugins/share/ament_index/resource_index/parent_prefix_path/dave_gz_model_plugins
[14.062s] -- Symlinking: /home/namtruong/uuv_sim_home/install/dave_gz_model_plugins/share/dave_gz_model_plugins/environment/ament_prefix_path.sh
[14.072s] -- Symlinking: /home/namtruong/uuv_sim_home/install/dave_gz_model_plugins/share/dave_gz_model_plugins/environment/ament_prefix_path.dsv
[14.081s] -- Symlinking: /home/namtruong/uuv_sim_home/install/dave_gz_model_plugins/share/dave_gz_model_plugins/environment/path.sh
[14.092s] -- Symlinking: /home/namtruong/uuv_sim_home/install/dave_gz_model_plugins/share/dave_gz_model_plugins/environment/path.dsv
[14.102s] -- Symlinking: /home/namtruong/uuv_sim_home/install/dave_gz_model_plugins/share/dave_gz_model_plugins/local_setup.bash
[14.111s] -- Symlinking: /home/namtruong/uuv_sim_home/install/dave_gz_model_plugins/share/dave_gz_model_plugins/local_setup.sh
[14.121s] -- Symlinking: /home/namtruong/uuv_sim_home/install/dave_gz_model_plugins/share/dave_gz_model_plugins/local_setup.zsh
[14.131s] -- Symlinking: /home/namtruong/uuv_sim_home/install/dave_gz_model_plugins/share/dave_gz_model_plugins/local_setup.dsv
[14.141s] -- Symlinking: /home/namtruong/uuv_sim_home/install/dave_gz_model_plugins/share/dave_gz_model_plugins/package.dsv
[14.152s] -- Symlinking: /home/namtruong/uuv_sim_home/install/dave_gz_model_plugins/share/ament_index/resource_index/packages/dave_gz_model_plugins
[14.162s] -- Symlinking: /home/namtruong/uuv_sim_home/install/dave_gz_model_plugins/share/dave_gz_model_plugins/cmake/dave_gz_model_pluginsConfig.cmake
[14.171s] -- Symlinking: /home/namtruong/uuv_sim_home/install/dave_gz_model_plugins/share/dave_gz_model_plugins/cmake/dave_gz_model_pluginsConfig-version.cmake
[14.180s] -- Symlinking: /home/namtruong/uuv_sim_home/install/dave_gz_model_plugins/share/dave_gz_model_plugins/package.xml
[14.193s] Invoked command in '/home/namtruong/uuv_sim_home/build/dave_gz_model_plugins' returned '0': AMENT_PREFIX_PATH=/home/namtruong/uuv_sim_home/install/dave_ros_gz_plugins:/home/namtruong/uuv_sim_home/install/dave_gz_world_plugins:${AMENT_PREFIX_PATH} CMAKE_PREFIX_PATH=/home/namtruong/uuv_sim_home/install/dave_ros_gz_plugins:/home/namtruong/uuv_sim_home/install/dave_gz_world_plugins:/home/namtruong/uuv_sim_home/install/dave_interfaces:/home/namtruong/uuv_sim_home/install/dave_worlds:/home/namtruong/uuv_sim_home/install/dave_robot_models:/home/namtruong/uuv_sim_home/install/dave_object_models:/home/namtruong/uuv_sim_home/install/dave_gz_sensor_plugins:/opt/ros/jazzy/opt/gz_sim_vendor:/opt/ros/jazzy/opt/gz_sensors_vendor:/opt/ros/jazzy/opt/gz_physics_vendor:/opt/ros/jazzy/opt/sdformat_vendor:/opt/ros/jazzy/opt/gz_gui_vendor:/opt/ros/jazzy/opt/gz_transport_vendor:/opt/ros/jazzy/opt/gz_rendering_vendor:/opt/ros/jazzy/opt/gz_plugin_vendor:/opt/ros/jazzy/opt/gz_fuel_tools_vendor:/opt/ros/jazzy/opt/gz_msgs_vendor:/opt/ros/jazzy/opt/gz_common_vendor:/opt/ros/jazzy/opt/gz_math_vendor:/opt/ros/jazzy/opt/gz_utils_vendor:/opt/ros/jazzy/opt/gz_tools_vendor:/opt/ros/jazzy/opt/gz_ogre_next_vendor:/opt/ros/jazzy/opt/gz_dartsim_vendor:/opt/ros/jazzy/opt/gz_cmake_vendor:/home/namtruong/uuv_sim_home/install/uuv_simu:/opt/ros/jazzy DEBUGINFOD_URLS=https://debuginfod.ubuntu.com LD_LIBRARY_PATH=/home/namtruong/uuv_sim_home/install/dave_ros_gz_plugins/lib:/home/namtruong/uuv_sim_home/install/dave_gz_world_plugins/lib:${LD_LIBRARY_PATH} PYTHONPATH=/home/namtruong/uuv_sim_home/install/dave_interfaces/lib/python3.12/site-packages:/home/namtruong/uuv_sim_home/install/uuv_simu/lib/python3.12/site-packages:/opt/ros/jazzy/lib/python3.12/site-packages /usr/bin/cmake --install /home/namtruong/uuv_sim_home/build/dave_gz_model_plugins
