[0.080s] DEBUG:colcon:Command line arguments: ['/usr/bin/colcon', 'build', '--symlink-install', '--cmake-args', '-DCMAKE_POLICY_VERSION_MINIMUM=3.5']
[0.080s] DEBUG:colcon:Parsed command line arguments: Namespace(log_base=None, log_level=None, verb_name='build', build_base='build', install_base='install', merge_install=False, symlink_install=True, test_result_base=None, continue_on_error=False, executor='parallel', parallel_workers=16, event_handlers=None, ignore_user_meta=False, metas=['./colcon.meta'], base_paths=['.'], packages_ignore=None, packages_ignore_regex=None, paths=None, packages_up_to=None, packages_up_to_regex=None, packages_above=None, packages_above_and_dependencies=None, packages_above_depth=None, packages_select_by_dep=None, packages_skip_by_dep=None, packages_skip_up_to=None, packages_select_build_failed=False, packages_skip_build_finished=False, packages_select_test_failures=False, packages_skip_test_passed=False, packages_select=None, packages_skip=None, packages_select_regex=None, packages_skip_regex=None, packages_start=None, packages_end=None, allow_overriding=[], cmake_args=['-DCMAKE_POLICY_VERSION_MINIMUM=3.5'], cmake_target=None, cmake_target_skip_unavailable=False, cmake_clean_cache=False, cmake_clean_first=False, cmake_force_configure=False, ament_cmake_args=None, catkin_cmake_args=None, catkin_skip_building_tests=False, mixin_files=None, mixin=None, verb_parser=<colcon_mixin.mixin.mixin_argument.MixinArgumentDecorator object at 0x7578ebc8d180>, verb_extension=<colcon_core.verb.build.BuildVerb object at 0x7578ebc8cc10>, main=<bound method BuildVerb.main of <colcon_core.verb.build.BuildVerb object at 0x7578ebc8cc10>>, mixin_verb=('build',))
[0.212s] Level 1:colcon.colcon_core.package_discovery:discover_packages(colcon_meta) check parameters
[0.212s] Level 1:colcon.colcon_core.package_discovery:discover_packages(recursive) check parameters
[0.212s] Level 1:colcon.colcon_core.package_discovery:discover_packages(ignore) check parameters
[0.212s] Level 1:colcon.colcon_core.package_discovery:discover_packages(path) check parameters
[0.212s] Level 1:colcon.colcon_core.package_discovery:discover_packages(colcon_meta) discover
[0.212s] Level 1:colcon.colcon_core.package_discovery:discover_packages(recursive) discover
[0.212s] INFO:colcon.colcon_core.package_discovery:Crawling recursively for packages in '/home/namtruong/uuv_sim'
[0.212s] Level 1:colcon.colcon_core.package_identification:_identify(.) by extensions ['ignore', 'ignore_ament_install']
[0.212s] Level 1:colcon.colcon_core.package_identification:_identify(.) by extension 'ignore'
[0.212s] Level 1:colcon.colcon_core.package_identification:_identify(.) by extension 'ignore_ament_install'
[0.212s] Level 1:colcon.colcon_core.package_identification:_identify(.) by extensions ['colcon_pkg']
[0.212s] Level 1:colcon.colcon_core.package_identification:_identify(.) by extension 'colcon_pkg'
[0.212s] Level 1:colcon.colcon_core.package_identification:_identify(.) by extensions ['colcon_meta']
[0.212s] Level 1:colcon.colcon_core.package_identification:_identify(.) by extension 'colcon_meta'
[0.212s] Level 1:colcon.colcon_core.package_identification:_identify(.) by extensions ['ros']
[0.212s] Level 1:colcon.colcon_core.package_identification:_identify(.) by extension 'ros'
[0.220s] Level 1:colcon.colcon_core.package_identification:_identify(.) by extensions ['cmake', 'python']
[0.220s] Level 1:colcon.colcon_core.package_identification:_identify(.) by extension 'cmake'
[0.220s] Level 1:colcon.colcon_core.package_identification:_identify(.) by extension 'python'
[0.220s] Level 1:colcon.colcon_core.package_identification:_identify(.) by extensions ['python_setup_py']
[0.220s] Level 1:colcon.colcon_core.package_identification:_identify(.) by extension 'python_setup_py'
[0.220s] Level 1:colcon.colcon_core.package_identification:_identify(build) by extensions ['ignore', 'ignore_ament_install']
[0.220s] Level 1:colcon.colcon_core.package_identification:_identify(build) by extension 'ignore'
[0.220s] Level 1:colcon.colcon_core.package_identification:_identify(build) ignored
[0.220s] Level 1:colcon.colcon_core.package_identification:_identify(install) by extensions ['ignore', 'ignore_ament_install']
[0.221s] Level 1:colcon.colcon_core.package_identification:_identify(install) by extension 'ignore'
[0.221s] Level 1:colcon.colcon_core.package_identification:_identify(install) ignored
[0.221s] Level 1:colcon.colcon_core.package_identification:_identify(log) by extensions ['ignore', 'ignore_ament_install']
[0.221s] Level 1:colcon.colcon_core.package_identification:_identify(log) by extension 'ignore'
[0.221s] Level 1:colcon.colcon_core.package_identification:_identify(log) ignored
[0.221s] Level 1:colcon.colcon_core.package_identification:_identify(src) by extensions ['ignore', 'ignore_ament_install']
[0.221s] Level 1:colcon.colcon_core.package_identification:_identify(src) by extension 'ignore'
[0.221s] Level 1:colcon.colcon_core.package_identification:_identify(src) by extension 'ignore_ament_install'
[0.221s] Level 1:colcon.colcon_core.package_identification:_identify(src) by extensions ['colcon_pkg']
[0.221s] Level 1:colcon.colcon_core.package_identification:_identify(src) by extension 'colcon_pkg'
[0.221s] Level 1:colcon.colcon_core.package_identification:_identify(src) by extensions ['colcon_meta']
[0.221s] Level 1:colcon.colcon_core.package_identification:_identify(src) by extension 'colcon_meta'
[0.221s] Level 1:colcon.colcon_core.package_identification:_identify(src) by extensions ['ros']
[0.221s] Level 1:colcon.colcon_core.package_identification:_identify(src) by extension 'ros'
[0.221s] Level 1:colcon.colcon_core.package_identification:_identify(src) by extensions ['cmake', 'python']
[0.221s] Level 1:colcon.colcon_core.package_identification:_identify(src) by extension 'cmake'
[0.221s] Level 1:colcon.colcon_core.package_identification:_identify(src) by extension 'python'
[0.221s] Level 1:colcon.colcon_core.package_identification:_identify(src) by extensions ['python_setup_py']
[0.221s] Level 1:colcon.colcon_core.package_identification:_identify(src) by extension 'python_setup_py'
[0.221s] Level 1:colcon.colcon_core.package_identification:_identify(src/dave_gz_sensor_plugins) by extensions ['ignore', 'ignore_ament_install']
[0.221s] Level 1:colcon.colcon_core.package_identification:_identify(src/dave_gz_sensor_plugins) by extension 'ignore'
[0.221s] Level 1:colcon.colcon_core.package_identification:_identify(src/dave_gz_sensor_plugins) by extension 'ignore_ament_install'
[0.221s] Level 1:colcon.colcon_core.package_identification:_identify(src/dave_gz_sensor_plugins) by extensions ['colcon_pkg']
[0.221s] Level 1:colcon.colcon_core.package_identification:_identify(src/dave_gz_sensor_plugins) by extension 'colcon_pkg'
[0.221s] Level 1:colcon.colcon_core.package_identification:_identify(src/dave_gz_sensor_plugins) by extensions ['colcon_meta']
[0.221s] Level 1:colcon.colcon_core.package_identification:_identify(src/dave_gz_sensor_plugins) by extension 'colcon_meta'
[0.221s] Level 1:colcon.colcon_core.package_identification:_identify(src/dave_gz_sensor_plugins) by extensions ['ros']
[0.221s] Level 1:colcon.colcon_core.package_identification:_identify(src/dave_gz_sensor_plugins) by extension 'ros'
[0.232s] DEBUG:colcon.colcon_core.package_identification:Package 'src/dave_gz_sensor_plugins' with type 'ros.ament_cmake' and name 'dave_gz_sensor_plugins'
[0.232s] Level 1:colcon.colcon_core.package_identification:_identify(src/dave_interfaces) by extensions ['ignore', 'ignore_ament_install']
[0.232s] Level 1:colcon.colcon_core.package_identification:_identify(src/dave_interfaces) by extension 'ignore'
[0.232s] Level 1:colcon.colcon_core.package_identification:_identify(src/dave_interfaces) by extension 'ignore_ament_install'
[0.232s] Level 1:colcon.colcon_core.package_identification:_identify(src/dave_interfaces) by extensions ['colcon_pkg']
[0.232s] Level 1:colcon.colcon_core.package_identification:_identify(src/dave_interfaces) by extension 'colcon_pkg'
[0.232s] Level 1:colcon.colcon_core.package_identification:_identify(src/dave_interfaces) by extensions ['colcon_meta']
[0.232s] Level 1:colcon.colcon_core.package_identification:_identify(src/dave_interfaces) by extension 'colcon_meta'
[0.232s] Level 1:colcon.colcon_core.package_identification:_identify(src/dave_interfaces) by extensions ['ros']
[0.232s] Level 1:colcon.colcon_core.package_identification:_identify(src/dave_interfaces) by extension 'ros'
[0.232s] DEBUG:colcon.colcon_core.package_identification:Package 'src/dave_interfaces' with type 'ros.ament_cmake' and name 'dave_interfaces'
[0.233s] Level 1:colcon.colcon_core.package_identification:_identify(src/dave_object_models) by extensions ['ignore', 'ignore_ament_install']
[0.233s] Level 1:colcon.colcon_core.package_identification:_identify(src/dave_object_models) by extension 'ignore'
[0.233s] Level 1:colcon.colcon_core.package_identification:_identify(src/dave_object_models) by extension 'ignore_ament_install'
[0.233s] Level 1:colcon.colcon_core.package_identification:_identify(src/dave_object_models) by extensions ['colcon_pkg']
[0.233s] Level 1:colcon.colcon_core.package_identification:_identify(src/dave_object_models) by extension 'colcon_pkg'
[0.233s] Level 1:colcon.colcon_core.package_identification:_identify(src/dave_object_models) by extensions ['colcon_meta']
[0.233s] Level 1:colcon.colcon_core.package_identification:_identify(src/dave_object_models) by extension 'colcon_meta'
[0.233s] Level 1:colcon.colcon_core.package_identification:_identify(src/dave_object_models) by extensions ['ros']
[0.233s] Level 1:colcon.colcon_core.package_identification:_identify(src/dave_object_models) by extension 'ros'
[0.233s] DEBUG:colcon.colcon_core.package_identification:Package 'src/dave_object_models' with type 'ros.ament_cmake' and name 'dave_object_models'
[0.233s] Level 1:colcon.colcon_core.package_identification:_identify(src/dave_robot_models) by extensions ['ignore', 'ignore_ament_install']
[0.233s] Level 1:colcon.colcon_core.package_identification:_identify(src/dave_robot_models) by extension 'ignore'
[0.233s] Level 1:colcon.colcon_core.package_identification:_identify(src/dave_robot_models) by extension 'ignore_ament_install'
[0.233s] Level 1:colcon.colcon_core.package_identification:_identify(src/dave_robot_models) by extensions ['colcon_pkg']
[0.233s] Level 1:colcon.colcon_core.package_identification:_identify(src/dave_robot_models) by extension 'colcon_pkg'
[0.233s] Level 1:colcon.colcon_core.package_identification:_identify(src/dave_robot_models) by extensions ['colcon_meta']
[0.233s] Level 1:colcon.colcon_core.package_identification:_identify(src/dave_robot_models) by extension 'colcon_meta'
[0.233s] Level 1:colcon.colcon_core.package_identification:_identify(src/dave_robot_models) by extensions ['ros']
[0.233s] Level 1:colcon.colcon_core.package_identification:_identify(src/dave_robot_models) by extension 'ros'
[0.234s] DEBUG:colcon.colcon_core.package_identification:Package 'src/dave_robot_models' with type 'ros.ament_cmake' and name 'dave_robot_models'
[0.234s] Level 1:colcon.colcon_core.package_identification:_identify(src/dave_worlds) by extensions ['ignore', 'ignore_ament_install']
[0.234s] Level 1:colcon.colcon_core.package_identification:_identify(src/dave_worlds) by extension 'ignore'
[0.234s] Level 1:colcon.colcon_core.package_identification:_identify(src/dave_worlds) by extension 'ignore_ament_install'
[0.234s] Level 1:colcon.colcon_core.package_identification:_identify(src/dave_worlds) by extensions ['colcon_pkg']
[0.234s] Level 1:colcon.colcon_core.package_identification:_identify(src/dave_worlds) by extension 'colcon_pkg'
[0.234s] Level 1:colcon.colcon_core.package_identification:_identify(src/dave_worlds) by extensions ['colcon_meta']
[0.234s] Level 1:colcon.colcon_core.package_identification:_identify(src/dave_worlds) by extension 'colcon_meta'
[0.234s] Level 1:colcon.colcon_core.package_identification:_identify(src/dave_worlds) by extensions ['ros']
[0.234s] Level 1:colcon.colcon_core.package_identification:_identify(src/dave_worlds) by extension 'ros'
[0.234s] DEBUG:colcon.colcon_core.package_identification:Package 'src/dave_worlds' with type 'ros.ament_cmake' and name 'dave_worlds'
[0.234s] Level 1:colcon.colcon_core.package_identification:_identify(src/uuv_simu) by extensions ['ignore', 'ignore_ament_install']
[0.234s] Level 1:colcon.colcon_core.package_identification:_identify(src/uuv_simu) by extension 'ignore'
[0.235s] Level 1:colcon.colcon_core.package_identification:_identify(src/uuv_simu) by extension 'ignore_ament_install'
[0.235s] Level 1:colcon.colcon_core.package_identification:_identify(src/uuv_simu) by extensions ['colcon_pkg']
[0.235s] Level 1:colcon.colcon_core.package_identification:_identify(src/uuv_simu) by extension 'colcon_pkg'
[0.235s] Level 1:colcon.colcon_core.package_identification:_identify(src/uuv_simu) by extensions ['colcon_meta']
[0.235s] Level 1:colcon.colcon_core.package_identification:_identify(src/uuv_simu) by extension 'colcon_meta'
[0.235s] Level 1:colcon.colcon_core.package_identification:_identify(src/uuv_simu) by extensions ['ros']
[0.235s] Level 1:colcon.colcon_core.package_identification:_identify(src/uuv_simu) by extension 'ros'
[0.235s] DEBUG:colcon.colcon_core.package_identification:Package 'src/uuv_simu' with type 'ros.ament_python' and name 'uuv_simu'
[0.235s] Level 1:colcon.colcon_core.package_discovery:discover_packages(recursive) using defaults
[0.235s] Level 1:colcon.colcon_core.package_discovery:discover_packages(ignore) discover
[0.235s] Level 1:colcon.colcon_core.package_discovery:discover_packages(ignore) using defaults
[0.235s] Level 1:colcon.colcon_core.package_discovery:discover_packages(path) discover
[0.235s] Level 1:colcon.colcon_core.package_discovery:discover_packages(path) using defaults
[0.250s] Level 1:colcon.colcon_core.package_discovery:discover_packages(prefix_path) check parameters
[0.250s] Level 1:colcon.colcon_core.package_discovery:discover_packages(prefix_path) discover
[0.251s] WARNING:colcon.colcon_ros.prefix_path.ament:The path '/home/namtruong/uuv_sim/install/uuv_simu' in the environment variable AMENT_PREFIX_PATH doesn't exist
[0.251s] WARNING:colcon.colcon_ros.prefix_path.ament:The path '/home/namtruong/uuv_sim/install/dave_worlds' in the environment variable AMENT_PREFIX_PATH doesn't exist
[0.251s] WARNING:colcon.colcon_ros.prefix_path.ament:The path '/home/namtruong/uuv_sim/install/dave_gz_sensor_plugins' in the environment variable AMENT_PREFIX_PATH doesn't exist
[0.251s] WARNING:colcon.colcon_ros.prefix_path.ament:The path '/home/namtruong/uuv_sim/install/dave_interfaces' in the environment variable AMENT_PREFIX_PATH doesn't exist
[0.251s] WARNING:colcon.colcon_ros.prefix_path.ament:The path '/home/namtruong/uuv_sim/install/dave_demos' in the environment variable AMENT_PREFIX_PATH doesn't exist
[0.251s] WARNING:colcon.colcon_ros.prefix_path.catkin:The path '/home/namtruong/uuv_sim/install/dave_worlds' in the environment variable CMAKE_PREFIX_PATH doesn't exist
[0.251s] WARNING:colcon.colcon_ros.prefix_path.catkin:The path '/home/namtruong/uuv_sim/install/dave_gz_sensor_plugins' in the environment variable CMAKE_PREFIX_PATH doesn't exist
[0.251s] WARNING:colcon.colcon_ros.prefix_path.catkin:The path '/home/namtruong/uuv_sim/install/dave_interfaces' in the environment variable CMAKE_PREFIX_PATH doesn't exist
[0.251s] WARNING:colcon.colcon_ros.prefix_path.catkin:The path '/home/namtruong/uuv_sim/install/dave_demos' in the environment variable CMAKE_PREFIX_PATH doesn't exist
[0.252s] DEBUG:colcon.colcon_installed_package_information.package_discovery:Found 0 installed packages in /home/namtruong/uuv_sim/install
[0.252s] DEBUG:colcon.colcon_installed_package_information.package_discovery:Found 1 installed packages in /home/namtruong/xetuhanh/install
[0.253s] DEBUG:colcon.colcon_installed_package_information.package_discovery:Found 16 installed packages in /home/namtruong/turtlebot3_ws/install
[0.254s] DEBUG:colcon.colcon_installed_package_information.package_discovery:Found 347 installed packages in /opt/ros/humble
[0.255s] Level 1:colcon.colcon_core.package_discovery:discover_packages(prefix_path) using defaults
[0.285s] Level 5:colcon.colcon_core.verb:set package 'dave_interfaces' build argument 'cmake_args' from command line to '['-DCMAKE_POLICY_VERSION_MINIMUM=3.5']'
[0.285s] Level 5:colcon.colcon_core.verb:set package 'dave_interfaces' build argument 'cmake_target' from command line to 'None'
[0.285s] Level 5:colcon.colcon_core.verb:set package 'dave_interfaces' build argument 'cmake_target_skip_unavailable' from command line to 'False'
[0.286s] Level 5:colcon.colcon_core.verb:set package 'dave_interfaces' build argument 'cmake_clean_cache' from command line to 'False'
[0.286s] Level 5:colcon.colcon_core.verb:set package 'dave_interfaces' build argument 'cmake_clean_first' from command line to 'False'
[0.286s] Level 5:colcon.colcon_core.verb:set package 'dave_interfaces' build argument 'cmake_force_configure' from command line to 'False'
[0.286s] Level 5:colcon.colcon_core.verb:set package 'dave_interfaces' build argument 'ament_cmake_args' from command line to 'None'
[0.286s] Level 5:colcon.colcon_core.verb:set package 'dave_interfaces' build argument 'catkin_cmake_args' from command line to 'None'
[0.286s] Level 5:colcon.colcon_core.verb:set package 'dave_interfaces' build argument 'catkin_skip_building_tests' from command line to 'False'
[0.286s] DEBUG:colcon.colcon_core.verb:Building package 'dave_interfaces' with the following arguments: {'ament_cmake_args': None, 'build_base': '/home/namtruong/uuv_sim/build/dave_interfaces', 'catkin_cmake_args': None, 'catkin_skip_building_tests': False, 'cmake_args': ['-DCMAKE_POLICY_VERSION_MINIMUM=3.5'], 'cmake_clean_cache': False, 'cmake_clean_first': False, 'cmake_force_configure': False, 'cmake_target': None, 'cmake_target_skip_unavailable': False, 'install_base': '/home/namtruong/uuv_sim/install/dave_interfaces', 'merge_install': False, 'path': '/home/namtruong/uuv_sim/src/dave_interfaces', 'symlink_install': True, 'test_result_base': None}
[0.286s] Level 5:colcon.colcon_core.verb:set package 'dave_object_models' build argument 'cmake_args' from command line to '['-DCMAKE_POLICY_VERSION_MINIMUM=3.5']'
[0.286s] Level 5:colcon.colcon_core.verb:set package 'dave_object_models' build argument 'cmake_target' from command line to 'None'
[0.286s] Level 5:colcon.colcon_core.verb:set package 'dave_object_models' build argument 'cmake_target_skip_unavailable' from command line to 'False'
[0.286s] Level 5:colcon.colcon_core.verb:set package 'dave_object_models' build argument 'cmake_clean_cache' from command line to 'False'
[0.286s] Level 5:colcon.colcon_core.verb:set package 'dave_object_models' build argument 'cmake_clean_first' from command line to 'False'
[0.286s] Level 5:colcon.colcon_core.verb:set package 'dave_object_models' build argument 'cmake_force_configure' from command line to 'False'
[0.286s] Level 5:colcon.colcon_core.verb:set package 'dave_object_models' build argument 'ament_cmake_args' from command line to 'None'
[0.286s] Level 5:colcon.colcon_core.verb:set package 'dave_object_models' build argument 'catkin_cmake_args' from command line to 'None'
[0.286s] Level 5:colcon.colcon_core.verb:set package 'dave_object_models' build argument 'catkin_skip_building_tests' from command line to 'False'
[0.286s] DEBUG:colcon.colcon_core.verb:Building package 'dave_object_models' with the following arguments: {'ament_cmake_args': None, 'build_base': '/home/namtruong/uuv_sim/build/dave_object_models', 'catkin_cmake_args': None, 'catkin_skip_building_tests': False, 'cmake_args': ['-DCMAKE_POLICY_VERSION_MINIMUM=3.5'], 'cmake_clean_cache': False, 'cmake_clean_first': False, 'cmake_force_configure': False, 'cmake_target': None, 'cmake_target_skip_unavailable': False, 'install_base': '/home/namtruong/uuv_sim/install/dave_object_models', 'merge_install': False, 'path': '/home/namtruong/uuv_sim/src/dave_object_models', 'symlink_install': True, 'test_result_base': None}
[0.286s] Level 5:colcon.colcon_core.verb:set package 'dave_robot_models' build argument 'cmake_args' from command line to '['-DCMAKE_POLICY_VERSION_MINIMUM=3.5']'
[0.286s] Level 5:colcon.colcon_core.verb:set package 'dave_robot_models' build argument 'cmake_target' from command line to 'None'
[0.286s] Level 5:colcon.colcon_core.verb:set package 'dave_robot_models' build argument 'cmake_target_skip_unavailable' from command line to 'False'
[0.286s] Level 5:colcon.colcon_core.verb:set package 'dave_robot_models' build argument 'cmake_clean_cache' from command line to 'False'
[0.286s] Level 5:colcon.colcon_core.verb:set package 'dave_robot_models' build argument 'cmake_clean_first' from command line to 'False'
[0.286s] Level 5:colcon.colcon_core.verb:set package 'dave_robot_models' build argument 'cmake_force_configure' from command line to 'False'
[0.286s] Level 5:colcon.colcon_core.verb:set package 'dave_robot_models' build argument 'ament_cmake_args' from command line to 'None'
[0.286s] Level 5:colcon.colcon_core.verb:set package 'dave_robot_models' build argument 'catkin_cmake_args' from command line to 'None'
[0.286s] Level 5:colcon.colcon_core.verb:set package 'dave_robot_models' build argument 'catkin_skip_building_tests' from command line to 'False'
[0.286s] DEBUG:colcon.colcon_core.verb:Building package 'dave_robot_models' with the following arguments: {'ament_cmake_args': None, 'build_base': '/home/namtruong/uuv_sim/build/dave_robot_models', 'catkin_cmake_args': None, 'catkin_skip_building_tests': False, 'cmake_args': ['-DCMAKE_POLICY_VERSION_MINIMUM=3.5'], 'cmake_clean_cache': False, 'cmake_clean_first': False, 'cmake_force_configure': False, 'cmake_target': None, 'cmake_target_skip_unavailable': False, 'install_base': '/home/namtruong/uuv_sim/install/dave_robot_models', 'merge_install': False, 'path': '/home/namtruong/uuv_sim/src/dave_robot_models', 'symlink_install': True, 'test_result_base': None}
[0.287s] Level 5:colcon.colcon_core.verb:set package 'dave_worlds' build argument 'cmake_args' from command line to '['-DCMAKE_POLICY_VERSION_MINIMUM=3.5']'
[0.287s] Level 5:colcon.colcon_core.verb:set package 'dave_worlds' build argument 'cmake_target' from command line to 'None'
[0.287s] Level 5:colcon.colcon_core.verb:set package 'dave_worlds' build argument 'cmake_target_skip_unavailable' from command line to 'False'
[0.287s] Level 5:colcon.colcon_core.verb:set package 'dave_worlds' build argument 'cmake_clean_cache' from command line to 'False'
[0.287s] Level 5:colcon.colcon_core.verb:set package 'dave_worlds' build argument 'cmake_clean_first' from command line to 'False'
[0.287s] Level 5:colcon.colcon_core.verb:set package 'dave_worlds' build argument 'cmake_force_configure' from command line to 'False'
[0.287s] Level 5:colcon.colcon_core.verb:set package 'dave_worlds' build argument 'ament_cmake_args' from command line to 'None'
[0.287s] Level 5:colcon.colcon_core.verb:set package 'dave_worlds' build argument 'catkin_cmake_args' from command line to 'None'
[0.287s] Level 5:colcon.colcon_core.verb:set package 'dave_worlds' build argument 'catkin_skip_building_tests' from command line to 'False'
[0.287s] DEBUG:colcon.colcon_core.verb:Building package 'dave_worlds' with the following arguments: {'ament_cmake_args': None, 'build_base': '/home/namtruong/uuv_sim/build/dave_worlds', 'catkin_cmake_args': None, 'catkin_skip_building_tests': False, 'cmake_args': ['-DCMAKE_POLICY_VERSION_MINIMUM=3.5'], 'cmake_clean_cache': False, 'cmake_clean_first': False, 'cmake_force_configure': False, 'cmake_target': None, 'cmake_target_skip_unavailable': False, 'install_base': '/home/namtruong/uuv_sim/install/dave_worlds', 'merge_install': False, 'path': '/home/namtruong/uuv_sim/src/dave_worlds', 'symlink_install': True, 'test_result_base': None}
[0.287s] Level 5:colcon.colcon_core.verb:set package 'dave_gz_sensor_plugins' build argument 'cmake_args' from command line to '['-DCMAKE_POLICY_VERSION_MINIMUM=3.5']'
[0.287s] Level 5:colcon.colcon_core.verb:set package 'dave_gz_sensor_plugins' build argument 'cmake_target' from command line to 'None'
[0.287s] Level 5:colcon.colcon_core.verb:set package 'dave_gz_sensor_plugins' build argument 'cmake_target_skip_unavailable' from command line to 'False'
[0.287s] Level 5:colcon.colcon_core.verb:set package 'dave_gz_sensor_plugins' build argument 'cmake_clean_cache' from command line to 'False'
[0.287s] Level 5:colcon.colcon_core.verb:set package 'dave_gz_sensor_plugins' build argument 'cmake_clean_first' from command line to 'False'
[0.287s] Level 5:colcon.colcon_core.verb:set package 'dave_gz_sensor_plugins' build argument 'cmake_force_configure' from command line to 'False'
[0.287s] Level 5:colcon.colcon_core.verb:set package 'dave_gz_sensor_plugins' build argument 'ament_cmake_args' from command line to 'None'
[0.287s] Level 5:colcon.colcon_core.verb:set package 'dave_gz_sensor_plugins' build argument 'catkin_cmake_args' from command line to 'None'
[0.287s] Level 5:colcon.colcon_core.verb:set package 'dave_gz_sensor_plugins' build argument 'catkin_skip_building_tests' from command line to 'False'
[0.287s] DEBUG:colcon.colcon_core.verb:Building package 'dave_gz_sensor_plugins' with the following arguments: {'ament_cmake_args': None, 'build_base': '/home/namtruong/uuv_sim/build/dave_gz_sensor_plugins', 'catkin_cmake_args': None, 'catkin_skip_building_tests': False, 'cmake_args': ['-DCMAKE_POLICY_VERSION_MINIMUM=3.5'], 'cmake_clean_cache': False, 'cmake_clean_first': False, 'cmake_force_configure': False, 'cmake_target': None, 'cmake_target_skip_unavailable': False, 'install_base': '/home/namtruong/uuv_sim/install/dave_gz_sensor_plugins', 'merge_install': False, 'path': '/home/namtruong/uuv_sim/src/dave_gz_sensor_plugins', 'symlink_install': True, 'test_result_base': None}
[0.287s] Level 5:colcon.colcon_core.verb:set package 'uuv_simu' build argument 'cmake_args' from command line to '['-DCMAKE_POLICY_VERSION_MINIMUM=3.5']'
[0.287s] Level 5:colcon.colcon_core.verb:set package 'uuv_simu' build argument 'cmake_target' from command line to 'None'
[0.287s] Level 5:colcon.colcon_core.verb:set package 'uuv_simu' build argument 'cmake_target_skip_unavailable' from command line to 'False'
[0.287s] Level 5:colcon.colcon_core.verb:set package 'uuv_simu' build argument 'cmake_clean_cache' from command line to 'False'
[0.287s] Level 5:colcon.colcon_core.verb:set package 'uuv_simu' build argument 'cmake_clean_first' from command line to 'False'
[0.287s] Level 5:colcon.colcon_core.verb:set package 'uuv_simu' build argument 'cmake_force_configure' from command line to 'False'
[0.287s] Level 5:colcon.colcon_core.verb:set package 'uuv_simu' build argument 'ament_cmake_args' from command line to 'None'
[0.287s] Level 5:colcon.colcon_core.verb:set package 'uuv_simu' build argument 'catkin_cmake_args' from command line to 'None'
[0.287s] Level 5:colcon.colcon_core.verb:set package 'uuv_simu' build argument 'catkin_skip_building_tests' from command line to 'False'
[0.287s] DEBUG:colcon.colcon_core.verb:Building package 'uuv_simu' with the following arguments: {'ament_cmake_args': None, 'build_base': '/home/namtruong/uuv_sim/build/uuv_simu', 'catkin_cmake_args': None, 'catkin_skip_building_tests': False, 'cmake_args': ['-DCMAKE_POLICY_VERSION_MINIMUM=3.5'], 'cmake_clean_cache': False, 'cmake_clean_first': False, 'cmake_force_configure': False, 'cmake_target': None, 'cmake_target_skip_unavailable': False, 'install_base': '/home/namtruong/uuv_sim/install/uuv_simu', 'merge_install': False, 'path': '/home/namtruong/uuv_sim/src/uuv_simu', 'symlink_install': True, 'test_result_base': None}
[0.288s] INFO:colcon.colcon_core.executor:Executing jobs using 'parallel' executor
[0.288s] DEBUG:colcon.colcon_parallel_executor.executor.parallel:run_until_complete
[0.288s] INFO:colcon.colcon_ros.task.ament_cmake.build:Building ROS package in '/home/namtruong/uuv_sim/src/dave_interfaces' with build type 'ament_cmake'
[0.289s] INFO:colcon.colcon_cmake.task.cmake.build:Building CMake package in '/home/namtruong/uuv_sim/src/dave_interfaces'
[0.290s] INFO:colcon.colcon_core.plugin_system:Skipping extension 'colcon_core.shell.bat': Not used on non-Windows systems
[0.290s] INFO:colcon.colcon_core.shell:Skip shell extension 'powershell' for command environment: Not usable outside of PowerShell
[0.290s] DEBUG:colcon.colcon_core.shell:Skip shell extension 'dsv' for command environment
[0.294s] INFO:colcon.colcon_ros.task.ament_cmake.build:Building ROS package in '/home/namtruong/uuv_sim/src/dave_robot_models' with build type 'ament_cmake'
[0.294s] INFO:colcon.colcon_cmake.task.cmake.build:Building CMake package in '/home/namtruong/uuv_sim/src/dave_robot_models'
[0.294s] INFO:colcon.colcon_core.shell:Skip shell extension 'powershell' for command environment: Not usable outside of PowerShell
[0.294s] DEBUG:colcon.colcon_core.shell:Skip shell extension 'dsv' for command environment
[0.298s] INFO:colcon.colcon_ros.task.ament_cmake.build:Building ROS package in '/home/namtruong/uuv_sim/src/dave_object_models' with build type 'ament_cmake'
[0.298s] INFO:colcon.colcon_cmake.task.cmake.build:Building CMake package in '/home/namtruong/uuv_sim/src/dave_object_models'
[0.298s] INFO:colcon.colcon_core.shell:Skip shell extension 'powershell' for command environment: Not usable outside of PowerShell
[0.298s] DEBUG:colcon.colcon_core.shell:Skip shell extension 'dsv' for command environment
[0.302s] INFO:colcon.colcon_ros.task.ament_cmake.build:Building ROS package in '/home/namtruong/uuv_sim/src/dave_worlds' with build type 'ament_cmake'
[0.303s] INFO:colcon.colcon_cmake.task.cmake.build:Building CMake package in '/home/namtruong/uuv_sim/src/dave_worlds'
[0.303s] INFO:colcon.colcon_core.shell:Skip shell extension 'powershell' for command environment: Not usable outside of PowerShell
[0.303s] DEBUG:colcon.colcon_core.shell:Skip shell extension 'dsv' for command environment
[0.310s] DEBUG:colcon.colcon_core.event_handler.log_command:Invoking command in '/home/namtruong/uuv_sim/build/dave_interfaces': CMAKE_PREFIX_PATH=${CMAKE_PREFIX_PATH}:/home/namtruong/uuv_sim/install/uuv_simu:/home/namtruong/xetuhanh/install/bring_up:/home/namtruong/turtlebot3_ws/install/turtlebot3_teleop:/home/namtruong/turtlebot3_ws/install/turtlebot3_example:/opt/ros/humble /home/namtruong/.local/bin/cmake /home/namtruong/uuv_sim/src/dave_interfaces -DCMAKE_POLICY_VERSION_MINIMUM=3.5 -DAMENT_CMAKE_SYMLINK_INSTALL=1 -DCMAKE_INSTALL_PREFIX=/home/namtruong/uuv_sim/install/dave_interfaces
[0.312s] DEBUG:colcon.colcon_core.event_handler.log_command:Invoking command in '/home/namtruong/uuv_sim/build/dave_robot_models': CMAKE_PREFIX_PATH=${CMAKE_PREFIX_PATH}:/home/namtruong/uuv_sim/install/uuv_simu:/home/namtruong/xetuhanh/install/bring_up:/home/namtruong/turtlebot3_ws/install/turtlebot3_teleop:/home/namtruong/turtlebot3_ws/install/turtlebot3_example:/opt/ros/humble /home/namtruong/.local/bin/cmake /home/namtruong/uuv_sim/src/dave_robot_models -DCMAKE_POLICY_VERSION_MINIMUM=3.5 -DAMENT_CMAKE_SYMLINK_INSTALL=1 -DCMAKE_INSTALL_PREFIX=/home/namtruong/uuv_sim/install/dave_robot_models
[0.314s] DEBUG:colcon.colcon_core.event_handler.log_command:Invoking command in '/home/namtruong/uuv_sim/build/dave_object_models': CMAKE_PREFIX_PATH=${CMAKE_PREFIX_PATH}:/home/namtruong/uuv_sim/install/uuv_simu:/home/namtruong/xetuhanh/install/bring_up:/home/namtruong/turtlebot3_ws/install/turtlebot3_teleop:/home/namtruong/turtlebot3_ws/install/turtlebot3_example:/opt/ros/humble /home/namtruong/.local/bin/cmake /home/namtruong/uuv_sim/src/dave_object_models -DCMAKE_POLICY_VERSION_MINIMUM=3.5 -DAMENT_CMAKE_SYMLINK_INSTALL=1 -DCMAKE_INSTALL_PREFIX=/home/namtruong/uuv_sim/install/dave_object_models
[0.316s] DEBUG:colcon.colcon_core.event_handler.log_command:Invoking command in '/home/namtruong/uuv_sim/build/dave_worlds': CMAKE_PREFIX_PATH=${CMAKE_PREFIX_PATH}:/home/namtruong/uuv_sim/install/uuv_simu:/home/namtruong/xetuhanh/install/bring_up:/home/namtruong/turtlebot3_ws/install/turtlebot3_teleop:/home/namtruong/turtlebot3_ws/install/turtlebot3_example:/opt/ros/humble /home/namtruong/.local/bin/cmake /home/namtruong/uuv_sim/src/dave_worlds -DCMAKE_POLICY_VERSION_MINIMUM=3.5 -DAMENT_CMAKE_SYMLINK_INSTALL=1 -DCMAKE_INSTALL_PREFIX=/home/namtruong/uuv_sim/install/dave_worlds
[0.917s] DEBUG:colcon.colcon_core.event_handler.log_command:Invoked command in '/home/namtruong/uuv_sim/build/dave_object_models' returned '0': CMAKE_PREFIX_PATH=${CMAKE_PREFIX_PATH}:/home/namtruong/uuv_sim/install/uuv_simu:/home/namtruong/xetuhanh/install/bring_up:/home/namtruong/turtlebot3_ws/install/turtlebot3_teleop:/home/namtruong/turtlebot3_ws/install/turtlebot3_example:/opt/ros/humble /home/namtruong/.local/bin/cmake /home/namtruong/uuv_sim/src/dave_object_models -DCMAKE_POLICY_VERSION_MINIMUM=3.5 -DAMENT_CMAKE_SYMLINK_INSTALL=1 -DCMAKE_INSTALL_PREFIX=/home/namtruong/uuv_sim/install/dave_object_models
[0.919s] DEBUG:colcon.colcon_core.event_handler.log_command:Invoking command in '/home/namtruong/uuv_sim/build/dave_object_models': CMAKE_PREFIX_PATH=${CMAKE_PREFIX_PATH}:/home/namtruong/uuv_sim/install/uuv_simu:/home/namtruong/xetuhanh/install/bring_up:/home/namtruong/turtlebot3_ws/install/turtlebot3_teleop:/home/namtruong/turtlebot3_ws/install/turtlebot3_example:/opt/ros/humble /home/namtruong/.local/bin/cmake --build /home/namtruong/uuv_sim/build/dave_object_models -- -j16 -l16
[0.920s] DEBUG:colcon.colcon_core.event_handler.log_command:Invoked command in '/home/namtruong/uuv_sim/build/dave_robot_models' returned '0': CMAKE_PREFIX_PATH=${CMAKE_PREFIX_PATH}:/home/namtruong/uuv_sim/install/uuv_simu:/home/namtruong/xetuhanh/install/bring_up:/home/namtruong/turtlebot3_ws/install/turtlebot3_teleop:/home/namtruong/turtlebot3_ws/install/turtlebot3_example:/opt/ros/humble /home/namtruong/.local/bin/cmake /home/namtruong/uuv_sim/src/dave_robot_models -DCMAKE_POLICY_VERSION_MINIMUM=3.5 -DAMENT_CMAKE_SYMLINK_INSTALL=1 -DCMAKE_INSTALL_PREFIX=/home/namtruong/uuv_sim/install/dave_robot_models
[0.921s] DEBUG:colcon.colcon_core.event_handler.log_command:Invoking command in '/home/namtruong/uuv_sim/build/dave_robot_models': CMAKE_PREFIX_PATH=${CMAKE_PREFIX_PATH}:/home/namtruong/uuv_sim/install/uuv_simu:/home/namtruong/xetuhanh/install/bring_up:/home/namtruong/turtlebot3_ws/install/turtlebot3_teleop:/home/namtruong/turtlebot3_ws/install/turtlebot3_example:/opt/ros/humble /home/namtruong/.local/bin/cmake --build /home/namtruong/uuv_sim/build/dave_robot_models -- -j16 -l16
[0.923s] DEBUG:colcon.colcon_core.event_handler.log_command:Invoked command in '/home/namtruong/uuv_sim/build/dave_worlds' returned '0': CMAKE_PREFIX_PATH=${CMAKE_PREFIX_PATH}:/home/namtruong/uuv_sim/install/uuv_simu:/home/namtruong/xetuhanh/install/bring_up:/home/namtruong/turtlebot3_ws/install/turtlebot3_teleop:/home/namtruong/turtlebot3_ws/install/turtlebot3_example:/opt/ros/humble /home/namtruong/.local/bin/cmake /home/namtruong/uuv_sim/src/dave_worlds -DCMAKE_POLICY_VERSION_MINIMUM=3.5 -DAMENT_CMAKE_SYMLINK_INSTALL=1 -DCMAKE_INSTALL_PREFIX=/home/namtruong/uuv_sim/install/dave_worlds
[0.923s] DEBUG:colcon.colcon_core.event_handler.log_command:Invoking command in '/home/namtruong/uuv_sim/build/dave_worlds': CMAKE_PREFIX_PATH=${CMAKE_PREFIX_PATH}:/home/namtruong/uuv_sim/install/uuv_simu:/home/namtruong/xetuhanh/install/bring_up:/home/namtruong/turtlebot3_ws/install/turtlebot3_teleop:/home/namtruong/turtlebot3_ws/install/turtlebot3_example:/opt/ros/humble /home/namtruong/.local/bin/cmake --build /home/namtruong/uuv_sim/build/dave_worlds -- -j16 -l16
[0.997s] DEBUG:colcon.colcon_core.event_handler.log_command:Invoked command in '/home/namtruong/uuv_sim/build/dave_object_models' returned '0': CMAKE_PREFIX_PATH=${CMAKE_PREFIX_PATH}:/home/namtruong/uuv_sim/install/uuv_simu:/home/namtruong/xetuhanh/install/bring_up:/home/namtruong/turtlebot3_ws/install/turtlebot3_teleop:/home/namtruong/turtlebot3_ws/install/turtlebot3_example:/opt/ros/humble /home/namtruong/.local/bin/cmake --build /home/namtruong/uuv_sim/build/dave_object_models -- -j16 -l16
[1.060s] DEBUG:colcon.colcon_core.event_handler.log_command:Invoking command in '/home/namtruong/uuv_sim/build/dave_object_models': CMAKE_PREFIX_PATH=${CMAKE_PREFIX_PATH}:/home/namtruong/uuv_sim/install/uuv_simu:/home/namtruong/xetuhanh/install/bring_up:/home/namtruong/turtlebot3_ws/install/turtlebot3_teleop:/home/namtruong/turtlebot3_ws/install/turtlebot3_example:/opt/ros/humble /home/namtruong/.local/bin/cmake --install /home/namtruong/uuv_sim/build/dave_object_models
[1.062s] DEBUG:colcon.colcon_core.event_handler.log_command:Invoked command in '/home/namtruong/uuv_sim/build/dave_worlds' returned '0': CMAKE_PREFIX_PATH=${CMAKE_PREFIX_PATH}:/home/namtruong/uuv_sim/install/uuv_simu:/home/namtruong/xetuhanh/install/bring_up:/home/namtruong/turtlebot3_ws/install/turtlebot3_teleop:/home/namtruong/turtlebot3_ws/install/turtlebot3_example:/opt/ros/humble /home/namtruong/.local/bin/cmake --build /home/namtruong/uuv_sim/build/dave_worlds -- -j16 -l16
[1.063s] DEBUG:colcon.colcon_core.event_handler.log_command:Invoking command in '/home/namtruong/uuv_sim/build/dave_worlds': CMAKE_PREFIX_PATH=${CMAKE_PREFIX_PATH}:/home/namtruong/uuv_sim/install/uuv_simu:/home/namtruong/xetuhanh/install/bring_up:/home/namtruong/turtlebot3_ws/install/turtlebot3_teleop:/home/namtruong/turtlebot3_ws/install/turtlebot3_example:/opt/ros/humble /home/namtruong/.local/bin/cmake --install /home/namtruong/uuv_sim/build/dave_worlds
[1.064s] DEBUG:colcon.colcon_core.event_handler.log_command:Invoked command in '/home/namtruong/uuv_sim/build/dave_robot_models' returned '0': CMAKE_PREFIX_PATH=${CMAKE_PREFIX_PATH}:/home/namtruong/uuv_sim/install/uuv_simu:/home/namtruong/xetuhanh/install/bring_up:/home/namtruong/turtlebot3_ws/install/turtlebot3_teleop:/home/namtruong/turtlebot3_ws/install/turtlebot3_example:/opt/ros/humble /home/namtruong/.local/bin/cmake --build /home/namtruong/uuv_sim/build/dave_robot_models -- -j16 -l16
[1.064s] DEBUG:colcon.colcon_core.event_handler.log_command:Invoking command in '/home/namtruong/uuv_sim/build/dave_robot_models': CMAKE_PREFIX_PATH=${CMAKE_PREFIX_PATH}:/home/namtruong/uuv_sim/install/uuv_simu:/home/namtruong/xetuhanh/install/bring_up:/home/namtruong/turtlebot3_ws/install/turtlebot3_teleop:/home/namtruong/turtlebot3_ws/install/turtlebot3_example:/opt/ros/humble /home/namtruong/.local/bin/cmake --install /home/namtruong/uuv_sim/build/dave_robot_models
[1.190s] Level 1:colcon.colcon_core.environment:create_environment_scripts_only(dave_object_models)
[1.190s] DEBUG:colcon.colcon_core.event_handler.log_command:Invoked command in '/home/namtruong/uuv_sim/build/dave_object_models' returned '0': CMAKE_PREFIX_PATH=${CMAKE_PREFIX_PATH}:/home/namtruong/uuv_sim/install/uuv_simu:/home/namtruong/xetuhanh/install/bring_up:/home/namtruong/turtlebot3_ws/install/turtlebot3_teleop:/home/namtruong/turtlebot3_ws/install/turtlebot3_example:/opt/ros/humble /home/namtruong/.local/bin/cmake --install /home/namtruong/uuv_sim/build/dave_object_models
[1.192s] Level 1:colcon.colcon_core.environment:checking '/home/namtruong/uuv_sim/install/dave_object_models' for CMake module files
[1.192s] Level 1:colcon.colcon_core.environment:checking '/home/namtruong/uuv_sim/install/dave_object_models' for CMake config files
[1.192s] Level 1:colcon.colcon_core.shell:create_environment_hook('dave_object_models', 'cmake_prefix_path')
[1.193s] INFO:colcon.colcon_core.shell:Creating environment hook '/home/namtruong/uuv_sim/install/dave_object_models/share/dave_object_models/hook/cmake_prefix_path.ps1'
[1.193s] INFO:colcon.colcon_core.shell:Creating environment descriptor '/home/namtruong/uuv_sim/install/dave_object_models/share/dave_object_models/hook/cmake_prefix_path.dsv'
[1.193s] INFO:colcon.colcon_core.shell:Creating environment hook '/home/namtruong/uuv_sim/install/dave_object_models/share/dave_object_models/hook/cmake_prefix_path.sh'
[1.194s] Level 1:colcon.colcon_core.environment:checking '/home/namtruong/uuv_sim/install/dave_object_models/bin'
[1.194s] Level 1:colcon.colcon_core.environment:checking '/home/namtruong/uuv_sim/install/dave_object_models/lib/pkgconfig/dave_object_models.pc'
[1.194s] Level 1:colcon.colcon_core.environment:checking '/home/namtruong/uuv_sim/install/dave_object_models/lib/python3.10/site-packages'
[1.194s] Level 1:colcon.colcon_core.environment:checking '/home/namtruong/uuv_sim/install/dave_object_models/bin'
[1.195s] INFO:colcon.colcon_core.shell:Creating package script '/home/namtruong/uuv_sim/install/dave_object_models/share/dave_object_models/package.ps1'
[1.196s] INFO:colcon.colcon_core.shell:Creating package descriptor '/home/namtruong/uuv_sim/install/dave_object_models/share/dave_object_models/package.dsv'
[1.196s] INFO:colcon.colcon_core.shell:Creating package script '/home/namtruong/uuv_sim/install/dave_object_models/share/dave_object_models/package.sh'
[1.197s] INFO:colcon.colcon_core.shell:Creating package script '/home/namtruong/uuv_sim/install/dave_object_models/share/dave_object_models/package.bash'
[1.197s] INFO:colcon.colcon_core.shell:Creating package script '/home/namtruong/uuv_sim/install/dave_object_models/share/dave_object_models/package.zsh'
[1.198s] Level 1:colcon.colcon_core.environment:create_file_with_runtime_dependencies(/home/namtruong/uuv_sim/install/dave_object_models/share/colcon-core/packages/dave_object_models)
[1.198s] Level 1:colcon.colcon_core.environment:create_environment_scripts_only(dave_object_models)
[1.198s] Level 1:colcon.colcon_core.environment:checking '/home/namtruong/uuv_sim/install/dave_object_models' for CMake module files
[1.199s] Level 1:colcon.colcon_core.environment:checking '/home/namtruong/uuv_sim/install/dave_object_models' for CMake config files
[1.199s] Level 1:colcon.colcon_core.shell:create_environment_hook('dave_object_models', 'cmake_prefix_path')
[1.199s] INFO:colcon.colcon_core.shell:Creating environment hook '/home/namtruong/uuv_sim/install/dave_object_models/share/dave_object_models/hook/cmake_prefix_path.ps1'
[1.199s] INFO:colcon.colcon_core.shell:Creating environment descriptor '/home/namtruong/uuv_sim/install/dave_object_models/share/dave_object_models/hook/cmake_prefix_path.dsv'
[1.200s] INFO:colcon.colcon_core.shell:Creating environment hook '/home/namtruong/uuv_sim/install/dave_object_models/share/dave_object_models/hook/cmake_prefix_path.sh'
[1.200s] Level 1:colcon.colcon_core.environment:checking '/home/namtruong/uuv_sim/install/dave_object_models/bin'
[1.200s] Level 1:colcon.colcon_core.environment:checking '/home/namtruong/uuv_sim/install/dave_object_models/lib/pkgconfig/dave_object_models.pc'
[1.200s] Level 1:colcon.colcon_core.environment:checking '/home/namtruong/uuv_sim/install/dave_object_models/lib/python3.10/site-packages'
[1.200s] Level 1:colcon.colcon_core.environment:checking '/home/namtruong/uuv_sim/install/dave_object_models/bin'
[1.201s] INFO:colcon.colcon_core.shell:Creating package script '/home/namtruong/uuv_sim/install/dave_object_models/share/dave_object_models/package.ps1'
[1.201s] INFO:colcon.colcon_core.shell:Creating package descriptor '/home/namtruong/uuv_sim/install/dave_object_models/share/dave_object_models/package.dsv'
[1.202s] INFO:colcon.colcon_core.shell:Creating package script '/home/namtruong/uuv_sim/install/dave_object_models/share/dave_object_models/package.sh'
[1.202s] INFO:colcon.colcon_core.shell:Creating package script '/home/namtruong/uuv_sim/install/dave_object_models/share/dave_object_models/package.bash'
[1.202s] INFO:colcon.colcon_core.shell:Creating package script '/home/namtruong/uuv_sim/install/dave_object_models/share/dave_object_models/package.zsh'
[1.203s] Level 1:colcon.colcon_core.environment:create_file_with_runtime_dependencies(/home/namtruong/uuv_sim/install/dave_object_models/share/colcon-core/packages/dave_object_models)
[1.269s] Level 1:colcon.colcon_core.environment:create_environment_scripts_only(dave_worlds)
[1.269s] Level 1:colcon.colcon_core.environment:checking '/home/namtruong/uuv_sim/install/dave_worlds' for CMake module files
[1.269s] DEBUG:colcon.colcon_core.event_handler.log_command:Invoked command in '/home/namtruong/uuv_sim/build/dave_worlds' returned '0': CMAKE_PREFIX_PATH=${CMAKE_PREFIX_PATH}:/home/namtruong/uuv_sim/install/uuv_simu:/home/namtruong/xetuhanh/install/bring_up:/home/namtruong/turtlebot3_ws/install/turtlebot3_teleop:/home/namtruong/turtlebot3_ws/install/turtlebot3_example:/opt/ros/humble /home/namtruong/.local/bin/cmake --install /home/namtruong/uuv_sim/build/dave_worlds
[1.270s] Level 1:colcon.colcon_core.environment:checking '/home/namtruong/uuv_sim/install/dave_worlds' for CMake config files
[1.270s] Level 1:colcon.colcon_core.shell:create_environment_hook('dave_worlds', 'cmake_prefix_path')
[1.270s] INFO:colcon.colcon_core.shell:Creating environment hook '/home/namtruong/uuv_sim/install/dave_worlds/share/dave_worlds/hook/cmake_prefix_path.ps1'
[1.270s] INFO:colcon.colcon_core.shell:Creating environment descriptor '/home/namtruong/uuv_sim/install/dave_worlds/share/dave_worlds/hook/cmake_prefix_path.dsv'
[1.271s] INFO:colcon.colcon_core.shell:Creating environment hook '/home/namtruong/uuv_sim/install/dave_worlds/share/dave_worlds/hook/cmake_prefix_path.sh'
[1.271s] Level 1:colcon.colcon_core.environment:checking '/home/namtruong/uuv_sim/install/dave_worlds/bin'
[1.271s] Level 1:colcon.colcon_core.environment:checking '/home/namtruong/uuv_sim/install/dave_worlds/lib/pkgconfig/dave_worlds.pc'
[1.271s] Level 1:colcon.colcon_core.environment:checking '/home/namtruong/uuv_sim/install/dave_worlds/lib/python3.10/site-packages'
[1.271s] Level 1:colcon.colcon_core.environment:checking '/home/namtruong/uuv_sim/install/dave_worlds/bin'
[1.272s] INFO:colcon.colcon_core.shell:Creating package script '/home/namtruong/uuv_sim/install/dave_worlds/share/dave_worlds/package.ps1'
[1.272s] INFO:colcon.colcon_core.shell:Creating package descriptor '/home/namtruong/uuv_sim/install/dave_worlds/share/dave_worlds/package.dsv'
[1.272s] INFO:colcon.colcon_core.shell:Creating package script '/home/namtruong/uuv_sim/install/dave_worlds/share/dave_worlds/package.sh'
[1.273s] INFO:colcon.colcon_core.shell:Creating package script '/home/namtruong/uuv_sim/install/dave_worlds/share/dave_worlds/package.bash'
[1.273s] INFO:colcon.colcon_core.shell:Creating package script '/home/namtruong/uuv_sim/install/dave_worlds/share/dave_worlds/package.zsh'
[1.273s] Level 1:colcon.colcon_core.environment:create_file_with_runtime_dependencies(/home/namtruong/uuv_sim/install/dave_worlds/share/colcon-core/packages/dave_worlds)
[1.273s] Level 1:colcon.colcon_core.environment:create_environment_scripts_only(dave_worlds)
[1.273s] Level 1:colcon.colcon_core.environment:checking '/home/namtruong/uuv_sim/install/dave_worlds' for CMake module files
[1.274s] Level 1:colcon.colcon_core.environment:checking '/home/namtruong/uuv_sim/install/dave_worlds' for CMake config files
[1.274s] Level 1:colcon.colcon_core.shell:create_environment_hook('dave_worlds', 'cmake_prefix_path')
[1.274s] INFO:colcon.colcon_core.shell:Creating environment hook '/home/namtruong/uuv_sim/install/dave_worlds/share/dave_worlds/hook/cmake_prefix_path.ps1'
[1.275s] INFO:colcon.colcon_core.shell:Creating environment descriptor '/home/namtruong/uuv_sim/install/dave_worlds/share/dave_worlds/hook/cmake_prefix_path.dsv'
[1.275s] INFO:colcon.colcon_core.shell:Creating environment hook '/home/namtruong/uuv_sim/install/dave_worlds/share/dave_worlds/hook/cmake_prefix_path.sh'
[1.275s] Level 1:colcon.colcon_core.environment:checking '/home/namtruong/uuv_sim/install/dave_worlds/bin'
[1.275s] Level 1:colcon.colcon_core.environment:checking '/home/namtruong/uuv_sim/install/dave_worlds/lib/pkgconfig/dave_worlds.pc'
[1.275s] Level 1:colcon.colcon_core.environment:checking '/home/namtruong/uuv_sim/install/dave_worlds/lib/python3.10/site-packages'
[1.276s] Level 1:colcon.colcon_core.environment:checking '/home/namtruong/uuv_sim/install/dave_worlds/bin'
[1.276s] INFO:colcon.colcon_core.shell:Creating package script '/home/namtruong/uuv_sim/install/dave_worlds/share/dave_worlds/package.ps1'
[1.276s] INFO:colcon.colcon_core.shell:Creating package descriptor '/home/namtruong/uuv_sim/install/dave_worlds/share/dave_worlds/package.dsv'
[1.276s] INFO:colcon.colcon_core.shell:Creating package script '/home/namtruong/uuv_sim/install/dave_worlds/share/dave_worlds/package.sh'
[1.277s] INFO:colcon.colcon_core.shell:Creating package script '/home/namtruong/uuv_sim/install/dave_worlds/share/dave_worlds/package.bash'
[1.277s] INFO:colcon.colcon_core.shell:Creating package script '/home/namtruong/uuv_sim/install/dave_worlds/share/dave_worlds/package.zsh'
[1.277s] Level 1:colcon.colcon_core.environment:create_file_with_runtime_dependencies(/home/namtruong/uuv_sim/install/dave_worlds/share/colcon-core/packages/dave_worlds)
[1.332s] Level 1:colcon.colcon_core.environment:create_environment_scripts_only(dave_robot_models)
[1.332s] DEBUG:colcon.colcon_core.event_handler.log_command:Invoked command in '/home/namtruong/uuv_sim/build/dave_robot_models' returned '0': CMAKE_PREFIX_PATH=${CMAKE_PREFIX_PATH}:/home/namtruong/uuv_sim/install/uuv_simu:/home/namtruong/xetuhanh/install/bring_up:/home/namtruong/turtlebot3_ws/install/turtlebot3_teleop:/home/namtruong/turtlebot3_ws/install/turtlebot3_example:/opt/ros/humble /home/namtruong/.local/bin/cmake --install /home/namtruong/uuv_sim/build/dave_robot_models
[1.333s] Level 1:colcon.colcon_core.environment:checking '/home/namtruong/uuv_sim/install/dave_robot_models' for CMake module files
[1.333s] Level 1:colcon.colcon_core.environment:checking '/home/namtruong/uuv_sim/install/dave_robot_models' for CMake config files
[1.334s] Level 1:colcon.colcon_core.shell:create_environment_hook('dave_robot_models', 'cmake_prefix_path')
[1.334s] INFO:colcon.colcon_core.shell:Creating environment hook '/home/namtruong/uuv_sim/install/dave_robot_models/share/dave_robot_models/hook/cmake_prefix_path.ps1'
[1.335s] INFO:colcon.colcon_core.shell:Creating environment descriptor '/home/namtruong/uuv_sim/install/dave_robot_models/share/dave_robot_models/hook/cmake_prefix_path.dsv'
[1.335s] INFO:colcon.colcon_core.shell:Creating environment hook '/home/namtruong/uuv_sim/install/dave_robot_models/share/dave_robot_models/hook/cmake_prefix_path.sh'
[1.335s] Level 1:colcon.colcon_core.environment:checking '/home/namtruong/uuv_sim/install/dave_robot_models/lib'
[1.335s] Level 1:colcon.colcon_core.environment:checking '/home/namtruong/uuv_sim/install/dave_robot_models/bin'
[1.335s] Level 1:colcon.colcon_core.environment:checking '/home/namtruong/uuv_sim/install/dave_robot_models/lib/pkgconfig/dave_robot_models.pc'
[1.335s] Level 1:colcon.colcon_core.environment:checking '/home/namtruong/uuv_sim/install/dave_robot_models/lib/python3.10/site-packages'
[1.336s] Level 1:colcon.colcon_core.environment:checking '/home/namtruong/uuv_sim/install/dave_robot_models/bin'
[1.336s] INFO:colcon.colcon_core.shell:Creating package script '/home/namtruong/uuv_sim/install/dave_robot_models/share/dave_robot_models/package.ps1'
[1.336s] INFO:colcon.colcon_core.shell:Creating package descriptor '/home/namtruong/uuv_sim/install/dave_robot_models/share/dave_robot_models/package.dsv'
[1.336s] INFO:colcon.colcon_core.shell:Creating package script '/home/namtruong/uuv_sim/install/dave_robot_models/share/dave_robot_models/package.sh'
[1.337s] INFO:colcon.colcon_core.shell:Creating package script '/home/namtruong/uuv_sim/install/dave_robot_models/share/dave_robot_models/package.bash'
[1.337s] INFO:colcon.colcon_core.shell:Creating package script '/home/namtruong/uuv_sim/install/dave_robot_models/share/dave_robot_models/package.zsh'
[1.337s] Level 1:colcon.colcon_core.environment:create_file_with_runtime_dependencies(/home/namtruong/uuv_sim/install/dave_robot_models/share/colcon-core/packages/dave_robot_models)
[1.337s] Level 1:colcon.colcon_core.environment:create_environment_scripts_only(dave_robot_models)
[1.338s] Level 1:colcon.colcon_core.environment:checking '/home/namtruong/uuv_sim/install/dave_robot_models' for CMake module files
[1.338s] Level 1:colcon.colcon_core.environment:checking '/home/namtruong/uuv_sim/install/dave_robot_models' for CMake config files
[1.339s] Level 1:colcon.colcon_core.shell:create_environment_hook('dave_robot_models', 'cmake_prefix_path')
[1.339s] INFO:colcon.colcon_core.shell:Creating environment hook '/home/namtruong/uuv_sim/install/dave_robot_models/share/dave_robot_models/hook/cmake_prefix_path.ps1'
[1.339s] INFO:colcon.colcon_core.shell:Creating environment descriptor '/home/namtruong/uuv_sim/install/dave_robot_models/share/dave_robot_models/hook/cmake_prefix_path.dsv'
[1.339s] INFO:colcon.colcon_core.shell:Creating environment hook '/home/namtruong/uuv_sim/install/dave_robot_models/share/dave_robot_models/hook/cmake_prefix_path.sh'
[1.339s] Level 1:colcon.colcon_core.environment:checking '/home/namtruong/uuv_sim/install/dave_robot_models/lib'
[1.340s] Level 1:colcon.colcon_core.environment:checking '/home/namtruong/uuv_sim/install/dave_robot_models/bin'
[1.340s] Level 1:colcon.colcon_core.environment:checking '/home/namtruong/uuv_sim/install/dave_robot_models/lib/pkgconfig/dave_robot_models.pc'
[1.340s] Level 1:colcon.colcon_core.environment:checking '/home/namtruong/uuv_sim/install/dave_robot_models/lib/python3.10/site-packages'
[1.340s] Level 1:colcon.colcon_core.environment:checking '/home/namtruong/uuv_sim/install/dave_robot_models/bin'
[1.340s] INFO:colcon.colcon_core.shell:Creating package script '/home/namtruong/uuv_sim/install/dave_robot_models/share/dave_robot_models/package.ps1'
[1.340s] INFO:colcon.colcon_core.shell:Creating package descriptor '/home/namtruong/uuv_sim/install/dave_robot_models/share/dave_robot_models/package.dsv'
[1.341s] INFO:colcon.colcon_core.shell:Creating package script '/home/namtruong/uuv_sim/install/dave_robot_models/share/dave_robot_models/package.sh'
[1.341s] INFO:colcon.colcon_core.shell:Creating package script '/home/namtruong/uuv_sim/install/dave_robot_models/share/dave_robot_models/package.bash'
[1.341s] INFO:colcon.colcon_core.shell:Creating package script '/home/namtruong/uuv_sim/install/dave_robot_models/share/dave_robot_models/package.zsh'
[1.342s] Level 1:colcon.colcon_core.environment:create_file_with_runtime_dependencies(/home/namtruong/uuv_sim/install/dave_robot_models/share/colcon-core/packages/dave_robot_models)
[1.342s] INFO:colcon.colcon_ros.task.ament_python.build:Building ROS package in '/home/namtruong/uuv_sim/src/uuv_simu' with build type 'ament_python'
[1.342s] Level 1:colcon.colcon_core.shell:create_environment_hook('uuv_simu', 'ament_prefix_path')
[1.342s] INFO:colcon.colcon_core.shell:Creating environment hook '/home/namtruong/uuv_sim/install/uuv_simu/share/uuv_simu/hook/ament_prefix_path.ps1'
[1.343s] INFO:colcon.colcon_core.shell:Creating environment descriptor '/home/namtruong/uuv_sim/install/uuv_simu/share/uuv_simu/hook/ament_prefix_path.dsv'
[1.343s] INFO:colcon.colcon_core.shell:Creating environment hook '/home/namtruong/uuv_sim/install/uuv_simu/share/uuv_simu/hook/ament_prefix_path.sh'
[1.343s] INFO:colcon.colcon_core.shell:Skip shell extension 'powershell' for command environment: Not usable outside of PowerShell
[1.343s] DEBUG:colcon.colcon_core.shell:Skip shell extension 'dsv' for command environment
[1.557s] INFO:colcon.colcon_core.task.python.build:Building Python package in '/home/namtruong/uuv_sim/src/uuv_simu'
[1.557s] INFO:colcon.colcon_core.shell:Skip shell extension 'powershell' for command environment: Not usable outside of PowerShell
[1.557s] DEBUG:colcon.colcon_core.shell:Skip shell extension 'dsv' for command environment
[1.825s] DEBUG:colcon.colcon_core.event_handler.log_command:Invoking command in '/home/namtruong/uuv_sim/build/uuv_simu': AMENT_PREFIX_PATH=/home/namtruong/uuv_sim/install/dave_robot_models:${AMENT_PREFIX_PATH} CMAKE_PREFIX_PATH=/home/namtruong/uuv_sim/install/dave_robot_models:${CMAKE_PREFIX_PATH} PYTHONPATH=/home/namtruong/uuv_sim/build/uuv_simu/prefix_override:/usr/lib/python3/dist-packages/colcon_core/task/python/colcon_distutils_commands:/home/namtruong/uuv_sim/install/uuv_simu/lib/python3.10/site-packages:${PYTHONPATH} /usr/bin/python3 -W ignore:setup.py install is deprecated -W ignore:easy_install command is deprecated setup.py develop --editable --build-directory /home/namtruong/uuv_sim/build/uuv_simu/build --no-deps symlink_data
[2.198s] Level 1:colcon.colcon_core.shell:create_environment_hook('uuv_simu', 'pythonpath_develop')
[2.198s] INFO:colcon.colcon_core.shell:Creating environment hook '/home/namtruong/uuv_sim/build/uuv_simu/share/uuv_simu/hook/pythonpath_develop.ps1'
[2.198s] DEBUG:colcon.colcon_core.event_handler.log_command:Invoked command in '/home/namtruong/uuv_sim/build/uuv_simu' returned '0': AMENT_PREFIX_PATH=/home/namtruong/uuv_sim/install/dave_robot_models:${AMENT_PREFIX_PATH} CMAKE_PREFIX_PATH=/home/namtruong/uuv_sim/install/dave_robot_models:${CMAKE_PREFIX_PATH} PYTHONPATH=/home/namtruong/uuv_sim/build/uuv_simu/prefix_override:/usr/lib/python3/dist-packages/colcon_core/task/python/colcon_distutils_commands:/home/namtruong/uuv_sim/install/uuv_simu/lib/python3.10/site-packages:${PYTHONPATH} /usr/bin/python3 -W ignore:setup.py install is deprecated -W ignore:easy_install command is deprecated setup.py develop --editable --build-directory /home/namtruong/uuv_sim/build/uuv_simu/build --no-deps symlink_data
[2.199s] INFO:colcon.colcon_core.shell:Creating environment descriptor '/home/namtruong/uuv_sim/build/uuv_simu/share/uuv_simu/hook/pythonpath_develop.dsv'
[2.199s] INFO:colcon.colcon_core.shell:Creating environment hook '/home/namtruong/uuv_sim/build/uuv_simu/share/uuv_simu/hook/pythonpath_develop.sh'
[2.199s] Level 1:colcon.colcon_core.environment:checking '/home/namtruong/uuv_sim/install/uuv_simu' for CMake module files
[2.200s] Level 1:colcon.colcon_core.environment:checking '/home/namtruong/uuv_sim/install/uuv_simu' for CMake config files
[2.200s] Level 1:colcon.colcon_core.environment:checking '/home/namtruong/uuv_sim/install/uuv_simu/lib'
[2.200s] Level 1:colcon.colcon_core.environment:checking '/home/namtruong/uuv_sim/install/uuv_simu/bin'
[2.200s] Level 1:colcon.colcon_core.environment:checking '/home/namtruong/uuv_sim/install/uuv_simu/lib/pkgconfig/uuv_simu.pc'
[2.200s] Level 1:colcon.colcon_core.environment:checking '/home/namtruong/uuv_sim/install/uuv_simu/lib/python3.10/site-packages'
[2.200s] Level 1:colcon.colcon_core.shell:create_environment_hook('uuv_simu', 'pythonpath')
[2.200s] INFO:colcon.colcon_core.shell:Creating environment hook '/home/namtruong/uuv_sim/install/uuv_simu/share/uuv_simu/hook/pythonpath.ps1'
[2.201s] INFO:colcon.colcon_core.shell:Creating environment descriptor '/home/namtruong/uuv_sim/install/uuv_simu/share/uuv_simu/hook/pythonpath.dsv'
[2.201s] INFO:colcon.colcon_core.shell:Creating environment hook '/home/namtruong/uuv_sim/install/uuv_simu/share/uuv_simu/hook/pythonpath.sh'
[2.201s] Level 1:colcon.colcon_core.environment:checking '/home/namtruong/uuv_sim/install/uuv_simu/bin'
[2.201s] Level 1:colcon.colcon_core.environment:create_environment_scripts_only(uuv_simu)
[2.201s] INFO:colcon.colcon_core.shell:Creating package script '/home/namtruong/uuv_sim/install/uuv_simu/share/uuv_simu/package.ps1'
[2.202s] INFO:colcon.colcon_core.shell:Creating package descriptor '/home/namtruong/uuv_sim/install/uuv_simu/share/uuv_simu/package.dsv'
[2.202s] INFO:colcon.colcon_core.shell:Creating package script '/home/namtruong/uuv_sim/install/uuv_simu/share/uuv_simu/package.sh'
[2.202s] INFO:colcon.colcon_core.shell:Creating package script '/home/namtruong/uuv_sim/install/uuv_simu/share/uuv_simu/package.bash'
[2.203s] INFO:colcon.colcon_core.shell:Creating package script '/home/namtruong/uuv_sim/install/uuv_simu/share/uuv_simu/package.zsh'
[2.203s] Level 1:colcon.colcon_core.environment:create_file_with_runtime_dependencies(/home/namtruong/uuv_sim/install/uuv_simu/share/colcon-core/packages/uuv_simu)
[3.346s] DEBUG:colcon.colcon_core.event_handler.log_command:Invoked command in '/home/namtruong/uuv_sim/build/dave_interfaces' returned '0': CMAKE_PREFIX_PATH=${CMAKE_PREFIX_PATH}:/home/namtruong/uuv_sim/install/uuv_simu:/home/namtruong/xetuhanh/install/bring_up:/home/namtruong/turtlebot3_ws/install/turtlebot3_teleop:/home/namtruong/turtlebot3_ws/install/turtlebot3_example:/opt/ros/humble /home/namtruong/.local/bin/cmake /home/namtruong/uuv_sim/src/dave_interfaces -DCMAKE_POLICY_VERSION_MINIMUM=3.5 -DAMENT_CMAKE_SYMLINK_INSTALL=1 -DCMAKE_INSTALL_PREFIX=/home/namtruong/uuv_sim/install/dave_interfaces
[3.346s] DEBUG:colcon.colcon_core.event_handler.log_command:Invoking command in '/home/namtruong/uuv_sim/build/dave_interfaces': CMAKE_PREFIX_PATH=${CMAKE_PREFIX_PATH}:/home/namtruong/uuv_sim/install/uuv_simu:/home/namtruong/xetuhanh/install/bring_up:/home/namtruong/turtlebot3_ws/install/turtlebot3_teleop:/home/namtruong/turtlebot3_ws/install/turtlebot3_example:/opt/ros/humble /home/namtruong/.local/bin/cmake --build /home/namtruong/uuv_sim/build/dave_interfaces -- -j16 -l16
[10.751s] DEBUG:colcon.colcon_core.event_handler.log_command:Invoked command in '/home/namtruong/uuv_sim/build/dave_interfaces' returned '0': CMAKE_PREFIX_PATH=${CMAKE_PREFIX_PATH}:/home/namtruong/uuv_sim/install/uuv_simu:/home/namtruong/xetuhanh/install/bring_up:/home/namtruong/turtlebot3_ws/install/turtlebot3_teleop:/home/namtruong/turtlebot3_ws/install/turtlebot3_example:/opt/ros/humble /home/namtruong/.local/bin/cmake --build /home/namtruong/uuv_sim/build/dave_interfaces -- -j16 -l16
[10.753s] DEBUG:colcon.colcon_core.event_handler.log_command:Invoking command in '/home/namtruong/uuv_sim/build/dave_interfaces': CMAKE_PREFIX_PATH=${CMAKE_PREFIX_PATH}:/home/namtruong/uuv_sim/install/uuv_simu:/home/namtruong/xetuhanh/install/bring_up:/home/namtruong/turtlebot3_ws/install/turtlebot3_teleop:/home/namtruong/turtlebot3_ws/install/turtlebot3_example:/opt/ros/humble /home/namtruong/.local/bin/cmake --install /home/namtruong/uuv_sim/build/dave_interfaces
[12.391s] Level 1:colcon.colcon_core.environment:create_environment_scripts_only(dave_interfaces)
[12.392s] Level 1:colcon.colcon_core.environment:checking '/home/namtruong/uuv_sim/install/dave_interfaces' for CMake module files
[12.392s] DEBUG:colcon.colcon_core.event_handler.log_command:Invoked command in '/home/namtruong/uuv_sim/build/dave_interfaces' returned '0': CMAKE_PREFIX_PATH=${CMAKE_PREFIX_PATH}:/home/namtruong/uuv_sim/install/uuv_simu:/home/namtruong/xetuhanh/install/bring_up:/home/namtruong/turtlebot3_ws/install/turtlebot3_teleop:/home/namtruong/turtlebot3_ws/install/turtlebot3_example:/opt/ros/humble /home/namtruong/.local/bin/cmake --install /home/namtruong/uuv_sim/build/dave_interfaces
[12.392s] Level 1:colcon.colcon_core.environment:checking '/home/namtruong/uuv_sim/install/dave_interfaces' for CMake config files
[12.395s] Level 1:colcon.colcon_core.shell:create_environment_hook('dave_interfaces', 'cmake_prefix_path')
[12.395s] INFO:colcon.colcon_core.shell:Creating environment hook '/home/namtruong/uuv_sim/install/dave_interfaces/share/dave_interfaces/hook/cmake_prefix_path.ps1'
[12.395s] INFO:colcon.colcon_core.shell:Creating environment descriptor '/home/namtruong/uuv_sim/install/dave_interfaces/share/dave_interfaces/hook/cmake_prefix_path.dsv'
[12.396s] INFO:colcon.colcon_core.shell:Creating environment hook '/home/namtruong/uuv_sim/install/dave_interfaces/share/dave_interfaces/hook/cmake_prefix_path.sh'
[12.396s] Level 1:colcon.colcon_core.environment:checking '/home/namtruong/uuv_sim/install/dave_interfaces/lib'
[12.396s] Level 1:colcon.colcon_core.shell:create_environment_hook('dave_interfaces', 'ld_library_path_lib')
[12.396s] INFO:colcon.colcon_core.shell:Creating environment hook '/home/namtruong/uuv_sim/install/dave_interfaces/share/dave_interfaces/hook/ld_library_path_lib.ps1'
[12.396s] INFO:colcon.colcon_core.shell:Creating environment descriptor '/home/namtruong/uuv_sim/install/dave_interfaces/share/dave_interfaces/hook/ld_library_path_lib.dsv'
[12.397s] INFO:colcon.colcon_core.shell:Creating environment hook '/home/namtruong/uuv_sim/install/dave_interfaces/share/dave_interfaces/hook/ld_library_path_lib.sh'
[12.397s] Level 1:colcon.colcon_core.environment:checking '/home/namtruong/uuv_sim/install/dave_interfaces/bin'
[12.397s] Level 1:colcon.colcon_core.environment:checking '/home/namtruong/uuv_sim/install/dave_interfaces/lib/pkgconfig/dave_interfaces.pc'
[12.397s] Level 1:colcon.colcon_core.environment:checking '/home/namtruong/uuv_sim/install/dave_interfaces/lib/python3.10/site-packages'
[12.397s] Level 1:colcon.colcon_core.environment:checking '/home/namtruong/uuv_sim/install/dave_interfaces/bin'
[12.397s] INFO:colcon.colcon_core.shell:Creating package script '/home/namtruong/uuv_sim/install/dave_interfaces/share/dave_interfaces/package.ps1'
[12.398s] INFO:colcon.colcon_core.shell:Creating package descriptor '/home/namtruong/uuv_sim/install/dave_interfaces/share/dave_interfaces/package.dsv'
[12.398s] INFO:colcon.colcon_core.shell:Creating package script '/home/namtruong/uuv_sim/install/dave_interfaces/share/dave_interfaces/package.sh'
[12.398s] INFO:colcon.colcon_core.shell:Creating package script '/home/namtruong/uuv_sim/install/dave_interfaces/share/dave_interfaces/package.bash'
[12.398s] INFO:colcon.colcon_core.shell:Creating package script '/home/namtruong/uuv_sim/install/dave_interfaces/share/dave_interfaces/package.zsh'
[12.399s] Level 1:colcon.colcon_core.environment:create_file_with_runtime_dependencies(/home/namtruong/uuv_sim/install/dave_interfaces/share/colcon-core/packages/dave_interfaces)
[12.400s] Level 1:colcon.colcon_core.environment:create_environment_scripts_only(dave_interfaces)
[12.400s] Level 1:colcon.colcon_core.environment:checking '/home/namtruong/uuv_sim/install/dave_interfaces' for CMake module files
[12.401s] Level 1:colcon.colcon_core.environment:checking '/home/namtruong/uuv_sim/install/dave_interfaces' for CMake config files
[12.403s] Level 1:colcon.colcon_core.shell:create_environment_hook('dave_interfaces', 'cmake_prefix_path')
[12.403s] INFO:colcon.colcon_core.shell:Creating environment hook '/home/namtruong/uuv_sim/install/dave_interfaces/share/dave_interfaces/hook/cmake_prefix_path.ps1'
[12.403s] INFO:colcon.colcon_core.shell:Creating environment descriptor '/home/namtruong/uuv_sim/install/dave_interfaces/share/dave_interfaces/hook/cmake_prefix_path.dsv'
[12.403s] INFO:colcon.colcon_core.shell:Creating environment hook '/home/namtruong/uuv_sim/install/dave_interfaces/share/dave_interfaces/hook/cmake_prefix_path.sh'
[12.404s] Level 1:colcon.colcon_core.environment:checking '/home/namtruong/uuv_sim/install/dave_interfaces/lib'
[12.404s] Level 1:colcon.colcon_core.shell:create_environment_hook('dave_interfaces', 'ld_library_path_lib')
[12.404s] INFO:colcon.colcon_core.shell:Creating environment hook '/home/namtruong/uuv_sim/install/dave_interfaces/share/dave_interfaces/hook/ld_library_path_lib.ps1'
[12.404s] INFO:colcon.colcon_core.shell:Creating environment descriptor '/home/namtruong/uuv_sim/install/dave_interfaces/share/dave_interfaces/hook/ld_library_path_lib.dsv'
[12.404s] INFO:colcon.colcon_core.shell:Creating environment hook '/home/namtruong/uuv_sim/install/dave_interfaces/share/dave_interfaces/hook/ld_library_path_lib.sh'
[12.405s] Level 1:colcon.colcon_core.environment:checking '/home/namtruong/uuv_sim/install/dave_interfaces/bin'
[12.405s] Level 1:colcon.colcon_core.environment:checking '/home/namtruong/uuv_sim/install/dave_interfaces/lib/pkgconfig/dave_interfaces.pc'
[12.405s] Level 1:colcon.colcon_core.environment:checking '/home/namtruong/uuv_sim/install/dave_interfaces/lib/python3.10/site-packages'
[12.405s] Level 1:colcon.colcon_core.environment:checking '/home/namtruong/uuv_sim/install/dave_interfaces/bin'
[12.405s] INFO:colcon.colcon_core.shell:Creating package script '/home/namtruong/uuv_sim/install/dave_interfaces/share/dave_interfaces/package.ps1'
[12.406s] INFO:colcon.colcon_core.shell:Creating package descriptor '/home/namtruong/uuv_sim/install/dave_interfaces/share/dave_interfaces/package.dsv'
[12.406s] INFO:colcon.colcon_core.shell:Creating package script '/home/namtruong/uuv_sim/install/dave_interfaces/share/dave_interfaces/package.sh'
[12.406s] INFO:colcon.colcon_core.shell:Creating package script '/home/namtruong/uuv_sim/install/dave_interfaces/share/dave_interfaces/package.bash'
[12.406s] INFO:colcon.colcon_core.shell:Creating package script '/home/namtruong/uuv_sim/install/dave_interfaces/share/dave_interfaces/package.zsh'
[12.407s] Level 1:colcon.colcon_core.environment:create_file_with_runtime_dependencies(/home/namtruong/uuv_sim/install/dave_interfaces/share/colcon-core/packages/dave_interfaces)
[12.407s] INFO:colcon.colcon_ros.task.ament_cmake.build:Building ROS package in '/home/namtruong/uuv_sim/src/dave_gz_sensor_plugins' with build type 'ament_cmake'
[12.407s] INFO:colcon.colcon_cmake.task.cmake.build:Building CMake package in '/home/namtruong/uuv_sim/src/dave_gz_sensor_plugins'
[12.407s] INFO:colcon.colcon_core.shell:Skip shell extension 'powershell' for command environment: Not usable outside of PowerShell
[12.407s] DEBUG:colcon.colcon_core.shell:Skip shell extension 'dsv' for command environment
[12.420s] DEBUG:colcon.colcon_core.event_handler.log_command:Invoking command in '/home/namtruong/uuv_sim/build/dave_gz_sensor_plugins': CMAKE_PREFIX_PATH=/home/namtruong/uuv_sim/install/dave_interfaces:/home/namtruong/uuv_sim/install/dave_worlds:/home/namtruong/uuv_sim/install/dave_gz_sensor_plugins:/home/namtruong/uuv_sim/install/dave_demos:/home/namtruong/turtlebot3_ws/install/turtlebot3:/home/namtruong/turtlebot3_ws/install/turtlebot3_simulations:/home/namtruong/turtlebot3_ws/install/turtlebot3_bringup:/home/namtruong/turtlebot3_ws/install/turtlebot3_node:/home/namtruong/turtlebot3_ws/install/turtlebot3_navigation2:/home/namtruong/turtlebot3_ws/install/turtlebot3_fake_node:/home/namtruong/turtlebot3_ws/install/turtlebot3_msgs:/home/namtruong/turtlebot3_ws/install/turtlebot3_manipulation_gazebo:/home/namtruong/turtlebot3_ws/install/turtlebot3_gazebo:/home/namtruong/turtlebot3_ws/install/turtlebot3_description:/home/namtruong/turtlebot3_ws/install/turtlebot3_cartographer:/home/namtruong/turtlebot3_ws/install/dynamixel_sdk_examples:/home/namtruong/turtlebot3_ws/install/dynamixel_sdk_custom_interfaces:/home/namtruong/turtlebot3_ws/install/dynamixel_sdk:/home/namtruong/uuv_sim/install/uuv_simu:/home/namtruong/xetuhanh/install/bring_up:/home/namtruong/turtlebot3_ws/install/turtlebot3_teleop:/home/namtruong/turtlebot3_ws/install/turtlebot3_example:/opt/ros/humble /home/namtruong/.local/bin/cmake /home/namtruong/uuv_sim/src/dave_gz_sensor_plugins -DCMAKE_POLICY_VERSION_MINIMUM=3.5 -DAMENT_CMAKE_SYMLINK_INSTALL=1 -DCMAKE_INSTALL_PREFIX=/home/namtruong/uuv_sim/install/dave_gz_sensor_plugins
[15.029s] DEBUG:colcon.colcon_core.event_handler.log_command:Invoked command in '/home/namtruong/uuv_sim/build/dave_gz_sensor_plugins' returned '0': CMAKE_PREFIX_PATH=/home/namtruong/uuv_sim/install/dave_interfaces:/home/namtruong/uuv_sim/install/dave_worlds:/home/namtruong/uuv_sim/install/dave_gz_sensor_plugins:/home/namtruong/uuv_sim/install/dave_demos:/home/namtruong/turtlebot3_ws/install/turtlebot3:/home/namtruong/turtlebot3_ws/install/turtlebot3_simulations:/home/namtruong/turtlebot3_ws/install/turtlebot3_bringup:/home/namtruong/turtlebot3_ws/install/turtlebot3_node:/home/namtruong/turtlebot3_ws/install/turtlebot3_navigation2:/home/namtruong/turtlebot3_ws/install/turtlebot3_fake_node:/home/namtruong/turtlebot3_ws/install/turtlebot3_msgs:/home/namtruong/turtlebot3_ws/install/turtlebot3_manipulation_gazebo:/home/namtruong/turtlebot3_ws/install/turtlebot3_gazebo:/home/namtruong/turtlebot3_ws/install/turtlebot3_description:/home/namtruong/turtlebot3_ws/install/turtlebot3_cartographer:/home/namtruong/turtlebot3_ws/install/dynamixel_sdk_examples:/home/namtruong/turtlebot3_ws/install/dynamixel_sdk_custom_interfaces:/home/namtruong/turtlebot3_ws/install/dynamixel_sdk:/home/namtruong/uuv_sim/install/uuv_simu:/home/namtruong/xetuhanh/install/bring_up:/home/namtruong/turtlebot3_ws/install/turtlebot3_teleop:/home/namtruong/turtlebot3_ws/install/turtlebot3_example:/opt/ros/humble /home/namtruong/.local/bin/cmake /home/namtruong/uuv_sim/src/dave_gz_sensor_plugins -DCMAKE_POLICY_VERSION_MINIMUM=3.5 -DAMENT_CMAKE_SYMLINK_INSTALL=1 -DCMAKE_INSTALL_PREFIX=/home/namtruong/uuv_sim/install/dave_gz_sensor_plugins
[15.031s] DEBUG:colcon.colcon_core.event_handler.log_command:Invoking command in '/home/namtruong/uuv_sim/build/dave_gz_sensor_plugins': CMAKE_PREFIX_PATH=/home/namtruong/uuv_sim/install/dave_interfaces:/home/namtruong/uuv_sim/install/dave_worlds:/home/namtruong/uuv_sim/install/dave_gz_sensor_plugins:/home/namtruong/uuv_sim/install/dave_demos:/home/namtruong/turtlebot3_ws/install/turtlebot3:/home/namtruong/turtlebot3_ws/install/turtlebot3_simulations:/home/namtruong/turtlebot3_ws/install/turtlebot3_bringup:/home/namtruong/turtlebot3_ws/install/turtlebot3_node:/home/namtruong/turtlebot3_ws/install/turtlebot3_navigation2:/home/namtruong/turtlebot3_ws/install/turtlebot3_fake_node:/home/namtruong/turtlebot3_ws/install/turtlebot3_msgs:/home/namtruong/turtlebot3_ws/install/turtlebot3_manipulation_gazebo:/home/namtruong/turtlebot3_ws/install/turtlebot3_gazebo:/home/namtruong/turtlebot3_ws/install/turtlebot3_description:/home/namtruong/turtlebot3_ws/install/turtlebot3_cartographer:/home/namtruong/turtlebot3_ws/install/dynamixel_sdk_examples:/home/namtruong/turtlebot3_ws/install/dynamixel_sdk_custom_interfaces:/home/namtruong/turtlebot3_ws/install/dynamixel_sdk:/home/namtruong/uuv_sim/install/uuv_simu:/home/namtruong/xetuhanh/install/bring_up:/home/namtruong/turtlebot3_ws/install/turtlebot3_teleop:/home/namtruong/turtlebot3_ws/install/turtlebot3_example:/opt/ros/humble /home/namtruong/.local/bin/cmake --build /home/namtruong/uuv_sim/build/dave_gz_sensor_plugins -- -j16 -l16
[31.653s] DEBUG:colcon.colcon_core.event_handler.log_command:Invoked command in '/home/namtruong/uuv_sim/build/dave_gz_sensor_plugins' returned '0': CMAKE_PREFIX_PATH=/home/namtruong/uuv_sim/install/dave_interfaces:/home/namtruong/uuv_sim/install/dave_worlds:/home/namtruong/uuv_sim/install/dave_gz_sensor_plugins:/home/namtruong/uuv_sim/install/dave_demos:/home/namtruong/turtlebot3_ws/install/turtlebot3:/home/namtruong/turtlebot3_ws/install/turtlebot3_simulations:/home/namtruong/turtlebot3_ws/install/turtlebot3_bringup:/home/namtruong/turtlebot3_ws/install/turtlebot3_node:/home/namtruong/turtlebot3_ws/install/turtlebot3_navigation2:/home/namtruong/turtlebot3_ws/install/turtlebot3_fake_node:/home/namtruong/turtlebot3_ws/install/turtlebot3_msgs:/home/namtruong/turtlebot3_ws/install/turtlebot3_manipulation_gazebo:/home/namtruong/turtlebot3_ws/install/turtlebot3_gazebo:/home/namtruong/turtlebot3_ws/install/turtlebot3_description:/home/namtruong/turtlebot3_ws/install/turtlebot3_cartographer:/home/namtruong/turtlebot3_ws/install/dynamixel_sdk_examples:/home/namtruong/turtlebot3_ws/install/dynamixel_sdk_custom_interfaces:/home/namtruong/turtlebot3_ws/install/dynamixel_sdk:/home/namtruong/uuv_sim/install/uuv_simu:/home/namtruong/xetuhanh/install/bring_up:/home/namtruong/turtlebot3_ws/install/turtlebot3_teleop:/home/namtruong/turtlebot3_ws/install/turtlebot3_example:/opt/ros/humble /home/namtruong/.local/bin/cmake --build /home/namtruong/uuv_sim/build/dave_gz_sensor_plugins -- -j16 -l16
[31.655s] DEBUG:colcon.colcon_core.event_handler.log_command:Invoking command in '/home/namtruong/uuv_sim/build/dave_gz_sensor_plugins': CMAKE_PREFIX_PATH=/home/namtruong/uuv_sim/install/dave_interfaces:/home/namtruong/uuv_sim/install/dave_worlds:/home/namtruong/uuv_sim/install/dave_gz_sensor_plugins:/home/namtruong/uuv_sim/install/dave_demos:/home/namtruong/turtlebot3_ws/install/turtlebot3:/home/namtruong/turtlebot3_ws/install/turtlebot3_simulations:/home/namtruong/turtlebot3_ws/install/turtlebot3_bringup:/home/namtruong/turtlebot3_ws/install/turtlebot3_node:/home/namtruong/turtlebot3_ws/install/turtlebot3_navigation2:/home/namtruong/turtlebot3_ws/install/turtlebot3_fake_node:/home/namtruong/turtlebot3_ws/install/turtlebot3_msgs:/home/namtruong/turtlebot3_ws/install/turtlebot3_manipulation_gazebo:/home/namtruong/turtlebot3_ws/install/turtlebot3_gazebo:/home/namtruong/turtlebot3_ws/install/turtlebot3_description:/home/namtruong/turtlebot3_ws/install/turtlebot3_cartographer:/home/namtruong/turtlebot3_ws/install/dynamixel_sdk_examples:/home/namtruong/turtlebot3_ws/install/dynamixel_sdk_custom_interfaces:/home/namtruong/turtlebot3_ws/install/dynamixel_sdk:/home/namtruong/uuv_sim/install/uuv_simu:/home/namtruong/xetuhanh/install/bring_up:/home/namtruong/turtlebot3_ws/install/turtlebot3_teleop:/home/namtruong/turtlebot3_ws/install/turtlebot3_example:/opt/ros/humble /home/namtruong/.local/bin/cmake --install /home/namtruong/uuv_sim/build/dave_gz_sensor_plugins
[31.816s] Level 1:colcon.colcon_core.environment:create_environment_scripts_only(dave_gz_sensor_plugins)
[31.817s] Level 1:colcon.colcon_core.environment:checking '/home/namtruong/uuv_sim/install/dave_gz_sensor_plugins' for CMake module files
[31.817s] DEBUG:colcon.colcon_core.event_handler.log_command:Invoked command in '/home/namtruong/uuv_sim/build/dave_gz_sensor_plugins' returned '0': CMAKE_PREFIX_PATH=/home/namtruong/uuv_sim/install/dave_interfaces:/home/namtruong/uuv_sim/install/dave_worlds:/home/namtruong/uuv_sim/install/dave_gz_sensor_plugins:/home/namtruong/uuv_sim/install/dave_demos:/home/namtruong/turtlebot3_ws/install/turtlebot3:/home/namtruong/turtlebot3_ws/install/turtlebot3_simulations:/home/namtruong/turtlebot3_ws/install/turtlebot3_bringup:/home/namtruong/turtlebot3_ws/install/turtlebot3_node:/home/namtruong/turtlebot3_ws/install/turtlebot3_navigation2:/home/namtruong/turtlebot3_ws/install/turtlebot3_fake_node:/home/namtruong/turtlebot3_ws/install/turtlebot3_msgs:/home/namtruong/turtlebot3_ws/install/turtlebot3_manipulation_gazebo:/home/namtruong/turtlebot3_ws/install/turtlebot3_gazebo:/home/namtruong/turtlebot3_ws/install/turtlebot3_description:/home/namtruong/turtlebot3_ws/install/turtlebot3_cartographer:/home/namtruong/turtlebot3_ws/install/dynamixel_sdk_examples:/home/namtruong/turtlebot3_ws/install/dynamixel_sdk_custom_interfaces:/home/namtruong/turtlebot3_ws/install/dynamixel_sdk:/home/namtruong/uuv_sim/install/uuv_simu:/home/namtruong/xetuhanh/install/bring_up:/home/namtruong/turtlebot3_ws/install/turtlebot3_teleop:/home/namtruong/turtlebot3_ws/install/turtlebot3_example:/opt/ros/humble /home/namtruong/.local/bin/cmake --install /home/namtruong/uuv_sim/build/dave_gz_sensor_plugins
[31.818s] Level 1:colcon.colcon_core.environment:checking '/home/namtruong/uuv_sim/install/dave_gz_sensor_plugins' for CMake config files
[31.818s] Level 1:colcon.colcon_core.shell:create_environment_hook('dave_gz_sensor_plugins', 'cmake_prefix_path')
[31.818s] INFO:colcon.colcon_core.shell:Creating environment hook '/home/namtruong/uuv_sim/install/dave_gz_sensor_plugins/share/dave_gz_sensor_plugins/hook/cmake_prefix_path.ps1'
[31.818s] INFO:colcon.colcon_core.shell:Creating environment descriptor '/home/namtruong/uuv_sim/install/dave_gz_sensor_plugins/share/dave_gz_sensor_plugins/hook/cmake_prefix_path.dsv'
[31.819s] INFO:colcon.colcon_core.shell:Creating environment hook '/home/namtruong/uuv_sim/install/dave_gz_sensor_plugins/share/dave_gz_sensor_plugins/hook/cmake_prefix_path.sh'
[31.819s] Level 1:colcon.colcon_core.environment:checking '/home/namtruong/uuv_sim/install/dave_gz_sensor_plugins/lib'
[31.819s] Level 1:colcon.colcon_core.environment:checking '/home/namtruong/uuv_sim/install/dave_gz_sensor_plugins/bin'
[31.819s] Level 1:colcon.colcon_core.environment:checking '/home/namtruong/uuv_sim/install/dave_gz_sensor_plugins/lib/pkgconfig/dave_gz_sensor_plugins.pc'
[31.819s] Level 1:colcon.colcon_core.environment:checking '/home/namtruong/uuv_sim/install/dave_gz_sensor_plugins/lib/python3.10/site-packages'
[31.819s] Level 1:colcon.colcon_core.environment:checking '/home/namtruong/uuv_sim/install/dave_gz_sensor_plugins/bin'
[31.820s] INFO:colcon.colcon_core.shell:Creating package script '/home/namtruong/uuv_sim/install/dave_gz_sensor_plugins/share/dave_gz_sensor_plugins/package.ps1'
[31.820s] INFO:colcon.colcon_core.shell:Creating package descriptor '/home/namtruong/uuv_sim/install/dave_gz_sensor_plugins/share/dave_gz_sensor_plugins/package.dsv'
[31.820s] INFO:colcon.colcon_core.shell:Creating package script '/home/namtruong/uuv_sim/install/dave_gz_sensor_plugins/share/dave_gz_sensor_plugins/package.sh'
[31.820s] INFO:colcon.colcon_core.shell:Creating package script '/home/namtruong/uuv_sim/install/dave_gz_sensor_plugins/share/dave_gz_sensor_plugins/package.bash'
[31.821s] INFO:colcon.colcon_core.shell:Creating package script '/home/namtruong/uuv_sim/install/dave_gz_sensor_plugins/share/dave_gz_sensor_plugins/package.zsh'
[31.821s] Level 1:colcon.colcon_core.environment:create_file_with_runtime_dependencies(/home/namtruong/uuv_sim/install/dave_gz_sensor_plugins/share/colcon-core/packages/dave_gz_sensor_plugins)
[31.822s] Level 1:colcon.colcon_core.environment:create_environment_scripts_only(dave_gz_sensor_plugins)
[31.822s] Level 1:colcon.colcon_core.environment:checking '/home/namtruong/uuv_sim/install/dave_gz_sensor_plugins' for CMake module files
[31.822s] Level 1:colcon.colcon_core.environment:checking '/home/namtruong/uuv_sim/install/dave_gz_sensor_plugins' for CMake config files
[31.822s] Level 1:colcon.colcon_core.shell:create_environment_hook('dave_gz_sensor_plugins', 'cmake_prefix_path')
[31.823s] INFO:colcon.colcon_core.shell:Creating environment hook '/home/namtruong/uuv_sim/install/dave_gz_sensor_plugins/share/dave_gz_sensor_plugins/hook/cmake_prefix_path.ps1'
[31.823s] INFO:colcon.colcon_core.shell:Creating environment descriptor '/home/namtruong/uuv_sim/install/dave_gz_sensor_plugins/share/dave_gz_sensor_plugins/hook/cmake_prefix_path.dsv'
[31.823s] INFO:colcon.colcon_core.shell:Creating environment hook '/home/namtruong/uuv_sim/install/dave_gz_sensor_plugins/share/dave_gz_sensor_plugins/hook/cmake_prefix_path.sh'
[31.823s] Level 1:colcon.colcon_core.environment:checking '/home/namtruong/uuv_sim/install/dave_gz_sensor_plugins/lib'
[31.823s] Level 1:colcon.colcon_core.environment:checking '/home/namtruong/uuv_sim/install/dave_gz_sensor_plugins/bin'
[31.824s] Level 1:colcon.colcon_core.environment:checking '/home/namtruong/uuv_sim/install/dave_gz_sensor_plugins/lib/pkgconfig/dave_gz_sensor_plugins.pc'
[31.824s] Level 1:colcon.colcon_core.environment:checking '/home/namtruong/uuv_sim/install/dave_gz_sensor_plugins/lib/python3.10/site-packages'
[31.824s] Level 1:colcon.colcon_core.environment:checking '/home/namtruong/uuv_sim/install/dave_gz_sensor_plugins/bin'
[31.824s] INFO:colcon.colcon_core.shell:Creating package script '/home/namtruong/uuv_sim/install/dave_gz_sensor_plugins/share/dave_gz_sensor_plugins/package.ps1'
[31.824s] INFO:colcon.colcon_core.shell:Creating package descriptor '/home/namtruong/uuv_sim/install/dave_gz_sensor_plugins/share/dave_gz_sensor_plugins/package.dsv'
[31.825s] INFO:colcon.colcon_core.shell:Creating package script '/home/namtruong/uuv_sim/install/dave_gz_sensor_plugins/share/dave_gz_sensor_plugins/package.sh'
[31.825s] INFO:colcon.colcon_core.shell:Creating package script '/home/namtruong/uuv_sim/install/dave_gz_sensor_plugins/share/dave_gz_sensor_plugins/package.bash'
[31.825s] INFO:colcon.colcon_core.shell:Creating package script '/home/namtruong/uuv_sim/install/dave_gz_sensor_plugins/share/dave_gz_sensor_plugins/package.zsh'
[31.825s] Level 1:colcon.colcon_core.environment:create_file_with_runtime_dependencies(/home/namtruong/uuv_sim/install/dave_gz_sensor_plugins/share/colcon-core/packages/dave_gz_sensor_plugins)
[31.826s] DEBUG:colcon.colcon_parallel_executor.executor.parallel:closing loop
[31.826s] DEBUG:colcon.colcon_parallel_executor.executor.parallel:loop closed
[31.826s] DEBUG:colcon.colcon_parallel_executor.executor.parallel:run_until_complete finished with '0'
[31.826s] DEBUG:colcon.colcon_core.event_reactor:joining thread
[31.831s] INFO:colcon.colcon_core.plugin_system:Skipping extension 'colcon_notification.desktop_notification.terminal_notifier': Not used on non-Darwin systems
[31.831s] INFO:colcon.colcon_core.plugin_system:Skipping extension 'colcon_notification.desktop_notification.win32': Not used on non-Windows systems
[31.831s] INFO:colcon.colcon_notification.desktop_notification:Sending desktop notification using 'notify2'
[31.840s] DEBUG:colcon.colcon_core.event_reactor:joined thread
[31.840s] INFO:colcon.colcon_core.shell:Creating prefix script '/home/namtruong/uuv_sim/install/local_setup.ps1'
[31.840s] INFO:colcon.colcon_core.shell:Creating prefix util module '/home/namtruong/uuv_sim/install/_local_setup_util_ps1.py'
[31.841s] INFO:colcon.colcon_core.shell:Creating prefix chain script '/home/namtruong/uuv_sim/install/setup.ps1'
[31.843s] INFO:colcon.colcon_core.shell:Creating prefix script '/home/namtruong/uuv_sim/install/local_setup.sh'
[31.843s] INFO:colcon.colcon_core.shell:Creating prefix util module '/home/namtruong/uuv_sim/install/_local_setup_util_sh.py'
[31.843s] INFO:colcon.colcon_core.shell:Creating prefix chain script '/home/namtruong/uuv_sim/install/setup.sh'
[31.844s] INFO:colcon.colcon_core.shell:Creating prefix script '/home/namtruong/uuv_sim/install/local_setup.bash'
[31.845s] INFO:colcon.colcon_core.shell:Creating prefix chain script '/home/namtruong/uuv_sim/install/setup.bash'
[31.846s] INFO:colcon.colcon_core.shell:Creating prefix script '/home/namtruong/uuv_sim/install/local_setup.zsh'
[31.846s] INFO:colcon.colcon_core.shell:Creating prefix chain script '/home/namtruong/uuv_sim/install/setup.zsh'
