[0.026s] Invoking command in '/home/namtruong/uuv_sim_home/build/dave_gz_sensor_plugins': CMAKE_PREFIX_PATH=/home/namtruong/uuv_sim_home/install/dave_interfaces:/home/namtruong/uuv_sim_home/install/multibeam_sonar_system:/home/namtruong/uuv_sim_home/install/multibeam_sonar:/home/namtruong/uuv_sim_home/install/dave_worlds:/home/namtruong/uuv_sim_home/install/dave_gz_model_plugins:/home/namtruong/uuv_sim_home/install/dave_ros_gz_plugins:/home/namtruong/uuv_sim_home/install/dave_robot_models:/home/namtruong/uuv_sim_home/install/dave_object_models:/home/namtruong/uuv_sim_home/install/dave_multibeam_sonar_demo:/home/namtruong/uuv_sim_home/install/dave_gz_world_plugins:/home/namtruong/uuv_sim_home/install/dave_gz_sensor_plugins:/opt/ros/jazzy/opt/gz_sim_vendor:/opt/ros/jazzy/opt/gz_sensors_vendor:/opt/ros/jazzy/opt/gz_physics_vendor:/opt/ros/jazzy/opt/sdformat_vendor:/opt/ros/jazzy/opt/gz_gui_vendor:/opt/ros/jazzy/opt/gz_transport_vendor:/opt/ros/jazzy/opt/gz_rendering_vendor:/opt/ros/jazzy/opt/gz_plugin_vendor:/opt/ros/jazzy/opt/gz_fuel_tools_vendor:/opt/ros/jazzy/opt/gz_msgs_vendor:/opt/ros/jazzy/opt/gz_common_vendor:/opt/ros/jazzy/opt/gz_math_vendor:/opt/ros/jazzy/opt/gz_utils_vendor:/opt/ros/jazzy/opt/gz_tools_vendor:/opt/ros/jazzy/opt/gz_ogre_next_vendor:/opt/ros/jazzy/opt/gz_dartsim_vendor:/opt/ros/jazzy/opt/gz_cmake_vendor:/home/namtruong/uuv_sim_home/install/uuv_simu:/opt/ros/jazzy DEBUGINFOD_URLS=https://debuginfod.ubuntu.com LD_LIBRARY_PATH=/home/namtruong/uuv_sim_home/install/dave_interfaces/lib:/home/namtruong/uuv_sim_home/install/dave_ros_gz_plugins/lib:/home/namtruong/uuv_sim_home/install/dave_gz_world_plugins/lib:/opt/ros/jazzy/opt/gz_sim_vendor/lib:/opt/ros/jazzy/opt/gz_sensors_vendor/lib:/opt/ros/jazzy/opt/gz_physics_vendor/lib:/opt/ros/jazzy/opt/sdformat_vendor/lib:/opt/ros/jazzy/opt/rviz_ogre_vendor/lib:/opt/ros/jazzy/lib/x86_64-linux-gnu:/opt/ros/jazzy/opt/gz_gui_vendor/lib:/opt/ros/jazzy/opt/gz_transport_vendor/lib:/opt/ros/jazzy/opt/gz_rendering_vendor/lib:/opt/ros/jazzy/opt/gz_plugin_vendor/lib:/opt/ros/jazzy/opt/gz_fuel_tools_vendor/lib:/opt/ros/jazzy/opt/gz_msgs_vendor/lib:/opt/ros/jazzy/opt/gz_common_vendor/lib:/opt/ros/jazzy/opt/gz_math_vendor/lib:/opt/ros/jazzy/opt/gz_utils_vendor/lib:/opt/ros/jazzy/opt/gz_tools_vendor/lib:/opt/ros/jazzy/opt/gz_ogre_next_vendor/lib:/opt/ros/jazzy/opt/gz_dartsim_vendor/lib:/opt/ros/jazzy/opt/gz_cmake_vendor/lib:/opt/ros/jazzy/lib PYTHONPATH=/home/namtruong/uuv_sim_home/install/dave_interfaces/lib/python3.12/site-packages:/home/namtruong/uuv_sim_home/build/uuv_simu:/home/namtruong/uuv_sim_home/install/uuv_simu/lib/python3.12/site-packages:/opt/ros/jazzy/lib/python3.12/site-packages /usr/bin/cmake /home/namtruong/uuv_sim_home/src/dave_gz_sensor_plugins -DBUILD_TESTING=OFF -DCMAKE_INSTALL_PREFIX=/home/namtruong/uuv_sim_home/install/dave_gz_sensor_plugins
[0.063s] -- Found ament_cmake: 2.5.6 (/opt/ros/jazzy/share/ament_cmake/cmake)
[0.292s] -- Override CMake install command with custom implementation using symlinks instead of copying resources
[0.315s] -- Looking for gz-plugin2 -- found version 2.0.4
[0.316s] -- Searching for dependencies of gz-plugin2
[0.317s] -- Looking for gz-utils2 -- found version 2.2.1
[0.318s] -- Searching for dependencies of gz-utils2
[0.319s] -- Searching for <gz-utils2> component [cli]
[0.320s] -- Looking for gz-utils2-cli -- found version 2.2.1
[0.320s] -- Searching for dependencies of gz-utils2-cli
[0.322s] -- Searching for <gz-plugin2> component [register]
[0.322s] -- Looking for gz-plugin2-register -- found version 2.0.4
[0.322s] -- Searching for dependencies of gz-plugin2-register
[0.324s] -- Found rclcpp: 28.1.21 (/opt/ros/jazzy/share/rclcpp/cmake)
[0.369s] -- Found rosidl_generator_c: 4.6.9 (/opt/ros/jazzy/share/rosidl_generator_c/cmake)
[0.380s] -- Found rosidl_generator_cpp: 4.6.9 (/opt/ros/jazzy/share/rosidl_generator_cpp/cmake)
[0.395s] -- Using all available rosidl_typesupport_c: rosidl_typesupport_fastrtps_c;rosidl_typesupport_introspection_c
[0.415s] -- Using all available rosidl_typesupport_cpp: rosidl_typesupport_fastrtps_cpp;rosidl_typesupport_introspection_cpp
[0.500s] -- Found rmw_implementation_cmake: 7.3.3 (/opt/ros/jazzy/share/rmw_implementation_cmake/cmake)
[0.503s] -- Found rmw_fastrtps_cpp: 8.4.4 (/opt/ros/jazzy/share/rmw_fastrtps_cpp/cmake)
[0.584s] -- Using RMW implementation 'rmw_fastrtps_cpp' as default
[0.674s] -- Found std_msgs: 5.3.8 (/opt/ros/jazzy/share/std_msgs/cmake)
[0.693s] -- Looking for gz-common5 -- found version 5.8.0
[0.693s] -- Searching for dependencies of gz-common5
[0.694s] -- Looking for gz-utils2 -- found version 2.2.1
[0.694s] -- Looking for dlfcn.h - found
[0.694s] -- Looking for libdl - found
[0.700s] -- Checking for module 'uuid'
[0.719s] --   Found uuid, version 2.39.3
[0.761s] -- Searching for <gz-common5> component [profiler]
[0.761s] -- Looking for gz-common5-profiler -- found version 5.8.0
[0.761s] -- Searching for dependencies of gz-common5-profiler
[0.762s] -- Looking for gz-sim8 -- found version 8.11.0
[0.763s] -- Searching for dependencies of gz-sim8
[0.763s] -- Looking for sdformat14 -- found version 14.9.0
[0.763s] -- Searching for dependencies of sdformat14
[0.769s] -- Checking for module 'tinyxml2'
[0.786s] --   Found tinyxml2, version 10.0.0
[0.824s] -- Looking for gz-math7 -- found version 7.6.0
[0.824s] -- Searching for dependencies of gz-math7
[0.825s] -- Looking for gz-utils2 -- found version 2.2.1
[0.826s] -- Looking for gz-utils2 -- found version 2.2.1
[0.827s] -- Looking for gz-plugin2 -- found version 2.0.4
[0.827s] -- Searching for dependencies of gz-plugin2
[0.828s] -- Looking for gz-utils2 -- found version 2.2.1
[0.828s] -- Searching for <gz-plugin2> component [loader]
[0.828s] -- Looking for gz-plugin2-loader -- found version 2.0.4
[0.828s] -- Searching for dependencies of gz-plugin2-loader
[0.829s] -- Searching for <gz-plugin2> component [register]
[0.829s] -- Looking for gz-transport13 -- found version 13.5.0
[0.829s] -- Searching for dependencies of gz-transport13
[0.865s] -- Config-file not installed for ZeroMQ -- checking for pkg-config
[0.871s] -- Checking for module 'libzmq >= 4'
[0.890s] --   Found libzmq, version 4.3.5
[0.953s] -- Looking for gz-utils2 -- found version 2.2.1
[0.954s] -- Looking for gz-msgs10 -- found version 10.3.2
[0.954s] -- Searching for dependencies of gz-msgs10
[0.977s] -- Looking for gz-utils2 -- found version 2.2.1
[0.977s] -- Looking for gz-math7 -- found version 7.6.0
[0.988s] -- Searching for <gz-transport13> component [log]
[0.988s] -- Looking for gz-transport13-log -- found version 13.5.0
[0.988s] -- Searching for dependencies of gz-transport13-log
[0.989s] -- Searching for <gz-transport13> component [parameters]
[0.990s] -- Looking for gz-transport13-parameters -- found version 13.5.0
[0.990s] -- Searching for dependencies of gz-transport13-parameters
[0.991s] -- Looking for gz-msgs10 -- found version 10.3.2
[0.991s] -- Looking for gz-common5 -- found version 5.8.0
[0.992s] -- Searching for dependencies of gz-common5
[0.992s] -- Looking for gz-utils2 -- found version 2.2.1
[0.992s] -- Looking for dlfcn.h - found
[0.992s] -- Looking for libdl - found
[1.001s] -- Searching for <gz-common5> component [av]
[1.002s] -- Looking for gz-common5-av -- found version 5.8.0
[1.002s] -- Searching for dependencies of gz-common5-av
[1.007s] -- Checking for module 'libswscale'
[1.028s] --   Found libswscale, version 7.5.100
[1.082s] -- Checking for module 'libavdevice >= 56.4.100'
[1.104s] --   Found libavdevice, version 60.3.100
[1.171s] -- Checking for module 'libavformat'
[1.190s] --   Found libavformat, version 60.16.100
[1.241s] -- Checking for module 'libavcodec'
[1.262s] --   Found libavcodec, version 60.31.102
[1.313s] -- Checking for module 'libavutil'
[1.332s] --   Found libavutil, version 58.29.100
[1.372s] -- Searching for <gz-common5> component [events]
[1.373s] -- Looking for gz-common5-events -- found version 5.8.0
[1.373s] -- Searching for dependencies of gz-common5-events
[1.373s] -- Looking for gz-math7 -- found version 7.6.0
[1.374s] -- Searching for <gz-common5> component [graphics]
[1.374s] -- Looking for gz-common5-graphics -- found version 5.8.0
[1.374s] -- Searching for dependencies of gz-common5-graphics
[1.375s] -- Looking for gz-math7 -- found version 7.6.0
[1.377s] -- Searching for <gz-common5> component [io]
[1.377s] -- Looking for gz-common5-io -- found version 5.8.0
[1.377s] -- Searching for dependencies of gz-common5-io
[1.378s] -- Searching for <gz-common5> component [profiler]
[1.378s] -- Looking for gz-fuel_tools9 -- found version 9.1.1
[1.378s] -- Searching for dependencies of gz-fuel_tools9
[1.425s] -- Checking for module 'jsoncpp'
[1.443s] --   Found jsoncpp, version 1.9.5
[1.503s] -- Checking for module 'yaml-0.1'
[1.520s] --   Found yaml-0.1, version 0.2.5
[1.566s] -- Checking for module 'libzip'
[1.586s] --   Found libzip, version 1.7.3
[1.627s] -- Looking for gz-utils2 -- found version 2.2.1
[1.627s] -- Looking for gz-common5 -- found version 5.8.0
[1.628s] -- Searching for dependencies of gz-common5
[1.628s] -- Looking for gz-utils2 -- found version 2.2.1
[1.628s] -- Looking for dlfcn.h - found
[1.628s] -- Looking for libdl - found
[1.636s] -- Searching for <gz-common5> component [testing]
[1.636s] -- Looking for gz-common5-testing -- found version 5.8.0
[1.637s] -- Searching for dependencies of gz-common5-testing
[1.638s] -- Looking for gz-math7 -- found version 7.6.0
[1.638s] -- Looking for gz-msgs10 -- found version 10.3.2
[1.639s] -- Looking for gz-gui8 -- found version 8.4.0
[1.639s] -- Searching for dependencies of gz-gui8
[1.668s] -- Looking for gz-utils2 -- found version 2.2.1
[1.668s] -- Looking for gz-math7 -- found version 7.6.0
[1.669s] -- Looking for gz-common5 -- found version 5.8.0
[1.669s] -- Looking for gz-plugin2 -- found version 2.0.4
[1.669s] -- Looking for gz-transport13 -- found version 13.5.0
[1.670s] -- Looking for gz-rendering8 -- found version 8.2.3
[1.670s] -- Searching for dependencies of gz-rendering8
[1.670s] -- Looking for gz-math7 -- found version 7.6.0
[1.671s] -- Searching for dependencies of gz-math7
[1.671s] -- Looking for gz-utils2 -- found version 2.2.1
[1.671s] -- Searching for <gz-math7> component [eigen3]
[1.672s] -- Looking for gz-math7-eigen3 -- found version 7.6.0
[1.672s] -- Searching for dependencies of gz-math7-eigen3
[1.673s] -- Looking for gz-common5 -- found version 5.8.0
[1.673s] -- Searching for dependencies of gz-common5
[1.674s] -- Looking for gz-utils2 -- found version 2.2.1
[1.674s] -- Looking for dlfcn.h - found
[1.674s] -- Looking for libdl - found
[1.683s] -- Searching for <gz-common5> component [graphics]
[1.683s] -- Searching for <gz-common5> component [events]
[1.683s] -- Searching for <gz-common5> component [geospatial]
[1.683s] -- Looking for gz-common5-geospatial -- found version 5.8.0
[1.684s] -- Searching for dependencies of gz-common5-geospatial
[1.684s] -- Looking for gz-math7 -- found version 7.6.0
[1.684s] -- Looking for gz-common5 -- found version 5.8.0
[1.685s] -- Looking for gz-plugin2 -- found version 2.0.4
[1.686s] -- Searching for dependencies of gz-plugin2
[1.686s] -- Looking for gz-utils2 -- found version 2.2.1
[1.686s] -- Searching for <gz-plugin2> component [all]
[1.686s] -- Looking for all libraries of gz-plugin2 -- found version 2.0.4
[1.687s] -- Looking for gz-plugin2 -- found version 2.0.4
[1.688s] -- Looking for gz-utils2 -- found version 2.2.1
[1.691s] -- Looking for gz-msgs10 -- found version 10.3.2
[1.709s] -- Looking for gz-physics7 -- found version 7.6.0
[1.709s] -- Searching for dependencies of gz-physics7
[1.709s] -- Looking for gz-common5 -- found version 5.8.0
[1.710s] -- Looking for gz-math7 -- found version 7.6.0
[1.710s] -- Looking for gz-plugin2 -- found version 2.0.4
[1.711s] -- Looking for gz-utils2 -- found version 2.2.1
[1.712s] -- Searching for <gz-physics7> component [heightmap]
[1.712s] -- Looking for gz-physics7-heightmap -- found version 7.6.0
[1.712s] -- Searching for dependencies of gz-physics7-heightmap
[1.713s] -- Looking for gz-common5 -- found version 5.8.0
[1.713s] -- Searching for <gz-physics7> component [mesh]
[1.713s] -- Looking for gz-physics7-mesh -- found version 7.6.0
[1.713s] -- Searching for dependencies of gz-physics7-mesh
[1.714s] -- Looking for gz-common5 -- found version 5.8.0
[1.714s] -- Searching for <gz-physics7> component [sdf]
[1.715s] -- Looking for gz-physics7-sdf -- found version 7.6.0
[1.715s] -- Searching for dependencies of gz-physics7-sdf
[1.715s] -- Looking for sdformat14 -- found version 14.9.0
[1.716s] -- Looking for gz-sensors8 -- found version 8.2.2
[1.716s] -- Searching for dependencies of gz-sensors8
[1.739s] -- Looking for gz-math7 -- found version 7.6.0
[1.739s] -- Looking for gz-common5 -- found version 5.8.0
[1.740s] -- Looking for gz-transport13 -- found version 13.5.0
[1.740s] -- Looking for gz-rendering8 -- found version 8.2.3
[1.740s] -- Looking for gz-msgs10 -- found version 10.3.2
[1.741s] -- Looking for sdformat14 -- found version 14.9.0
[1.742s] -- Searching for <gz-sensors8> component [air_pressure]
[1.742s] -- Looking for gz-sensors8-air_pressure -- found version 8.2.2
[1.742s] -- Searching for dependencies of gz-sensors8-air_pressure
[1.743s] -- Searching for <gz-sensors8> component [air_speed]
[1.743s] -- Looking for gz-sensors8-air_speed -- found version 8.2.2
[1.744s] -- Searching for dependencies of gz-sensors8-air_speed
[1.744s] -- Searching for <gz-sensors8> component [altimeter]
[1.744s] -- Looking for gz-sensors8-altimeter -- found version 8.2.2
[1.745s] -- Searching for dependencies of gz-sensors8-altimeter
[1.745s] -- Searching for <gz-sensors8> component [imu]
[1.745s] -- Looking for gz-sensors8-imu -- found version 8.2.2
[1.746s] -- Searching for dependencies of gz-sensors8-imu
[1.746s] -- Searching for <gz-sensors8> component [force_torque]
[1.746s] -- Looking for gz-sensors8-force_torque -- found version 8.2.2
[1.747s] -- Searching for dependencies of gz-sensors8-force_torque
[1.747s] -- Searching for <gz-sensors8> component [logical_camera]
[1.748s] -- Looking for gz-sensors8-logical_camera -- found version 8.2.2
[1.748s] -- Searching for dependencies of gz-sensors8-logical_camera
[1.748s] -- Searching for <gz-sensors8> component [magnetometer]
[1.749s] -- Looking for gz-sensors8-magnetometer -- found version 8.2.2
[1.749s] -- Searching for dependencies of gz-sensors8-magnetometer
[1.750s] -- Searching for <gz-sensors8> component [navsat]
[1.752s] -- Looking for gz-sensors8-navsat -- found version 8.2.2
[1.752s] -- Searching for dependencies of gz-sensors8-navsat
[1.753s] -- Searching for <gz-sensors8> component [dvl]
[1.754s] -- Looking for gz-sensors8-dvl -- found version 8.2.2
[1.754s] -- Searching for dependencies of gz-sensors8-dvl
[1.754s] -- Looking for gz-sensors8 -- found version 8.2.2
[1.755s] -- Searching for dependencies of gz-sensors8
[1.778s] -- Looking for gz-math7 -- found version 7.6.0
[1.778s] -- Looking for gz-common5 -- found version 5.8.0
[1.778s] -- Looking for gz-transport13 -- found version 13.5.0
[1.779s] -- Looking for gz-rendering8 -- found version 8.2.3
[1.779s] -- Looking for gz-msgs10 -- found version 10.3.2
[1.780s] -- Looking for sdformat14 -- found version 14.9.0
[1.780s] -- Searching for <gz-sensors8> component [rendering]
[1.781s] -- Looking for gz-sensors8-rendering -- found version 8.2.2
[1.781s] -- Searching for dependencies of gz-sensors8-rendering
[1.783s] -- Searching for <gz-sensors8> component [rendering]
[1.783s] -- Searching for <gz-sensors8> component [lidar]
[1.784s] -- Looking for gz-sensors8-lidar -- found version 8.2.2
[1.784s] -- Searching for dependencies of gz-sensors8-lidar
[1.784s] -- Looking for gz-sensors8 -- found version 8.2.2
[1.785s] -- Searching for <gz-sensors8> component [gpu_lidar]
[1.786s] -- Looking for gz-sensors8-gpu_lidar -- found version 8.2.2
[1.786s] -- Searching for dependencies of gz-sensors8-gpu_lidar
[1.787s] -- Looking for gz-sensors8 -- found version 8.2.2
[1.787s] -- Searching for <gz-sensors8> component [camera]
[1.788s] -- Looking for gz-sensors8-camera -- found version 8.2.2
[1.789s] -- Searching for dependencies of gz-sensors8-camera
[1.789s] -- Looking for gz-sensors8 -- found version 8.2.2
[1.790s] -- Searching for <gz-sensors8> component [boundingbox_camera]
[1.790s] -- Looking for gz-sensors8-boundingbox_camera -- found version 8.2.2
[1.790s] -- Searching for dependencies of gz-sensors8-boundingbox_camera
[1.791s] -- Searching for <gz-sensors8> component [segmentation_camera]
[1.792s] -- Looking for gz-sensors8-segmentation_camera -- found version 8.2.2
[1.792s] -- Searching for dependencies of gz-sensors8-segmentation_camera
[1.793s] -- Searching for <gz-sensors8> component [depth_camera]
[1.794s] -- Looking for gz-sensors8-depth_camera -- found version 8.2.2
[1.795s] -- Searching for dependencies of gz-sensors8-depth_camera
[1.795s] -- Looking for gz-sensors8 -- found version 8.2.2
[1.796s] -- Searching for <gz-sensors8> component [rgbd_camera]
[1.797s] -- Looking for gz-sensors8-rgbd_camera -- found version 8.2.2
[1.797s] -- Searching for dependencies of gz-sensors8-rgbd_camera
[1.798s] -- Looking for gz-sensors8 -- found version 8.2.2
[1.798s] -- Searching for <gz-sensors8> component [thermal_camera]
[1.799s] -- Looking for gz-sensors8-thermal_camera -- found version 8.2.2
[1.800s] -- Searching for dependencies of gz-sensors8-thermal_camera
[1.800s] -- Looking for gz-sensors8 -- found version 8.2.2
[1.801s] -- Searching for <gz-sensors8> component [wide_angle_camera]
[1.801s] -- Looking for gz-sensors8-wide_angle_camera -- found version 8.2.2
[1.801s] -- Searching for dependencies of gz-sensors8-wide_angle_camera
[1.802s] -- Looking for gz-rendering8 -- found version 8.2.3
[1.803s] -- Looking for gz-math7 -- found version 7.6.0
[1.803s] -- Looking for gz-utils2 -- found version 2.2.1
[1.827s] -- Found geometry_msgs: 5.3.8 (/opt/ros/jazzy/share/geometry_msgs/cmake)
[1.847s] -- Found dave_interfaces: 0.0.0 (/home/namtruong/uuv_sim_home/install/dave_interfaces/share/dave_interfaces/cmake)
[1.878s] -- Found sensor_msgs: 5.3.8 (/opt/ros/jazzy/share/sensor_msgs/cmake)
[1.915s] -- Looking for gz-msgs10 -- found version 10.3.2
[1.923s] -- Compiling against Gazebo Harmonic
[2.034s] -- Configuring done (2.0s)
[2.144s] -- Generating done (0.1s)
[2.157s] -- Build files have been written to: /home/namtruong/uuv_sim_home/build/dave_gz_sensor_plugins
[2.184s] Invoked command in '/home/namtruong/uuv_sim_home/build/dave_gz_sensor_plugins' returned '0': CMAKE_PREFIX_PATH=/home/namtruong/uuv_sim_home/install/dave_interfaces:/home/namtruong/uuv_sim_home/install/multibeam_sonar_system:/home/namtruong/uuv_sim_home/install/multibeam_sonar:/home/namtruong/uuv_sim_home/install/dave_worlds:/home/namtruong/uuv_sim_home/install/dave_gz_model_plugins:/home/namtruong/uuv_sim_home/install/dave_ros_gz_plugins:/home/namtruong/uuv_sim_home/install/dave_robot_models:/home/namtruong/uuv_sim_home/install/dave_object_models:/home/namtruong/uuv_sim_home/install/dave_multibeam_sonar_demo:/home/namtruong/uuv_sim_home/install/dave_gz_world_plugins:/home/namtruong/uuv_sim_home/install/dave_gz_sensor_plugins:/opt/ros/jazzy/opt/gz_sim_vendor:/opt/ros/jazzy/opt/gz_sensors_vendor:/opt/ros/jazzy/opt/gz_physics_vendor:/opt/ros/jazzy/opt/sdformat_vendor:/opt/ros/jazzy/opt/gz_gui_vendor:/opt/ros/jazzy/opt/gz_transport_vendor:/opt/ros/jazzy/opt/gz_rendering_vendor:/opt/ros/jazzy/opt/gz_plugin_vendor:/opt/ros/jazzy/opt/gz_fuel_tools_vendor:/opt/ros/jazzy/opt/gz_msgs_vendor:/opt/ros/jazzy/opt/gz_common_vendor:/opt/ros/jazzy/opt/gz_math_vendor:/opt/ros/jazzy/opt/gz_utils_vendor:/opt/ros/jazzy/opt/gz_tools_vendor:/opt/ros/jazzy/opt/gz_ogre_next_vendor:/opt/ros/jazzy/opt/gz_dartsim_vendor:/opt/ros/jazzy/opt/gz_cmake_vendor:/home/namtruong/uuv_sim_home/install/uuv_simu:/opt/ros/jazzy DEBUGINFOD_URLS=https://debuginfod.ubuntu.com LD_LIBRARY_PATH=/home/namtruong/uuv_sim_home/install/dave_interfaces/lib:/home/namtruong/uuv_sim_home/install/dave_ros_gz_plugins/lib:/home/namtruong/uuv_sim_home/install/dave_gz_world_plugins/lib:/opt/ros/jazzy/opt/gz_sim_vendor/lib:/opt/ros/jazzy/opt/gz_sensors_vendor/lib:/opt/ros/jazzy/opt/gz_physics_vendor/lib:/opt/ros/jazzy/opt/sdformat_vendor/lib:/opt/ros/jazzy/opt/rviz_ogre_vendor/lib:/opt/ros/jazzy/lib/x86_64-linux-gnu:/opt/ros/jazzy/opt/gz_gui_vendor/lib:/opt/ros/jazzy/opt/gz_transport_vendor/lib:/opt/ros/jazzy/opt/gz_rendering_vendor/lib:/opt/ros/jazzy/opt/gz_plugin_vendor/lib:/opt/ros/jazzy/opt/gz_fuel_tools_vendor/lib:/opt/ros/jazzy/opt/gz_msgs_vendor/lib:/opt/ros/jazzy/opt/gz_common_vendor/lib:/opt/ros/jazzy/opt/gz_math_vendor/lib:/opt/ros/jazzy/opt/gz_utils_vendor/lib:/opt/ros/jazzy/opt/gz_tools_vendor/lib:/opt/ros/jazzy/opt/gz_ogre_next_vendor/lib:/opt/ros/jazzy/opt/gz_dartsim_vendor/lib:/opt/ros/jazzy/opt/gz_cmake_vendor/lib:/opt/ros/jazzy/lib PYTHONPATH=/home/namtruong/uuv_sim_home/install/dave_interfaces/lib/python3.12/site-packages:/home/namtruong/uuv_sim_home/build/uuv_simu:/home/namtruong/uuv_sim_home/install/uuv_simu/lib/python3.12/site-packages:/opt/ros/jazzy/lib/python3.12/site-packages /usr/bin/cmake /home/namtruong/uuv_sim_home/src/dave_gz_sensor_plugins -DBUILD_TESTING=OFF -DCMAKE_INSTALL_PREFIX=/home/namtruong/uuv_sim_home/install/dave_gz_sensor_plugins
[2.186s] Invoking command in '/home/namtruong/uuv_sim_home/build/dave_gz_sensor_plugins': CMAKE_PREFIX_PATH=/home/namtruong/uuv_sim_home/install/dave_interfaces:/home/namtruong/uuv_sim_home/install/multibeam_sonar_system:/home/namtruong/uuv_sim_home/install/multibeam_sonar:/home/namtruong/uuv_sim_home/install/dave_worlds:/home/namtruong/uuv_sim_home/install/dave_gz_model_plugins:/home/namtruong/uuv_sim_home/install/dave_ros_gz_plugins:/home/namtruong/uuv_sim_home/install/dave_robot_models:/home/namtruong/uuv_sim_home/install/dave_object_models:/home/namtruong/uuv_sim_home/install/dave_multibeam_sonar_demo:/home/namtruong/uuv_sim_home/install/dave_gz_world_plugins:/home/namtruong/uuv_sim_home/install/dave_gz_sensor_plugins:/opt/ros/jazzy/opt/gz_sim_vendor:/opt/ros/jazzy/opt/gz_sensors_vendor:/opt/ros/jazzy/opt/gz_physics_vendor:/opt/ros/jazzy/opt/sdformat_vendor:/opt/ros/jazzy/opt/gz_gui_vendor:/opt/ros/jazzy/opt/gz_transport_vendor:/opt/ros/jazzy/opt/gz_rendering_vendor:/opt/ros/jazzy/opt/gz_plugin_vendor:/opt/ros/jazzy/opt/gz_fuel_tools_vendor:/opt/ros/jazzy/opt/gz_msgs_vendor:/opt/ros/jazzy/opt/gz_common_vendor:/opt/ros/jazzy/opt/gz_math_vendor:/opt/ros/jazzy/opt/gz_utils_vendor:/opt/ros/jazzy/opt/gz_tools_vendor:/opt/ros/jazzy/opt/gz_ogre_next_vendor:/opt/ros/jazzy/opt/gz_dartsim_vendor:/opt/ros/jazzy/opt/gz_cmake_vendor:/home/namtruong/uuv_sim_home/install/uuv_simu:/opt/ros/jazzy DEBUGINFOD_URLS=https://debuginfod.ubuntu.com LD_LIBRARY_PATH=/home/namtruong/uuv_sim_home/install/dave_interfaces/lib:/home/namtruong/uuv_sim_home/install/dave_ros_gz_plugins/lib:/home/namtruong/uuv_sim_home/install/dave_gz_world_plugins/lib:/opt/ros/jazzy/opt/gz_sim_vendor/lib:/opt/ros/jazzy/opt/gz_sensors_vendor/lib:/opt/ros/jazzy/opt/gz_physics_vendor/lib:/opt/ros/jazzy/opt/sdformat_vendor/lib:/opt/ros/jazzy/opt/rviz_ogre_vendor/lib:/opt/ros/jazzy/lib/x86_64-linux-gnu:/opt/ros/jazzy/opt/gz_gui_vendor/lib:/opt/ros/jazzy/opt/gz_transport_vendor/lib:/opt/ros/jazzy/opt/gz_rendering_vendor/lib:/opt/ros/jazzy/opt/gz_plugin_vendor/lib:/opt/ros/jazzy/opt/gz_fuel_tools_vendor/lib:/opt/ros/jazzy/opt/gz_msgs_vendor/lib:/opt/ros/jazzy/opt/gz_common_vendor/lib:/opt/ros/jazzy/opt/gz_math_vendor/lib:/opt/ros/jazzy/opt/gz_utils_vendor/lib:/opt/ros/jazzy/opt/gz_tools_vendor/lib:/opt/ros/jazzy/opt/gz_ogre_next_vendor/lib:/opt/ros/jazzy/opt/gz_dartsim_vendor/lib:/opt/ros/jazzy/opt/gz_cmake_vendor/lib:/opt/ros/jazzy/lib PYTHONPATH=/home/namtruong/uuv_sim_home/install/dave_interfaces/lib/python3.12/site-packages:/home/namtruong/uuv_sim_home/build/uuv_simu:/home/namtruong/uuv_sim_home/install/uuv_simu/lib/python3.12/site-packages:/opt/ros/jazzy/lib/python3.12/site-packages /usr/bin/cmake --build /home/namtruong/uuv_sim_home/build/dave_gz_sensor_plugins -- -j16 -l16
[2.309s] [ 50%] Built target sea_pressure_sensor
[2.309s] [ 50%] Built target UsblTransceiver
[2.309s] [ 75%] Built target UsblTransponder
[2.311s] [100%] Built target UnderwaterCamera
[2.326s] Invoked command in '/home/namtruong/uuv_sim_home/build/dave_gz_sensor_plugins' returned '0': CMAKE_PREFIX_PATH=/home/namtruong/uuv_sim_home/install/dave_interfaces:/home/namtruong/uuv_sim_home/install/multibeam_sonar_system:/home/namtruong/uuv_sim_home/install/multibeam_sonar:/home/namtruong/uuv_sim_home/install/dave_worlds:/home/namtruong/uuv_sim_home/install/dave_gz_model_plugins:/home/namtruong/uuv_sim_home/install/dave_ros_gz_plugins:/home/namtruong/uuv_sim_home/install/dave_robot_models:/home/namtruong/uuv_sim_home/install/dave_object_models:/home/namtruong/uuv_sim_home/install/dave_multibeam_sonar_demo:/home/namtruong/uuv_sim_home/install/dave_gz_world_plugins:/home/namtruong/uuv_sim_home/install/dave_gz_sensor_plugins:/opt/ros/jazzy/opt/gz_sim_vendor:/opt/ros/jazzy/opt/gz_sensors_vendor:/opt/ros/jazzy/opt/gz_physics_vendor:/opt/ros/jazzy/opt/sdformat_vendor:/opt/ros/jazzy/opt/gz_gui_vendor:/opt/ros/jazzy/opt/gz_transport_vendor:/opt/ros/jazzy/opt/gz_rendering_vendor:/opt/ros/jazzy/opt/gz_plugin_vendor:/opt/ros/jazzy/opt/gz_fuel_tools_vendor:/opt/ros/jazzy/opt/gz_msgs_vendor:/opt/ros/jazzy/opt/gz_common_vendor:/opt/ros/jazzy/opt/gz_math_vendor:/opt/ros/jazzy/opt/gz_utils_vendor:/opt/ros/jazzy/opt/gz_tools_vendor:/opt/ros/jazzy/opt/gz_ogre_next_vendor:/opt/ros/jazzy/opt/gz_dartsim_vendor:/opt/ros/jazzy/opt/gz_cmake_vendor:/home/namtruong/uuv_sim_home/install/uuv_simu:/opt/ros/jazzy DEBUGINFOD_URLS=https://debuginfod.ubuntu.com LD_LIBRARY_PATH=/home/namtruong/uuv_sim_home/install/dave_interfaces/lib:/home/namtruong/uuv_sim_home/install/dave_ros_gz_plugins/lib:/home/namtruong/uuv_sim_home/install/dave_gz_world_plugins/lib:/opt/ros/jazzy/opt/gz_sim_vendor/lib:/opt/ros/jazzy/opt/gz_sensors_vendor/lib:/opt/ros/jazzy/opt/gz_physics_vendor/lib:/opt/ros/jazzy/opt/sdformat_vendor/lib:/opt/ros/jazzy/opt/rviz_ogre_vendor/lib:/opt/ros/jazzy/lib/x86_64-linux-gnu:/opt/ros/jazzy/opt/gz_gui_vendor/lib:/opt/ros/jazzy/opt/gz_transport_vendor/lib:/opt/ros/jazzy/opt/gz_rendering_vendor/lib:/opt/ros/jazzy/opt/gz_plugin_vendor/lib:/opt/ros/jazzy/opt/gz_fuel_tools_vendor/lib:/opt/ros/jazzy/opt/gz_msgs_vendor/lib:/opt/ros/jazzy/opt/gz_common_vendor/lib:/opt/ros/jazzy/opt/gz_math_vendor/lib:/opt/ros/jazzy/opt/gz_utils_vendor/lib:/opt/ros/jazzy/opt/gz_tools_vendor/lib:/opt/ros/jazzy/opt/gz_ogre_next_vendor/lib:/opt/ros/jazzy/opt/gz_dartsim_vendor/lib:/opt/ros/jazzy/opt/gz_cmake_vendor/lib:/opt/ros/jazzy/lib PYTHONPATH=/home/namtruong/uuv_sim_home/install/dave_interfaces/lib/python3.12/site-packages:/home/namtruong/uuv_sim_home/build/uuv_simu:/home/namtruong/uuv_sim_home/install/uuv_simu/lib/python3.12/site-packages:/opt/ros/jazzy/lib/python3.12/site-packages /usr/bin/cmake --build /home/namtruong/uuv_sim_home/build/dave_gz_sensor_plugins -- -j16 -l16
[2.328s] Invoking command in '/home/namtruong/uuv_sim_home/build/dave_gz_sensor_plugins': CMAKE_PREFIX_PATH=/home/namtruong/uuv_sim_home/install/dave_interfaces:/home/namtruong/uuv_sim_home/install/multibeam_sonar_system:/home/namtruong/uuv_sim_home/install/multibeam_sonar:/home/namtruong/uuv_sim_home/install/dave_worlds:/home/namtruong/uuv_sim_home/install/dave_gz_model_plugins:/home/namtruong/uuv_sim_home/install/dave_ros_gz_plugins:/home/namtruong/uuv_sim_home/install/dave_robot_models:/home/namtruong/uuv_sim_home/install/dave_object_models:/home/namtruong/uuv_sim_home/install/dave_multibeam_sonar_demo:/home/namtruong/uuv_sim_home/install/dave_gz_world_plugins:/home/namtruong/uuv_sim_home/install/dave_gz_sensor_plugins:/opt/ros/jazzy/opt/gz_sim_vendor:/opt/ros/jazzy/opt/gz_sensors_vendor:/opt/ros/jazzy/opt/gz_physics_vendor:/opt/ros/jazzy/opt/sdformat_vendor:/opt/ros/jazzy/opt/gz_gui_vendor:/opt/ros/jazzy/opt/gz_transport_vendor:/opt/ros/jazzy/opt/gz_rendering_vendor:/opt/ros/jazzy/opt/gz_plugin_vendor:/opt/ros/jazzy/opt/gz_fuel_tools_vendor:/opt/ros/jazzy/opt/gz_msgs_vendor:/opt/ros/jazzy/opt/gz_common_vendor:/opt/ros/jazzy/opt/gz_math_vendor:/opt/ros/jazzy/opt/gz_utils_vendor:/opt/ros/jazzy/opt/gz_tools_vendor:/opt/ros/jazzy/opt/gz_ogre_next_vendor:/opt/ros/jazzy/opt/gz_dartsim_vendor:/opt/ros/jazzy/opt/gz_cmake_vendor:/home/namtruong/uuv_sim_home/install/uuv_simu:/opt/ros/jazzy DEBUGINFOD_URLS=https://debuginfod.ubuntu.com LD_LIBRARY_PATH=/home/namtruong/uuv_sim_home/install/dave_interfaces/lib:/home/namtruong/uuv_sim_home/install/dave_ros_gz_plugins/lib:/home/namtruong/uuv_sim_home/install/dave_gz_world_plugins/lib:/opt/ros/jazzy/opt/gz_sim_vendor/lib:/opt/ros/jazzy/opt/gz_sensors_vendor/lib:/opt/ros/jazzy/opt/gz_physics_vendor/lib:/opt/ros/jazzy/opt/sdformat_vendor/lib:/opt/ros/jazzy/opt/rviz_ogre_vendor/lib:/opt/ros/jazzy/lib/x86_64-linux-gnu:/opt/ros/jazzy/opt/gz_gui_vendor/lib:/opt/ros/jazzy/opt/gz_transport_vendor/lib:/opt/ros/jazzy/opt/gz_rendering_vendor/lib:/opt/ros/jazzy/opt/gz_plugin_vendor/lib:/opt/ros/jazzy/opt/gz_fuel_tools_vendor/lib:/opt/ros/jazzy/opt/gz_msgs_vendor/lib:/opt/ros/jazzy/opt/gz_common_vendor/lib:/opt/ros/jazzy/opt/gz_math_vendor/lib:/opt/ros/jazzy/opt/gz_utils_vendor/lib:/opt/ros/jazzy/opt/gz_tools_vendor/lib:/opt/ros/jazzy/opt/gz_ogre_next_vendor/lib:/opt/ros/jazzy/opt/gz_dartsim_vendor/lib:/opt/ros/jazzy/opt/gz_cmake_vendor/lib:/opt/ros/jazzy/lib PYTHONPATH=/home/namtruong/uuv_sim_home/install/dave_interfaces/lib/python3.12/site-packages:/home/namtruong/uuv_sim_home/build/uuv_simu:/home/namtruong/uuv_sim_home/install/uuv_simu/lib/python3.12/site-packages:/opt/ros/jazzy/lib/python3.12/site-packages /usr/bin/cmake --install /home/namtruong/uuv_sim_home/build/dave_gz_sensor_plugins
[2.338s] -- Install configuration: ""
[2.339s] -- Execute custom install script
[2.339s] -- Up-to-date symlink: /home/namtruong/uuv_sim_home/install/dave_gz_sensor_plugins/lib/dave_gz_sensor_plugins/libUsblTransceiver.so
[2.339s] -- Up-to-date symlink: /home/namtruong/uuv_sim_home/install/dave_gz_sensor_plugins/lib/dave_gz_sensor_plugins/libUsblTransponder.so
[2.339s] -- Up-to-date symlink: /home/namtruong/uuv_sim_home/install/dave_gz_sensor_plugins/lib/dave_gz_sensor_plugins/libsea_pressure_sensor.so
[2.340s] -- Up-to-date symlink: /home/namtruong/uuv_sim_home/install/dave_gz_sensor_plugins/lib/dave_gz_sensor_plugins/libUnderwaterCamera.so
[2.340s] -- Up-to-date symlink: /home/namtruong/uuv_sim_home/install/dave_gz_sensor_plugins/include//dave_gz_sensor_plugins/UnderwaterCamera.hh
[2.340s] -- Up-to-date symlink: /home/namtruong/uuv_sim_home/install/dave_gz_sensor_plugins/include//dave_gz_sensor_plugins/UsblTransceiver.hh
[2.340s] -- Up-to-date symlink: /home/namtruong/uuv_sim_home/install/dave_gz_sensor_plugins/include//dave_gz_sensor_plugins/UsblTransponder.hh
[2.340s] -- Up-to-date symlink: /home/namtruong/uuv_sim_home/install/dave_gz_sensor_plugins/include//dave_gz_sensor_plugins/sea_pressure_sensor.hh
[2.341s] -- Up-to-date symlink: /home/namtruong/uuv_sim_home/install/dave_gz_sensor_plugins/share/dave_gz_sensor_plugins/environment/dave_gz_sensor_plugins.dsv
[2.341s] -- Up-to-date symlink: /home/namtruong/uuv_sim_home/install/dave_gz_sensor_plugins/share/ament_index/resource_index/package_run_dependencies/dave_gz_sensor_plugins
[2.341s] -- Up-to-date symlink: /home/namtruong/uuv_sim_home/install/dave_gz_sensor_plugins/share/ament_index/resource_index/parent_prefix_path/dave_gz_sensor_plugins
[2.341s] -- Up-to-date symlink: /home/namtruong/uuv_sim_home/install/dave_gz_sensor_plugins/share/dave_gz_sensor_plugins/environment/ament_prefix_path.sh
[2.341s] -- Up-to-date symlink: /home/namtruong/uuv_sim_home/install/dave_gz_sensor_plugins/share/dave_gz_sensor_plugins/environment/ament_prefix_path.dsv
[2.341s] -- Up-to-date symlink: /home/namtruong/uuv_sim_home/install/dave_gz_sensor_plugins/share/dave_gz_sensor_plugins/environment/path.sh
[2.341s] -- Up-to-date symlink: /home/namtruong/uuv_sim_home/install/dave_gz_sensor_plugins/share/dave_gz_sensor_plugins/environment/path.dsv
[2.342s] -- Up-to-date symlink: /home/namtruong/uuv_sim_home/install/dave_gz_sensor_plugins/share/dave_gz_sensor_plugins/local_setup.bash
[2.342s] -- Up-to-date symlink: /home/namtruong/uuv_sim_home/install/dave_gz_sensor_plugins/share/dave_gz_sensor_plugins/local_setup.sh
[2.342s] -- Up-to-date symlink: /home/namtruong/uuv_sim_home/install/dave_gz_sensor_plugins/share/dave_gz_sensor_plugins/local_setup.zsh
[2.342s] -- Up-to-date symlink: /home/namtruong/uuv_sim_home/install/dave_gz_sensor_plugins/share/dave_gz_sensor_plugins/local_setup.dsv
[2.342s] -- Symlinking: /home/namtruong/uuv_sim_home/install/dave_gz_sensor_plugins/share/dave_gz_sensor_plugins/package.dsv
[2.355s] -- Up-to-date symlink: /home/namtruong/uuv_sim_home/install/dave_gz_sensor_plugins/share/ament_index/resource_index/packages/dave_gz_sensor_plugins
[2.355s] -- Up-to-date symlink: /home/namtruong/uuv_sim_home/install/dave_gz_sensor_plugins/share/dave_gz_sensor_plugins/cmake/dave_gz_sensor_pluginsConfig.cmake
[2.355s] -- Up-to-date symlink: /home/namtruong/uuv_sim_home/install/dave_gz_sensor_plugins/share/dave_gz_sensor_plugins/cmake/dave_gz_sensor_pluginsConfig-version.cmake
[2.355s] -- Up-to-date symlink: /home/namtruong/uuv_sim_home/install/dave_gz_sensor_plugins/share/dave_gz_sensor_plugins/package.xml
[2.358s] Invoked command in '/home/namtruong/uuv_sim_home/build/dave_gz_sensor_plugins' returned '0': CMAKE_PREFIX_PATH=/home/namtruong/uuv_sim_home/install/dave_interfaces:/home/namtruong/uuv_sim_home/install/multibeam_sonar_system:/home/namtruong/uuv_sim_home/install/multibeam_sonar:/home/namtruong/uuv_sim_home/install/dave_worlds:/home/namtruong/uuv_sim_home/install/dave_gz_model_plugins:/home/namtruong/uuv_sim_home/install/dave_ros_gz_plugins:/home/namtruong/uuv_sim_home/install/dave_robot_models:/home/namtruong/uuv_sim_home/install/dave_object_models:/home/namtruong/uuv_sim_home/install/dave_multibeam_sonar_demo:/home/namtruong/uuv_sim_home/install/dave_gz_world_plugins:/home/namtruong/uuv_sim_home/install/dave_gz_sensor_plugins:/opt/ros/jazzy/opt/gz_sim_vendor:/opt/ros/jazzy/opt/gz_sensors_vendor:/opt/ros/jazzy/opt/gz_physics_vendor:/opt/ros/jazzy/opt/sdformat_vendor:/opt/ros/jazzy/opt/gz_gui_vendor:/opt/ros/jazzy/opt/gz_transport_vendor:/opt/ros/jazzy/opt/gz_rendering_vendor:/opt/ros/jazzy/opt/gz_plugin_vendor:/opt/ros/jazzy/opt/gz_fuel_tools_vendor:/opt/ros/jazzy/opt/gz_msgs_vendor:/opt/ros/jazzy/opt/gz_common_vendor:/opt/ros/jazzy/opt/gz_math_vendor:/opt/ros/jazzy/opt/gz_utils_vendor:/opt/ros/jazzy/opt/gz_tools_vendor:/opt/ros/jazzy/opt/gz_ogre_next_vendor:/opt/ros/jazzy/opt/gz_dartsim_vendor:/opt/ros/jazzy/opt/gz_cmake_vendor:/home/namtruong/uuv_sim_home/install/uuv_simu:/opt/ros/jazzy DEBUGINFOD_URLS=https://debuginfod.ubuntu.com LD_LIBRARY_PATH=/home/namtruong/uuv_sim_home/install/dave_interfaces/lib:/home/namtruong/uuv_sim_home/install/dave_ros_gz_plugins/lib:/home/namtruong/uuv_sim_home/install/dave_gz_world_plugins/lib:/opt/ros/jazzy/opt/gz_sim_vendor/lib:/opt/ros/jazzy/opt/gz_sensors_vendor/lib:/opt/ros/jazzy/opt/gz_physics_vendor/lib:/opt/ros/jazzy/opt/sdformat_vendor/lib:/opt/ros/jazzy/opt/rviz_ogre_vendor/lib:/opt/ros/jazzy/lib/x86_64-linux-gnu:/opt/ros/jazzy/opt/gz_gui_vendor/lib:/opt/ros/jazzy/opt/gz_transport_vendor/lib:/opt/ros/jazzy/opt/gz_rendering_vendor/lib:/opt/ros/jazzy/opt/gz_plugin_vendor/lib:/opt/ros/jazzy/opt/gz_fuel_tools_vendor/lib:/opt/ros/jazzy/opt/gz_msgs_vendor/lib:/opt/ros/jazzy/opt/gz_common_vendor/lib:/opt/ros/jazzy/opt/gz_math_vendor/lib:/opt/ros/jazzy/opt/gz_utils_vendor/lib:/opt/ros/jazzy/opt/gz_tools_vendor/lib:/opt/ros/jazzy/opt/gz_ogre_next_vendor/lib:/opt/ros/jazzy/opt/gz_dartsim_vendor/lib:/opt/ros/jazzy/opt/gz_cmake_vendor/lib:/opt/ros/jazzy/lib PYTHONPATH=/home/namtruong/uuv_sim_home/install/dave_interfaces/lib/python3.12/site-packages:/home/namtruong/uuv_sim_home/build/uuv_simu:/home/namtruong/uuv_sim_home/install/uuv_simu/lib/python3.12/site-packages:/opt/ros/jazzy/lib/python3.12/site-packages /usr/bin/cmake --install /home/namtruong/uuv_sim_home/build/dave_gz_sensor_plugins
